Archive member included to satisfy reference by file (symbol)

obj_cooja/mtype933.a(simEnvChange.o)
                              obj_cooja/mtype933.o (simDontFallAsleep)
obj_cooja/mtype933.a(cooja_mt.o)
                              obj_cooja/mtype933.o (cooja_mt_start)
obj_cooja/mtype933.a(cooja_mtarch.o)
                              obj_cooja/mtype933.a(cooja_mt.o) (cooja_mtarch_start)
obj_cooja/mtype933.a(rtimer-arch.o)
                              obj_cooja/mtype933.o (rtimer_arch_check)
obj_cooja/mtype933.a(beep.o)  obj_cooja/mtype933.o (beep_interface)
obj_cooja/mtype933.a(button-sensor.o)
                              obj_cooja/mtype933.o (button_interface)
obj_cooja/mtype933.a(leds-arch.o)
                              obj_cooja/mtype933.o (leds_interface)
obj_cooja/mtype933.a(moteid.o)
                              obj_cooja/mtype933.o (moteid_interface)
obj_cooja/mtype933.a(pir-sensor.o)
                              obj_cooja/mtype933.o (pir_interface)
obj_cooja/mtype933.a(rs232.o)
                              obj_cooja/mtype933.o (rs232_interface)
obj_cooja/mtype933.a(vib-sensor.o)
                              obj_cooja/mtype933.o (vib_interface)
obj_cooja/mtype933.a(clock.o)
                              obj_cooja/mtype933.o (clock_interface)
obj_cooja/mtype933.a(cooja-log.o)
                              obj_cooja/mtype933.o (simlog_interface)
obj_cooja/mtype933.a(cfs-cooja.o)
                              obj_cooja/mtype933.o (cfs_interface)
obj_cooja/mtype933.a(cooja-radio.o)
                              obj_cooja/mtype933.o (radio_interface)
obj_cooja/mtype933.a(eeprom.o)
                              obj_cooja/mtype933.o (eeprom_interface)
obj_cooja/mtype933.a(random.o)
                              obj_cooja/mtype933.a(moteid.o) (random_init)
obj_cooja/mtype933.a(sensors.o)
                              obj_cooja/mtype933.o (sensors_process)
obj_cooja/mtype933.a(ctimer.o)
                              obj_cooja/mtype933.o (ctimer_init)
obj_cooja/mtype933.a(autostart.o)
                              obj_cooja/mtype933.o (autostart_start)
obj_cooja/mtype933.a(etimer.o)
                              obj_cooja/mtype933.o (etimer_process)
obj_cooja/mtype933.a(log.o)   obj_cooja/mtype933.o (log_lladdr)
obj_cooja/mtype933.a(process.o)
                              obj_cooja/mtype933.a(ctimer.o) (process_current)
obj_cooja/mtype933.a(rtimer.o)
                              obj_cooja/mtype933.a(rtimer-arch.o) (rtimer_run_next)
obj_cooja/mtype933.a(timer.o)
                              obj_cooja/mtype933.a(button-sensor.o) (timer_set)
obj_cooja/mtype933.a(serial-line.o)
                              obj_cooja/mtype933.a(rs232.o) (serial_line_input_byte)
obj_cooja/mtype933.a(list.o)  obj_cooja/mtype933.a(ctimer.o) (list_init)
obj_cooja/mtype933.a(ringbuf.o)
                              obj_cooja/mtype933.a(serial-line.o) (ringbuf_init)
obj_cooja/mtype933.a(packetbuf.o)
                              obj_cooja/mtype933.a(cooja-radio.o) (packetbuf_clear)
obj_cooja/mtype933.a(netstack.o)
                              obj_cooja/mtype933.o (netstack_init)
obj_cooja/mtype933.a(linkaddr.o)
                              nullnet-unicast.o (linkaddr_node_addr)
obj_cooja/mtype933.a(tsch.o)  nullnet-unicast.o (tsch_set_coordinator)
obj_cooja/mtype933.a(tsch-queue.o)
                              obj_cooja/mtype933.a(tsch.o) (tsch_queue_add_nbr)
obj_cooja/mtype933.a(tsch-schedule.o)
                              obj_cooja/mtype933.a(tsch.o) (tsch_schedule_add_slotframe)
obj_cooja/mtype933.a(tsch-slot-opera)
                              obj_cooja/mtype933.a(tsch.o) (dequeued_ringbuf)
obj_cooja/mtype933.a(tsch-packet.o)
                              obj_cooja/mtype933.a(tsch-slot-opera) (tsch_packet_create_eack)
obj_cooja/mtype933.a(tsch-adaptive-t)
                              obj_cooja/mtype933.a(tsch-slot-opera) (tsch_timesync_update)
obj_cooja/mtype933.a(nullnet.o)
                              nullnet-unicast.o (nullnet_buf)
obj_cooja/mtype933.a(ringbufindex.o)
                              obj_cooja/mtype933.a(tsch.o) (ringbufindex_init)
obj_cooja/mtype933.a(memb.o)  obj_cooja/mtype933.a(tsch-queue.o) (memb_init)
obj_cooja/mtype933.a(queuebuf.o)
                              obj_cooja/mtype933.a(tsch.o) (queuebuf_init)
obj_cooja/mtype933.a(link-stats.o)
                              obj_cooja/mtype933.a(tsch.o) (link_stats_packet_sent)
obj_cooja/mtype933.a(mac-sequence.o)
                              obj_cooja/mtype933.a(tsch.o) (mac_sequence_is_duplicate)
obj_cooja/mtype933.a(mac.o)   obj_cooja/mtype933.a(tsch.o) (mac_call_sent_callback)
obj_cooja/mtype933.a(frame802154e-ie)
                              obj_cooja/mtype933.a(tsch-packet.o) (frame80215e_create_ie_header_ack_nack_time_correction)
obj_cooja/mtype933.a(framer-802154.o)
                              obj_cooja/mtype933.a(tsch-packet.o) (framer_802154_setup_params)
obj_cooja/mtype933.a(frame802154.o)
[...]
Memory Configuration

Name             Origin             Length             Attributes
*default*        0x0000000000000000 0xffffffffffffffff

Linker script and memory map

LOAD /usr/lib/gcc/x86_64-linux-gnu/7/../../../x86_64-linux-gnu/crti.o
LOAD /usr/lib/gcc/x86_64-linux-gnu/7/crtbeginS.o
LOAD nullnet-unicast.o
LOAD obj_cooja/mtype933.o
LOAD obj_cooja/mtype933.a
LOAD /usr/lib/gcc/x86_64-linux-gnu/7/libgcc.a
LOAD /usr/lib/gcc/x86_64-linux-gnu/7/libgcc_s.so
START GROUP
LOAD /usr/lib/gcc/x86_64-linux-gnu/7/libgcc_s.so.1
LOAD /usr/lib/gcc/x86_64-linux-gnu/7/libgcc.a
END GROUP
LOAD /usr/lib/gcc/x86_64-linux-gnu/7/../../../x86_64-linux-gnu/libc.so
START GROUP
LOAD /lib/x86_64-linux-gnu/libc.so.6
LOAD /usr/lib/x86_64-linux-gnu/libc_nonshared.a
LOAD /lib/x86_64-linux-gnu/ld-linux-x86-64.so.2
END GROUP
LOAD /usr/lib/gcc/x86_64-linux-gnu/7/libgcc.a
LOAD /usr/lib/gcc/x86_64-linux-gnu/7/libgcc_s.so
START GROUP
LOAD /usr/lib/gcc/x86_64-linux-gnu/7/libgcc_s.so.1
LOAD /usr/lib/gcc/x86_64-linux-gnu/7/libgcc.a
END GROUP
LOAD /usr/lib/gcc/x86_64-linux-gnu/7/crtendS.o
LOAD /usr/lib/gcc/x86_64-linux-gnu/7/../../../x86_64-linux-gnu/crtn.o
                0x00000000000001c8                . = (SEGMENT_START ("text-segment", 0x0) + SIZEOF_HEADERS)

.note.gnu.build-id
                0x00000000000001c8       0x24
 *(.note.gnu.build-id)
 .note.gnu.build-id
                0x00000000000001c8       0x24 /usr/lib/gcc/x86_64-linux-gnu/7/../../../x86_64-linux-gnu/crti.o

.hash
 *(.hash)

.gnu.hash       0x00000000000001f0      0xd18
 *(.gnu.hash)
 .gnu.hash      0x00000000000001f0      0xd18 /usr/lib/gcc/x86_64-linux-gnu/7/../../../x86_64-linux-gnu/crti.o

.dynsym         0x0000000000000f08     0x2b08
 *(.dynsym)
 .dynsym        0x0000000000000f08     0x2b08 /usr/lib/gcc/x86_64-linux-gnu/7/../../../x86_64-linux-gnu/crti.o

.dynstr         0x0000000000003a10     0x20f0
 *(.dynstr)
 .dynstr        0x0000000000003a10     0x20f0 /usr/lib/gcc/x86_64-linux-gnu/7/../../../x86_64-linux-gnu/crti.o

.gnu.version    0x0000000000005b00      0x396
 *(.gnu.version)
 .gnu.version   0x0000000000005b00      0x396 /usr/lib/gcc/x86_64-linux-gnu/7/../../../x86_64-linux-gnu/crti.o

.gnu.version_d  0x0000000000005e98        0x0
 *(.gnu.version_d)
 .gnu.version_d
                0x0000000000005e98        0x0 /usr/lib/gcc/x86_64-linux-gnu/7/../../../x86_64-linux-gnu/crti.o

.gnu.version_r  0x0000000000005e98       0x40
 *(.gnu.version_r)
 .gnu.version_r
                0x0000000000005e98       0x40 /usr/lib/gcc/x86_64-linux-gnu/7/../../../x86_64-linux-gnu/crti.o

.rela.dyn       0x0000000000005ed8     0x19e0
 *(.rela.init)
 *(.rela.text .rela.text.* .rela.gnu.linkonce.t.*)
 .rela.text     0x0000000000005ed8        0x0 /usr/lib/gcc/x86_64-linux-gnu/7/../../../x86_64-linux-gnu/crti.o
 *(.rela.fini)
 *(.rela.rodata .rela.rodata.* .rela.gnu.linkonce.r.*)
 *(.rela.data .rela.data.* .rela.gnu.linkonce.d.*)
 .rela.data.rel.local
                0x0000000000005ed8      0x408 /usr/lib/gcc/x86_64-linux-gnu/7/../../../x86_64-linux-gnu/crti.o
 .rela.data.rel.ro
                0x00000000000062e0       0x18 /usr/lib/gcc/x86_64-linux-gnu/7/../../../x86_64-linux-gnu/crti.o
 .rela.data.rel
                0x00000000000062f8      0x390 /usr/lib/gcc/x86_64-linux-gnu/7/../../../x86_64-linux-gnu/crti.o
 .rela.data.rel.ro.local
                0x0000000000006688      0x618 /usr/lib/gcc/x86_64-linux-gnu/7/../../../x86_64-linux-gnu/crti.o
 *(.rela.tdata .rela.tdata.* .rela.gnu.linkonce.td.*)
 *(.rela.tbss .rela.tbss.* .rela.gnu.linkonce.tb.*)
 *(.rela.ctors)
 *(.rela.dtors)
 *(.rela.got)
 .rela.got      0x0000000000006ca0      0xbe8 /usr/lib/gcc/x86_64-linux-gnu/7/../../../x86_64-linux-gnu/crti.o
 *(.rela.bss .rela.bss.* .rela.gnu.linkonce.b.*)
 *(.rela.ldata .rela.ldata.* .rela.gnu.linkonce.l.*)
 *(.rela.lbss .rela.lbss.* .rela.gnu.linkonce.lb.*)
 *(.rela.lrodata .rela.lrodata.* .rela.gnu.linkonce.lr.*)
 *(.rela.ifunc)
 .rela.ifunc    0x0000000000007888        0x0 /usr/lib/gcc/x86_64-linux-gnu/7/../../../x86_64-linux-gnu/crti.o
 .rela.fini_array
                0x0000000000007888       0x18 /usr/lib/gcc/x86_64-linux-gnu/7/../../../x86_64-linux-gnu/crti.o
 .rela.init_array
                0x00000000000078a0       0x18 /usr/lib/gcc/x86_64-linux-gnu/7/../../../x86_64-linux-gnu/crti.o

.rela.plt       0x00000000000078b8     0x12f0
 *(.rela.plt)
 .rela.plt      0x00000000000078b8     0x12f0 /usr/lib/gcc/x86_64-linux-gnu/7/../../../x86_64-linux-gnu/crti.o
 *(.rela.iplt)

.init           0x0000000000008ba8       0x17
 *(SORT(.init))
 .init          0x0000000000008ba8       0x12 /usr/lib/gcc/x86_64-linux-gnu/7/../../../x86_64-linux-gnu/crti.o
                0x0000000000008ba8                _init
 .init          0x0000000000008bba        0x5 /usr/lib/gcc/x86_64-linux-gnu/7/../../../x86_64-linux-gnu/crtn.o

.plt            0x0000000000008bc0      0xcb0
 *(.plt)
 .plt           0x0000000000008bc0      0xcb0 /usr/lib/gcc/x86_64-linux-gnu/7/../../../x86_64-linux-gnu/crti.o
 *(.iplt)

.plt.got        0x0000000000009870       0x10
 *(.plt.got)
 .plt.got       0x0000000000009870       0x10 /usr/lib/gcc/x86_64-linux-gnu/7/../../../x86_64-linux-gnu/crti.o

.plt.sec
 *(.plt.sec)

.text           0x0000000000009880     0xd156
 *(.text.unlikely .text.*_unlikely .text.unlikely.*)
 *(.text.exit .text.exit.*)
 *(.text.startup .text.startup.*)
 *(.text.hot .text.hot.*)
 *(.text .stub .text.* .gnu.linkonce.t.*)
 .text          0x0000000000009880        0x0 /usr/lib/gcc/x86_64-linux-gnu/7/../../../x86_64-linux-gnu/crti.o
 .text          0x0000000000009880       0xda /usr/lib/gcc/x86_64-linux-gnu/7/crtbeginS.o
 .text          0x000000000000995a      0x2b8 nullnet-unicast.o
                0x000000000000995a                input_callback
 .text          0x0000000000009c12      0x510 obj_cooja/mtype933.o
                0x0000000000009d1f                contiki_init
                0x0000000000009f43                Java_org_contikios_cooja_corecomm_Lib1_init
                0x0000000000009f86                Java_org_contikios_cooja_corecomm_Lib1_getMemory
                0x0000000000009fde                Java_org_contikios_cooja_corecomm_Lib1_setMemory
                0x000000000000a06b                Java_org_contikios_cooja_corecomm_Lib1_tick
                0x000000000000a0f4                Java_org_contikios_cooja_corecomm_Lib1_setReferenceAddress
 .text          0x000000000000a122       0x89 obj_cooja/mtype933.a(simEnvChange.o)
                0x000000000000a122                doActionsBeforeTick
                0x000000000000a166                doActionsAfterTick
 .text          0x000000000000a1ab       0x9f obj_cooja/mtype933.a(cooja_mt.o)
                0x000000000000a1ab                cooja_mt_start
                0x000000000000a1e7                cooja_mt_exec
                0x000000000000a226                cooja_mt_yield
 .text          0x000000000000a24a       0xfe obj_cooja/mtype933.a(cooja_mtarch.o)
                0x000000000000a24a                cooja_mtarch_start
                0x000000000000a2e9                cooja_sw
                0x000000000000a312                cooja_mtarch_exec
                0x000000000000a33c                cooja_mtarch_yield
 .text          0x000000000000a348       0xb4 obj_cooja/mtype933.a(rtimer-arch.o)
                0x000000000000a348                rtimer_arch_init
                0x000000000000a36a                rtimer_arch_schedule
                0x000000000000a390                rtimer_arch_next
                0x000000000000a3a0                rtimer_arch_pending
                0x000000000000a3af                rtimer_arch_check
                0x000000000000a3ec                rtimer_arch_now
 .text          0x000000000000a3fc       0xba obj_cooja/mtype933.a(beep.o)
                0x000000000000a3fc                beep_alarm
                0x000000000000a413                beep_beep
                0x000000000000a427                beep
                0x000000000000a438                beep_down
                0x000000000000a44c                beep_on
                0x000000000000a45d                beep_off
                0x000000000000a46e                beep_spinup
                0x000000000000a47f                beep_quick
                0x000000000000a493                beep_long
 .text          0x000000000000a4b6      0x12d obj_cooja/mtype933.a(button-sensor.o)
 .text          0x000000000000a5e3       0x57 obj_cooja/mtype933.a(leds-arch.o)
                0x000000000000a5e3                leds_arch_init
                0x000000000000a5f4                leds_arch_get
                0x000000000000a604                leds_arch_set
 .text          0x000000000000a63a       0x39 obj_cooja/mtype933.a(moteid.o)
 .text          0x000000000000a673       0xe5 obj_cooja/mtype933.a(pir-sensor.o)
 .text          0x000000000000a758      0x175 obj_cooja/mtype933.a(rs232.o)
                0x000000000000a758                rs232_init
                0x000000000000a75f                rs232_set_speed
                0x000000000000a76b                rs232_set_input
                0x000000000000a781                rs232_send
                0x000000000000a7a8                rs232_print
                0x000000000000a7cf                slip_arch_writeb
 .text          0x000000000000a8cd       0xe5 obj_cooja/mtype933.a(vib-sensor.o)
 .text          0x000000000000a9b2       0x57 obj_cooja/mtype933.a(clock.o)
                0x000000000000a9b2                clock_init
                0x000000000000a9b9                clock_time
                0x000000000000a9c9                clock_seconds
                0x000000000000a9f1                clock_delay
 .text          0x000000000000aa09      0x30e obj_cooja/mtype933.a(cooja-log.o)
                0x000000000000aa09                simlog_char
                0x000000000000aa62                simlog
                0x000000000000ab01                log_message
                0x000000000000ab3a                log_set_putchar_with_slip
                0x000000000000ab4d                log_putchar
                0x000000000000abcd                log_puts
                0x000000000000abf6                log_printf
 .text          0x000000000000ad17      0x373 obj_cooja/mtype933.a(cfs-cooja.o)
                0x000000000000ad17                cfs_open
                0x000000000000ad90                cfs_close
                0x000000000000ada1                cfs_read
                0x000000000000ae65                cfs_write
                0x000000000000af74                cfs_seek
                0x000000000000b01f                cfs_remove
                0x000000000000b04b                cfs_opendir
                0x000000000000b05e                cfs_readdir
                0x000000000000b071                cfs_closedir
 .text          0x000000000000b08a      0x9c5 obj_cooja/mtype933.a(cooja-radio.o)
                0x000000000000b0d9                radio_set_channel
                0x000000000000b126                radio_set_txpower
                0x000000000000b14c                radio_signal_strength_last
                0x000000000000b15b                radio_signal_strength_current
                0x000000000000b16a                radio_LQI
 .text          0x000000000000ba4f      0x125 obj_cooja/mtype933.a(eeprom.o)
                0x000000000000ba4f                eeprom_init
                0x000000000000ba56                eeprom_read
                0x000000000000bade                eeprom_write
 .text          0x000000000000bb74       0x27 obj_cooja/mtype933.a(random.o)
                0x000000000000bb74                random_init
                0x000000000000bb90                random_rand
 .text          0x000000000000bb9b      0x33f obj_cooja/mtype933.a(sensors.o)
                0x000000000000bbe0                sensors_first
                0x000000000000bbf0                sensors_next
                0x000000000000bc1b                sensors_changed
                0x000000000000bc64                sensors_find
 .text          0x000000000000beda      0x421 obj_cooja/mtype933.a(ctimer.o)
                0x000000000000c038                ctimer_init
                0x000000000000c069                ctimer_set
                0x000000000000c0a9                ctimer_set_with_process
                0x000000000000c15f                ctimer_reset
                0x000000000000c1cc                ctimer_restart
                0x000000000000c239                ctimer_stop
                0x000000000000c293                ctimer_expired
 .text          0x000000000000c2fb       0xb3 obj_cooja/mtype933.a(autostart.o)
                0x000000000000c2fb                autostart_start
                0x000000000000c357                autostart_exit
 .text          0x000000000000c3ae      0x540 obj_cooja/mtype933.a(etimer.o)
                0x000000000000c64e                etimer_request_poll
                0x000000000000c6f8                etimer_set
                0x000000000000c72a                etimer_reset_with_new_interval
                0x000000000000c761                etimer_reset
                0x000000000000c788                etimer_restart
                0x000000000000c7af                etimer_adjust
                0x000000000000c7dc                etimer_expired
                0x000000000000c7f7                etimer_expiration_time
                0x000000000000c813                etimer_start_time
                0x000000000000c824                etimer_pending
                0x000000000000c83a                etimer_next_expiration_time
                0x000000000000c857                etimer_stop
 .text          0x000000000000c8ee      0x314 obj_cooja/mtype933.a(log.o)
                0x000000000000c8ee                log_lladdr
                0x000000000000c96b                log_lladdr_compact
                0x000000000000c9e2                log_set_level
                0x000000000000cae8                log_get_level
                0x000000000000cb9b                log_level_to_str
 .text          0x000000000000cc02      0x641 obj_cooja/mtype933.a(process.o)
                0x000000000000cc02                process_alloc_event
                0x000000000000cc18                process_start
                0x000000000000ce7d                process_exit
                0x000000000000cea5                process_init
                0x000000000000d095                process_run
                0x000000000000d0c6                process_nevents
                0x000000000000d0e2                process_post
                0x000000000000d1a6                process_post_synch
                0x000000000000d1f0                process_poll
                0x000000000000d229                process_is_running
 .text          0x000000000000d243       0xf6 obj_cooja/mtype933.a(rtimer.o)
                0x000000000000d243                rtimer_init
                0x000000000000d24f                rtimer_set
                0x000000000000d2cc                rtimer_run_next
 .text          0x000000000000d339       0xdf obj_cooja/mtype933.a(timer.o)
                0x000000000000d339                timer_set
                0x000000000000d367                timer_reset
                0x000000000000d38b                timer_restart
                0x000000000000d3a9                timer_expired
                0x000000000000d3e6                timer_remaining
 .text          0x000000000000d418      0x20c obj_cooja/mtype933.a(serial-line.o)
                0x000000000000d418                serial_line_input_byte
                0x000000000000d5f1                serial_line_init
 .text          0x000000000000d624      0x324 obj_cooja/mtype933.a(list.o)
                0x000000000000d624                list_init
                0x000000000000d63a                list_head
                0x000000000000d64b                list_copy
                0x000000000000d668                list_tail
                0x000000000000d6ad                list_add
                0x000000000000d70d                list_push
                0x000000000000d74c                list_chop
                0x000000000000d7d5                list_pop
                0x000000000000d80b                list_remove
                0x000000000000d893                list_length
                0x000000000000d8ca                list_insert
                0x000000000000d929                list_item_next
 .text          0x000000000000d948      0x189 obj_cooja/mtype933.a(ringbuf.o)
                0x000000000000d948                ringbuf_init
                0x000000000000d985                ringbuf_put
                0x000000000000da10                ringbuf_get
                0x000000000000da8a                ringbuf_size
                0x000000000000daa2                ringbuf_elements
 .text          0x000000000000dad1      0x458 obj_cooja/mtype933.a(packetbuf.o)
                0x000000000000dad1                packetbuf_clear
                0x000000000000dafb                packetbuf_copyfrom
                0x000000000000db51                packetbuf_copyto
                0x000000000000dbf4                packetbuf_hdralloc
                0x000000000000dc7f                packetbuf_hdrreduce
                0x000000000000dccb                packetbuf_set_datalen
                0x000000000000dce3                packetbuf_dataptr
                0x000000000000dd05                packetbuf_hdrptr
                0x000000000000dd12                packetbuf_datalen
                0x000000000000dd1f                packetbuf_hdrlen
                0x000000000000dd37                packetbuf_totlen
                0x000000000000dd56                packetbuf_remaininglen
                0x000000000000dd6a                packetbuf_attr_clear
                0x000000000000ddca                packetbuf_attr_copyto
                0x000000000000de11                packetbuf_attr_copyfrom
                0x000000000000de58                packetbuf_set_attr
                0x000000000000de84                packetbuf_attr
                0x000000000000dea1                packetbuf_set_addr
                0x000000000000dee3                packetbuf_addr
                0x000000000000df09                packetbuf_holds_broadcast
 .text          0x000000000000df29      0x11b obj_cooja/mtype933.a(netstack.o)
                0x000000000000df29                netstack_process_ip_callback
                0x000000000000dfc6                netstack_ip_packet_processor_add
                0x000000000000dff2                uip_ds6_ip_packet_processor_rm
                0x000000000000e017                netstack_init
 .text          0x000000000000e044       0x74 obj_cooja/mtype933.a(linkaddr.o)
                0x000000000000e044                linkaddr_copy
                0x000000000000e061                linkaddr_cmp
                0x000000000000e093                linkaddr_set_node_addr
 .text          0x000000000000e0b8     0x15bd obj_cooja/mtype933.a(tsch.o)
                0x000000000000e0b8                tsch_set_coordinator
                0x000000000000e0f7                tsch_set_pan_secured
                0x000000000000e10e                tsch_set_join_priority
                0x000000000000e127                tsch_set_ka_timeout
                0x000000000000e158                tsch_set_eb_period
                0x000000000000e335                tsch_schedule_keepalive
                0x000000000000e3f3                tsch_schedule_keepalive_immediately
                0x000000000000e7f9                tsch_disassociate
                0x000000000000ec57                tsch_scan
 .text          0x000000000000f675      0xa9d obj_cooja/mtype933.a(tsch-queue.o)
                0x000000000000f675                tsch_queue_add_nbr
                0x000000000000f784                tsch_queue_get_nbr
                0x000000000000f7ed                tsch_queue_get_time_source
                0x000000000000f843                tsch_queue_update_time_source
                0x000000000000f9be                tsch_queue_add_packet
                0x000000000000fae5                tsch_queue_global_packet_count
                0x000000000000fb00                tsch_queue_packet_count
                0x000000000000fb4d                tsch_queue_remove_packet_from_queue
                0x000000000000fba8                tsch_queue_free_packet
                0x000000000000fbe0                tsch_queue_packet_sent
                0x000000000000fcab                tsch_queue_reset
                0x000000000000fd0b                tsch_queue_free_unused_neighbors
                0x000000000000fd93                tsch_queue_is_empty
                0x000000000000fdd1                tsch_queue_get_packet_for_nbr
                0x000000000000fe67                tsch_queue_get_packet_for_dest_addr
                0x000000000000fea7                tsch_queue_get_unicast_packet_for_any
                0x000000000000ff4d                tsch_queue_backoff_expired
                0x000000000000ff67                tsch_queue_backoff_reset
                0x000000000000ff82                tsch_queue_backoff_inc
                0x000000000000fff4                tsch_queue_update_all_backoff_windows
                0x00000000000100ac                tsch_queue_init
 .text          0x0000000000010112      0xb56 obj_cooja/mtype933.a(tsch-schedule.o)
                0x0000000000010112                tsch_schedule_add_slotframe
                0x0000000000010211                tsch_schedule_remove_all_slotframes
                0x0000000000010253                tsch_schedule_remove_slotframe
                0x00000000000102db                tsch_schedule_get_slotframe_by_handle
                0x0000000000010339                tsch_schedule_get_link_by_handle
                0x00000000000103c4                tsch_schedule_add_link
                0x0000000000010582                tsch_schedule_remove_link
                0x00000000000106bf                tsch_schedule_remove_link_by_timeslot
                0x000000000001070e                tsch_schedule_get_link_by_timeslot
                0x000000000001077e                tsch_schedule_get_next_active_link
                0x00000000000109d5                tsch_schedule_init
                0x0000000000010a1c                tsch_schedule_create_minimal
                0x0000000000010a6b                tsch_schedule_slotframe_head
                0x0000000000010a80                tsch_schedule_slotframe_next
                0x0000000000010a9a                tsch_schedule_print
 .text          0x0000000000010c68     0x17cb obj_cooja/mtype933.a(tsch-slot-opera)
                0x0000000000010c68                tsch_is_locked
                0x0000000000010c74                tsch_get_lock
                0x0000000000010d08                tsch_release_lock
                0x0000000000010d19                tsch_calculate_channel
                0x00000000000122bf                tsch_slot_operation_start
                0x00000000000123d3                tsch_slot_operation_sync
 .text          0x0000000000012433      0x915 obj_cooja/mtype933.a(tsch-packet.o)
                0x0000000000012462                tsch_packet_eackbuf_attr
                0x0000000000012482                tsch_packet_create_eack
                0x0000000000012676                tsch_packet_parse_eack
                0x000000000001282d                tsch_packet_create_eb
                0x0000000000012b94                tsch_packet_update_eb
                0x0000000000012c13                tsch_packet_parse_eb
 .text          0x0000000000012d48      0x330 obj_cooja/mtype933.a(tsch-adaptive-t)
                0x0000000000012d48                tsch_adaptive_timesync_get_drift_ppm
                0x0000000000012e97                tsch_timesync_update
                0x000000000001300e                tsch_timesync_adaptive_compensate
 .text          0x0000000000013078      0x118 obj_cooja/mtype933.a(nullnet.o)
                0x00000000000130e8                nullnet_set_input_callback
 .text          0x0000000000013190      0x236 obj_cooja/mtype933.a(ringbufindex.o)
                0x0000000000013190                ringbufindex_init
                0x00000000000131bd                ringbufindex_put
                0x0000000000013224                ringbufindex_peek_put
                0x0000000000013272                ringbufindex_get
                0x00000000000132db                ringbufindex_peek_get
                0x000000000001331f                ringbufindex_size
                0x0000000000013336                ringbufindex_elements
                0x0000000000013364                ringbufindex_full
                0x00000000000133a4                ringbufindex_empty
 .text          0x00000000000133c6      0x20e obj_cooja/mtype933.a(memb.o)
                0x00000000000133c6                memb_init
                0x0000000000013425                memb_alloc
                0x000000000001349d                memb_free
                0x0000000000013535                memb_inmemb
                0x0000000000013588                memb_numfree
 .text          0x00000000000135d4      0x330 obj_cooja/mtype933.a(queuebuf.o)
                0x00000000000135e5                queuebuf_init
                0x0000000000013604                queuebuf_numfree
                0x0000000000013616                queuebuf_new_from_packetbuf
                0x00000000000136bf                queuebuf_update_attr_from_packetbuf
                0x00000000000136fe                queuebuf_update_from_packetbuf
                0x0000000000013756                queuebuf_free
                0x00000000000137a5                queuebuf_to_packetbuf
                0x0000000000013817                queuebuf_dataptr
                0x0000000000013857                queuebuf_datalen
                0x0000000000013883                queuebuf_addr
                0x00000000000138c6                queuebuf_attr
                0x00000000000138fd                queuebuf_debug_print
 .text          0x0000000000013904      0x3e2 obj_cooja/mtype933.a(link-stats.o)
                0x0000000000013904                link_stats_from_lladdr
                0x0000000000013928                link_stats_is_fresh
                0x0000000000013972                guess_etx_from_rssi
                0x00000000000139f3                link_stats_packet_sent
                0x0000000000013b27                link_stats_input_callback
                0x0000000000013c54                link_stats_reset
                0x0000000000013cab                link_stats_init
 .text          0x0000000000013ce6      0x1da obj_cooja/mtype933.a(mac-sequence.o)
                0x0000000000013ce6                mac_sequence_is_duplicate
                0x0000000000013dc7                mac_sequence_register_seqno
 .text          0x0000000000013ec0       0x33 obj_cooja/mtype933.a(mac.o)
                0x0000000000013ec0                mac_call_sent_callback
 .text          0x0000000000013ef3     0x10bd obj_cooja/mtype933.a(frame802154e-ie)
                0x0000000000014028                frame80215e_create_ie_header_ack_nack_time_correction
                0x00000000000140c2                frame80215e_create_ie_header_list_termination_1
                0x0000000000014113                frame80215e_create_ie_header_list_termination_2
                0x0000000000014164                frame80215e_create_ie_payload_list_termination
                0x00000000000141b5                frame80215e_create_ie_mlme
                0x000000000001420c                frame80215e_create_ie_tsch_synchronization
                0x00000000000142da                frame80215e_create_ie_tsch_slotframe_and_link
                0x0000000000014520                frame80215e_create_ie_tsch_timeslot
                0x0000000000014616                frame80215e_create_ie_tsch_channel_hopping_sequence
                0x0000000000014c89                frame802154e_parse_information_elements
 .text          0x0000000000014fb0      0x42f obj_cooja/mtype933.a(framer-802154.o)
                0x0000000000015147                framer_802154_setup_params
 .text          0x00000000000153df      0xc84 obj_cooja/mtype933.a(frame802154.o)
                0x000000000001540d                frame802154_get_pan_id
                0x000000000001541a                frame802154_set_pan_id
                0x0000000000015432                frame802154_has_panid
                0x000000000001560d                frame802154_check_dest_panid
                0x00000000000156a8                frame802154_is_broadcast_addr
                0x00000000000156fb                frame802154_extract_linkaddr
                0x0000000000015991                frame802154_hdrlen
                0x0000000000015a0c                frame802154_create_fcf
                0x0000000000015ada                frame802154_create
                0x0000000000015c80                frame802154_parse_fcf
                0x0000000000015d73                frame802154_parse
 .text          0x0000000000016063      0x973 obj_cooja/mtype933.a(nbr-table.o)
                0x0000000000016586                nbr_table_register
                0x00000000000165ed                nbr_table_is_register
                0x000000000001662b                nbr_table_head
                0x0000000000016692                nbr_table_next
                0x0000000000016708                nbr_table_add_lladdr
                0x00000000000167fa                nbr_table_get_from_lladdr
                0x0000000000016852                nbr_table_remove
                0x00000000000168a2                nbr_table_lock
                0x00000000000168d0                nbr_table_unlock
                0x00000000000168fe                nbr_table_get_lladdr
                0x000000000001693d                nbr_table_update_lladdr
 .text          0x00000000000169d6        0x0 /usr/lib/gcc/x86_64-linux-gnu/7/crtendS.o
 .text          0x00000000000169d6        0x0 /usr/lib/gcc/x86_64-linux-gnu/7/../../../x86_64-linux-gnu/crtn.o
 *(.gnu.warning)

.fini           0x00000000000169d8        0x9
 *(SORT(.fini))
 .fini          0x00000000000169d8        0x4 /usr/lib/gcc/x86_64-linux-gnu/7/../../../x86_64-linux-gnu/crti.o
                0x00000000000169d8                _fini
 .fini          0x00000000000169dc        0x5 /usr/lib/gcc/x86_64-linux-gnu/7/../../../x86_64-linux-gnu/crtn.o
                [!provide]                        PROVIDE (__etext, .)
                [!provide]                        PROVIDE (_etext, .)
                [!provide]                        PROVIDE (etext, .)

.rodata         0x00000000000169f0      0x3cd
 *(.rodata .rodata.* .gnu.linkonce.r.*)
 .rodata        0x00000000000169f0       0x74 nullnet-unicast.o
 *fill*         0x0000000000016a64        0x4 
 .rodata        0x0000000000016a68       0x9c obj_cooja/mtype933.o
 .rodata        0x0000000000016b04        0x7 obj_cooja/mtype933.a(button-sensor.o)
 .rodata        0x0000000000016b0b        0x4 obj_cooja/mtype933.a(pir-sensor.o)
 .rodata        0x0000000000016b0f        0x6 obj_cooja/mtype933.a(rs232.o)
 .rodata        0x0000000000016b15        0xa obj_cooja/mtype933.a(vib-sensor.o)
 *fill*         0x0000000000016b1f        0x1 
 .rodata        0x0000000000016b20       0x27 obj_cooja/mtype933.a(cfs-cooja.o)
 .rodata        0x0000000000016b47       0x19 obj_cooja/mtype933.a(cooja-radio.o)
 .rodata        0x0000000000016b60        0x8 obj_cooja/mtype933.a(sensors.o)
 .rodata        0x0000000000016b68        0xf obj_cooja/mtype933.a(ctimer.o)
 .rodata        0x0000000000016b77        0xc obj_cooja/mtype933.a(etimer.o)
 *fill*         0x0000000000016b83        0x1 
 .rodata        0x0000000000016b84       0xa4 obj_cooja/mtype933.a(log.o)
 .rodata        0x0000000000016c28        0xe obj_cooja/mtype933.a(serial-line.o)
 *fill*         0x0000000000016c36        0x2 
 .rodata        0x0000000000016c38        0x8 obj_cooja/mtype933.a(linkaddr.o)
                0x0000000000016c38                linkaddr_null
 .rodata        0x0000000000016c40       0x61 obj_cooja/mtype933.a(tsch.o)
                0x0000000000016c58                tsch_broadcast_address
                0x0000000000016c60                tsch_eb_address
 *fill*         0x0000000000016ca1        0x7 
 .rodata        0x0000000000016ca8       0xd0 obj_cooja/mtype933.a(tsch-schedule.o)
 .rodata        0x0000000000016d78       0x3d obj_cooja/mtype933.a(tsch-slot-opera)
 .rodata        0x0000000000016db5        0x8 obj_cooja/mtype933.a(nullnet.o)

.rodata1
 *(.rodata1)

.eh_frame_hdr   0x0000000000016dc0      0xd4c
 *(.eh_frame_hdr)
 .eh_frame_hdr  0x0000000000016dc0      0xd4c nullnet-unicast.o
                0x0000000000016dc0                __GNU_EH_FRAME_HDR
 *(.eh_frame_entry .eh_frame_entry.*)

.eh_frame       0x0000000000017b10     0x3564
 *(.eh_frame)
 .eh_frame      0x0000000000017b10       0x40 /usr/lib/gcc/x86_64-linux-gnu/7/../../../x86_64-linux-gnu/crti.o
 .eh_frame      0x0000000000017b50       0x18 /usr/lib/gcc/x86_64-linux-gnu/7/../../../x86_64-linux-gnu/crti.o
                                         0x30 (size before relaxing)
 .eh_frame      0x0000000000017b68       0x40 nullnet-unicast.o
                                         0x58 (size before relaxing)
 .eh_frame      0x0000000000017ba8      0x138 obj_cooja/mtype933.o
                                        0x150 (size before relaxing)
 .eh_frame      0x0000000000017ce0       0x40 obj_cooja/mtype933.a(simEnvChange.o)
                                         0x58 (size before relaxing)
 .eh_frame      0x0000000000017d20       0x60 obj_cooja/mtype933.a(cooja_mt.o)
                                         0x78 (size before relaxing)
 .eh_frame      0x0000000000017d80       0x80 obj_cooja/mtype933.a(cooja_mtarch.o)
                                         0x98 (size before relaxing)
 .eh_frame      0x0000000000017e00       0xc0 obj_cooja/mtype933.a(rtimer-arch.o)
                                         0xd8 (size before relaxing)
 .eh_frame      0x0000000000017ec0      0x160 obj_cooja/mtype933.a(beep.o)
                                        0x178 (size before relaxing)
 .eh_frame      0x0000000000018020       0xa0 obj_cooja/mtype933.a(button-sensor.o)
                                         0xb8 (size before relaxing)
 .eh_frame      0x00000000000180c0       0xa0 obj_cooja/mtype933.a(leds-arch.o)
                                         0xb8 (size before relaxing)
 .eh_frame      0x0000000000018160       0x40 obj_cooja/mtype933.a(moteid.o)
                                         0x58 (size before relaxing)
 .eh_frame      0x00000000000181a0       0xa0 obj_cooja/mtype933.a(pir-sensor.o)
                                         0xb8 (size before relaxing)
 .eh_frame      0x0000000000018240      0x100 obj_cooja/mtype933.a(rs232.o)
                                        0x118 (size before relaxing)
 .eh_frame      0x0000000000018340       0xa0 obj_cooja/mtype933.a(vib-sensor.o)
                                         0xb8 (size before relaxing)
 .eh_frame      0x00000000000183e0       0xc0 obj_cooja/mtype933.a(clock.o)
                                         0xd8 (size before relaxing)
 .eh_frame      0x00000000000184a0      0x128 obj_cooja/mtype933.a(cooja-log.o)
                                        0x140 (size before relaxing)
 .eh_frame      0x00000000000185c8      0x160 obj_cooja/mtype933.a(cfs-cooja.o)
                                        0x178 (size before relaxing)
 .eh_frame      0x0000000000018728      0x360 obj_cooja/mtype933.a(cooja-radio.o)
                                        0x378 (size before relaxing)
 .eh_frame      0x0000000000018a88       0xa0 obj_cooja/mtype933.a(eeprom.o)
                                         0xb8 (size before relaxing)
 .eh_frame      0x0000000000018b28       0x40 obj_cooja/mtype933.a(random.o)
                                         0x58 (size before relaxing)
 .eh_frame      0x0000000000018b68       0xc0 obj_cooja/mtype933.a(sensors.o)
                                         0xd8 (size before relaxing)
 .eh_frame      0x0000000000018c28      0x100 obj_cooja/mtype933.a(ctimer.o)
                                        0x118 (size before relaxing)
 .eh_frame      0x0000000000018d28       0x40 obj_cooja/mtype933.a(autostart.o)
                                         0x58 (size before relaxing)
 .eh_frame      0x0000000000018d68      0x1e0 obj_cooja/mtype933.a(etimer.o)
                                        0x1f8 (size before relaxing)
 .eh_frame      0x0000000000018f48       0xa0 obj_cooja/mtype933.a(log.o)
                                         0xb8 (size before relaxing)
 .eh_frame      0x0000000000018fe8      0x1c8 obj_cooja/mtype933.a(process.o)
                                        0x1e0 (size before relaxing)
 .eh_frame      0x00000000000191b0       0x60 obj_cooja/mtype933.a(rtimer.o)
                                         0x78 (size before relaxing)
 .eh_frame      0x0000000000019210       0xa0 obj_cooja/mtype933.a(timer.o)
                                         0xb8 (size before relaxing)
 .eh_frame      0x00000000000192b0       0x60 obj_cooja/mtype933.a(serial-line.o)
                                         0x78 (size before relaxing)
 .eh_frame      0x0000000000019310      0x180 obj_cooja/mtype933.a(list.o)
                                        0x198 (size before relaxing)
 .eh_frame      0x0000000000019490       0xa0 obj_cooja/mtype933.a(ringbuf.o)
                                         0xb8 (size before relaxing)
 .eh_frame      0x0000000000019530      0x288 obj_cooja/mtype933.a(packetbuf.o)
                                        0x2a0 (size before relaxing)
 .eh_frame      0x00000000000197b8       0x80 obj_cooja/mtype933.a(netstack.o)
                                         0x98 (size before relaxing)
 .eh_frame      0x0000000000019838       0x60 obj_cooja/mtype933.a(linkaddr.o)
                                         0x78 (size before relaxing)
 .eh_frame      0x0000000000019898      0x328 obj_cooja/mtype933.a(tsch.o)
                                        0x340 (size before relaxing)
 .eh_frame      0x0000000000019bc0      0x2e0 obj_cooja/mtype933.a(tsch-queue.o)
                                        0x2f8 (size before relaxing)
 .eh_frame      0x0000000000019ea0      0x1e0 obj_cooja/mtype933.a(tsch-schedule.o)
                                        0x1f8 (size before relaxing)
 .eh_frame      0x000000000001a080      0x1c8 obj_cooja/mtype933.a(tsch-slot-opera)
                                        0x1e0 (size before relaxing)
 .eh_frame      0x000000000001a248       0xe8 obj_cooja/mtype933.a(tsch-packet.o)
                                        0x100 (size before relaxing)
 .eh_frame      0x000000000001a330       0xc0 obj_cooja/mtype933.a(tsch-adaptive-t)
                                         0xd8 (size before relaxing)
 .eh_frame      0x000000000001a3f0       0x88 obj_cooja/mtype933.a(nullnet.o)
                                         0xa0 (size before relaxing)
 .eh_frame      0x000000000001a478      0x120 obj_cooja/mtype933.a(ringbufindex.o)
                                        0x138 (size before relaxing)
 .eh_frame      0x000000000001a598       0xa0 obj_cooja/mtype933.a(memb.o)
                                         0xb8 (size before relaxing)
 .eh_frame      0x000000000001a638      0x1a0 obj_cooja/mtype933.a(queuebuf.o)
                                        0x1b8 (size before relaxing)
 .eh_frame      0x000000000001a7d8      0x100 obj_cooja/mtype933.a(link-stats.o)
                                        0x118 (size before relaxing)
 .eh_frame      0x000000000001a8d8       0x48 obj_cooja/mtype933.a(mac-sequence.o)
                                         0x60 (size before relaxing)
 .eh_frame      0x000000000001a920       0x20 obj_cooja/mtype933.a(mac.o)
                                         0x38 (size before relaxing)
 .eh_frame      0x000000000001a940      0x220 obj_cooja/mtype933.a(frame802154e-ie)
                                        0x238 (size before relaxing)
 .eh_frame      0x000000000001ab60       0xa8 obj_cooja/mtype933.a(framer-802154.o)
                                         0xc0 (size before relaxing)
 .eh_frame      0x000000000001ac08      0x1a8 obj_cooja/mtype933.a(frame802154.o)
                                        0x1c0 (size before relaxing)
 .eh_frame      0x000000000001adb0      0x2c0 obj_cooja/mtype933.a(nbr-table.o)
                                        0x2d8 (size before relaxing)
 .eh_frame      0x000000000001b070        0x4 /usr/lib/gcc/x86_64-linux-gnu/7/crtendS.o
 *(.eh_frame.*)

.gcc_except_table
 *(.gcc_except_table .gcc_except_table.*)

.gnu_extab
 *(.gnu_extab*)

.exception_ranges
 *(.exception_ranges .exception_ranges*)
                0x000000000021b790                . = DATA_SEGMENT_ALIGN (CONSTANT (MAXPAGESIZE), CONSTANT (COMMONPAGESIZE))

.eh_frame
 *(.eh_frame)
 *(.eh_frame.*)

.gnu_extab
 *(.gnu_extab)

.gcc_except_table
 *(.gcc_except_table .gcc_except_table.*)

.exception_ranges
 *(.exception_ranges .exception_ranges*)

.tdata
 *(.tdata .tdata.* .gnu.linkonce.td.*)

.tbss
 *(.tbss .tbss.* .gnu.linkonce.tb.*)
 *(.tcommon)

.preinit_array
 *(.preinit_array)

.init_array     0x000000000021b790        0x8
 *(SORT(.init_array.*) SORT(.ctors.*))
 *(.init_array EXCLUDE_FILE(*crtend?.o *crtend.o *crtbegin?.o *crtbegin.o) .ctors)
 .init_array    0x000000000021b790        0x8 /usr/lib/gcc/x86_64-linux-gnu/7/crtbeginS.o

.fini_array     0x000000000021b798        0x8
 *(SORT(.fini_array.*) SORT(.dtors.*))
 *(.fini_array EXCLUDE_FILE(*crtend?.o *crtend.o *crtbegin?.o *crtbegin.o) .dtors)
 .fini_array    0x000000000021b798        0x8 /usr/lib/gcc/x86_64-linux-gnu/7/crtbeginS.o

.ctors
 *crtbegin.o(.ctors)
 *crtbegin?.o(.ctors)
 *(EXCLUDE_FILE(*crtend?.o *crtend.o) .ctors)
 *(SORT(.ctors.*))
 *(.ctors)

.dtors
 *crtbegin.o(.dtors)
 *crtbegin?.o(.dtors)
 *(EXCLUDE_FILE(*crtend?.o *crtend.o) .dtors)
 *(SORT(.dtors.*))
 *(.dtors)

.jcr
 *(.jcr)

.data.rel.ro    0x000000000021b7a0      0x290
 *(.data.rel.ro.local* .gnu.linkonce.d.rel.ro.local.*)
 .data.rel.ro.local
                0x000000000021b7a0       0x10 obj_cooja/mtype933.a(beep.o)
                0x000000000021b7a0                beep_interface
 *fill*         0x000000000021b7b0       0x10 
 .data.rel.ro.local
                0x000000000021b7c0       0x40 obj_cooja/mtype933.a(button-sensor.o)
                0x000000000021b7c0                button_interface
                0x000000000021b7e0                button_sensor
 .data.rel.ro.local
                0x000000000021b800       0x10 obj_cooja/mtype933.a(leds-arch.o)
                0x000000000021b800                leds_interface
 .data.rel.ro.local
                0x000000000021b810       0x10 obj_cooja/mtype933.a(moteid.o)
                0x000000000021b810                moteid_interface
 .data.rel.ro.local
                0x000000000021b820       0x40 obj_cooja/mtype933.a(pir-sensor.o)
                0x000000000021b820                pir_interface
                0x000000000021b840                pir_sensor
 .data.rel.ro.local
                0x000000000021b860       0x10 obj_cooja/mtype933.a(rs232.o)
                0x000000000021b860                rs232_interface
 *fill*         0x000000000021b870       0x10 
 .data.rel.ro.local
                0x000000000021b880       0x40 obj_cooja/mtype933.a(vib-sensor.o)
                0x000000000021b880                vib_interface
                0x000000000021b8a0                vib_sensor
 .data.rel.ro.local
                0x000000000021b8c0       0x10 obj_cooja/mtype933.a(clock.o)
                0x000000000021b8c0                clock_interface
 .data.rel.ro.local
                0x000000000021b8d0       0x10 obj_cooja/mtype933.a(cooja-log.o)
                0x000000000021b8d0                simlog_interface
 .data.rel.ro.local
                0x000000000021b8e0       0x10 obj_cooja/mtype933.a(cfs-cooja.o)
                0x000000000021b8e0                cfs_interface
 *fill*         0x000000000021b8f0       0x10 
 .data.rel.ro.local
                0x000000000021b900       0x90 obj_cooja/mtype933.a(cooja-radio.o)
                0x000000000021b900                radio_interface
                0x000000000021b910                dummy_interface
                0x000000000021b920                cooja_radio_driver
 .data.rel.ro.local
                0x000000000021b990       0x10 obj_cooja/mtype933.a(eeprom.o)
                0x000000000021b990                eeprom_interface
 .data.rel.ro.local
                0x000000000021b9a0       0x30 obj_cooja/mtype933.a(tsch.o)
                0x000000000021b9a0                tschmac_driver
 *fill*         0x000000000021b9d0       0x10 
 .data.rel.ro.local
                0x000000000021b9e0       0x20 obj_cooja/mtype933.a(nullnet.o)
                0x000000000021b9e0                nullnet_driver
 .data.rel.ro.local
                0x000000000021ba00       0x18 obj_cooja/mtype933.a(framer-802154.o)
                0x000000000021ba00                framer_802154
 *(.data.rel.ro .data.rel.ro.* .gnu.linkonce.d.rel.ro.*)
 .data.rel.ro   0x000000000021ba18        0x0 /usr/lib/gcc/x86_64-linux-gnu/7/../../../x86_64-linux-gnu/crti.o
 *fill*         0x000000000021ba18        0x8 
 .data.rel.ro   0x000000000021ba20       0x10 nullnet-unicast.o
                0x000000000021ba20                autostart_processes

.dynamic        0x000000000021ba30      0x1c0
 *(.dynamic)
 .dynamic       0x000000000021ba30      0x1c0 /usr/lib/gcc/x86_64-linux-gnu/7/../../../x86_64-linux-gnu/crti.o
                0x000000000021ba30                _DYNAMIC

.got            0x000000000021bbf0      0x3f8
 *(.got)
 .got           0x000000000021bbf0      0x3f8 /usr/lib/gcc/x86_64-linux-gnu/7/../../../x86_64-linux-gnu/crti.o
 *(.igot)
                0x000000000021bfe8                . = DATA_SEGMENT_RELRO_END (., (SIZEOF (.got.plt) >= 0x18)?0x18:0x0)

.got.plt        0x000000000021c000      0x668
 *(.got.plt)
 .got.plt       0x000000000021c000      0x668 /usr/lib/gcc/x86_64-linux-gnu/7/../../../x86_64-linux-gnu/crti.o
                0x000000000021c000                _GLOBAL_OFFSET_TABLE_
 *(.igot.plt)

.data           0x000000000021c680      0x4e0
 *(.data .data.* .gnu.linkonce.d.*)
 .data          0x000000000021c680        0x0 /usr/lib/gcc/x86_64-linux-gnu/7/../../../x86_64-linux-gnu/crti.o
 .data          0x000000000021c680        0x0 /usr/lib/gcc/x86_64-linux-gnu/7/crtbeginS.o
 .data.rel.local
                0x000000000021c680        0x8 /usr/lib/gcc/x86_64-linux-gnu/7/crtbeginS.o
                0x000000000021c680                __dso_handle
 .data          0x000000000021c688       0x14 nullnet-unicast.o
 *fill*         0x000000000021c69c        0x4 
 .data.rel.local
                0x000000000021c6a0       0x20 nullnet-unicast.o
                0x000000000021c6a0                nullnet_example_process
 .data          0x000000000021c6c0        0x0 obj_cooja/mtype933.o
 .data.rel      0x000000000021c6c0       0xa0 obj_cooja/mtype933.o
                0x000000000021c6c0                simInterfaces
                0x000000000021c740                sensors
 .data          0x000000000021c760        0x0 obj_cooja/mtype933.a(simEnvChange.o)
 .data          0x000000000021c760        0x0 obj_cooja/mtype933.a(cooja_mt.o)
 .data          0x000000000021c760        0x0 obj_cooja/mtype933.a(cooja_mtarch.o)
 .data          0x000000000021c760        0x0 obj_cooja/mtype933.a(rtimer-arch.o)
 .data          0x000000000021c760        0x0 obj_cooja/mtype933.a(beep.o)
 .data          0x000000000021c760        0x0 obj_cooja/mtype933.a(button-sensor.o)
 .data          0x000000000021c760        0x0 obj_cooja/mtype933.a(leds-arch.o)
 .data          0x000000000021c760        0x0 obj_cooja/mtype933.a(moteid.o)
 .data          0x000000000021c760        0x0 obj_cooja/mtype933.a(pir-sensor.o)
 .data          0x000000000021c760        0x0 obj_cooja/mtype933.a(rs232.o)
 .data          0x000000000021c760        0x0 obj_cooja/mtype933.a(vib-sensor.o)
 .data          0x000000000021c760        0x0 obj_cooja/mtype933.a(clock.o)
 .data          0x000000000021c760        0x0 obj_cooja/mtype933.a(cooja-log.o)
 .data          0x000000000021c760        0x0 obj_cooja/mtype933.a(cfs-cooja.o)
 .data          0x000000000021c760       0x34 obj_cooja/mtype933.a(cooja-radio.o)
                0x000000000021c760                simRadioHWOn
                0x000000000021c764                simSignalStrength
                0x000000000021c768                simLastSignalStrength
                0x000000000021c76c                simPower
                0x000000000021c770                simRadioChannel
                0x000000000021c774                simLQI
                0x000000000021c778                simRadioHWOnDummy
                0x000000000021c77c                simSignalStrengthDummy
                0x000000000021c780                simLastSignalStrengthDummy
                0x000000000021c784                simPowerDummy
                0x000000000021c788                simRadioChannelDummy
                0x000000000021c78c                simLQIDummy
 *fill*         0x000000000021c794        0xc 
 .data.rel.local
                0x000000000021c7a0       0x40 obj_cooja/mtype933.a(cooja-radio.o)
                0x000000000021c7a0                cooja_radio_process1
                0x000000000021c7c0                cooja_radio_process2
 .data          0x000000000021c7e0        0x0 obj_cooja/mtype933.a(eeprom.o)
 .data          0x000000000021c7e0        0x0 obj_cooja/mtype933.a(random.o)
 .data          0x000000000021c7e0        0x0 obj_cooja/mtype933.a(sensors.o)
 .data.rel.local
                0x000000000021c7e0       0x20 obj_cooja/mtype933.a(sensors.o)
                0x000000000021c7e0                sensors_process
 .data          0x000000000021c800        0x0 obj_cooja/mtype933.a(ctimer.o)
 .data.rel.local
                0x000000000021c800       0x40 obj_cooja/mtype933.a(ctimer.o)
                0x000000000021c820                ctimer_process
 .data          0x000000000021c840        0x0 obj_cooja/mtype933.a(autostart.o)
 .data          0x000000000021c840        0x0 obj_cooja/mtype933.a(etimer.o)
 .data.rel.local
                0x000000000021c840       0x20 obj_cooja/mtype933.a(etimer.o)
                0x000000000021c840                etimer_process
 .data          0x000000000021c860        0x4 obj_cooja/mtype933.a(log.o)
                0x000000000021c860                curr_log_level_main
 *fill*         0x000000000021c864       0x1c 
 .data.rel      0x000000000021c880      0x120 obj_cooja/mtype933.a(log.o)
                0x000000000021c880                all_modules
 .data          0x000000000021c9a0        0x0 obj_cooja/mtype933.a(process.o)
 .data          0x000000000021c9a0        0x0 obj_cooja/mtype933.a(rtimer.o)
 .data          0x000000000021c9a0        0x0 obj_cooja/mtype933.a(timer.o)
 .data          0x000000000021c9a0        0x0 obj_cooja/mtype933.a(serial-line.o)
 .data.rel.local
                0x000000000021c9a0       0x20 obj_cooja/mtype933.a(serial-line.o)
                0x000000000021c9a0                serial_line_process
 .data          0x000000000021c9c0        0x0 obj_cooja/mtype933.a(list.o)
 .data          0x000000000021c9c0        0x0 obj_cooja/mtype933.a(ringbuf.o)
 .data          0x000000000021c9c0        0x0 obj_cooja/mtype933.a(packetbuf.o)
 .data.rel.local
                0x000000000021c9c0        0x8 obj_cooja/mtype933.a(packetbuf.o)
 .data          0x000000000021c9c8        0x0 obj_cooja/mtype933.a(netstack.o)
 .data.rel.local
                0x000000000021c9c8        0x8 obj_cooja/mtype933.a(netstack.o)
 .data          0x000000000021c9d0        0x0 obj_cooja/mtype933.a(linkaddr.o)
 .data          0x000000000021c9d0        0x0 obj_cooja/mtype933.a(tsch.o)
 *fill*         0x000000000021c9d0       0x10 
 .data.rel.local
                0x000000000021c9e0       0x60 obj_cooja/mtype933.a(tsch.o)
                0x000000000021c9e0                tsch_process
                0x000000000021ca00                tsch_send_eb_process
                0x000000000021ca20                tsch_pending_events_process
 .data          0x000000000021ca40        0x0 obj_cooja/mtype933.a(tsch-queue.o)
 .data.rel.local
                0x000000000021ca40       0x40 obj_cooja/mtype933.a(tsch-queue.o)
 .data          0x000000000021ca80        0x0 obj_cooja/mtype933.a(tsch-schedule.o)
 .data.rel.local
                0x000000000021ca80       0x40 obj_cooja/mtype933.a(tsch-schedule.o)
 .data          0x000000000021cac0        0x4 obj_cooja/mtype933.a(tsch-slot-opera)
 .data          0x000000000021cac4        0x0 obj_cooja/mtype933.a(tsch-packet.o)
 .data          0x000000000021cac4        0x0 obj_cooja/mtype933.a(tsch-adaptive-t)
 .data          0x000000000021cac4        0x0 obj_cooja/mtype933.a(nullnet.o)
 .data          0x000000000021cac4        0x0 obj_cooja/mtype933.a(ringbufindex.o)
 .data          0x000000000021cac4        0x0 obj_cooja/mtype933.a(memb.o)
 .data          0x000000000021cac4        0x0 obj_cooja/mtype933.a(queuebuf.o)
 *fill*         0x000000000021cac4        0xc 
 .data.rel.local
                0x000000000021cad0       0x38 obj_cooja/mtype933.a(queuebuf.o)
 .data          0x000000000021cb08        0x0 obj_cooja/mtype933.a(link-stats.o)
 *fill*         0x000000000021cb08        0x8 
 .data.rel.local
                0x000000000021cb10       0x20 obj_cooja/mtype933.a(link-stats.o)
 .data          0x000000000021cb30        0x0 obj_cooja/mtype933.a(mac-sequence.o)
 .data          0x000000000021cb30        0x0 obj_cooja/mtype933.a(mac.o)
 .data          0x000000000021cb30        0x0 obj_cooja/mtype933.a(frame802154e-ie)
 .data          0x000000000021cb30        0x0 obj_cooja/mtype933.a(framer-802154.o)
 .data          0x000000000021cb30        0x2 obj_cooja/mtype933.a(frame802154.o)
 .data          0x000000000021cb32        0x0 obj_cooja/mtype933.a(nbr-table.o)
 *fill*         0x000000000021cb32        0xe 
 .data.rel.local
                0x000000000021cb40       0x20 obj_cooja/mtype933.a(nbr-table.o)
 .data          0x000000000021cb60        0x0 /usr/lib/gcc/x86_64-linux-gnu/7/crtendS.o
 .data          0x000000000021cb60        0x0 /usr/lib/gcc/x86_64-linux-gnu/7/../../../x86_64-linux-gnu/crtn.o

.tm_clone_table
                0x000000000021cb60        0x0
 .tm_clone_table
                0x000000000021cb60        0x0 /usr/lib/gcc/x86_64-linux-gnu/7/crtbeginS.o
 .tm_clone_table
                0x000000000021cb60        0x0 /usr/lib/gcc/x86_64-linux-gnu/7/crtendS.o

.data1
 *(.data1)
                0x000000000021cb60                _edata = .
                [!provide]                        PROVIDE (edata, .)
                0x000000000021cb60                . = .
                0x000000000021cb60                __bss_start = .

.bss            0x000000000021cb60     0x8de0
 *(.dynbss)
 .dynbss        0x000000000021cb60        0x0 /usr/lib/gcc/x86_64-linux-gnu/7/../../../x86_64-linux-gnu/crti.o
 *(.bss .bss.* .gnu.linkonce.b.*)
 .bss           0x000000000021cb60        0x0 /usr/lib/gcc/x86_64-linux-gnu/7/../../../x86_64-linux-gnu/crti.o
 .bss           0x000000000021cb60        0x1 /usr/lib/gcc/x86_64-linux-gnu/7/crtbeginS.o
 *fill*         0x000000000021cb61       0x1f 
 .bss           0x000000000021cb80       0x44 nullnet-unicast.o
 *fill*         0x000000000021cbc4       0x1c 
 .bss           0x000000000021cbe0     0x4040 obj_cooja/mtype933.o
 .bss           0x0000000000220c20        0x1 obj_cooja/mtype933.a(simEnvChange.o)
                0x0000000000220c20                simDontFallAsleep
 *fill*         0x0000000000220c21        0x7 
 .bss           0x0000000000220c28        0x8 obj_cooja/mtype933.a(cooja_mt.o)
 .bss           0x0000000000220c30        0x8 obj_cooja/mtype933.a(cooja_mtarch.o)
 .bss           0x0000000000220c38        0x0 obj_cooja/mtype933.a(rtimer-arch.o)
 .bss           0x0000000000220c38        0x0 obj_cooja/mtype933.a(beep.o)
 *fill*         0x0000000000220c38        0x8 
 .bss           0x0000000000220c40       0x10 obj_cooja/mtype933.a(button-sensor.o)
 .bss           0x0000000000220c50        0x0 obj_cooja/mtype933.a(leds-arch.o)
 .bss           0x0000000000220c50        0x0 obj_cooja/mtype933.a(moteid.o)
 .bss           0x0000000000220c50        0x1 obj_cooja/mtype933.a(pir-sensor.o)
                0x0000000000220c50                simPirValue
 *fill*         0x0000000000220c51        0x7 
 .bss           0x0000000000220c58        0x8 obj_cooja/mtype933.a(rs232.o)
 .bss           0x0000000000220c60        0x1 obj_cooja/mtype933.a(vib-sensor.o)
                0x0000000000220c60                simVibValue
 .bss           0x0000000000220c61        0x0 obj_cooja/mtype933.a(clock.o)
 *fill*         0x0000000000220c61       0x1f 
 .bss           0x0000000000220c80      0x420 obj_cooja/mtype933.a(cooja-log.o)
 .bss           0x00000000002210a0      0xfc0 obj_cooja/mtype933.a(cfs-cooja.o)
                0x00000000002210a0                simCFSData
                0x0000000000222040                simCFSSize
                0x0000000000222044                simCFSChanged
                0x0000000000222048                simCFSRead
                0x000000000022204c                simCFSWritten
 .bss           0x0000000000222060       0x44 obj_cooja/mtype933.a(cooja-radio.o)
                0x0000000000222060                simReceiving
                0x0000000000222064                simInSize
                0x0000000000222068                simLastPacketTimestamp
                0x0000000000222070                simOutSize
                0x0000000000222074                simReceivingDummy
                0x0000000000222078                simInSizeDummy
                0x0000000000222080                simLastPacketTimestampDummy
                0x0000000000222088                simOutSizeDummy
 .bss           0x00000000002220a4        0xc obj_cooja/mtype933.a(eeprom.o)
                0x00000000002220a4                simEEPROMChanged
                0x00000000002220a8                simEEPROMRead
                0x00000000002220ac                simEEPROMWritten
 .bss           0x00000000002220b0        0x0 obj_cooja/mtype933.a(random.o)
 .bss           0x00000000002220b0        0xc obj_cooja/mtype933.a(sensors.o)
 *fill*         0x00000000002220bc        0x4 
 .bss           0x00000000002220c0        0x9 obj_cooja/mtype933.a(ctimer.o)
 .bss           0x00000000002220c9        0x0 obj_cooja/mtype933.a(autostart.o)
 *fill*         0x00000000002220c9        0x7 
 .bss           0x00000000002220d0       0x10 obj_cooja/mtype933.a(etimer.o)
 .bss           0x00000000002220e0       0x28 obj_cooja/mtype933.a(log.o)
                0x00000000002220e0                curr_log_level_rpl
                0x00000000002220e4                curr_log_level_tcpip
                0x00000000002220e8                curr_log_level_ipv6
                0x00000000002220ec                curr_log_level_6lowpan
                0x00000000002220f0                curr_log_level_nullnet
                0x00000000002220f4                curr_log_level_mac
                0x00000000002220f8                curr_log_level_framer
                0x00000000002220fc                curr_log_level_6top
                0x0000000000222100                curr_log_level_coap
                0x0000000000222104                curr_log_level_lwm2m
 *fill*         0x0000000000222108       0x18 
 .bss           0x0000000000222120      0x321 obj_cooja/mtype933.a(process.o)
                0x0000000000222120                process_list
                0x0000000000222128                process_current
 *fill*         0x0000000000222441        0x7 
 .bss           0x0000000000222448        0x8 obj_cooja/mtype933.a(rtimer.o)
 .bss           0x0000000000222450        0x0 obj_cooja/mtype933.a(timer.o)
 *fill*         0x0000000000222450       0x10 
 .bss           0x0000000000222460      0x140 obj_cooja/mtype933.a(serial-line.o)
 .bss           0x00000000002225a0        0x0 obj_cooja/mtype933.a(list.o)
 .bss           0x00000000002225a0        0x0 obj_cooja/mtype933.a(ringbuf.o)
 .bss           0x00000000002225a0       0xa0 obj_cooja/mtype933.a(packetbuf.o)
 .bss           0x0000000000222640        0x8 obj_cooja/mtype933.a(netstack.o)
 .bss           0x0000000000222648        0x0 obj_cooja/mtype933.a(linkaddr.o)
 *fill*         0x0000000000222648       0x18 
 .bss           0x0000000000222660      0x180 obj_cooja/mtype933.a(tsch.o)
                0x0000000000222660                tsch_is_started
                0x0000000000222664                tsch_is_initialized
                0x0000000000222668                tsch_is_coordinator
                0x000000000022266c                tsch_is_associated
                0x0000000000222670                tsch_association_count
                0x0000000000222674                tsch_is_pan_secured
 .bss           0x00000000002227e0      0x808 obj_cooja/mtype933.a(tsch-queue.o)
 *fill*         0x0000000000222fe8       0x18 
 .bss           0x0000000000223000      0x5cc obj_cooja/mtype933.a(tsch-schedule.o)
 *fill*         0x00000000002235cc       0x14 
 .bss           0x00000000002235e0      0x1c8 obj_cooja/mtype933.a(tsch-slot-opera)
                0x00000000002235e0                last_timesource_neighbor
                0x00000000002235e8                current_link
 *fill*         0x00000000002237a8        0x8 
 .bss           0x00000000002237b0       0x1a obj_cooja/mtype933.a(tsch-packet.o)
 *fill*         0x00000000002237ca       0x16 
 .bss           0x00000000002237e0       0x4c obj_cooja/mtype933.a(tsch-adaptive-t)
 *fill*         0x000000000022382c        0x4 
 .bss           0x0000000000223830        0x8 obj_cooja/mtype933.a(nullnet.o)
 .bss           0x0000000000223838        0x0 obj_cooja/mtype933.a(ringbufindex.o)
 .bss           0x0000000000223838        0x0 obj_cooja/mtype933.a(memb.o)
 *fill*         0x0000000000223838        0x8 
 .bss           0x0000000000223840      0x5e0 obj_cooja/mtype933.a(queuebuf.o)
 .bss           0x0000000000223e20      0x100 obj_cooja/mtype933.a(link-stats.o)
 .bss           0x0000000000223f20      0x180 obj_cooja/mtype933.a(mac-sequence.o)
 .bss           0x00000000002240a0        0x0 obj_cooja/mtype933.a(mac.o)
 .bss           0x00000000002240a0        0x0 obj_cooja/mtype933.a(frame802154e-ie)
 .bss           0x00000000002240a0        0x2 obj_cooja/mtype933.a(framer-802154.o)
 .bss           0x00000000002240a2        0x0 obj_cooja/mtype933.a(frame802154.o)
 *fill*         0x00000000002240a2       0x1e 
 .bss           0x00000000002240c0      0x188 obj_cooja/mtype933.a(nbr-table.o)
 .bss           0x0000000000224248        0x0 /usr/lib/gcc/x86_64-linux-gnu/7/crtendS.o
 .bss           0x0000000000224248        0x0 /usr/lib/gcc/x86_64-linux-gnu/7/../../../x86_64-linux-gnu/crtn.o
 *(COMMON)
 COMMON         0x0000000000224248        0xc obj_cooja/mtype933.o
                0x0000000000224248                referenceVar
                0x0000000000224250                sensors_flags
 *fill*         0x0000000000224254        0x4 
 COMMON         0x0000000000224258       0x10 obj_cooja/mtype933.a(simEnvChange.o)
                0x0000000000224258                simEtimerPending
                0x000000000022425c                simProcessRunValue
                0x0000000000224260                simEtimerNextExpirationTime
 COMMON         0x0000000000224268       0x18 obj_cooja/mtype933.a(rtimer-arch.o)
                0x0000000000224268                simRtimerPending
                0x0000000000224270                simRtimerCurrentTicks
                0x0000000000224278                simRtimerNextExpirationTime
 COMMON         0x0000000000224280        0x1 obj_cooja/mtype933.a(beep.o)
                0x0000000000224280                simBeeped
 COMMON         0x0000000000224281        0x3 obj_cooja/mtype933.a(button-sensor.o)
                0x0000000000224281                simButtonIsActive
                0x0000000000224282                simButtonIsDown
                0x0000000000224283                simButtonChanged
 COMMON         0x0000000000224284        0x1 obj_cooja/mtype933.a(leds-arch.o)
                0x0000000000224284                simLedsValue
 *fill*         0x0000000000224285        0x3 
 COMMON         0x0000000000224288        0xc obj_cooja/mtype933.a(moteid.o)
                0x0000000000224288                simRandomSeed
                0x000000000022428c                simMoteIDChanged
                0x0000000000224290                simMoteID
 COMMON         0x0000000000224294        0x2 obj_cooja/mtype933.a(pir-sensor.o)
                0x0000000000224294                simPirIsActive
                0x0000000000224295                simPirChanged
 *fill*         0x0000000000224296        0xa 
 COMMON         0x00000000002242a0      0x820 obj_cooja/mtype933.a(rs232.o)
                0x00000000002242a0                simSerialReceivingFlag
                0x00000000002242a4                simSerialReceivingLength
                0x00000000002242c0                simSerialReceivingData
 COMMON         0x0000000000224ac0        0x2 obj_cooja/mtype933.a(vib-sensor.o)
                0x0000000000224ac0                simVibChanged
                0x0000000000224ac1                simVibIsActive
 *fill*         0x0000000000224ac2        0x6 
 COMMON         0x0000000000224ac8        0x8 obj_cooja/mtype933.a(clock.o)
                0x0000000000224ac8                simCurrentTime
 *fill*         0x0000000000224ad0       0x10 
 COMMON         0x0000000000224ae0      0x420 obj_cooja/mtype933.a(cooja-log.o)
                0x0000000000224ae0                simLoggedLength
                0x0000000000224ae4                simLoggedFlag
                0x0000000000224b00                simLoggedData
 COMMON         0x0000000000224f00      0x200 obj_cooja/mtype933.a(cooja-radio.o)
                0x0000000000224f00                simOutDataBuffer
                0x0000000000224f80                simInDataBuffer
                0x0000000000225000                simInDataBufferDummy
                0x0000000000225080                simOutDataBufferDummy
 COMMON         0x0000000000225100      0x400 obj_cooja/mtype933.a(eeprom.o)
                0x0000000000225100                simEEPROMData
 COMMON         0x0000000000225500        0x1 obj_cooja/mtype933.a(sensors.o)
                0x0000000000225500                sensors_event
 COMMON         0x0000000000225501        0x1 obj_cooja/mtype933.a(serial-line.o)
                0x0000000000225501                serial_line_event_message
 *fill*         0x0000000000225502        0xe 
 COMMON         0x0000000000225510       0x30 obj_cooja/mtype933.a(packetbuf.o)
                0x0000000000225510                packetbuf_attrs
                0x0000000000225530                packetbuf_addrs
 COMMON         0x0000000000225540        0x8 obj_cooja/mtype933.a(linkaddr.o)
                0x0000000000225540                linkaddr_node_addr
 *fill*         0x0000000000225548       0x18 
 COMMON         0x0000000000225560       0x9c obj_cooja/mtype933.a(tsch.o)
                0x0000000000225560                tsch_hopping_sequence
                0x0000000000225570                tsch_current_asn
                0x0000000000225578                rx_count
                0x0000000000225580                tsch_timing
                0x00000000002255e0                sync_count
                0x00000000002255e8                tsch_join_priority
                0x00000000002255f0                tx_count
                0x00000000002255f8                tsch_hopping_sequence_length
 *fill*         0x00000000002255fc        0x4 
 COMMON         0x0000000000225600       0x10 obj_cooja/mtype933.a(tsch-queue.o)
                0x0000000000225600                n_eb
                0x0000000000225608                n_broadcast
 *fill*         0x0000000000225610       0x10 
 COMMON         0x0000000000225620      0x2c0 obj_cooja/mtype933.a(tsch-slot-opera)
                0x0000000000225620                input_ringbuf
                0x0000000000225640                dequeued_array
                0x0000000000225680                dequeued_ringbuf
                0x0000000000225688                last_sync_time
                0x00000000002256a0                input_array
 COMMON         0x00000000002258e0       0x10 obj_cooja/mtype933.a(nullnet.o)
                0x00000000002258e0                nullnet_len
                0x00000000002258e8                nullnet_buf
 *fill*         0x00000000002258f0       0x10 
 COMMON         0x0000000000225900       0x40 obj_cooja/mtype933.a(link-stats.o)
                0x0000000000225900                periodic_timer
                0x0000000000225940                . = ALIGN ((. != 0x0)?0x8:0x1)

.lbss
 *(.dynlbss)
 *(.lbss .lbss.* .gnu.linkonce.lb.*)
 *(LARGE_COMMON)
                0x0000000000225940                . = ALIGN (0x8)
                0x0000000000225940                . = SEGMENT_START ("ldata-segment", .)

.lrodata
 *(.lrodata .lrodata.* .gnu.linkonce.lr.*)

.ldata          0x0000000000625940        0x0
 *(.ldata .ldata.* .gnu.linkonce.l.*)
                0x0000000000625940                . = ALIGN ((. != 0x0)?0x8:0x1)
                0x0000000000625940                . = ALIGN (0x8)
                0x0000000000625940                _end = .
                [!provide]                        PROVIDE (end, .)
                0x0000000000625940                . = DATA_SEGMENT_END (.)

.stab
 *(.stab)

.stabstr
 *(.stabstr)

.stab.excl
 *(.stab.excl)

.stab.exclstr
 *(.stab.exclstr)

.stab.index
 *(.stab.index)

.stab.indexstr
 *(.stab.indexstr)

.comment        0x0000000000000000       0x25
 *(.comment)
 .comment       0x0000000000000000       0x25 /usr/lib/gcc/x86_64-linux-gnu/7/crtbeginS.o
                                         0x26 (size before relaxing)
 .comment       0x0000000000000025       0x26 nullnet-unicast.o
 .comment       0x0000000000000025       0x26 obj_cooja/mtype933.o
 .comment       0x0000000000000025       0x26 obj_cooja/mtype933.a(simEnvChange.o)
 .comment       0x0000000000000025       0x26 obj_cooja/mtype933.a(cooja_mt.o)
 .comment       0x0000000000000025       0x26 obj_cooja/mtype933.a(cooja_mtarch.o)
 .comment       0x0000000000000025       0x26 obj_cooja/mtype933.a(rtimer-arch.o)
 .comment       0x0000000000000025       0x26 obj_cooja/mtype933.a(beep.o)
 .comment       0x0000000000000025       0x26 obj_cooja/mtype933.a(button-sensor.o)
 .comment       0x0000000000000025       0x26 obj_cooja/mtype933.a(leds-arch.o)
 .comment       0x0000000000000025       0x26 obj_cooja/mtype933.a(moteid.o)
 .comment       0x0000000000000025       0x26 obj_cooja/mtype933.a(pir-sensor.o)
 .comment       0x0000000000000025       0x26 obj_cooja/mtype933.a(rs232.o)
 .comment       0x0000000000000025       0x26 obj_cooja/mtype933.a(vib-sensor.o)
 .comment       0x0000000000000025       0x26 obj_cooja/mtype933.a(clock.o)
 .comment       0x0000000000000025       0x26 obj_cooja/mtype933.a(cooja-log.o)
 .comment       0x0000000000000025       0x26 obj_cooja/mtype933.a(cfs-cooja.o)
 .comment       0x0000000000000025       0x26 obj_cooja/mtype933.a(cooja-radio.o)
 .comment       0x0000000000000025       0x26 obj_cooja/mtype933.a(eeprom.o)
 .comment       0x0000000000000025       0x26 obj_cooja/mtype933.a(random.o)
 .comment       0x0000000000000025       0x26 obj_cooja/mtype933.a(sensors.o)
 .comment       0x0000000000000025       0x26 obj_cooja/mtype933.a(ctimer.o)
 .comment       0x0000000000000025       0x26 obj_cooja/mtype933.a(autostart.o)
 .comment       0x0000000000000025       0x26 obj_cooja/mtype933.a(etimer.o)
 .comment       0x0000000000000025       0x26 obj_cooja/mtype933.a(log.o)
 .comment       0x0000000000000025       0x26 obj_cooja/mtype933.a(process.o)
 .comment       0x0000000000000025       0x26 obj_cooja/mtype933.a(rtimer.o)
 .comment       0x0000000000000025       0x26 obj_cooja/mtype933.a(timer.o)
 .comment       0x0000000000000025       0x26 obj_cooja/mtype933.a(serial-line.o)
 .comment       0x0000000000000025       0x26 obj_cooja/mtype933.a(list.o)
 .comment       0x0000000000000025       0x26 obj_cooja/mtype933.a(ringbuf.o)
 .comment       0x0000000000000025       0x26 obj_cooja/mtype933.a(packetbuf.o)
 .comment       0x0000000000000025       0x26 obj_cooja/mtype933.a(netstack.o)
 .comment       0x0000000000000025       0x26 obj_cooja/mtype933.a(linkaddr.o)
 .comment       0x0000000000000025       0x26 obj_cooja/mtype933.a(tsch.o)
 .comment       0x0000000000000025       0x26 obj_cooja/mtype933.a(tsch-queue.o)
 .comment       0x0000000000000025       0x26 obj_cooja/mtype933.a(tsch-schedule.o)
 .comment       0x0000000000000025       0x26 obj_cooja/mtype933.a(tsch-slot-opera)
 .comment       0x0000000000000025       0x26 obj_cooja/mtype933.a(tsch-packet.o)
 .comment       0x0000000000000025       0x26 obj_cooja/mtype933.a(tsch-adaptive-t)
 .comment       0x0000000000000025       0x26 obj_cooja/mtype933.a(nullnet.o)
 .comment       0x0000000000000025       0x26 obj_cooja/mtype933.a(ringbufindex.o)
 .comment       0x0000000000000025       0x26 obj_cooja/mtype933.a(memb.o)
 .comment       0x0000000000000025       0x26 obj_cooja/mtype933.a(queuebuf.o)
 .comment       0x0000000000000025       0x26 obj_cooja/mtype933.a(link-stats.o)
 .comment       0x0000000000000025       0x26 obj_cooja/mtype933.a(mac-sequence.o)
 .comment       0x0000000000000025       0x26 obj_cooja/mtype933.a(mac.o)
 .comment       0x0000000000000025       0x26 obj_cooja/mtype933.a(frame802154e-ie)
 .comment       0x0000000000000025       0x26 obj_cooja/mtype933.a(framer-802154.o)
 .comment       0x0000000000000025       0x26 obj_cooja/mtype933.a(frame802154.o)
 .comment       0x0000000000000025       0x26 obj_cooja/mtype933.a(nbr-table.o)
 .comment       0x0000000000000025       0x26 /usr/lib/gcc/x86_64-linux-gnu/7/crtendS.o

.debug
 *(.debug)

.line
 *(.line)

.debug_srcinfo
 *(.debug_srcinfo)

.debug_sfnames
 *(.debug_sfnames)

.debug_aranges  0x0000000000000000      0x960
 *(.debug_aranges)
 .debug_aranges
                0x0000000000000000       0x30 nullnet-unicast.o
 .debug_aranges
                0x0000000000000030       0x30 obj_cooja/mtype933.o
 .debug_aranges
                0x0000000000000060       0x30 obj_cooja/mtype933.a(simEnvChange.o)
 .debug_aranges
                0x0000000000000090       0x30 obj_cooja/mtype933.a(cooja_mt.o)
 .debug_aranges
                0x00000000000000c0       0x30 obj_cooja/mtype933.a(cooja_mtarch.o)
 .debug_aranges
                0x00000000000000f0       0x30 obj_cooja/mtype933.a(rtimer-arch.o)
 .debug_aranges
                0x0000000000000120       0x30 obj_cooja/mtype933.a(beep.o)
 .debug_aranges
                0x0000000000000150       0x30 obj_cooja/mtype933.a(button-sensor.o)
 .debug_aranges
                0x0000000000000180       0x30 obj_cooja/mtype933.a(leds-arch.o)
 .debug_aranges
                0x00000000000001b0       0x30 obj_cooja/mtype933.a(moteid.o)
 .debug_aranges
                0x00000000000001e0       0x30 obj_cooja/mtype933.a(pir-sensor.o)
 .debug_aranges
                0x0000000000000210       0x30 obj_cooja/mtype933.a(rs232.o)
 .debug_aranges
                0x0000000000000240       0x30 obj_cooja/mtype933.a(vib-sensor.o)
 .debug_aranges
                0x0000000000000270       0x30 obj_cooja/mtype933.a(clock.o)
 .debug_aranges
                0x00000000000002a0       0x30 obj_cooja/mtype933.a(cooja-log.o)
 .debug_aranges
                0x00000000000002d0       0x30 obj_cooja/mtype933.a(cfs-cooja.o)
 .debug_aranges
                0x0000000000000300       0x30 obj_cooja/mtype933.a(cooja-radio.o)
 .debug_aranges
                0x0000000000000330       0x30 obj_cooja/mtype933.a(eeprom.o)
 .debug_aranges
                0x0000000000000360       0x30 obj_cooja/mtype933.a(random.o)
 .debug_aranges
                0x0000000000000390       0x30 obj_cooja/mtype933.a(sensors.o)
 .debug_aranges
                0x00000000000003c0       0x30 obj_cooja/mtype933.a(ctimer.o)
 .debug_aranges
                0x00000000000003f0       0x30 obj_cooja/mtype933.a(autostart.o)
 .debug_aranges
                0x0000000000000420       0x30 obj_cooja/mtype933.a(etimer.o)
 .debug_aranges
                0x0000000000000450       0x30 obj_cooja/mtype933.a(log.o)
 .debug_aranges
                0x0000000000000480       0x30 obj_cooja/mtype933.a(process.o)
 .debug_aranges
                0x00000000000004b0       0x30 obj_cooja/mtype933.a(rtimer.o)
 .debug_aranges
                0x00000000000004e0       0x30 obj_cooja/mtype933.a(timer.o)
 .debug_aranges
                0x0000000000000510       0x30 obj_cooja/mtype933.a(serial-line.o)
 .debug_aranges
                0x0000000000000540       0x30 obj_cooja/mtype933.a(list.o)
 .debug_aranges
                0x0000000000000570       0x30 obj_cooja/mtype933.a(ringbuf.o)
 .debug_aranges
                0x00000000000005a0       0x30 obj_cooja/mtype933.a(packetbuf.o)
 .debug_aranges
                0x00000000000005d0       0x30 obj_cooja/mtype933.a(netstack.o)
 .debug_aranges
                0x0000000000000600       0x30 obj_cooja/mtype933.a(linkaddr.o)
 .debug_aranges
                0x0000000000000630       0x30 obj_cooja/mtype933.a(tsch.o)
 .debug_aranges
                0x0000000000000660       0x30 obj_cooja/mtype933.a(tsch-queue.o)
 .debug_aranges
                0x0000000000000690       0x30 obj_cooja/mtype933.a(tsch-schedule.o)
 .debug_aranges
                0x00000000000006c0       0x30 obj_cooja/mtype933.a(tsch-slot-opera)
 .debug_aranges
                0x00000000000006f0       0x30 obj_cooja/mtype933.a(tsch-packet.o)
 .debug_aranges
                0x0000000000000720       0x30 obj_cooja/mtype933.a(tsch-adaptive-t)
 .debug_aranges
                0x0000000000000750       0x30 obj_cooja/mtype933.a(nullnet.o)
 .debug_aranges
                0x0000000000000780       0x30 obj_cooja/mtype933.a(ringbufindex.o)
 .debug_aranges
                0x00000000000007b0       0x30 obj_cooja/mtype933.a(memb.o)
 .debug_aranges
                0x00000000000007e0       0x30 obj_cooja/mtype933.a(queuebuf.o)
 .debug_aranges
                0x0000000000000810       0x30 obj_cooja/mtype933.a(link-stats.o)
 .debug_aranges
                0x0000000000000840       0x30 obj_cooja/mtype933.a(mac-sequence.o)
 .debug_aranges
                0x0000000000000870       0x30 obj_cooja/mtype933.a(mac.o)
 .debug_aranges
                0x00000000000008a0       0x30 obj_cooja/mtype933.a(frame802154e-ie)
 .debug_aranges
                0x00000000000008d0       0x30 obj_cooja/mtype933.a(framer-802154.o)
 .debug_aranges
                0x0000000000000900       0x30 obj_cooja/mtype933.a(frame802154.o)
 .debug_aranges
                0x0000000000000930       0x30 obj_cooja/mtype933.a(nbr-table.o)

.debug_pubnames
 *(.debug_pubnames)

.debug_info     0x0000000000000000    0x21968
 *(.debug_info .gnu.linkonce.wi.*)
 .debug_info    0x0000000000000000      0xff0 nullnet-unicast.o
 .debug_info    0x0000000000000ff0     0x4117 obj_cooja/mtype933.o
 .debug_info    0x0000000000005107      0x521 obj_cooja/mtype933.a(simEnvChange.o)
 .debug_info    0x0000000000005628      0x2b0 obj_cooja/mtype933.a(cooja_mt.o)
 .debug_info    0x00000000000058d8      0x5bf obj_cooja/mtype933.a(cooja_mtarch.o)
 .debug_info    0x0000000000005e97      0x34b obj_cooja/mtype933.a(rtimer-arch.o)
 .debug_info    0x00000000000061e2      0x38e obj_cooja/mtype933.a(beep.o)
 .debug_info    0x0000000000006570      0x3ee obj_cooja/mtype933.a(button-sensor.o)
 .debug_info    0x000000000000695e      0x2ac obj_cooja/mtype933.a(leds-arch.o)
 .debug_info    0x0000000000006c0a      0x27b obj_cooja/mtype933.a(moteid.o)
 .debug_info    0x0000000000006e85      0x3b5 obj_cooja/mtype933.a(pir-sensor.o)
 .debug_info    0x000000000000723a      0x65e obj_cooja/mtype933.a(rs232.o)
 .debug_info    0x0000000000007898      0x3b5 obj_cooja/mtype933.a(vib-sensor.o)
 .debug_info    0x0000000000007c4d      0x2c5 obj_cooja/mtype933.a(clock.o)
 .debug_info    0x0000000000007f12      0x726 obj_cooja/mtype933.a(cooja-log.o)
 .debug_info    0x0000000000008638      0x7f8 obj_cooja/mtype933.a(cfs-cooja.o)
 .debug_info    0x0000000000008e30     0x1535 obj_cooja/mtype933.a(cooja-radio.o)
 .debug_info    0x000000000000a365      0x354 obj_cooja/mtype933.a(eeprom.o)
 .debug_info    0x000000000000a6b9      0x1ce obj_cooja/mtype933.a(random.o)
 .debug_info    0x000000000000a887      0x3f9 obj_cooja/mtype933.a(sensors.o)
 .debug_info    0x000000000000ac80      0x513 obj_cooja/mtype933.a(ctimer.o)
 .debug_info    0x000000000000b193      0x1ed obj_cooja/mtype933.a(autostart.o)
 .debug_info    0x000000000000b380      0x552 obj_cooja/mtype933.a(etimer.o)
 .debug_info    0x000000000000b8d2      0xac3 obj_cooja/mtype933.a(log.o)
 .debug_info    0x000000000000c395      0x7e8 obj_cooja/mtype933.a(process.o)
 .debug_info    0x000000000000cb7d      0x2e9 obj_cooja/mtype933.a(rtimer.o)
 .debug_info    0x000000000000ce66      0x2a3 obj_cooja/mtype933.a(timer.o)
 .debug_info    0x000000000000d109      0x355 obj_cooja/mtype933.a(serial-line.o)
 .debug_info    0x000000000000d45e      0x499 obj_cooja/mtype933.a(list.o)
 .debug_info    0x000000000000d8f7      0x2ec obj_cooja/mtype933.a(ringbuf.o)
 .debug_info    0x000000000000dbe3     0x11c3 obj_cooja/mtype933.a(packetbuf.o)
 .debug_info    0x000000000000eda6      0x704 obj_cooja/mtype933.a(netstack.o)
 .debug_info    0x000000000000f4aa      0x2c1 obj_cooja/mtype933.a(linkaddr.o)
 .debug_info    0x000000000000f76b     0x253d obj_cooja/mtype933.a(tsch.o)
 .debug_info    0x0000000000011ca8     0x1651 obj_cooja/mtype933.a(tsch-queue.o)
 .debug_info    0x00000000000132f9     0x17c4 obj_cooja/mtype933.a(tsch-schedule.o)
 .debug_info    0x0000000000014abd     0x207a obj_cooja/mtype933.a(tsch-slot-opera)
 .debug_info    0x0000000000016b37     0x190f obj_cooja/mtype933.a(tsch-packet.o)
 .debug_info    0x0000000000018446      0xe8f obj_cooja/mtype933.a(tsch-adaptive-t)
 .debug_info    0x00000000000192d5      0xd91 obj_cooja/mtype933.a(nullnet.o)
 .debug_info    0x000000000001a066      0x385 obj_cooja/mtype933.a(ringbufindex.o)
 .debug_info    0x000000000001a3eb      0x2fe obj_cooja/mtype933.a(memb.o)
 .debug_info    0x000000000001a6e9     0x11c7 obj_cooja/mtype933.a(queuebuf.o)
 .debug_info    0x000000000001b8b0     0x1039 obj_cooja/mtype933.a(link-stats.o)
 .debug_info    0x000000000001c8e9      0xdf6 obj_cooja/mtype933.a(mac-sequence.o)
 .debug_info    0x000000000001d6df      0x5c4 obj_cooja/mtype933.a(mac.o)
 .debug_info    0x000000000001dca3     0x1531 obj_cooja/mtype933.a(frame802154e-ie)
 .debug_info    0x000000000001f1d4      0xcd9 obj_cooja/mtype933.a(framer-802154.o)
 .debug_info    0x000000000001fead      0xbe3 obj_cooja/mtype933.a(frame802154.o)
 .debug_info    0x0000000000020a90      0xed8 obj_cooja/mtype933.a(nbr-table.o)

.debug_abbrev   0x0000000000000000     0x6556
 *(.debug_abbrev)
 .debug_abbrev  0x0000000000000000      0x240 nullnet-unicast.o
 .debug_abbrev  0x0000000000000240      0x2cb obj_cooja/mtype933.o
 .debug_abbrev  0x000000000000050b      0x167 obj_cooja/mtype933.a(simEnvChange.o)
 .debug_abbrev  0x0000000000000672      0x173 obj_cooja/mtype933.a(cooja_mt.o)
 .debug_abbrev  0x00000000000007e5      0x1bd obj_cooja/mtype933.a(cooja_mtarch.o)
 .debug_abbrev  0x00000000000009a2      0x18f obj_cooja/mtype933.a(rtimer-arch.o)
 .debug_abbrev  0x0000000000000b31      0x18f obj_cooja/mtype933.a(beep.o)
 .debug_abbrev  0x0000000000000cc0      0x1c1 obj_cooja/mtype933.a(button-sensor.o)
 .debug_abbrev  0x0000000000000e81      0x182 obj_cooja/mtype933.a(leds-arch.o)
 .debug_abbrev  0x0000000000001003      0x14a obj_cooja/mtype933.a(moteid.o)
 .debug_abbrev  0x000000000000114d      0x19a obj_cooja/mtype933.a(pir-sensor.o)
 .debug_abbrev  0x00000000000012e7      0x1ed obj_cooja/mtype933.a(rs232.o)
 .debug_abbrev  0x00000000000014d4      0x19a obj_cooja/mtype933.a(vib-sensor.o)
 .debug_abbrev  0x000000000000166e      0x18f obj_cooja/mtype933.a(clock.o)
 .debug_abbrev  0x00000000000017fd      0x1ff obj_cooja/mtype933.a(cooja-log.o)
 .debug_abbrev  0x00000000000019fc      0x1eb obj_cooja/mtype933.a(cfs-cooja.o)
 .debug_abbrev  0x0000000000001be7      0x354 obj_cooja/mtype933.a(cooja-radio.o)
 .debug_abbrev  0x0000000000001f3b      0x180 obj_cooja/mtype933.a(eeprom.o)
 .debug_abbrev  0x00000000000020bb      0x11c obj_cooja/mtype933.a(random.o)
 .debug_abbrev  0x00000000000021d7      0x1cd obj_cooja/mtype933.a(sensors.o)
 .debug_abbrev  0x00000000000023a4      0x1be obj_cooja/mtype933.a(ctimer.o)
 .debug_abbrev  0x0000000000002562      0x12b obj_cooja/mtype933.a(autostart.o)
 .debug_abbrev  0x000000000000268d      0x229 obj_cooja/mtype933.a(etimer.o)
 .debug_abbrev  0x00000000000028b6      0x21c obj_cooja/mtype933.a(log.o)
 .debug_abbrev  0x0000000000002ad2      0x27b obj_cooja/mtype933.a(process.o)
 .debug_abbrev  0x0000000000002d4d      0x1a6 obj_cooja/mtype933.a(rtimer.o)
 .debug_abbrev  0x0000000000002ef3      0x18e obj_cooja/mtype933.a(timer.o)
 .debug_abbrev  0x0000000000003081      0x1a7 obj_cooja/mtype933.a(serial-line.o)
 .debug_abbrev  0x0000000000003228      0x1e2 obj_cooja/mtype933.a(list.o)
 .debug_abbrev  0x000000000000340a      0x15a obj_cooja/mtype933.a(ringbuf.o)
 .debug_abbrev  0x0000000000003564      0x2ac obj_cooja/mtype933.a(packetbuf.o)
 .debug_abbrev  0x0000000000003810      0x1f8 obj_cooja/mtype933.a(netstack.o)
 .debug_abbrev  0x0000000000003a08      0x177 obj_cooja/mtype933.a(linkaddr.o)
 .debug_abbrev  0x0000000000003b7f      0x3a6 obj_cooja/mtype933.a(tsch.o)
 .debug_abbrev  0x0000000000003f25      0x32f obj_cooja/mtype933.a(tsch-queue.o)
 .debug_abbrev  0x0000000000004254      0x2c1 obj_cooja/mtype933.a(tsch-schedule.o)
 .debug_abbrev  0x0000000000004515      0x328 obj_cooja/mtype933.a(tsch-slot-opera)
 .debug_abbrev  0x000000000000483d      0x2b4 obj_cooja/mtype933.a(tsch-packet.o)
 .debug_abbrev  0x0000000000004af1      0x28c obj_cooja/mtype933.a(tsch-adaptive-t)
 .debug_abbrev  0x0000000000004d7d      0x232 obj_cooja/mtype933.a(nullnet.o)
 .debug_abbrev  0x0000000000004faf      0x176 obj_cooja/mtype933.a(ringbufindex.o)
 .debug_abbrev  0x0000000000005125      0x15a obj_cooja/mtype933.a(memb.o)
 .debug_abbrev  0x000000000000527f      0x293 obj_cooja/mtype933.a(queuebuf.o)
 .debug_abbrev  0x0000000000005512      0x299 obj_cooja/mtype933.a(link-stats.o)
 .debug_abbrev  0x00000000000057ab      0x1f9 obj_cooja/mtype933.a(mac-sequence.o)
 .debug_abbrev  0x00000000000059a4      0x16f obj_cooja/mtype933.a(mac.o)
 .debug_abbrev  0x0000000000005b13      0x2cc obj_cooja/mtype933.a(frame802154e-ie)
 .debug_abbrev  0x0000000000005ddf      0x22e obj_cooja/mtype933.a(framer-802154.o)
 .debug_abbrev  0x000000000000600d      0x2cc obj_cooja/mtype933.a(frame802154.o)
 .debug_abbrev  0x00000000000062d9      0x27d obj_cooja/mtype933.a(nbr-table.o)

.debug_line     0x0000000000000000     0x7292
 *(.debug_line .debug_line.* .debug_line_end)
 .debug_line    0x0000000000000000      0x31d nullnet-unicast.o
 .debug_line    0x000000000000031d      0x4ca obj_cooja/mtype933.o
 .debug_line    0x00000000000007e7      0x1cd obj_cooja/mtype933.a(simEnvChange.o)
 .debug_line    0x00000000000009b4       0xf8 obj_cooja/mtype933.a(cooja_mt.o)
 .debug_line    0x0000000000000aac      0x1a6 obj_cooja/mtype933.a(cooja_mtarch.o)
 .debug_line    0x0000000000000c52      0x18a obj_cooja/mtype933.a(rtimer-arch.o)
 .debug_line    0x0000000000000ddc      0x122 obj_cooja/mtype933.a(beep.o)
 .debug_line    0x0000000000000efe      0x1b0 obj_cooja/mtype933.a(button-sensor.o)
 .debug_line    0x00000000000010ae      0x116 obj_cooja/mtype933.a(leds-arch.o)
 .debug_line    0x00000000000011c4      0x139 obj_cooja/mtype933.a(moteid.o)
 .debug_line    0x00000000000012fd      0x174 obj_cooja/mtype933.a(pir-sensor.o)
 .debug_line    0x0000000000001471      0x21c obj_cooja/mtype933.a(rs232.o)
 .debug_line    0x000000000000168d      0x174 obj_cooja/mtype933.a(vib-sensor.o)
 .debug_line    0x0000000000001801      0x114 obj_cooja/mtype933.a(clock.o)
 .debug_line    0x0000000000001915      0x20e obj_cooja/mtype933.a(cooja-log.o)
 .debug_line    0x0000000000001b23      0x22f obj_cooja/mtype933.a(cfs-cooja.o)
 .debug_line    0x0000000000001d52      0x3e9 obj_cooja/mtype933.a(cooja-radio.o)
 .debug_line    0x000000000000213b      0x146 obj_cooja/mtype933.a(eeprom.o)
 .debug_line    0x0000000000002281       0x9a obj_cooja/mtype933.a(random.o)
 .debug_line    0x000000000000231b      0x145 obj_cooja/mtype933.a(sensors.o)
 .debug_line    0x0000000000002460      0x183 obj_cooja/mtype933.a(ctimer.o)
 .debug_line    0x00000000000025e3       0xb7 obj_cooja/mtype933.a(autostart.o)
 .debug_line    0x000000000000269a      0x1b9 obj_cooja/mtype933.a(etimer.o)
 .debug_line    0x0000000000002853      0x1e4 obj_cooja/mtype933.a(log.o)
 .debug_line    0x0000000000002a37      0x242 obj_cooja/mtype933.a(process.o)
 .debug_line    0x0000000000002c79      0x120 obj_cooja/mtype933.a(rtimer.o)
 .debug_line    0x0000000000002d99       0xdd obj_cooja/mtype933.a(timer.o)
 .debug_line    0x0000000000002e76      0x168 obj_cooja/mtype933.a(serial-line.o)
 .debug_line    0x0000000000002fde      0x150 obj_cooja/mtype933.a(list.o)
 .debug_line    0x000000000000312e      0x10f obj_cooja/mtype933.a(ringbuf.o)
 .debug_line    0x000000000000323d      0x2dd obj_cooja/mtype933.a(packetbuf.o)
 .debug_line    0x000000000000351a      0x1bb obj_cooja/mtype933.a(netstack.o)
 .debug_line    0x00000000000036d5       0xef obj_cooja/mtype933.a(linkaddr.o)
 .debug_line    0x00000000000037c4      0x703 obj_cooja/mtype933.a(tsch.o)
 .debug_line    0x0000000000003ec7      0x452 obj_cooja/mtype933.a(tsch-queue.o)
 .debug_line    0x0000000000004319      0x4a2 obj_cooja/mtype933.a(tsch-schedule.o)
 .debug_line    0x00000000000047bb      0x741 obj_cooja/mtype933.a(tsch-slot-opera)
 .debug_line    0x0000000000004efc      0x457 obj_cooja/mtype933.a(tsch-packet.o)
 .debug_line    0x0000000000005353      0x2ed obj_cooja/mtype933.a(tsch-adaptive-t)
 .debug_line    0x0000000000005640      0x22a obj_cooja/mtype933.a(nullnet.o)
 .debug_line    0x000000000000586a      0x127 obj_cooja/mtype933.a(ringbufindex.o)
 .debug_line    0x0000000000005991      0x111 obj_cooja/mtype933.a(memb.o)
 .debug_line    0x0000000000005aa2      0x29a obj_cooja/mtype933.a(queuebuf.o)
 .debug_line    0x0000000000005d3c      0x32d obj_cooja/mtype933.a(link-stats.o)
 .debug_line    0x0000000000006069      0x2b8 obj_cooja/mtype933.a(mac-sequence.o)
 .debug_line    0x0000000000006321      0x170 obj_cooja/mtype933.a(mac.o)
 .debug_line    0x0000000000006491      0x4d6 obj_cooja/mtype933.a(frame802154e-ie)
 .debug_line    0x0000000000006967      0x280 obj_cooja/mtype933.a(framer-802154.o)
 .debug_line    0x0000000000006be7      0x362 obj_cooja/mtype933.a(frame802154.o)
 .debug_line    0x0000000000006f49      0x349 obj_cooja/mtype933.a(nbr-table.o)

.debug_frame
 *(.debug_frame)

.debug_str      0x0000000000000000     0x6925
 *(.debug_str)
 .debug_str     0x0000000000000000      0xae7 nullnet-unicast.o
                                        0xc90 (size before relaxing)
 .debug_str     0x0000000000000ae7     0x18c9 obj_cooja/mtype933.o
                                       0x2289 (size before relaxing)
 .debug_str     0x00000000000023b0       0x2d obj_cooja/mtype933.a(simEnvChange.o)
                                        0x439 (size before relaxing)
 .debug_str     0x00000000000023dd       0x5e obj_cooja/mtype933.a(cooja_mt.o)
                                        0x221 (size before relaxing)
 .debug_str     0x000000000000243b       0x94 obj_cooja/mtype933.a(cooja_mtarch.o)
                                        0x43e (size before relaxing)
 .debug_str     0x00000000000024cf      0x121 obj_cooja/mtype933.a(rtimer-arch.o)
                                        0x356 (size before relaxing)
 .debug_str     0x00000000000025f0       0xc3 obj_cooja/mtype933.a(beep.o)
                                        0x2f7 (size before relaxing)
 .debug_str     0x00000000000026b3       0x6f obj_cooja/mtype933.a(button-sensor.o)
                                        0x345 (size before relaxing)
 .debug_str     0x0000000000002722       0x67 obj_cooja/mtype933.a(leds-arch.o)
                                        0x2cf (size before relaxing)
 .debug_str     0x0000000000002789       0x46 obj_cooja/mtype933.a(moteid.o)
                                        0x2ba (size before relaxing)
 .debug_str     0x00000000000027cf       0x54 obj_cooja/mtype933.a(pir-sensor.o)
                                        0x30f (size before relaxing)
 .debug_str     0x0000000000002823       0xce obj_cooja/mtype933.a(rs232.o)
                                        0x56f (size before relaxing)
 .debug_str     0x00000000000028f1       0x54 obj_cooja/mtype933.a(vib-sensor.o)
                                        0x30f (size before relaxing)
 .debug_str     0x0000000000002945       0x61 obj_cooja/mtype933.a(clock.o)
                                        0x2ca (size before relaxing)
 .debug_str     0x00000000000029a6       0xf7 obj_cooja/mtype933.a(cooja-log.o)
                                        0x591 (size before relaxing)
 .debug_str     0x0000000000002a9d      0x110 obj_cooja/mtype933.a(cfs-cooja.o)
                                        0x55a (size before relaxing)
 .debug_str     0x0000000000002bad      0x6cb obj_cooja/mtype933.a(cooja-radio.o)
                                       0x1000 (size before relaxing)
 .debug_str     0x0000000000003278       0x98 obj_cooja/mtype933.a(eeprom.o)
                                        0x307 (size before relaxing)
 .debug_str     0x0000000000003310       0x33 obj_cooja/mtype933.a(random.o)
                                        0x1d6 (size before relaxing)
 .debug_str     0x0000000000003343       0x8b obj_cooja/mtype933.a(sensors.o)
                                        0x294 (size before relaxing)
 .debug_str     0x00000000000033ce       0xd1 obj_cooja/mtype933.a(ctimer.o)
                                        0x2b1 (size before relaxing)
 .debug_str     0x000000000000349f       0x38 obj_cooja/mtype933.a(autostart.o)
                                        0x1c0 (size before relaxing)
 .debug_str     0x00000000000034d7      0x150 obj_cooja/mtype933.a(etimer.o)
                                        0x315 (size before relaxing)