Archive member included to satisfy reference by file (symbol)

obj_cooja/mtype73.a(simEnvChange.o)
                              obj_cooja/mtype73.o (simDontFallAsleep)
obj_cooja/mtype73.a(cooja_mt.o)
                              obj_cooja/mtype73.o (cooja_mt_start)
obj_cooja/mtype73.a(cooja_mtarch.o)
                              obj_cooja/mtype73.a(cooja_mt.o) (cooja_mtarch_start)
obj_cooja/mtype73.a(rtimer-arch.o)
                              obj_cooja/mtype73.o (rtimer_arch_check)
obj_cooja/mtype73.a(beep.o)   obj_cooja/mtype73.o (beep_interface)
obj_cooja/mtype73.a(button-sensor.o)
                              obj_cooja/mtype73.o (button_interface)
obj_cooja/mtype73.a(leds-arch.o)
                              obj_cooja/mtype73.o (leds_interface)
obj_cooja/mtype73.a(moteid.o)
                              obj_cooja/mtype73.o (moteid_interface)
obj_cooja/mtype73.a(pir-sensor.o)
                              obj_cooja/mtype73.o (pir_interface)
obj_cooja/mtype73.a(rs232.o)  obj_cooja/mtype73.o (rs232_interface)
obj_cooja/mtype73.a(vib-sensor.o)
                              obj_cooja/mtype73.o (vib_interface)
obj_cooja/mtype73.a(clock.o)  obj_cooja/mtype73.o (clock_interface)
obj_cooja/mtype73.a(cooja-log.o)
                              obj_cooja/mtype73.o (simlog_interface)
obj_cooja/mtype73.a(cfs-cooja.o)
                              obj_cooja/mtype73.o (cfs_interface)
obj_cooja/mtype73.a(cooja-radio.o)
                              obj_cooja/mtype73.o (radio_interface)
obj_cooja/mtype73.a(eeprom.o)
                              obj_cooja/mtype73.o (eeprom_interface)
obj_cooja/mtype73.a(random.o)
                              obj_cooja/mtype73.a(moteid.o) (random_init)
obj_cooja/mtype73.a(sensors.o)
                              obj_cooja/mtype73.o (sensors_process)
obj_cooja/mtype73.a(autostart.o)
                              obj_cooja/mtype73.o (autostart_start)
obj_cooja/mtype73.a(energest.o)
                              udp-server.o (energest_total_time)
obj_cooja/mtype73.a(etimer.o)
                              obj_cooja/mtype73.o (etimer_process)
obj_cooja/mtype73.a(log.o)    obj_cooja/mtype73.o (log_6addr)
obj_cooja/mtype73.a(ctimer.o)
                              obj_cooja/mtype73.o (ctimer_init)
obj_cooja/mtype73.a(process.o)
                              obj_cooja/mtype73.a(etimer.o) (process_current)
obj_cooja/mtype73.a(rtimer.o)
                              obj_cooja/mtype73.a(rtimer-arch.o) (rtimer_run_next)
obj_cooja/mtype73.a(timer.o)  obj_cooja/mtype73.a(button-sensor.o) (timer_set)
obj_cooja/mtype73.a(serial-line.o)
                              obj_cooja/mtype73.a(rs232.o) (serial_line_input_byte)
obj_cooja/mtype73.a(ringbuf.o)
                              obj_cooja/mtype73.a(serial-line.o) (ringbuf_init)
obj_cooja/mtype73.a(list.o)   obj_cooja/mtype73.a(ctimer.o) (list_init)
obj_cooja/mtype73.a(packetbuf.o)
                              obj_cooja/mtype73.a(cooja-radio.o) (packetbuf_clear)
obj_cooja/mtype73.a(netstack.o)
                              obj_cooja/mtype73.o (netstack_init)
obj_cooja/mtype73.a(linkaddr.o)
                              obj_cooja/mtype73.o (linkaddr_node_addr)
obj_cooja/mtype73.a(tsch.o)   udp-server.o (tsch_current_asn)
obj_cooja/mtype73.a(uip-ds6.o)
                              obj_cooja/mtype73.o (uip_ds6_get_link_local)
obj_cooja/mtype73.a(tcpip.o)  obj_cooja/mtype73.o (tcpip_process)
obj_cooja/mtype73.a(uip-ds6-route.o)
                              obj_cooja/mtype73.a(uip-ds6.o) (uip_ds6_route_init)
obj_cooja/mtype73.a(uip-ds6-nbr.o)
                              obj_cooja/mtype73.a(uip-ds6.o) (uip_ds6_neighbors_init)
obj_cooja/mtype73.a(uip6.o)   obj_cooja/mtype73.o (uip_lladdr)
obj_cooja/mtype73.a(uip-nd6.o)
                              obj_cooja/mtype73.a(uip6.o) (uip_nd6_init)
obj_cooja/mtype73.a(simple-udp.o)
                              udp-server.o (simple_udp_register)
obj_cooja/mtype73.a(sicslowpan.o)
                              obj_cooja/mtype73.o (sicslowpan_driver)
obj_cooja/mtype73.a(rpl.o)    udp-server.o (rpl_lite_driver)
obj_cooja/mtype73.a(rpl-icmp6.o)
                              obj_cooja/mtype73.a(rpl.o) (rpl_icmp6_init)
obj_cooja/mtype73.a(rpl-dag-root.o)
                              obj_cooja/mtype73.a(rpl.o) (rpl_dag_root_set_prefix)
obj_cooja/mtype73.a(watchdog.o)
                              obj_cooja/mtype73.a(sicslowpan.o) (watchdog_periodic)
obj_cooja/mtype73.a(stimer.o)
                              obj_cooja/mtype73.a(uip-ds6.o) (stimer_set)
obj_cooja/mtype73.a(ringbufindex.o)
                              obj_cooja/mtype73.a(tsch.o) (ringbufindex_init)
obj_cooja/mtype73.a(memb.o)   obj_cooja/mtype73.a(uip-ds6-route.o) (memb_init)
obj_cooja/mtype73.a(queuebuf.o)
                              obj_cooja/mtype73.a(tsch.o) (queuebuf_init)
obj_cooja/mtype73.a(nbr-table.o)
                              obj_cooja/mtype73.a(uip-ds6-nbr.o) (nbr_table_register)
obj_cooja/mtype73.a(link-stats.o)
[...]
Memory Configuration

Name             Origin             Length             Attributes
*default*        0x0000000000000000 0xffffffffffffffff

Linker script and memory map

LOAD /usr/lib/gcc/x86_64-linux-gnu/7/../../../x86_64-linux-gnu/crti.o
LOAD /usr/lib/gcc/x86_64-linux-gnu/7/crtbeginS.o
LOAD udp-server.o
LOAD obj_cooja/mtype73.o
LOAD obj_cooja/mtype73.a
LOAD /usr/lib/gcc/x86_64-linux-gnu/7/libgcc.a
LOAD /usr/lib/gcc/x86_64-linux-gnu/7/libgcc_s.so
START GROUP
LOAD /usr/lib/gcc/x86_64-linux-gnu/7/libgcc_s.so.1
LOAD /usr/lib/gcc/x86_64-linux-gnu/7/libgcc.a
END GROUP
LOAD /usr/lib/gcc/x86_64-linux-gnu/7/../../../x86_64-linux-gnu/libc.so
START GROUP
LOAD /lib/x86_64-linux-gnu/libc.so.6
LOAD /usr/lib/x86_64-linux-gnu/libc_nonshared.a
LOAD /lib/x86_64-linux-gnu/ld-linux-x86-64.so.2
END GROUP
LOAD /usr/lib/gcc/x86_64-linux-gnu/7/libgcc.a
LOAD /usr/lib/gcc/x86_64-linux-gnu/7/libgcc_s.so
START GROUP
LOAD /usr/lib/gcc/x86_64-linux-gnu/7/libgcc_s.so.1
LOAD /usr/lib/gcc/x86_64-linux-gnu/7/libgcc.a
END GROUP
LOAD /usr/lib/gcc/x86_64-linux-gnu/7/crtendS.o
LOAD /usr/lib/gcc/x86_64-linux-gnu/7/../../../x86_64-linux-gnu/crtn.o
                0x00000000000001c8                . = (SEGMENT_START ("text-segment", 0x0) + SIZEOF_HEADERS)

.note.gnu.build-id
                0x00000000000001c8       0x24
 *(.note.gnu.build-id)
 .note.gnu.build-id
                0x00000000000001c8       0x24 /usr/lib/gcc/x86_64-linux-gnu/7/../../../x86_64-linux-gnu/crti.o

.hash
 *(.hash)

.gnu.hash       0x00000000000001f0     0x14ec
 *(.gnu.hash)
 .gnu.hash      0x00000000000001f0     0x14ec /usr/lib/gcc/x86_64-linux-gnu/7/../../../x86_64-linux-gnu/crti.o

.dynsym         0x00000000000016e0     0x41d0
 *(.dynsym)
 .dynsym        0x00000000000016e0     0x41d0 /usr/lib/gcc/x86_64-linux-gnu/7/../../../x86_64-linux-gnu/crti.o

.dynstr         0x00000000000058b0     0x339a
 *(.dynstr)
 .dynstr        0x00000000000058b0     0x339a /usr/lib/gcc/x86_64-linux-gnu/7/../../../x86_64-linux-gnu/crti.o

.gnu.version    0x0000000000008c4a      0x57c
 *(.gnu.version)
 .gnu.version   0x0000000000008c4a      0x57c /usr/lib/gcc/x86_64-linux-gnu/7/../../../x86_64-linux-gnu/crti.o

.gnu.version_d  0x00000000000091c8        0x0
 *(.gnu.version_d)
 .gnu.version_d
                0x00000000000091c8        0x0 /usr/lib/gcc/x86_64-linux-gnu/7/../../../x86_64-linux-gnu/crti.o

.gnu.version_r  0x00000000000091c8       0x40
 *(.gnu.version_r)
 .gnu.version_r
                0x00000000000091c8       0x40 /usr/lib/gcc/x86_64-linux-gnu/7/../../../x86_64-linux-gnu/crti.o

.rela.dyn       0x0000000000009208     0x2208
 *(.rela.init)
 *(.rela.text .rela.text.* .rela.gnu.linkonce.t.*)
 .rela.text     0x0000000000009208        0x0 /usr/lib/gcc/x86_64-linux-gnu/7/../../../x86_64-linux-gnu/crti.o
 *(.rela.fini)
 *(.rela.rodata .rela.rodata.* .rela.gnu.linkonce.r.*)
 *(.rela.data .rela.data.* .rela.gnu.linkonce.d.*)
 .rela.data.rel.local
                0x0000000000009208      0x720 /usr/lib/gcc/x86_64-linux-gnu/7/../../../x86_64-linux-gnu/crti.o
 .rela.data.rel.ro
                0x0000000000009928      0x288 /usr/lib/gcc/x86_64-linux-gnu/7/../../../x86_64-linux-gnu/crti.o
 .rela.data.rel
                0x0000000000009bb0      0x390 /usr/lib/gcc/x86_64-linux-gnu/7/../../../x86_64-linux-gnu/crti.o
 .rela.data.rel.ro.local
                0x0000000000009f40      0x5b8 /usr/lib/gcc/x86_64-linux-gnu/7/../../../x86_64-linux-gnu/crti.o
 *(.rela.tdata .rela.tdata.* .rela.gnu.linkonce.td.*)
 *(.rela.tbss .rela.tbss.* .rela.gnu.linkonce.tb.*)
 *(.rela.ctors)
 *(.rela.dtors)
 *(.rela.got)
 .rela.got      0x000000000000a4f8      0xee8 /usr/lib/gcc/x86_64-linux-gnu/7/../../../x86_64-linux-gnu/crti.o
 *(.rela.bss .rela.bss.* .rela.gnu.linkonce.b.*)
 *(.rela.ldata .rela.ldata.* .rela.gnu.linkonce.l.*)
 *(.rela.lbss .rela.lbss.* .rela.gnu.linkonce.lb.*)
 *(.rela.lrodata .rela.lrodata.* .rela.gnu.linkonce.lr.*)
 *(.rela.ifunc)
 .rela.ifunc    0x000000000000b3e0        0x0 /usr/lib/gcc/x86_64-linux-gnu/7/../../../x86_64-linux-gnu/crti.o
 .rela.fini_array
                0x000000000000b3e0       0x18 /usr/lib/gcc/x86_64-linux-gnu/7/../../../x86_64-linux-gnu/crti.o
 .rela.init_array
                0x000000000000b3f8       0x18 /usr/lib/gcc/x86_64-linux-gnu/7/../../../x86_64-linux-gnu/crti.o

.rela.plt       0x000000000000b410     0x2130
 *(.rela.plt)
 .rela.plt      0x000000000000b410     0x2130 /usr/lib/gcc/x86_64-linux-gnu/7/../../../x86_64-linux-gnu/crti.o
 *(.rela.iplt)

.init           0x000000000000d540       0x17
 *(SORT_NONE(.init))
 .init          0x000000000000d540       0x12 /usr/lib/gcc/x86_64-linux-gnu/7/../../../x86_64-linux-gnu/crti.o
                0x000000000000d540                _init
 .init          0x000000000000d552        0x5 /usr/lib/gcc/x86_64-linux-gnu/7/../../../x86_64-linux-gnu/crtn.o

.plt            0x000000000000d560     0x1630
 *(.plt)
 .plt           0x000000000000d560     0x1630 /usr/lib/gcc/x86_64-linux-gnu/7/../../../x86_64-linux-gnu/crti.o
 *(.iplt)

.plt.got        0x000000000000eb90       0x10
 *(.plt.got)
 .plt.got       0x000000000000eb90       0x10 /usr/lib/gcc/x86_64-linux-gnu/7/../../../x86_64-linux-gnu/crti.o

.plt.sec
 *(.plt.sec)

.text           0x000000000000eba0    0x1c28a
 *(.text.unlikely .text.*_unlikely .text.unlikely.*)
 *(.text.exit .text.exit.*)
 *(.text.startup .text.startup.*)
 *(.text.hot .text.hot.*)
 *(.text .stub .text.* .gnu.linkonce.t.*)
 .text          0x000000000000eba0        0x0 /usr/lib/gcc/x86_64-linux-gnu/7/../../../x86_64-linux-gnu/crti.o
 .text          0x000000000000eba0       0xda /usr/lib/gcc/x86_64-linux-gnu/7/crtbeginS.o
 .text          0x000000000000ec7a      0x2ac udp-server.o
 .text          0x000000000000ef26      0x603 obj_cooja/mtype73.o
                0x000000000000f05c                contiki_init
                0x000000000000f34a                Java_org_contikios_cooja_corecomm_Lib2_init
                0x000000000000f38d                Java_org_contikios_cooja_corecomm_Lib2_getMemory
                0x000000000000f3e5                Java_org_contikios_cooja_corecomm_Lib2_setMemory
                0x000000000000f472                Java_org_contikios_cooja_corecomm_Lib2_tick
                0x000000000000f4fb                Java_org_contikios_cooja_corecomm_Lib2_setReferenceAddress
 .text          0x000000000000f529       0x89 obj_cooja/mtype73.a(simEnvChange.o)
                0x000000000000f529                doActionsBeforeTick
                0x000000000000f56d                doActionsAfterTick
 .text          0x000000000000f5b2       0x9f obj_cooja/mtype73.a(cooja_mt.o)
                0x000000000000f5b2                cooja_mt_start
                0x000000000000f5ee                cooja_mt_exec
                0x000000000000f62d                cooja_mt_yield
 .text          0x000000000000f651       0xfe obj_cooja/mtype73.a(cooja_mtarch.o)
                0x000000000000f651                cooja_mtarch_start
                0x000000000000f6f0                cooja_sw
                0x000000000000f719                cooja_mtarch_exec
                0x000000000000f743                cooja_mtarch_yield
 .text          0x000000000000f74f       0xb4 obj_cooja/mtype73.a(rtimer-arch.o)
                0x000000000000f74f                rtimer_arch_init
                0x000000000000f771                rtimer_arch_schedule
                0x000000000000f797                rtimer_arch_next
                0x000000000000f7a7                rtimer_arch_pending
                0x000000000000f7b6                rtimer_arch_check
                0x000000000000f7f3                rtimer_arch_now
 .text          0x000000000000f803       0xba obj_cooja/mtype73.a(beep.o)
                0x000000000000f803                beep_alarm
                0x000000000000f81a                beep_beep
                0x000000000000f82e                beep
                0x000000000000f83f                beep_down
                0x000000000000f853                beep_on
                0x000000000000f864                beep_off
                0x000000000000f875                beep_spinup
                0x000000000000f886                beep_quick
                0x000000000000f89a                beep_long
 .text          0x000000000000f8bd      0x12d obj_cooja/mtype73.a(button-sensor.o)
 .text          0x000000000000f9ea       0x57 obj_cooja/mtype73.a(leds-arch.o)
                0x000000000000f9ea                leds_arch_init
                0x000000000000f9fb                leds_arch_get
                0x000000000000fa0b                leds_arch_set
 .text          0x000000000000fa41       0x39 obj_cooja/mtype73.a(moteid.o)
 .text          0x000000000000fa7a       0xe5 obj_cooja/mtype73.a(pir-sensor.o)
 .text          0x000000000000fb5f      0x175 obj_cooja/mtype73.a(rs232.o)
                0x000000000000fb5f                rs232_init
                0x000000000000fb66                rs232_set_speed
                0x000000000000fb72                rs232_set_input
                0x000000000000fb88                rs232_send
                0x000000000000fbaf                rs232_print
                0x000000000000fbd6                slip_arch_writeb
 .text          0x000000000000fcd4       0xe5 obj_cooja/mtype73.a(vib-sensor.o)
 .text          0x000000000000fdb9       0x57 obj_cooja/mtype73.a(clock.o)
                0x000000000000fdb9                clock_init
                0x000000000000fdc0                clock_time
                0x000000000000fdd0                clock_seconds
                0x000000000000fdf8                clock_delay
 .text          0x000000000000fe10      0x30e obj_cooja/mtype73.a(cooja-log.o)
                0x000000000000fe10                simlog_char
                0x000000000000fe69                simlog
                0x000000000000ff08                log_message
                0x000000000000ff41                log_set_putchar_with_slip
                0x000000000000ff54                log_putchar
                0x000000000000ffd4                log_puts
                0x000000000000fffd                log_printf
 .text          0x000000000001011e      0x373 obj_cooja/mtype73.a(cfs-cooja.o)
                0x000000000001011e                cfs_open
                0x0000000000010197                cfs_close
                0x00000000000101a8                cfs_read
                0x000000000001026c                cfs_write
                0x000000000001037b                cfs_seek
                0x0000000000010426                cfs_remove
                0x0000000000010452                cfs_opendir
                0x0000000000010465                cfs_readdir
                0x0000000000010478                cfs_closedir
 .text          0x0000000000010491      0xb3c obj_cooja/mtype73.a(cooja-radio.o)
                0x00000000000104e0                radio_set_channel
                0x00000000000104f6                radio_set_channelDummy
                0x000000000001050c                radio_set_txpower
                0x0000000000010532                radio_signal_strength_last
                0x0000000000010541                radio_signal_strength_current
                0x0000000000010550                radio_LQI
 .text          0x0000000000010fcd      0x125 obj_cooja/mtype73.a(eeprom.o)
                0x0000000000010fcd                eeprom_init
                0x0000000000010fd4                eeprom_read
                0x000000000001105c                eeprom_write
 .text          0x00000000000110f2       0x27 obj_cooja/mtype73.a(random.o)
                0x00000000000110f2                random_init
                0x000000000001110e                random_rand
 .text          0x0000000000011119      0x33f obj_cooja/mtype73.a(sensors.o)
                0x000000000001115e                sensors_first
                0x000000000001116e                sensors_next
                0x0000000000011199                sensors_changed
                0x00000000000111e2                sensors_find
 .text          0x0000000000011458       0xb3 obj_cooja/mtype73.a(autostart.o)
                0x0000000000011458                autostart_start
                0x00000000000114b4                autostart_exit
 .text          0x000000000001150b      0x1b1 obj_cooja/mtype73.a(energest.o)
                0x0000000000011566                energest_init
                0x00000000000115fd                energest_flush
                0x000000000001168d                energest_get_total_time
 .text          0x00000000000116bc      0x540 obj_cooja/mtype73.a(etimer.o)
                0x000000000001195c                etimer_request_poll
                0x0000000000011a06                etimer_set
                0x0000000000011a38                etimer_reset_with_new_interval
                0x0000000000011a6f                etimer_reset
                0x0000000000011a96                etimer_restart
                0x0000000000011abd                etimer_adjust
                0x0000000000011aea                etimer_expired
                0x0000000000011b05                etimer_expiration_time
                0x0000000000011b21                etimer_start_time
                0x0000000000011b32                etimer_pending
                0x0000000000011b48                etimer_next_expiration_time
                0x0000000000011b65                etimer_stop
 .text          0x0000000000011bfc      0x580 obj_cooja/mtype73.a(log.o)
                0x0000000000011bfc                log_6addr
                0x0000000000011d77                log_6addr_compact
                0x0000000000011e68                log_lladdr
                0x0000000000011ee5                log_lladdr_compact
                0x0000000000011f5c                log_set_level
                0x0000000000012062                log_get_level
                0x0000000000012115                log_level_to_str
 .text          0x000000000001217c      0x421 obj_cooja/mtype73.a(ctimer.o)
                0x00000000000122da                ctimer_init
                0x000000000001230b                ctimer_set
                0x000000000001234b                ctimer_set_with_process
                0x0000000000012401                ctimer_reset
                0x000000000001246e                ctimer_restart
                0x00000000000124db                ctimer_stop
                0x0000000000012535                ctimer_expired
 .text          0x000000000001259d      0x641 obj_cooja/mtype73.a(process.o)
                0x000000000001259d                process_alloc_event
                0x00000000000125b3                process_start
                0x0000000000012818                process_exit
                0x0000000000012840                process_init
                0x0000000000012a30                process_run
                0x0000000000012a61                process_nevents
                0x0000000000012a7d                process_post
                0x0000000000012b41                process_post_synch
                0x0000000000012b8b                process_poll
                0x0000000000012bc4                process_is_running
 .text          0x0000000000012bde       0xf6 obj_cooja/mtype73.a(rtimer.o)
                0x0000000000012bde                rtimer_init
                0x0000000000012bea                rtimer_set
                0x0000000000012c67                rtimer_run_next
 .text          0x0000000000012cd4       0xdf obj_cooja/mtype73.a(timer.o)
                0x0000000000012cd4                timer_set
                0x0000000000012d02                timer_reset
                0x0000000000012d26                timer_restart
                0x0000000000012d44                timer_expired
                0x0000000000012d81                timer_remaining
 .text          0x0000000000012db3      0x20c obj_cooja/mtype73.a(serial-line.o)
                0x0000000000012db3                serial_line_input_byte
                0x0000000000012f8c                serial_line_init
 .text          0x0000000000012fbf      0x189 obj_cooja/mtype73.a(ringbuf.o)
                0x0000000000012fbf                ringbuf_init
                0x0000000000012ffc                ringbuf_put
                0x0000000000013087                ringbuf_get
                0x0000000000013101                ringbuf_size
                0x0000000000013119                ringbuf_elements
 .text          0x0000000000013148      0x324 obj_cooja/mtype73.a(list.o)
                0x0000000000013148                list_init
                0x000000000001315e                list_head
                0x000000000001316f                list_copy
                0x000000000001318c                list_tail
                0x00000000000131d1                list_add
                0x0000000000013231                list_push
                0x0000000000013270                list_chop
                0x00000000000132f9                list_pop
                0x000000000001332f                list_remove
                0x00000000000133b7                list_length
                0x00000000000133ee                list_insert
                0x000000000001344d                list_item_next
 .text          0x000000000001346c      0x458 obj_cooja/mtype73.a(packetbuf.o)
                0x000000000001346c                packetbuf_clear
                0x0000000000013496                packetbuf_copyfrom
                0x00000000000134ec                packetbuf_copyto
                0x000000000001358f                packetbuf_hdralloc
                0x000000000001361a                packetbuf_hdrreduce
                0x0000000000013666                packetbuf_set_datalen
                0x000000000001367e                packetbuf_dataptr
                0x00000000000136a0                packetbuf_hdrptr
                0x00000000000136ad                packetbuf_datalen
                0x00000000000136ba                packetbuf_hdrlen
                0x00000000000136d2                packetbuf_totlen
                0x00000000000136f1                packetbuf_remaininglen
                0x0000000000013705                packetbuf_attr_clear
                0x0000000000013765                packetbuf_attr_copyto
                0x00000000000137ac                packetbuf_attr_copyfrom
                0x00000000000137f3                packetbuf_set_attr
                0x000000000001381f                packetbuf_attr
                0x000000000001383c                packetbuf_set_addr
                0x000000000001387e                packetbuf_addr
                0x00000000000138a4                packetbuf_holds_broadcast
 .text          0x00000000000138c4      0x11b obj_cooja/mtype73.a(netstack.o)
                0x00000000000138c4                netstack_process_ip_callback
                0x0000000000013961                netstack_ip_packet_processor_add
                0x000000000001398d                uip_ds6_ip_packet_processor_rm
                0x00000000000139b2                netstack_init
 .text          0x00000000000139df       0x74 obj_cooja/mtype73.a(linkaddr.o)
                0x00000000000139df                linkaddr_copy
                0x00000000000139fc                linkaddr_cmp
                0x0000000000013a2e                linkaddr_set_node_addr
 .text          0x0000000000013a53     0x179b obj_cooja/mtype73.a(tsch.o)
                0x0000000000013a53                tsch_set_coordinator
                0x0000000000013a92                tsch_set_pan_secured
                0x0000000000013aa9                tsch_set_join_priority
                0x0000000000013ac2                tsch_set_ka_timeout
                0x0000000000013af3                tsch_set_eb_period
                0x0000000000013ce4                tsch_schedule_keepalive
                0x0000000000013da2                tsch_schedule_keepalive_immediately
                0x000000000001420e                tsch_disassociate
                0x00000000000146ab                tsch_scan
 .text          0x00000000000151ee      0xd4e obj_cooja/mtype73.a(uip-ds6.o)
                0x00000000000151ee                uip_ds6_init
                0x00000000000153c8                uip_ds6_periodic
                0x0000000000015466                uip_ds6_list_loop
                0x000000000001554b                uip_ds6_prefix_add
                0x0000000000015618                uip_ds6_prefix_rm
                0x0000000000015632                uip_ds6_prefix_lookup
                0x0000000000015685                uip_ds6_is_addr_onlink
                0x0000000000015715                uip_ds6_addr_add
                0x0000000000015856                uip_ds6_addr_rm
                0x000000000001590a                uip_ds6_addr_lookup
                0x0000000000015958                uip_ds6_get_link_local
                0x00000000000159f9                uip_ds6_get_global
                0x0000000000015a9a                uip_ds6_maddr_add
                0x0000000000015b0f                uip_ds6_maddr_rm
                0x0000000000015b29                uip_ds6_maddr_lookup
                0x0000000000015b7a                uip_ds6_aaddr_add
                0x0000000000015bef                uip_ds6_aaddr_rm
                0x0000000000015c09                uip_ds6_aaddr_lookup
                0x0000000000015c5a                uip_ds6_select_src
                0x0000000000015de0                uip_ds6_set_addr_iid
                0x0000000000015e15                uip_ds6_set_lladdr_from_iid
                0x0000000000015e48                get_match_length
                0x0000000000015ef2                uip_ds6_compute_reachable_time
 .text          0x0000000000015f3c      0x888 obj_cooja/mtype73.a(tcpip.o)
                0x0000000000015f68                tcpip_output
                0x000000000001600a                udp_attach
                0x0000000000016034                udp_new
                0x000000000001608b                udp_broadcast_new
                0x0000000000016228                tcpip_input
                0x0000000000016401                tcpip_ipv6_output
                0x0000000000016683                tcpip_poll_udp
                0x00000000000166ad                tcpip_uipcall
 .text          0x00000000000167c4      0x3da obj_cooja/mtype73.a(uip-ds6-route.o)
                0x0000000000016819                uip_ds6_route_init
                0x000000000001683b                uip_ds6_route_nexthop
                0x000000000001684a                uip_ds6_route_head
                0x0000000000016855                uip_ds6_route_next
                0x0000000000016864                uip_ds6_route_is_nexthop
                0x0000000000016873                uip_ds6_route_num_routes
                0x000000000001687e                uip_ds6_route_lookup
                0x000000000001688d                uip_ds6_route_add
                0x00000000000168a5                uip_ds6_route_rm
                0x00000000000168b0                uip_ds6_route_rm_by_nexthop
                0x00000000000168bb                uip_ds6_defrt_head
                0x00000000000168d0                uip_ds6_defrt_add
                0x00000000000169a7                uip_ds6_defrt_rm
                0x0000000000016a34                uip_ds6_defrt_lookup
                0x0000000000016aa7                uip_ds6_defrt_choose
                0x0000000000016b26                uip_ds6_defrt_periodic
 .text          0x0000000000016b9e      0x30b obj_cooja/mtype73.a(uip-ds6-nbr.o)
                0x0000000000016b9e                uip_ds6_neighbors_init
                0x0000000000016bc6                uip_ds6_nbr_add
                0x0000000000016c63                uip_ds6_nbr_rm
                0x0000000000016cbf                uip_ds6_nbr_get_ipaddr
                0x0000000000016cdb                uip_ds6_nbr_get_ll
                0x0000000000016d02                uip_ds6_nbr_num
                0x0000000000016d56                uip_ds6_nbr_head
                0x0000000000016d6e                uip_ds6_nbr_next
                0x0000000000016d95                uip_ds6_nbr_lookup
                0x0000000000016e0d                uip_ds6_nbr_ll_lookup
                0x0000000000016e34                uip_ds6_nbr_ipaddr_from_lladdr
                0x0000000000016e64                uip_ds6_nbr_lladdr_from_ipaddr
                0x0000000000016e9c                uip_ds6_link_callback
 .text          0x0000000000016ea9     0x17df obj_cooja/mtype73.a(uip6.o)
                0x0000000000016f69                uip_chksum
                0x0000000000017061                uip_icmp6chksum
                0x0000000000017071                uip_udpchksum
                0x0000000000017081                uip_init
                0x00000000000170de                remove_ext_hdr
                0x0000000000017213                uip_udp_new
                0x00000000000175f5                uip_process
                0x000000000001853e                uip_htons
                0x000000000001855d                uip_htonl
                0x00000000000185a1                uip_send
 .text          0x0000000000018688      0x855 obj_cooja/mtype73.a(uip-nd6.o)
                0x0000000000018eca                uip_nd6_init
 .text          0x0000000000018edd      0x41f obj_cooja/mtype73.a(simple-udp.o)
                0x0000000000018f0a                simple_udp_send
                0x0000000000018f78                simple_udp_sendto
                0x0000000000018fe6                simple_udp_sendto_port
                0x0000000000019052                simple_udp_register
 .text          0x00000000000192fc     0x3000 obj_cooja/mtype73.a(sicslowpan.o)
                0x0000000000019957                netstack_sniffer_add
                0x000000000001996d                netstack_sniffer_remove
                0x000000000001c2c8                sicslowpan_init
                0x000000000001c2f0                sicslowpan_get_last_rssi
 .text          0x000000000001c2fc      0x5e0 obj_cooja/mtype73.a(rpl.o)
                0x000000000001c2fc                rpl_lollipop_greater_than
                0x000000000001c35c                rpl_get_global_address
                0x000000000001c4f8                rpl_link_callback
                0x000000000001c538                rpl_has_joined
                0x000000000001c567                rpl_is_reachable
                0x000000000001c605                rpl_reset_prefix
                0x000000000001c678                rpl_set_prefix_from_addr
                0x000000000001c786                rpl_set_prefix
 .text          0x000000000001c8dc     0x16a6 obj_cooja/mtype73.a(rpl-icmp6.o)
                0x000000000001ca60                rpl_icmp6_update_nbr_table
                0x000000000001cb23                rpl_icmp6_dis_output
                0x000000000001d24a                rpl_icmp6_dio_output
                0x000000000001db38                rpl_icmp6_dao_output
                0x000000000001deb8                rpl_icmp6_dao_ack_output
                0x000000000001df4b                rpl_icmp6_init
 .text          0x000000000001df82      0x2e4 obj_cooja/mtype73.a(rpl-dag-root.o)
                0x000000000001e08d                rpl_dag_root_set_prefix
                0x000000000001e0c5                rpl_dag_root_start
                0x000000000001e22a                rpl_dag_root_is_root
 .text          0x000000000001e266       0x23 obj_cooja/mtype73.a(watchdog.o)
                0x000000000001e266                watchdog_init
                0x000000000001e26d                watchdog_start
                0x000000000001e274                watchdog_periodic
                0x000000000001e27b                watchdog_stop
                0x000000000001e282                watchdog_reboot
 .text          0x000000000001e289      0x106 obj_cooja/mtype73.a(stimer.o)
                0x000000000001e289                stimer_set
                0x000000000001e2b7                stimer_reset
                0x000000000001e2db                stimer_restart
                0x000000000001e2f9                stimer_expired
                0x000000000001e33a                stimer_remaining
                0x000000000001e36c                stimer_elapsed
 .text          0x000000000001e38f      0x236 obj_cooja/mtype73.a(ringbufindex.o)
                0x000000000001e38f                ringbufindex_init
                0x000000000001e3bc                ringbufindex_put
                0x000000000001e423                ringbufindex_peek_put
                0x000000000001e471                ringbufindex_get
                0x000000000001e4da                ringbufindex_peek_get
                0x000000000001e51e                ringbufindex_size
                0x000000000001e535                ringbufindex_elements
                0x000000000001e563                ringbufindex_full
                0x000000000001e5a3                ringbufindex_empty
 .text          0x000000000001e5c5      0x20e obj_cooja/mtype73.a(memb.o)
                0x000000000001e5c5                memb_init
                0x000000000001e624                memb_alloc
                0x000000000001e69c                memb_free
                0x000000000001e734                memb_inmemb
                0x000000000001e787                memb_numfree
 .text          0x000000000001e7d3      0x32c obj_cooja/mtype73.a(queuebuf.o)
                0x000000000001e7e4                queuebuf_init
                0x000000000001e803                queuebuf_numfree
                0x000000000001e815                queuebuf_new_from_packetbuf
                0x000000000001e8be                queuebuf_update_attr_from_packetbuf
                0x000000000001e8fd                queuebuf_update_from_packetbuf
                0x000000000001e955                queuebuf_free
                0x000000000001e9a4                queuebuf_to_packetbuf
                0x000000000001ea16                queuebuf_dataptr
                0x000000000001ea56                queuebuf_datalen
                0x000000000001ea82                queuebuf_addr
                0x000000000001eac1                queuebuf_attr
                0x000000000001eaf8                queuebuf_debug_print
 .text          0x000000000001eaff      0x9f8 obj_cooja/mtype73.a(nbr-table.o)
                0x000000000001f0a7                nbr_table_register
                0x000000000001f10e                nbr_table_is_register
                0x000000000001f14c                nbr_table_head
                0x000000000001f1b3                nbr_table_next
                0x000000000001f229                nbr_table_add_lladdr
                0x000000000001f31b                nbr_table_get_from_lladdr
                0x000000000001f373                nbr_table_remove
                0x000000000001f3c3                nbr_table_lock
                0x000000000001f3f1                nbr_table_unlock
                0x000000000001f41f                nbr_table_get_lladdr
                0x000000000001f45e                nbr_table_update_lladdr
 .text          0x000000000001f4f7      0x3e2 obj_cooja/mtype73.a(link-stats.o)
                0x000000000001f4f7                link_stats_from_lladdr
                0x000000000001f51b                link_stats_is_fresh
                0x000000000001f565                guess_etx_from_rssi
                0x000000000001f5e6                link_stats_packet_sent
                0x000000000001f71a                link_stats_input_callback
                0x000000000001f847                link_stats_reset
                0x000000000001f89e                link_stats_init
 .text          0x000000000001f8d9      0x1ef obj_cooja/mtype73.a(mac-sequence.o)
                0x000000000001f8d9                mac_sequence_is_duplicate
                0x000000000001f9cf                mac_sequence_register_seqno
 .text          0x000000000001fac8       0x33 obj_cooja/mtype73.a(mac.o)
                0x000000000001fac8                mac_call_sent_callback
 .text          0x000000000001fafb      0x42f obj_cooja/mtype73.a(framer-802154.o)
                0x000000000001fc92                framer_802154_setup_params
 .text          0x000000000001ff2a      0xc84 obj_cooja/mtype73.a(frame802154.o)
                0x000000000001ff58                frame802154_get_pan_id
                0x000000000001ff65                frame802154_set_pan_id
                0x000000000001ff7d                frame802154_has_panid
                0x0000000000020158                frame802154_check_dest_panid
                0x00000000000201f3                frame802154_is_broadcast_addr
                0x0000000000020246                frame802154_extract_linkaddr
                0x00000000000204dc                frame802154_hdrlen
                0x0000000000020557                frame802154_create_fcf
                0x0000000000020625                frame802154_create
                0x00000000000207cb                frame802154_parse_fcf
                0x00000000000208be                frame802154_parse
 .text          0x0000000000020bae      0xa9d obj_cooja/mtype73.a(tsch-queue.o)
                0x0000000000020bae                tsch_queue_add_nbr
                0x0000000000020cbd                tsch_queue_get_nbr
                0x0000000000020d26                tsch_queue_get_time_source
                0x0000000000020d7c                tsch_queue_update_time_source
                0x0000000000020ef7                tsch_queue_add_packet
                0x000000000002101e                tsch_queue_global_packet_count
                0x0000000000021039                tsch_queue_packet_count
                0x0000000000021086                tsch_queue_remove_packet_from_queue
                0x00000000000210e1                tsch_queue_free_packet
                0x0000000000021119                tsch_queue_packet_sent
                0x00000000000211e4                tsch_queue_reset
                0x0000000000021244                tsch_queue_free_unused_neighbors
                0x00000000000212cc                tsch_queue_is_empty
                0x000000000002130a                tsch_queue_get_packet_for_nbr
                0x00000000000213a0                tsch_queue_get_packet_for_dest_addr
                0x00000000000213e0                tsch_queue_get_unicast_packet_for_any
                0x0000000000021486                tsch_queue_backoff_expired
                0x00000000000214a0                tsch_queue_backoff_reset
                0x00000000000214bb                tsch_queue_backoff_inc
                0x000000000002152d                tsch_queue_update_all_backoff_windows
                0x00000000000215e5                tsch_queue_init
 .text          0x000000000002164b      0xb56 obj_cooja/mtype73.a(tsch-schedule.o)
                0x000000000002164b                tsch_schedule_add_slotframe
                0x000000000002174a                tsch_schedule_remove_all_slotframes
                0x000000000002178c                tsch_schedule_remove_slotframe
                0x0000000000021814                tsch_schedule_get_slotframe_by_handle
                0x0000000000021872                tsch_schedule_get_link_by_handle
                0x00000000000218fd                tsch_schedule_add_link
                0x0000000000021abb                tsch_schedule_remove_link
                0x0000000000021bf8                tsch_schedule_remove_link_by_timeslot
                0x0000000000021c47                tsch_schedule_get_link_by_timeslot
                0x0000000000021cb7                tsch_schedule_get_next_active_link
                0x0000000000021f0e                tsch_schedule_init
                0x0000000000021f55                tsch_schedule_create_minimal
                0x0000000000021fa4                tsch_schedule_slotframe_head
                0x0000000000021fb9                tsch_schedule_slotframe_next
                0x0000000000021fd3                tsch_schedule_print
 .text          0x00000000000221a1     0x185c obj_cooja/mtype73.a(tsch-slot-opera)
                0x00000000000221a1                tsch_is_locked
                0x00000000000221ad                tsch_get_lock
                0x0000000000022241                tsch_release_lock
                0x0000000000022252                tsch_calculate_channel
                0x0000000000023889                tsch_slot_operation_start
                0x000000000002399d                tsch_slot_operation_sync
 .text          0x00000000000239fd      0x915 obj_cooja/mtype73.a(tsch-packet.o)
                0x0000000000023a2c                tsch_packet_eackbuf_attr
                0x0000000000023a4c                tsch_packet_create_eack
                0x0000000000023c40                tsch_packet_parse_eack
                0x0000000000023df7                tsch_packet_create_eb
                0x000000000002415e                tsch_packet_update_eb
                0x00000000000241dd                tsch_packet_parse_eb
 .text          0x0000000000024312      0x146 obj_cooja/mtype73.a(tsch-rpl.o)
                0x0000000000024312                tsch_rpl_callback_ka_sent
                0x0000000000024351                tsch_rpl_callback_joining_network
                0x0000000000024358                tsch_rpl_callback_leaving_network
                0x0000000000024373                tsch_rpl_callback_new_dio_interval
                0x0000000000024414                tsch_rpl_callback_parent_switch
 .text          0x0000000000024458      0x330 obj_cooja/mtype73.a(tsch-adaptive-t)
                0x0000000000024458                tsch_adaptive_timesync_get_drift_ppm
                0x00000000000245a7                tsch_timesync_update
                0x000000000002471e                tsch_timesync_adaptive_compensate
 .text          0x0000000000024788      0x222 obj_cooja/mtype73.a(uipbuf.o)
                0x0000000000024788                uipbuf_get_next_header
                0x000000000002480c                uipbuf_get_last_header
                0x00000000000248b0                uipbuf_get_attr
                0x00000000000248dd                uipbuf_set_attr
                0x0000000000024919                uipbuf_clear_attr
                0x0000000000024945                uipbuf_set_attr_flag
                0x0000000000024964                uipbuf_clr_attr_flag
                0x0000000000024989                uipbuf_is_attr_flag
 .text          0x00000000000249aa      0xba9 obj_cooja/mtype73.a(uip-icmp6.o)
                0x0000000000024a23                uip_icmp6_input
                0x0000000000024a7d                uip_icmp6_register_input_handler
                0x0000000000024d05                uip_icmp6_error_output
                0x0000000000025170                uip_icmp6_send
                0x00000000000254cc                uip_icmp6_echo_reply_callback_add
                0x000000000002550f                uip_icmp6_echo_reply_callback_rm
                0x0000000000025534                uip_icmp6_init
 .text          0x0000000000025553      0x587 obj_cooja/mtype73.a(uip-sr.o)
                0x0000000000025553                uip_sr_num_nodes
                0x00000000000255f6                uip_sr_get_node
                0x000000000002565a                uip_sr_is_addr_reachable
                0x000000000002571e                uip_sr_expire_parent
                0x000000000002577d                uip_sr_update_node
                0x00000000000258ea                uip_sr_init
                0x0000000000025916                uip_sr_node_head
                0x000000000002592b                uip_sr_node_next
                0x0000000000025945                uip_sr_periodic
                0x0000000000025a63                uip_sr_free_all
 .text          0x0000000000025ada      0x197 obj_cooja/mtype73.a(uip-packetqueue)
                0x0000000000025b12                uip_packetqueue_new
                0x0000000000025b28                uip_packetqueue_alloc
                0x0000000000025b9e                uip_packetqueue_free
                0x0000000000025bef                uip_packetqueue_buf
                0x0000000000025c17                uip_packetqueue_buflen
                0x0000000000025c42                uip_packetqueue_set_buflen
 .text          0x0000000000025c71      0x13c obj_cooja/mtype73.a(uip-udp-packet.)
                0x0000000000025c71                uip_udp_packet_send
                0x0000000000025cec                uip_udp_packet_sendto
 .text          0x0000000000025dad      0x211 obj_cooja/mtype73.a(rpl-nbr-policy.)
                0x0000000000025f6c                rpl_nbr_policy_find_removable
 .text          0x0000000000025fbe      0x74e obj_cooja/mtype73.a(rpl-neighbor.o)
                0x0000000000026024                rpl_neighbor_print_list
                0x00000000000260cb                rpl_neighbor_count
                0x00000000000261ae                rpl_neighbor_get_from_lladdr
                0x00000000000261d5                rpl_neighbor_is_acceptable_parent
                0x000000000002621d                rpl_neighbor_get_link_metric
                0x0000000000026265                rpl_neighbor_rank_via_nbr
                0x00000000000262ad                rpl_neighbor_get_lladdr
                0x00000000000262d4                rpl_neighbor_get_ipaddr
                0x00000000000262fe                rpl_neighbor_get_link_stats
                0x0000000000026328                rpl_neighbor_is_fresh
                0x0000000000026352                rpl_neighbor_is_reachable
                0x00000000000263a6                rpl_neighbor_is_parent
                0x00000000000263db                rpl_neighbor_set_preferred_parent
                0x000000000002649d                rpl_neighbor_remove_all
                0x00000000000264f5                rpl_neighbor_get_from_ipaddr
                0x0000000000026622                rpl_neighbor_select_best
                0x00000000000266ec                rpl_neighbor_init
 .text          0x000000000002670c     0x116b obj_cooja/mtype73.a(rpl-dag.o)
                0x000000000002670c                rpl_dag_state_to_str
                0x0000000000026759                rpl_dag_get_root_ipaddr
                0x000000000002679f                rpl_dag_leave
                0x0000000000026843                rpl_dag_poison_and_leave
                0x000000000002685d                rpl_dag_periodic
                0x000000000002691d                rpl_is_addr_in_our_dag
                0x0000000000026972                rpl_get_default_instance
                0x0000000000026995                rpl_get_any_dag
                0x00000000000269fa                rpl_global_repair
                0x0000000000026ade                rpl_local_repair
                0x0000000000026b3e                rpl_dag_ready_to_advertise
                0x0000000000026b92                rpl_dag_update_state
                0x0000000000027427                rpl_process_dio
                0x00000000000274c9                rpl_process_dis
                0x0000000000027516                rpl_process_dao
                0x00000000000275bb                rpl_process_dao_ack
                0x000000000002765f                rpl_process_hbh
                0x00000000000276ba                rpl_dag_init_root
                0x0000000000027852                rpl_dag_init
 .text          0x0000000000027877      0xd1b obj_cooja/mtype73.a(rpl-timers.o)
                0x0000000000027877                rpl_timers_schedule_periodic_dis
                0x0000000000027a7b                rpl_timers_dio_reset
                0x0000000000027bc2                rpl_timers_schedule_unicast_dio
                0x0000000000027dd3                rpl_timers_schedule_dao
                0x0000000000027f6b                rpl_timers_schedule_dao_ack
                0x000000000002801f                get_probing_delay
                0x00000000000280b4                get_probing_target
                0x0000000000028306                rpl_schedule_probing
                0x0000000000028366                rpl_timers_unschedule_leaving
                0x00000000000283a6                rpl_timers_schedule_leaving
                0x00000000000283f7                rpl_timers_init
                0x0000000000028498                rpl_timers_stop_dag_timers
                0x0000000000028521                rpl_timers_unschedule_state_update
                0x0000000000028547                rpl_timers_schedule_state_update
 .text          0x0000000000028592     0x1467 obj_cooja/mtype73.a(rpl-ext-header.)
                0x0000000000028592                rpl_ext_header_srh_get_next_hop
                0x0000000000028772                rpl_ext_header_srh_update
                0x0000000000029010                rpl_ext_header_hbh_update
                0x00000000000296f0                rpl_ext_header_update
                0x0000000000029796                rpl_ext_header_remove
 .text          0x00000000000299f9      0x374 obj_cooja/mtype73.a(rpl-mrhof.o)
 .text          0x0000000000029d6d     0x10bd obj_cooja/mtype73.a(frame802154e-ie)
                0x0000000000029ea2                frame80215e_create_ie_header_ack_nack_time_correction
                0x0000000000029f3c                frame80215e_create_ie_header_list_termination_1
                0x0000000000029f8d                frame80215e_create_ie_header_list_termination_2
                0x0000000000029fde                frame80215e_create_ie_payload_list_termination
                0x000000000002a02f                frame80215e_create_ie_mlme
                0x000000000002a086                frame80215e_create_ie_tsch_synchronization
                0x000000000002a154                frame80215e_create_ie_tsch_slotframe_and_link
                0x000000000002a39a                frame80215e_create_ie_tsch_timeslot
                0x000000000002a490                frame80215e_create_ie_tsch_channel_hopping_sequence
                0x000000000002ab03                frame802154e_parse_information_elements
 .text          0x000000000002ae2a        0x0 /usr/lib/gcc/x86_64-linux-gnu/7/crtendS.o
 .text          0x000000000002ae2a        0x0 /usr/lib/gcc/x86_64-linux-gnu/7/../../../x86_64-linux-gnu/crtn.o
 *(.gnu.warning)

.fini           0x000000000002ae2c        0x9
 *(SORT_NONE(.fini))
 .fini          0x000000000002ae2c        0x4 /usr/lib/gcc/x86_64-linux-gnu/7/../../../x86_64-linux-gnu/crti.o
                0x000000000002ae2c                _fini
 .fini          0x000000000002ae30        0x5 /usr/lib/gcc/x86_64-linux-gnu/7/../../../x86_64-linux-gnu/crtn.o
                [!provide]                        PROVIDE (__etext = .)
                [!provide]                        PROVIDE (_etext = .)
                [!provide]                        PROVIDE (etext = .)

.rodata         0x000000000002ae40      0x79e
 *(.rodata .rodata.* .gnu.linkonce.r.*)
 .rodata        0x000000000002ae40       0xa9 udp-server.o
 *fill*         0x000000000002aee9        0x7 
 .rodata        0x000000000002aef0       0xc3 obj_cooja/mtype73.o
 .rodata        0x000000000002afb3        0x7 obj_cooja/mtype73.a(button-sensor.o)
 .rodata        0x000000000002afba        0x4 obj_cooja/mtype73.a(pir-sensor.o)
 .rodata        0x000000000002afbe        0x6 obj_cooja/mtype73.a(rs232.o)
 .rodata        0x000000000002afc4        0xa obj_cooja/mtype73.a(vib-sensor.o)
 *fill*         0x000000000002afce        0x2 
 .rodata        0x000000000002afd0       0x27 obj_cooja/mtype73.a(cfs-cooja.o)
 *fill*         0x000000000002aff7        0x1 
 .rodata        0x000000000002aff8       0x3b obj_cooja/mtype73.a(cooja-radio.o)
 .rodata        0x000000000002b033        0x8 obj_cooja/mtype73.a(sensors.o)
 .rodata        0x000000000002b03b        0xc obj_cooja/mtype73.a(etimer.o)
 *fill*         0x000000000002b047        0x1 
 .rodata        0x000000000002b048       0xec obj_cooja/mtype73.a(log.o)
 .rodata        0x000000000002b134        0xf obj_cooja/mtype73.a(ctimer.o)
 .rodata        0x000000000002b143        0xe obj_cooja/mtype73.a(serial-line.o)
 *fill*         0x000000000002b151        0x7 
 .rodata        0x000000000002b158        0x8 obj_cooja/mtype73.a(linkaddr.o)
                0x000000000002b158                linkaddr_null
 .rodata        0x000000000002b160       0xab obj_cooja/mtype73.a(tsch.o)
                0x000000000002b178                tsch_broadcast_address
                0x000000000002b180                tsch_eb_address
 .rodata        0x000000000002b20b        0xd obj_cooja/mtype73.a(tcpip.o)
 .rodata        0x000000000002b218       0x5f obj_cooja/mtype73.a(uip-ds6-route.o)
 *fill*         0x000000000002b277        0x1 
 .rodata        0x000000000002b278       0xf4 obj_cooja/mtype73.a(uip6.o)
 .rodata        0x000000000002b36c       0x13 obj_cooja/mtype73.a(simple-udp.o)
 .rodata        0x000000000002b37f       0x27 obj_cooja/mtype73.a(sicslowpan.o)
                0x000000000002b389                unc_llconf
                0x000000000002b38d                unc_ctxconf
                0x000000000002b391                unc_mxconf
                0x000000000002b395                llprefix
 .rodata        0x000000000002b3a6        0x9 obj_cooja/mtype73.a(rpl.o)
 .rodata        0x000000000002b3af       0x13 obj_cooja/mtype73.a(mac-sequence.o)
 *fill*         0x000000000002b3c2        0x6 
 .rodata        0x000000000002b3c8       0xd0 obj_cooja/mtype73.a(tsch-schedule.o)
 .rodata        0x000000000002b498       0x5a obj_cooja/mtype73.a(tsch-slot-opera)
 .rodata        0x000000000002b4f2        0xd obj_cooja/mtype73.a(tsch-rpl.o)
 .rodata        0x000000000002b4ff       0xd3 obj_cooja/mtype73.a(rpl-dag.o)
 .rodata        0x000000000002b5d2        0xc obj_cooja/mtype73.a(rpl-timers.o)

.rodata1
 *(.rodata1)

.eh_frame_hdr   0x000000000002b5e0     0x16b4
 *(.eh_frame_hdr)
 .eh_frame_hdr  0x000000000002b5e0     0x16b4 udp-server.o
                0x000000000002b5e0                __GNU_EH_FRAME_HDR
 *(.eh_frame_entry .eh_frame_entry.*)

.eh_frame       0x000000000002cc98     0x5b3c
 *(.eh_frame)
 .eh_frame      0x000000000002cc98       0x40 /usr/lib/gcc/x86_64-linux-gnu/7/../../../x86_64-linux-gnu/crti.o
 .eh_frame      0x000000000002ccd8       0x18 /usr/lib/gcc/x86_64-linux-gnu/7/../../../x86_64-linux-gnu/crti.o
                                         0x30 (size before relaxing)
 .eh_frame      0x000000000002ccf0       0x88 udp-server.o
                                         0xa0 (size before relaxing)
 .eh_frame      0x000000000002cd78      0x138 obj_cooja/mtype73.o
                                        0x150 (size before relaxing)
 .eh_frame      0x000000000002ceb0       0x40 obj_cooja/mtype73.a(simEnvChange.o)
                                         0x58 (size before relaxing)
 .eh_frame      0x000000000002cef0       0x60 obj_cooja/mtype73.a(cooja_mt.o)
                                         0x78 (size before relaxing)
 .eh_frame      0x000000000002cf50       0x80 obj_cooja/mtype73.a(cooja_mtarch.o)
                                         0x98 (size before relaxing)
 .eh_frame      0x000000000002cfd0       0xc0 obj_cooja/mtype73.a(rtimer-arch.o)
                                         0xd8 (size before relaxing)
 .eh_frame      0x000000000002d090      0x160 obj_cooja/mtype73.a(beep.o)
                                        0x178 (size before relaxing)
 .eh_frame      0x000000000002d1f0       0xa0 obj_cooja/mtype73.a(button-sensor.o)
                                         0xb8 (size before relaxing)
 .eh_frame      0x000000000002d290       0xa0 obj_cooja/mtype73.a(leds-arch.o)
                                         0xb8 (size before relaxing)
 .eh_frame      0x000000000002d330       0x40 obj_cooja/mtype73.a(moteid.o)
                                         0x58 (size before relaxing)
 .eh_frame      0x000000000002d370       0xa0 obj_cooja/mtype73.a(pir-sensor.o)
                                         0xb8 (size before relaxing)
 .eh_frame      0x000000000002d410      0x100 obj_cooja/mtype73.a(rs232.o)
                                        0x118 (size before relaxing)
 .eh_frame      0x000000000002d510       0xa0 obj_cooja/mtype73.a(vib-sensor.o)
                                         0xb8 (size before relaxing)
 .eh_frame      0x000000000002d5b0       0xc0 obj_cooja/mtype73.a(clock.o)
                                         0xd8 (size before relaxing)
 .eh_frame      0x000000000002d670      0x128 obj_cooja/mtype73.a(cooja-log.o)
                                        0x140 (size before relaxing)
 .eh_frame      0x000000000002d798      0x160 obj_cooja/mtype73.a(cfs-cooja.o)
                                        0x178 (size before relaxing)
 .eh_frame      0x000000000002d8f8      0x360 obj_cooja/mtype73.a(cooja-radio.o)
                                        0x378 (size before relaxing)
 .eh_frame      0x000000000002dc58       0xa0 obj_cooja/mtype73.a(eeprom.o)
                                         0xb8 (size before relaxing)
 .eh_frame      0x000000000002dcf8       0x40 obj_cooja/mtype73.a(random.o)
                                         0x58 (size before relaxing)
 .eh_frame      0x000000000002dd38       0xc0 obj_cooja/mtype73.a(sensors.o)
                                         0xd8 (size before relaxing)
 .eh_frame      0x000000000002ddf8       0x40 obj_cooja/mtype73.a(autostart.o)
                                         0x58 (size before relaxing)
 .eh_frame      0x000000000002de38       0xa0 obj_cooja/mtype73.a(energest.o)
                                         0xb8 (size before relaxing)
 .eh_frame      0x000000000002ded8      0x1e0 obj_cooja/mtype73.a(etimer.o)
                                        0x1f8 (size before relaxing)
 .eh_frame      0x000000000002e0b8       0xe0 obj_cooja/mtype73.a(log.o)
                                         0xf8 (size before relaxing)
 .eh_frame      0x000000000002e198      0x100 obj_cooja/mtype73.a(ctimer.o)
                                        0x118 (size before relaxing)
 .eh_frame      0x000000000002e298      0x1c8 obj_cooja/mtype73.a(process.o)
                                        0x1e0 (size before relaxing)
 .eh_frame      0x000000000002e460       0x60 obj_cooja/mtype73.a(rtimer.o)
                                         0x78 (size before relaxing)
 .eh_frame      0x000000000002e4c0       0xa0 obj_cooja/mtype73.a(timer.o)
                                         0xb8 (size before relaxing)
 .eh_frame      0x000000000002e560       0x60 obj_cooja/mtype73.a(serial-line.o)
                                         0x78 (size before relaxing)
 .eh_frame      0x000000000002e5c0       0xa0 obj_cooja/mtype73.a(ringbuf.o)
                                         0xb8 (size before relaxing)
 .eh_frame      0x000000000002e660      0x180 obj_cooja/mtype73.a(list.o)
                                        0x198 (size before relaxing)
 .eh_frame      0x000000000002e7e0      0x288 obj_cooja/mtype73.a(packetbuf.o)
                                        0x2a0 (size before relaxing)
 .eh_frame      0x000000000002ea68       0x80 obj_cooja/mtype73.a(netstack.o)
                                         0x98 (size before relaxing)
 .eh_frame      0x000000000002eae8       0x60 obj_cooja/mtype73.a(linkaddr.o)
                                         0x78 (size before relaxing)
 .eh_frame      0x000000000002eb48      0x328 obj_cooja/mtype73.a(tsch.o)
                                        0x340 (size before relaxing)
 .eh_frame      0x000000000002ee70      0x2e8 obj_cooja/mtype73.a(uip-ds6.o)
                                        0x300 (size before relaxing)
 .eh_frame      0x000000000002f158      0x248 obj_cooja/mtype73.a(tcpip.o)
                                        0x260 (size before relaxing)
 .eh_frame      0x000000000002f3a0      0x220 obj_cooja/mtype73.a(uip-ds6-route.o)
                                        0x238 (size before relaxing)
 .eh_frame      0x000000000002f5c0      0x1a0 obj_cooja/mtype73.a(uip-ds6-nbr.o)
                                        0x1b8 (size before relaxing)
 .eh_frame      0x000000000002f760      0x1a8 obj_cooja/mtype73.a(uip6.o)
                                        0x1c0 (size before relaxing)
 .eh_frame      0x000000000002f908       0x80 obj_cooja/mtype73.a(uip-nd6.o)
                                         0x98 (size before relaxing)
 .eh_frame      0x000000000002f988       0xc0 obj_cooja/mtype73.a(simple-udp.o)
                                         0xd8 (size before relaxing)
 .eh_frame      0x000000000002fa48      0x2c0 obj_cooja/mtype73.a(sicslowpan.o)
                                        0x2d8 (size before relaxing)
 .eh_frame      0x000000000002fd08      0x1a0 obj_cooja/mtype73.a(rpl.o)
                                        0x1b8 (size before relaxing)
 .eh_frame      0x000000000002fea8      0x1c0 obj_cooja/mtype73.a(rpl-icmp6.o)
                                        0x1d8 (size before relaxing)
 .eh_frame      0x0000000000030068       0x80 obj_cooja/mtype73.a(rpl-dag-root.o)
                                         0x98 (size before relaxing)
 .eh_frame      0x00000000000300e8       0xa0 obj_cooja/mtype73.a(watchdog.o)
                                         0xb8 (size before relaxing)
 .eh_frame      0x0000000000030188       0xc0 obj_cooja/mtype73.a(stimer.o)
                                         0xd8 (size before relaxing)
 .eh_frame      0x0000000000030248      0x120 obj_cooja/mtype73.a(ringbufindex.o)
                                        0x138 (size before relaxing)
 .eh_frame      0x0000000000030368       0xa0 obj_cooja/mtype73.a(memb.o)
                                         0xb8 (size before relaxing)
 .eh_frame      0x0000000000030408      0x1a0 obj_cooja/mtype73.a(queuebuf.o)
                                        0x1b8 (size before relaxing)
 .eh_frame      0x00000000000305a8      0x2c0 obj_cooja/mtype73.a(nbr-table.o)
                                        0x2d8 (size before relaxing)
 .eh_frame      0x0000000000030868      0x100 obj_cooja/mtype73.a(link-stats.o)
                                        0x118 (size before relaxing)
 .eh_frame      0x0000000000030968       0x48 obj_cooja/mtype73.a(mac-sequence.o)
                                         0x60 (size before relaxing)
 .eh_frame      0x00000000000309b0       0x20 obj_cooja/mtype73.a(mac.o)
                                         0x38 (size before relaxing)
 .eh_frame      0x00000000000309d0       0xa8 obj_cooja/mtype73.a(framer-802154.o)
                                         0xc0 (size before relaxing)
 .eh_frame      0x0000000000030a78      0x1a8 obj_cooja/mtype73.a(frame802154.o)
                                        0x1c0 (size before relaxing)
 .eh_frame      0x0000000000030c20      0x2e0 obj_cooja/mtype73.a(tsch-queue.o)
                                        0x2f8 (size before relaxing)
 .eh_frame      0x0000000000030f00      0x1e0 obj_cooja/mtype73.a(tsch-schedule.o)
                                        0x1f8 (size before relaxing)
 .eh_frame      0x00000000000310e0      0x1c8 obj_cooja/mtype73.a(tsch-slot-opera)
                                        0x1e0 (size before relaxing)
 .eh_frame      0x00000000000312a8       0xe8 obj_cooja/mtype73.a(tsch-packet.o)
                                        0x100 (size before relaxing)
 .eh_frame      0x0000000000031390       0xa0 obj_cooja/mtype73.a(tsch-rpl.o)
                                         0xb8 (size before relaxing)
 .eh_frame      0x0000000000031430       0xc0 obj_cooja/mtype73.a(tsch-adaptive-t)
                                         0xd8 (size before relaxing)
 .eh_frame      0x00000000000314f0      0x100 obj_cooja/mtype73.a(uipbuf.o)
                                        0x118 (size before relaxing)
 .eh_frame      0x00000000000315f0      0x148 obj_cooja/mtype73.a(uip-icmp6.o)
                                        0x160 (size before relaxing)
 .eh_frame      0x0000000000031738      0x160 obj_cooja/mtype73.a(uip-sr.o)
                                        0x178 (size before relaxing)
 .eh_frame      0x0000000000031898       0xe0 obj_cooja/mtype73.a(uip-packetqueue)
                                         0xf8 (size before relaxing)
 .eh_frame      0x0000000000031978       0x40 obj_cooja/mtype73.a(uip-udp-packet.)
                                         0x58 (size before relaxing)
 .eh_frame      0x00000000000319b8       0x80 obj_cooja/mtype73.a(rpl-nbr-policy.)
                                         0x98 (size before relaxing)
 .eh_frame      0x0000000000031a38      0x280 obj_cooja/mtype73.a(rpl-neighbor.o)
                                        0x298 (size before relaxing)
 .eh_frame      0x0000000000031cb8      0x340 obj_cooja/mtype73.a(rpl-dag.o)
                                        0x358 (size before relaxing)
 .eh_frame      0x0000000000031ff8      0x348 obj_cooja/mtype73.a(rpl-timers.o)
                                        0x360 (size before relaxing)
 .eh_frame      0x0000000000032340      0x128 obj_cooja/mtype73.a(rpl-ext-header.)
                                        0x140 (size before relaxing)
 .eh_frame      0x0000000000032468      0x148 obj_cooja/mtype73.a(rpl-mrhof.o)
                                        0x160 (size before relaxing)
 .eh_frame      0x00000000000325b0      0x220 obj_cooja/mtype73.a(frame802154e-ie)
                                        0x238 (size before relaxing)
 .eh_frame      0x00000000000327d0        0x4 /usr/lib/gcc/x86_64-linux-gnu/7/crtendS.o
 *(.eh_frame.*)

.gcc_except_table
 *(.gcc_except_table .gcc_except_table.*)

.gnu_extab
 *(.gnu_extab*)

.exception_ranges
 *(.exception_ranges .exception_ranges*)
                0x00000000002335f0                . = DATA_SEGMENT_ALIGN (CONSTANT (MAXPAGESIZE), CONSTANT (COMMONPAGESIZE))

.eh_frame
 *(.eh_frame)
 *(.eh_frame.*)

.gnu_extab
 *(.gnu_extab)

.gcc_except_table
 *(.gcc_except_table .gcc_except_table.*)

.exception_ranges
 *(.exception_ranges .exception_ranges*)

.tdata
 *(.tdata .tdata.* .gnu.linkonce.td.*)

.tbss
 *(.tbss .tbss.* .gnu.linkonce.tb.*)
 *(.tcommon)

.preinit_array
 *(.preinit_array)

.init_array     0x00000000002335f0        0x8
 *(SORT_BY_INIT_PRIORITY(.init_array.*) SORT_BY_INIT_PRIORITY(.ctors.*))
 *(.init_array EXCLUDE_FILE(*crtend?.o *crtend.o *crtbegin?.o *crtbegin.o) .ctors)
 .init_array    0x00000000002335f0        0x8 /usr/lib/gcc/x86_64-linux-gnu/7/crtbeginS.o

.fini_array     0x00000000002335f8        0x8
 *(SORT_BY_INIT_PRIORITY(.fini_array.*) SORT_BY_INIT_PRIORITY(.dtors.*))
 *(.fini_array EXCLUDE_FILE(*crtend?.o *crtend.o *crtbegin?.o *crtbegin.o) .dtors)
 .fini_array    0x00000000002335f8        0x8 /usr/lib/gcc/x86_64-linux-gnu/7/crtbeginS.o

.ctors
 *crtbegin.o(.ctors)
 *crtbegin?.o(.ctors)
 *(EXCLUDE_FILE(*crtend?.o *crtend.o) .ctors)
 *(SORT_BY_NAME(.ctors.*))
 *(.ctors)

.dtors
 *crtbegin.o(.dtors)
 *crtbegin?.o(.dtors)
 *(EXCLUDE_FILE(*crtend?.o *crtend.o) .dtors)
 *(SORT_BY_NAME(.dtors.*))
 *(.dtors)

.jcr
 *(.jcr)

.data.rel.ro    0x0000000000233600      0x348
 *(.data.rel.ro.local* .gnu.linkonce.d.rel.ro.local.*)
 .data.rel.ro.local
                0x0000000000233600       0x10 obj_cooja/mtype73.a(beep.o)
                0x0000000000233600                beep_interface
 *fill*         0x0000000000233610       0x10 
 .data.rel.ro.local
                0x0000000000233620       0x40 obj_cooja/mtype73.a(button-sensor.o)
                0x0000000000233620                button_interface
                0x0000000000233640                button_sensor
 .data.rel.ro.local
                0x0000000000233660       0x10 obj_cooja/mtype73.a(leds-arch.o)
                0x0000000000233660                leds_interface
 .data.rel.ro.local
                0x0000000000233670       0x10 obj_cooja/mtype73.a(moteid.o)
                0x0000000000233670                moteid_interface
 .data.rel.ro.local
                0x0000000000233680       0x40 obj_cooja/mtype73.a(pir-sensor.o)
                0x0000000000233680                pir_interface
                0x00000000002336a0                pir_sensor
 .data.rel.ro.local
                0x00000000002336c0       0x10 obj_cooja/mtype73.a(rs232.o)
                0x00000000002336c0                rs232_interface
 *fill*         0x00000000002336d0       0x10 
 .data.rel.ro.local
                0x00000000002336e0       0x40 obj_cooja/mtype73.a(vib-sensor.o)
                0x00000000002336e0                vib_interface
                0x0000000000233700                vib_sensor
 .data.rel.ro.local
                0x0000000000233720       0x10 obj_cooja/mtype73.a(clock.o)
                0x0000000000233720                clock_interface
 .data.rel.ro.local
                0x0000000000233730       0x10 obj_cooja/mtype73.a(cooja-log.o)
                0x0000000000233730                simlog_interface
 .data.rel.ro.local
                0x0000000000233740       0x10 obj_cooja/mtype73.a(cfs-cooja.o)
                0x0000000000233740                cfs_interface
 *fill*         0x0000000000233750       0x10 
 .data.rel.ro.local
                0x0000000000233760       0x90 obj_cooja/mtype73.a(cooja-radio.o)
                0x0000000000233760                radio_interface
                0x0000000000233770                dummy_interface
                0x0000000000233780                cooja_radio_driver
 .data.rel.ro.local
                0x00000000002337f0       0x10 obj_cooja/mtype73.a(eeprom.o)
                0x00000000002337f0                eeprom_interface
 .data.rel.ro.local
                0x0000000000233800       0x30 obj_cooja/mtype73.a(tsch.o)
                0x0000000000233800                tschmac_driver
 .data.rel.ro.local
                0x0000000000233830       0x18 obj_cooja/mtype73.a(framer-802154.o)
                0x0000000000233830                framer_802154
 *(.data.rel.ro .data.rel.ro.* .gnu.linkonce.d.rel.ro.*)
 .data.rel.ro   0x0000000000233848        0x0 /usr/lib/gcc/x86_64-linux-gnu/7/../../../x86_64-linux-gnu/crti.o
 *fill*         0x0000000000233848        0x8 
 .data.rel.ro   0x0000000000233850       0x18 udp-server.o
                0x0000000000233850                autostart_processes
 *fill*         0x0000000000233868       0x18 
 .data.rel.ro   0x0000000000233880       0x20 obj_cooja/mtype73.a(sicslowpan.o)
                0x0000000000233880                sicslowpan_driver
 .data.rel.ro   0x00000000002338a0       0xa0 obj_cooja/mtype73.a(rpl.o)
                0x00000000002338a0                rpl_lite_driver
 .data.rel.ro   0x0000000000233940        0x8 obj_cooja/mtype73.a(rpl-dag.o)

.dynamic        0x0000000000233948      0x1c0
 *(.dynamic)
 .dynamic       0x0000000000233948      0x1c0 /usr/lib/gcc/x86_64-linux-gnu/7/../../../x86_64-linux-gnu/crti.o
                0x0000000000233948                _DYNAMIC

.got            0x0000000000233b08      0x4f8
 *(.got)
 .got           0x0000000000233b08      0x4f8 /usr/lib/gcc/x86_64-linux-gnu/7/../../../x86_64-linux-gnu/crti.o
 *(.igot)
                0x0000000000234fe8                . = DATA_SEGMENT_RELRO_END (., (SIZEOF (.got.plt) >= 0x18)?0x18:0x0)

.got.plt        0x0000000000234000      0xb28
 *(.got.plt)
 .got.plt       0x0000000000234000      0xb28 /usr/lib/gcc/x86_64-linux-gnu/7/../../../x86_64-linux-gnu/crti.o
                0x0000000000234000                _GLOBAL_OFFSET_TABLE_
 *(.igot.plt)

.data           0x0000000000234b40      0x728
 *(.data .data.* .gnu.linkonce.d.*)
 .data          0x0000000000234b40        0x0 /usr/lib/gcc/x86_64-linux-gnu/7/../../../x86_64-linux-gnu/crti.o
 .data          0x0000000000234b40        0x0 /usr/lib/gcc/x86_64-linux-gnu/7/crtbeginS.o
 .data.rel.local
                0x0000000000234b40        0x8 /usr/lib/gcc/x86_64-linux-gnu/7/crtbeginS.o
                0x0000000000234b40                __dso_handle
 .data          0x0000000000234b48        0x1 udp-server.o
 *fill*         0x0000000000234b49       0x17 
 .data.rel.local
                0x0000000000234b60       0x40 udp-server.o
                0x0000000000234b60                udp_server_process
                0x0000000000234b80                Energest
 .data          0x0000000000234ba0        0x0 obj_cooja/mtype73.o
 .data.rel      0x0000000000234ba0       0xa0 obj_cooja/mtype73.o
                0x0000000000234ba0                simInterfaces
                0x0000000000234c20                sensors
 .data          0x0000000000234c40        0x0 obj_cooja/mtype73.a(simEnvChange.o)
 .data          0x0000000000234c40        0x0 obj_cooja/mtype73.a(cooja_mt.o)
 .data          0x0000000000234c40        0x0 obj_cooja/mtype73.a(cooja_mtarch.o)
 .data          0x0000000000234c40        0x0 obj_cooja/mtype73.a(rtimer-arch.o)
 .data          0x0000000000234c40        0x0 obj_cooja/mtype73.a(beep.o)
 .data          0x0000000000234c40        0x0 obj_cooja/mtype73.a(button-sensor.o)
 .data          0x0000000000234c40        0x0 obj_cooja/mtype73.a(leds-arch.o)
 .data          0x0000000000234c40        0x0 obj_cooja/mtype73.a(moteid.o)
 .data          0x0000000000234c40        0x0 obj_cooja/mtype73.a(pir-sensor.o)
 .data          0x0000000000234c40        0x0 obj_cooja/mtype73.a(rs232.o)
 .data          0x0000000000234c40        0x0 obj_cooja/mtype73.a(vib-sensor.o)
 .data          0x0000000000234c40        0x0 obj_cooja/mtype73.a(clock.o)
 .data          0x0000000000234c40        0x0 obj_cooja/mtype73.a(cooja-log.o)
 .data          0x0000000000234c40        0x0 obj_cooja/mtype73.a(cfs-cooja.o)
 .data          0x0000000000234c40       0x34 obj_cooja/mtype73.a(cooja-radio.o)
                0x0000000000234c40                simRadioHWOn
                0x0000000000234c44                simSignalStrength
                0x0000000000234c48                simLastSignalStrength
                0x0000000000234c4c                simPower
                0x0000000000234c50                simRadioChannel
                0x0000000000234c54                simLQI
                0x0000000000234c58                simRadioHWOnDummy
                0x0000000000234c5c                simSignalStrengthDummy
                0x0000000000234c60                simLastSignalStrengthDummy
                0x0000000000234c64                simPowerDummy
                0x0000000000234c68                simRadioChannelDummy
                0x0000000000234c6c                simLQIDummy
 *fill*         0x0000000000234c74        0xc 
 .data.rel.local
                0x0000000000234c80       0x20 obj_cooja/mtype73.a(cooja-radio.o)
                0x0000000000234c80                cooja_radio_process1
 .data          0x0000000000234ca0        0x0 obj_cooja/mtype73.a(eeprom.o)
 .data          0x0000000000234ca0        0x0 obj_cooja/mtype73.a(random.o)
 .data          0x0000000000234ca0        0x0 obj_cooja/mtype73.a(sensors.o)
 .data.rel.local
                0x0000000000234ca0       0x20 obj_cooja/mtype73.a(sensors.o)
                0x0000000000234ca0                sensors_process
 .data          0x0000000000234cc0        0x0 obj_cooja/mtype73.a(autostart.o)
 .data          0x0000000000234cc0        0x0 obj_cooja/mtype73.a(energest.o)
 .data          0x0000000000234cc0        0x0 obj_cooja/mtype73.a(etimer.o)
 .data.rel.local
                0x0000000000234cc0       0x20 obj_cooja/mtype73.a(etimer.o)
                0x0000000000234cc0                etimer_process
 .data          0x0000000000234ce0        0x4 obj_cooja/mtype73.a(log.o)
                0x0000000000234ce0                curr_log_level_main
 *fill*         0x0000000000234ce4       0x1c 
 .data.rel      0x0000000000234d00      0x120 obj_cooja/mtype73.a(log.o)
                0x0000000000234d00                all_modules
 .data          0x0000000000234e20        0x0 obj_cooja/mtype73.a(ctimer.o)
 .data.rel.local
                0x0000000000234e20       0x40 obj_cooja/mtype73.a(ctimer.o)
                0x0000000000234e40                ctimer_process
 .data          0x0000000000234e60        0x0 obj_cooja/mtype73.a(process.o)
 .data          0x0000000000234e60        0x0 obj_cooja/mtype73.a(rtimer.o)
 .data          0x0000000000234e60        0x0 obj_cooja/mtype73.a(timer.o)
 .data          0x0000000000234e60        0x0 obj_cooja/mtype73.a(serial-line.o)
 .data.rel.local
                0x0000000000234e60       0x20 obj_cooja/mtype73.a(serial-line.o)
                0x0000000000234e60                serial_line_process
 .data          0x0000000000234e80        0x0 obj_cooja/mtype73.a(ringbuf.o)
 .data          0x0000000000234e80        0x0 obj_cooja/mtype73.a(list.o)
 .data          0x0000000000234e80        0x0 obj_cooja/mtype73.a(packetbuf.o)
 .data.rel.local
                0x0000000000234e80        0x8 obj_cooja/mtype73.a(packetbuf.o)
 .data          0x0000000000234e88        0x0 obj_cooja/mtype73.a(netstack.o)
 .data.rel.local
                0x0000000000234e88        0x8 obj_cooja/mtype73.a(netstack.o)
 .data          0x0000000000234e90        0x0 obj_cooja/mtype73.a(linkaddr.o)
 .data          0x0000000000234e90        0x0 obj_cooja/mtype73.a(tsch.o)
 *fill*         0x0000000000234e90       0x10 
 .data.rel.local
                0x0000000000234ea0       0x60 obj_cooja/mtype73.a(tsch.o)
                0x0000000000234ea0                tsch_process
                0x0000000000234ec0                tsch_send_eb_process
                0x0000000000234ee0                tsch_pending_events_process
 .data          0x0000000000234f00        0x0 obj_cooja/mtype73.a(uip-ds6.o)
 .data          0x0000000000234f00        0x0 obj_cooja/mtype73.a(tcpip.o)
 .data.rel.local
                0x0000000000234f00       0x20 obj_cooja/mtype73.a(tcpip.o)
                0x0000000000234f00                tcpip_process
 .data          0x0000000000234f20        0x0 obj_cooja/mtype73.a(uip-ds6-route.o)
 .data.rel.local
                0x0000000000234f20       0x28 obj_cooja/mtype73.a(uip-ds6-route.o)
 .data          0x0000000000234f48        0x0 obj_cooja/mtype73.a(uip-ds6-nbr.o)
 *fill*         0x0000000000234f48        0x8 
 .data.rel.local
                0x0000000000234f50       0x20 obj_cooja/mtype73.a(uip-ds6-nbr.o)
                0x0000000000234f68                ds6_neighbors
 .data          0x0000000000234f70        0x0 obj_cooja/mtype73.a(uip6.o)
 .data          0x0000000000234f70        0x0 obj_cooja/mtype73.a(uip-nd6.o)
 .data.rel.local
                0x0000000000234f70       0x18 obj_cooja/mtype73.a(uip-nd6.o)
 .data          0x0000000000234f88        0x0 obj_cooja/mtype73.a(simple-udp.o)
 *fill*         0x0000000000234f88       0x18 
 .data.rel.local
                0x0000000000234fa0       0x20 obj_cooja/mtype73.a(simple-udp.o)
                0x0000000000234fa0                simple_udp_process
 .data          0x0000000000234fc0        0x0 obj_cooja/mtype73.a(sicslowpan.o)
 .data          0x0000000000234fc0        0x0 obj_cooja/mtype73.a(rpl.o)
 .data          0x0000000000234fc0        0x0 obj_cooja/mtype73.a(rpl-icmp6.o)
 .data.rel.local
                0x0000000000234fc0       0x78 obj_cooja/mtype73.a(rpl-icmp6.o)
 .data          0x0000000000235038        0x0 obj_cooja/mtype73.a(rpl-dag-root.o)
 .data          0x0000000000235038        0x0 obj_cooja/mtype73.a(watchdog.o)
 .data          0x0000000000235038        0x0 obj_cooja/mtype73.a(stimer.o)
 .data          0x0000000000235038        0x0 obj_cooja/mtype73.a(ringbufindex.o)
 .data          0x0000000000235038        0x0 obj_cooja/mtype73.a(memb.o)
 .data          0x0000000000235038        0x0 obj_cooja/mtype73.a(queuebuf.o)
 *fill*         0x0000000000235038        0x8 
 .data.rel.local
                0x0000000000235040       0x38 obj_cooja/mtype73.a(queuebuf.o)
 .data          0x0000000000235078        0x0 obj_cooja/mtype73.a(nbr-table.o)
 *fill*         0x0000000000235078        0x8 
 .data.rel.local
                0x0000000000235080       0x20 obj_cooja/mtype73.a(nbr-table.o)
 .data          0x00000000002350a0        0x0 obj_cooja/mtype73.a(link-stats.o)
 .data.rel.local
                0x00000000002350a0       0x20 obj_cooja/mtype73.a(link-stats.o)
 .data          0x00000000002350c0        0x0 obj_cooja/mtype73.a(mac-sequence.o)
 .data          0x00000000002350c0        0x0 obj_cooja/mtype73.a(mac.o)
 .data          0x00000000002350c0        0x0 obj_cooja/mtype73.a(framer-802154.o)
 .data          0x00000000002350c0        0x2 obj_cooja/mtype73.a(frame802154.o)
 .data          0x00000000002350c2        0x0 obj_cooja/mtype73.a(tsch-queue.o)
 *fill*         0x00000000002350c2        0xe 
 .data.rel.local
                0x00000000002350d0       0x40 obj_cooja/mtype73.a(tsch-queue.o)
 .data          0x0000000000235110        0x0 obj_cooja/mtype73.a(tsch-schedule.o)
 .data.rel.local
                0x0000000000235110       0x40 obj_cooja/mtype73.a(tsch-schedule.o)
 .data          0x0000000000235150        0x4 obj_cooja/mtype73.a(tsch-slot-opera)
 .data          0x0000000000235154        0x0 obj_cooja/mtype73.a(tsch-packet.o)
 .data          0x0000000000235154        0x0 obj_cooja/mtype73.a(tsch-rpl.o)
 .data          0x0000000000235154        0x0 obj_cooja/mtype73.a(tsch-adaptive-t)
 .data          0x0000000000235154        0x0 obj_cooja/mtype73.a(uipbuf.o)
 .data          0x0000000000235154        0x0 obj_cooja/mtype73.a(uip-icmp6.o)
 *fill*         0x0000000000235154        0xc 
 .data.rel.local
                0x0000000000235160       0x48 obj_cooja/mtype73.a(uip-icmp6.o)
 .data          0x00000000002351a8        0x0 obj_cooja/mtype73.a(uip-sr.o)
 *fill*         0x00000000002351a8        0x8 
 .data.rel.local
                0x00000000002351b0       0x28 obj_cooja/mtype73.a(uip-sr.o)
 .data          0x00000000002351d8        0x0 obj_cooja/mtype73.a(uip-packetqueue)
 *fill*         0x00000000002351d8        0x8 
 .data.rel.local
                0x00000000002351e0       0x18 obj_cooja/mtype73.a(uip-packetqueue)
 .data          0x00000000002351f8        0x0 obj_cooja/mtype73.a(uip-udp-packet.)
 .data          0x00000000002351f8        0x0 obj_cooja/mtype73.a(rpl-nbr-policy.)
 .data          0x00000000002351f8        0x0 obj_cooja/mtype73.a(rpl-neighbor.o)
 *fill*         0x00000000002351f8        0x8 
 .data.rel.local
                0x0000000000235200       0x20 obj_cooja/mtype73.a(rpl-neighbor.o)
                0x0000000000235218                rpl_neighbors
 .data          0x0000000000235220        0x0 obj_cooja/mtype73.a(rpl-dag.o)
 .data          0x0000000000235220        0x0 obj_cooja/mtype73.a(rpl-timers.o)
 .data          0x0000000000235220        0x0 obj_cooja/mtype73.a(rpl-ext-header.)
 .data          0x0000000000235220        0x0 obj_cooja/mtype73.a(rpl-mrhof.o)
 .data.rel.local
                0x0000000000235220       0x48 obj_cooja/mtype73.a(rpl-mrhof.o)
                0x0000000000235220                rpl_mrhof
 .data          0x0000000000235268        0x0 obj_cooja/mtype73.a(frame802154e-ie)
 .data          0x0000000000235268        0x0 /usr/lib/gcc/x86_64-linux-gnu/7/crtendS.o
 .data          0x0000000000235268        0x0 /usr/lib/gcc/x86_64-linux-gnu/7/../../../x86_64-linux-gnu/crtn.o

.tm_clone_table
                0x0000000000235268        0x0
 .tm_clone_table
                0x0000000000235268        0x0 /usr/lib/gcc/x86_64-linux-gnu/7/crtbeginS.o
 .tm_clone_table
                0x0000000000235268        0x0 /usr/lib/gcc/x86_64-linux-gnu/7/crtendS.o

.data1
 *(.data1)
                0x0000000000235268                _edata = .
                [!provide]                        PROVIDE (edata = .)
                0x0000000000235268                . = .
                0x0000000000235268                __bss_start = .

.bss            0x0000000000235280    0x1aee0
 *(.dynbss)
 .dynbss        0x0000000000235280        0x0 /usr/lib/gcc/x86_64-linux-gnu/7/../../../x86_64-linux-gnu/crti.o
 *(.bss .bss.* .gnu.linkonce.b.*)
 .bss           0x0000000000235280        0x0 /usr/lib/gcc/x86_64-linux-gnu/7/../../../x86_64-linux-gnu/crti.o
 .bss           0x0000000000235280        0x1 /usr/lib/gcc/x86_64-linux-gnu/7/crtbeginS.o
 *fill*         0x0000000000235281       0x1f 
 .bss           0x00000000002352a0       0x80 udp-server.o
 .bss           0x0000000000235320     0x4040 obj_cooja/mtype73.o
 .bss           0x0000000000239360        0x1 obj_cooja/mtype73.a(simEnvChange.o)
                0x0000000000239360                simDontFallAsleep
 *fill*         0x0000000000239361        0x7 
 .bss           0x0000000000239368        0x8 obj_cooja/mtype73.a(cooja_mt.o)
 .bss           0x0000000000239370        0x8 obj_cooja/mtype73.a(cooja_mtarch.o)
 .bss           0x0000000000239378        0x0 obj_cooja/mtype73.a(rtimer-arch.o)
 .bss           0x0000000000239378        0x0 obj_cooja/mtype73.a(beep.o)
 *fill*         0x0000000000239378        0x8 
 .bss           0x0000000000239380       0x10 obj_cooja/mtype73.a(button-sensor.o)
 .bss           0x0000000000239390        0x0 obj_cooja/mtype73.a(leds-arch.o)
 .bss           0x0000000000239390        0x0 obj_cooja/mtype73.a(moteid.o)
 .bss           0x0000000000239390        0x1 obj_cooja/mtype73.a(pir-sensor.o)
                0x0000000000239390                simPirValue
 *fill*         0x0000000000239391        0x7 
 .bss           0x0000000000239398        0x8 obj_cooja/mtype73.a(rs232.o)
 .bss           0x00000000002393a0        0x1 obj_cooja/mtype73.a(vib-sensor.o)
                0x00000000002393a0                simVibValue
 .bss           0x00000000002393a1        0x0 obj_cooja/mtype73.a(clock.o)
 *fill*         0x00000000002393a1       0x1f 
 .bss           0x00000000002393c0      0x420 obj_cooja/mtype73.a(cooja-log.o)
 .bss           0x00000000002397e0      0xfc0 obj_cooja/mtype73.a(cfs-cooja.o)
                0x00000000002397e0                simCFSData
                0x000000000023a780                simCFSSize
                0x000000000023a784                simCFSChanged
                0x000000000023a788                simCFSRead
                0x000000000023a78c                simCFSWritten
 .bss           0x000000000023a7a0       0x50 obj_cooja/mtype73.a(cooja-radio.o)
                0x000000000023a7a0                simReceiving
                0x000000000023a7a4                simInSize
                0x000000000023a7a8                simLastPacketTimestamp
                0x000000000023a7b0                simOutSize
                0x000000000023a7b4                simReceivingDummy
                0x000000000023a7b8                simInSizeDummy
                0x000000000023a7c0                simLastPacketTimestampDummy
                0x000000000023a7c8                simOutSizeDummy
 .bss           0x000000000023a7f0        0xc obj_cooja/mtype73.a(eeprom.o)
                0x000000000023a7f0                simEEPROMChanged
                0x000000000023a7f4                simEEPROMRead
                0x000000000023a7f8                simEEPROMWritten
 .bss           0x000000000023a7fc        0x0 obj_cooja/mtype73.a(random.o)
 .bss           0x000000000023a7fc        0xc obj_cooja/mtype73.a(sensors.o)
 .bss           0x000000000023a808        0x0 obj_cooja/mtype73.a(autostart.o)
 .bss           0x000000000023a808        0x0 obj_cooja/mtype73.a(energest.o)
 .bss           0x000000000023a808       0x10 obj_cooja/mtype73.a(etimer.o)
 .bss           0x000000000023a818       0x28 obj_cooja/mtype73.a(log.o)
                0x000000000023a818                curr_log_level_rpl
                0x000000000023a81c                curr_log_level_tcpip
                0x000000000023a820                curr_log_level_ipv6
                0x000000000023a824                curr_log_level_6lowpan
                0x000000000023a828                curr_log_level_nullnet
                0x000000000023a82c                curr_log_level_mac
                0x000000000023a830                curr_log_level_framer
                0x000000000023a834                curr_log_level_6top
                0x000000000023a838                curr_log_level_coap
                0x000000000023a83c                curr_log_level_lwm2m
 .bss           0x000000000023a840        0x9 obj_cooja/mtype73.a(ctimer.o)
 *fill*         0x000000000023a849       0x17 
 .bss           0x000000000023a860      0x321 obj_cooja/mtype73.a(process.o)
                0x000000000023a860                process_list
                0x000000000023a868                process_current
 *fill*         0x000000000023ab81        0x7 
 .bss           0x000000000023ab88        0x8 obj_cooja/mtype73.a(rtimer.o)
 .bss           0x000000000023ab90        0x0 obj_cooja/mtype73.a(timer.o)
 *fill*         0x000000000023ab90       0x10 
 .bss           0x000000000023aba0      0x140 obj_cooja/mtype73.a(serial-line.o)
 .bss           0x000000000023ace0        0x0 obj_cooja/mtype73.a(ringbuf.o)
 .bss           0x000000000023ace0        0x0 obj_cooja/mtype73.a(list.o)
 .bss           0x000000000023ace0       0xa0 obj_cooja/mtype73.a(packetbuf.o)
 .bss           0x000000000023ad80        0x8 obj_cooja/mtype73.a(netstack.o)
 .bss           0x000000000023ad88        0x0 obj_cooja/mtype73.a(linkaddr.o)
 *fill*         0x000000000023ad88       0x18 
 .bss           0x000000000023ada0      0x180 obj_cooja/mtype73.a(tsch.o)
                0x000000000023ada0                tsch_is_started
                0x000000000023ada4                tsch_is_initialized
                0x000000000023ada8                tsch_is_coordinator
                0x000000000023adac                tsch_is_associated
                0x000000000023adb0                tsch_association_count
                0x000000000023adb4                tsch_is_pan_secured
 .bss           0x000000000023af20       0x30 obj_cooja/mtype73.a(uip-ds6.o)
 *fill*         0x000000000023af50       0x10 
 .bss           0x000000000023af60       0x20 obj_cooja/mtype73.a(tcpip.o)
 .bss           0x000000000023af80       0x80 obj_cooja/mtype73.a(uip-ds6-route.o)
 .bss           0x000000000023b000     0x2580 obj_cooja/mtype73.a(uip-ds6-nbr.o)
 .bss           0x000000000023d580        0x6 obj_cooja/mtype73.a(uip6.o)
                0x000000000023d580                uip_ext_bitmap
                0x000000000023d581                uip_ext_len
                0x000000000023d582                uip_ext_opt_offset
 *fill*         0x000000000023d586        0x2 
 .bss           0x000000000023d588       0x20 obj_cooja/mtype73.a(uip-nd6.o)
 *fill*         0x000000000023d5a8       0x18 
 .bss           0x000000000023d5c0      0x520 obj_cooja/mtype73.a(simple-udp.o)
 .bss           0x000000000023dae0      0x718 obj_cooja/mtype73.a(sicslowpan.o)
 .bss           0x000000000023e1f8        0x0 obj_cooja/mtype73.a(rpl.o)
 .bss           0x000000000023e1f8        0x0 obj_cooja/mtype73.a(rpl-icmp6.o)
 *fill*         0x000000000023e1f8        0x8 
 .bss           0x000000000023e200       0x11 obj_cooja/mtype73.a(rpl-dag-root.o)
 .bss           0x000000000023e211        0x0 obj_cooja/mtype73.a(watchdog.o)
 .bss           0x000000000023e211        0x0 obj_cooja/mtype73.a(stimer.o)
 .bss           0x000000000023e211        0x0 obj_cooja/mtype73.a(ringbufindex.o)
 .bss           0x000000000023e211        0x0 obj_cooja/mtype73.a(memb.o)
 *fill*         0x000000000023e211        0xf 
 .bss           0x000000000023e220      0x600 obj_cooja/mtype73.a(queuebuf.o)
 .bss           0x000000000023e820     0x16e8 obj_cooja/mtype73.a(nbr-table.o)
 *fill*         0x000000000023ff08       0x18 
 .bss           0x000000000023ff20     0x12c0 obj_cooja/mtype73.a(link-stats.o)
 .bss           0x00000000002411e0      0x180 obj_cooja/mtype73.a(mac-sequence.o)
 .bss           0x0000000000241360        0x0 obj_cooja/mtype73.a(mac.o)
 .bss           0x0000000000241360        0x2 obj_cooja/mtype73.a(framer-802154.o)
 .bss           0x0000000000241362        0x0 obj_cooja/mtype73.a(frame802154.o)
 *fill*         0x0000000000241362       0x1e 
 .bss           0x0000000000241380     0x73a8 obj_cooja/mtype73.a(tsch-queue.o)
 *fill*         0x0000000000248728       0x18 
 .bss           0x0000000000248740      0x5cc obj_cooja/mtype73.a(tsch-schedule.o)
 *fill*         0x0000000000248d0c       0x14 
 .bss           0x0000000000248d20      0x1c8 obj_cooja/mtype73.a(tsch-slot-opera)
                0x0000000000248d20                last_timesource_neighbor
                0x0000000000248d28                current_link
 *fill*         0x0000000000248ee8        0x8 
 .bss           0x0000000000248ef0       0x1e obj_cooja/mtype73.a(tsch-packet.o)
 .bss           0x0000000000248f0e        0x0 obj_cooja/mtype73.a(tsch-rpl.o)
 *fill*         0x0000000000248f0e       0x12 
 .bss           0x0000000000248f20       0x4c obj_cooja/mtype73.a(tsch-adaptive-t)
 *fill*         0x0000000000248f6c        0x4 
 .bss           0x0000000000248f70        0xe obj_cooja/mtype73.a(uipbuf.o)
 *fill*         0x0000000000248f7e        0x2 
 .bss           0x0000000000248f80       0x20 obj_cooja/mtype73.a(uip-icmp6.o)
 .bss           0x0000000000248fa0     0x3040 obj_cooja/mtype73.a(uip-sr.o)
 .bss           0x000000000024bfe0      0xad0 obj_cooja/mtype73.a(uip-packetqueue)
 .bss           0x000000000024cab0        0x0 obj_cooja/mtype73.a(uip-udp-packet.)
 .bss           0x000000000024cab0       0x12 obj_cooja/mtype73.a(rpl-nbr-policy.)
 *fill*         0x000000000024cac2       0x1e 
 .bss           0x000000000024cae0     0x12c0 obj_cooja/mtype73.a(rpl-neighbor.o)
 .bss           0x000000000024dda0        0x0 obj_cooja/mtype73.a(rpl-dag.o)
 .bss           0x000000000024dda0       0x80 obj_cooja/mtype73.a(rpl-timers.o)
 .bss           0x000000000024de20        0x0 obj_cooja/mtype73.a(rpl-ext-header.)
 .bss           0x000000000024de20        0x0 obj_cooja/mtype73.a(rpl-mrhof.o)
 .bss           0x000000000024de20        0x0 obj_cooja/mtype73.a(frame802154e-ie)
 .bss           0x000000000024de20        0x0 /usr/lib/gcc/x86_64-linux-gnu/7/crtendS.o
 .bss           0x000000000024de20        0x0 /usr/lib/gcc/x86_64-linux-gnu/7/../../../x86_64-linux-gnu/crtn.o
 *(COMMON)
 COMMON         0x000000000024de20       0xe8 udp-server.o
                0x000000000024de20                eb_per_time_source
                0x000000000024de60                unicast_per_neighbor_rpl_storing
                0x000000000024dea0                unicast_per_neighbor_rpl_ns
                0x000000000024dee0                default_common
 COMMON         0x000000000024df08        0xc obj_cooja/mtype73.o
                0x000000000024df08                referenceVar
                0x000000000024df10                sensors_flags
 *fill*         0x000000000024df14        0x4 
 COMMON         0x000000000024df18       0x10 obj_cooja/mtype73.a(simEnvChange.o)
                0x000000000024df18                simEtimerPending
                0x000000000024df1c                simProcessRunValue
                0x000000000024df20                simEtimerNextExpirationTime
 COMMON         0x000000000024df28       0x18 obj_cooja/mtype73.a(rtimer-arch.o)
                0x000000000024df28                simRtimerPending
                0x000000000024df30                simRtimerCurrentTicks
                0x000000000024df38                simRtimerNextExpirationTime
 COMMON         0x000000000024df40        0x1 obj_cooja/mtype73.a(beep.o)
                0x000000000024df40                simBeeped
 COMMON         0x000000000024df41        0x3 obj_cooja/mtype73.a(button-sensor.o)
                0x000000000024df41                simButtonIsActive
                0x000000000024df42                simButtonIsDown
                0x000000000024df43                simButtonChanged
 COMMON         0x000000000024df44        0x1 obj_cooja/mtype73.a(leds-arch.o)
                0x000000000024df44                simLedsValue
 *fill*         0x000000000024df45        0x3 
 COMMON         0x000000000024df48        0xc obj_cooja/mtype73.a(moteid.o)
                0x000000000024df48                simRandomSeed
                0x000000000024df4c                simMoteIDChanged
                0x000000000024df50                simMoteID
 COMMON         0x000000000024df54        0x2 obj_cooja/mtype73.a(pir-sensor.o)
                0x000000000024df54                simPirIsActive
                0x000000000024df55                simPirChanged
 *fill*         0x000000000024df56        0xa 
 COMMON         0x000000000024df60      0x820 obj_cooja/mtype73.a(rs232.o)
                0x000000000024df60                simSerialReceivingFlag
                0x000000000024df64                simSerialReceivingLength
                0x000000000024df80                simSerialReceivingData
 COMMON         0x000000000024e780        0x2 obj_cooja/mtype73.a(vib-sensor.o)
                0x000000000024e780                simVibChanged
                0x000000000024e781                simVibIsActive
 *fill*         0x000000000024e782        0x6 
 COMMON         0x000000000024e788        0x8 obj_cooja/mtype73.a(clock.o)
                0x000000000024e788                simCurrentTime
 *fill*         0x000000000024e790       0x10 
 COMMON         0x000000000024e7a0      0x420 obj_cooja/mtype73.a(cooja-log.o)
                0x000000000024e7a0                simLoggedLength
                0x000000000024e7a4                simLoggedFlag
                0x000000000024e7c0                simLoggedData
 COMMON         0x000000000024ebc0      0x200 obj_cooja/mtype73.a(cooja-radio.o)
                0x000000000024ebc0                simOutDataBuffer
                0x000000000024ec40                simInDataBuffer
                0x000000000024ecc0                simInDataBufferDummy
                0x000000000024ed40                simOutDataBufferDummy
 COMMON         0x000000000024edc0      0x400 obj_cooja/mtype73.a(eeprom.o)
                0x000000000024edc0                simEEPROMData
 COMMON         0x000000000024f1c0        0x1 obj_cooja/mtype73.a(sensors.o)
                0x000000000024f1c0                sensors_event
 *fill*         0x000000000024f1c1       0x1f 
 COMMON         0x000000000024f1e0       0x68 obj_cooja/mtype73.a(energest.o)
                0x000000000024f1e0                energest_current_time
                0x000000000024f208                energest_current_mode
                0x000000000024f220                energest_total_time
 COMMON         0x000000000024f248        0x1 obj_cooja/mtype73.a(serial-line.o)
                0x000000000024f248                serial_line_event_message
 *fill*         0x000000000024f249        0x7 