Archive member included to satisfy reference by file (symbol)

obj_cooja/mtype267.a(simEnvChange.o)
                              obj_cooja/mtype267.o (simDontFallAsleep)
obj_cooja/mtype267.a(cooja_mt.o)
                              obj_cooja/mtype267.o (cooja_mt_start)
obj_cooja/mtype267.a(cooja_mtarch.o)
                              obj_cooja/mtype267.a(cooja_mt.o) (cooja_mtarch_start)
obj_cooja/mtype267.a(rtimer-arch.o)
                              obj_cooja/mtype267.o (rtimer_arch_check)
obj_cooja/mtype267.a(beep.o)  obj_cooja/mtype267.o (beep_interface)
obj_cooja/mtype267.a(button-sensor.o)
                              obj_cooja/mtype267.o (button_interface)
obj_cooja/mtype267.a(leds-arch.o)
                              obj_cooja/mtype267.o (leds_interface)
obj_cooja/mtype267.a(moteid.o)
                              obj_cooja/mtype267.o (moteid_interface)
obj_cooja/mtype267.a(pir-sensor.o)
                              obj_cooja/mtype267.o (pir_interface)
obj_cooja/mtype267.a(rs232.o)
                              obj_cooja/mtype267.o (rs232_interface)
obj_cooja/mtype267.a(vib-sensor.o)
                              obj_cooja/mtype267.o (vib_interface)
obj_cooja/mtype267.a(clock.o)
                              obj_cooja/mtype267.o (clock_interface)
obj_cooja/mtype267.a(cooja-log.o)
                              obj_cooja/mtype267.o (simlog_interface)
obj_cooja/mtype267.a(cfs-cooja.o)
                              obj_cooja/mtype267.o (cfs_interface)
obj_cooja/mtype267.a(cooja-radio.o)
                              obj_cooja/mtype267.o (radio_interface)
obj_cooja/mtype267.a(eeprom.o)
                              obj_cooja/mtype267.o (eeprom_interface)
obj_cooja/mtype267.a(random.o)
                              obj_cooja/mtype267.a(moteid.o) (random_init)
obj_cooja/mtype267.a(sensors.o)
                              obj_cooja/mtype267.o (sensors_process)
obj_cooja/mtype267.a(serial-shell.o)
                              obj_cooja/mtype267.o (serial_shell_init)
obj_cooja/mtype267.a(ctimer.o)
                              obj_cooja/mtype267.o (ctimer_init)
obj_cooja/mtype267.a(autostart.o)
                              obj_cooja/mtype267.o (autostart_start)
obj_cooja/mtype267.a(etimer.o)
                              obj_cooja/mtype267.o (etimer_process)
obj_cooja/mtype267.a(log.o)   obj_cooja/mtype267.o (log_6addr)
obj_cooja/mtype267.a(process.o)
                              obj_cooja/mtype267.a(ctimer.o) (process_current)
obj_cooja/mtype267.a(rtimer.o)
                              obj_cooja/mtype267.a(rtimer-arch.o) (rtimer_run_next)
obj_cooja/mtype267.a(timer.o)
                              obj_cooja/mtype267.a(button-sensor.o) (timer_set)
obj_cooja/mtype267.a(serial-line.o)
                              obj_cooja/mtype267.a(serial-shell.o) (serial_line_event_message)
obj_cooja/mtype267.a(list.o)  obj_cooja/mtype267.a(ctimer.o) (list_init)
obj_cooja/mtype267.a(ringbuf.o)
                              obj_cooja/mtype267.a(serial-line.o) (ringbuf_init)
obj_cooja/mtype267.a(packetbuf.o)
                              obj_cooja/mtype267.a(cooja-radio.o) (packetbuf_clear)
obj_cooja/mtype267.a(netstack.o)
                              obj_cooja/mtype267.o (netstack_init)
obj_cooja/mtype267.a(linkaddr.o)
                              obj_cooja/mtype267.o (linkaddr_node_addr)
obj_cooja/mtype267.a(tsch.o)  node.o (tschmac_driver)
obj_cooja/mtype267.a(tsch-queue.o)
                              obj_cooja/mtype267.a(tsch.o) (tsch_queue_add_nbr)
obj_cooja/mtype267.a(tsch-schedule.o)
                              obj_cooja/mtype267.a(tsch.o) (tsch_schedule_add_slotframe)
obj_cooja/mtype267.a(tsch-slot-opera)
                              obj_cooja/mtype267.a(tsch.o) (dequeued_ringbuf)
obj_cooja/mtype267.a(tsch-packet.o)
                              obj_cooja/mtype267.a(tsch-slot-opera) (tsch_packet_create_eack)
obj_cooja/mtype267.a(tsch-rpl.o)
                              obj_cooja/mtype267.a(tsch.o) (tsch_rpl_callback_ka_sent)
obj_cooja/mtype267.a(tsch-adaptive-t)
                              obj_cooja/mtype267.a(tsch-slot-opera) (tsch_timesync_update)
obj_cooja/mtype267.a(tsch-log.o)
                              obj_cooja/mtype267.a(tsch.o) (tsch_log_process_pending)
obj_cooja/mtype267.a(uip-ds6.o)
                              obj_cooja/mtype267.o (uip_ds6_get_link_local)
obj_cooja/mtype267.a(tcpip.o)
                              obj_cooja/mtype267.o (tcpip_process)
obj_cooja/mtype267.a(uip6.o)  obj_cooja/mtype267.o (uip_lladdr)
obj_cooja/mtype267.a(uip-ds6-nbr.o)
                              obj_cooja/mtype267.a(uip-ds6.o) (uip_ds6_neighbors_init)
obj_cooja/mtype267.a(uip-nd6.o)
                              obj_cooja/mtype267.a(uip6.o) (uip_nd6_init)
obj_cooja/mtype267.a(uip-ds6-route.o)
                              obj_cooja/mtype267.a(uip-ds6.o) (uip_ds6_route_init)
obj_cooja/mtype267.a(sicslowpan.o)
                              obj_cooja/mtype267.o (sicslowpan_driver)
[...]
Memory Configuration

Name             Origin             Length             Attributes
*default*        0x0000000000000000 0xffffffffffffffff

Linker script and memory map

LOAD /usr/lib/gcc/x86_64-linux-gnu/7/../../../x86_64-linux-gnu/crti.o
LOAD /usr/lib/gcc/x86_64-linux-gnu/7/crtbeginS.o
LOAD node.o
LOAD obj_cooja/mtype267.o
LOAD obj_cooja/mtype267.a
LOAD /usr/lib/gcc/x86_64-linux-gnu/7/libgcc.a
LOAD /usr/lib/gcc/x86_64-linux-gnu/7/libgcc_s.so
START GROUP
LOAD /usr/lib/gcc/x86_64-linux-gnu/7/libgcc_s.so.1
LOAD /usr/lib/gcc/x86_64-linux-gnu/7/libgcc.a
END GROUP
LOAD /usr/lib/gcc/x86_64-linux-gnu/7/../../../x86_64-linux-gnu/libc.so
START GROUP
LOAD /lib/x86_64-linux-gnu/libc.so.6
LOAD /usr/lib/x86_64-linux-gnu/libc_nonshared.a
LOAD /lib/x86_64-linux-gnu/ld-linux-x86-64.so.2
END GROUP
LOAD /usr/lib/gcc/x86_64-linux-gnu/7/libgcc.a
LOAD /usr/lib/gcc/x86_64-linux-gnu/7/libgcc_s.so
START GROUP
LOAD /usr/lib/gcc/x86_64-linux-gnu/7/libgcc_s.so.1
LOAD /usr/lib/gcc/x86_64-linux-gnu/7/libgcc.a
END GROUP
LOAD /usr/lib/gcc/x86_64-linux-gnu/7/crtendS.o
LOAD /usr/lib/gcc/x86_64-linux-gnu/7/../../../x86_64-linux-gnu/crtn.o
                0x00000000000001c8                . = (SEGMENT_START ("text-segment", 0x0) + SIZEOF_HEADERS)

.note.gnu.build-id
                0x00000000000001c8       0x24
 *(.note.gnu.build-id)
 .note.gnu.build-id
                0x00000000000001c8       0x24 /usr/lib/gcc/x86_64-linux-gnu/7/../../../x86_64-linux-gnu/crti.o

.hash
 *(.hash)

.gnu.hash       0x00000000000001f0     0x14f8
 *(.gnu.hash)
 .gnu.hash      0x00000000000001f0     0x14f8 /usr/lib/gcc/x86_64-linux-gnu/7/../../../x86_64-linux-gnu/crti.o

.dynsym         0x00000000000016e8     0x4260
 *(.dynsym)
 .dynsym        0x00000000000016e8     0x4260 /usr/lib/gcc/x86_64-linux-gnu/7/../../../x86_64-linux-gnu/crti.o

.dynstr         0x0000000000005948     0x33e1
 *(.dynstr)
 .dynstr        0x0000000000005948     0x33e1 /usr/lib/gcc/x86_64-linux-gnu/7/../../../x86_64-linux-gnu/crti.o

.gnu.version    0x0000000000008d2a      0x588
 *(.gnu.version)
 .gnu.version   0x0000000000008d2a      0x588 /usr/lib/gcc/x86_64-linux-gnu/7/../../../x86_64-linux-gnu/crti.o

.gnu.version_d  0x00000000000092b8        0x0
 *(.gnu.version_d)
 .gnu.version_d
                0x00000000000092b8        0x0 /usr/lib/gcc/x86_64-linux-gnu/7/../../../x86_64-linux-gnu/crti.o

.gnu.version_r  0x00000000000092b8       0x40
 *(.gnu.version_r)
 .gnu.version_r
                0x00000000000092b8       0x40 /usr/lib/gcc/x86_64-linux-gnu/7/../../../x86_64-linux-gnu/crti.o

.rela.dyn       0x00000000000092f8     0x25b0
 *(.rela.init)
 *(.rela.text .rela.text.* .rela.gnu.linkonce.t.*)
 .rela.text     0x00000000000092f8        0x0 /usr/lib/gcc/x86_64-linux-gnu/7/../../../x86_64-linux-gnu/crti.o
 *(.rela.fini)
 *(.rela.rodata .rela.rodata.* .rela.gnu.linkonce.r.*)
 *(.rela.data .rela.data.* .rela.gnu.linkonce.d.*)
 .rela.data.rel.local
                0x00000000000092f8      0xae0 /usr/lib/gcc/x86_64-linux-gnu/7/../../../x86_64-linux-gnu/crti.o
 .rela.data.rel.ro
                0x0000000000009dd8      0x270 /usr/lib/gcc/x86_64-linux-gnu/7/../../../x86_64-linux-gnu/crti.o
 .rela.data.rel
                0x000000000000a048      0x390 /usr/lib/gcc/x86_64-linux-gnu/7/../../../x86_64-linux-gnu/crti.o
 .rela.data.rel.ro.local
                0x000000000000a3d8      0x5b8 /usr/lib/gcc/x86_64-linux-gnu/7/../../../x86_64-linux-gnu/crti.o
 *(.rela.tdata .rela.tdata.* .rela.gnu.linkonce.td.*)
 *(.rela.tbss .rela.tbss.* .rela.gnu.linkonce.tb.*)
 *(.rela.ctors)
 *(.rela.dtors)
 *(.rela.got)
 .rela.got      0x000000000000a990      0xee8 /usr/lib/gcc/x86_64-linux-gnu/7/../../../x86_64-linux-gnu/crti.o
 *(.rela.bss .rela.bss.* .rela.gnu.linkonce.b.*)
 *(.rela.ldata .rela.ldata.* .rela.gnu.linkonce.l.*)
 *(.rela.lbss .rela.lbss.* .rela.gnu.linkonce.lb.*)
 *(.rela.lrodata .rela.lrodata.* .rela.gnu.linkonce.lr.*)
 *(.rela.ifunc)
 .rela.ifunc    0x000000000000b878        0x0 /usr/lib/gcc/x86_64-linux-gnu/7/../../../x86_64-linux-gnu/crti.o
 .rela.fini_array
                0x000000000000b878       0x18 /usr/lib/gcc/x86_64-linux-gnu/7/../../../x86_64-linux-gnu/crti.o
 .rela.init_array
                0x000000000000b890       0x18 /usr/lib/gcc/x86_64-linux-gnu/7/../../../x86_64-linux-gnu/crti.o

.rela.plt       0x000000000000b8a8     0x2418
 *(.rela.plt)
 .rela.plt      0x000000000000b8a8     0x2418 /usr/lib/gcc/x86_64-linux-gnu/7/../../../x86_64-linux-gnu/crti.o
 *(.rela.iplt)

.init           0x000000000000dcc0       0x17
 *(SORT(.init))
 .init          0x000000000000dcc0       0x12 /usr/lib/gcc/x86_64-linux-gnu/7/../../../x86_64-linux-gnu/crti.o
                0x000000000000dcc0                _init
 .init          0x000000000000dcd2        0x5 /usr/lib/gcc/x86_64-linux-gnu/7/../../../x86_64-linux-gnu/crtn.o

.plt            0x000000000000dce0     0x1820
 *(.plt)
 .plt           0x000000000000dce0     0x1820 /usr/lib/gcc/x86_64-linux-gnu/7/../../../x86_64-linux-gnu/crti.o
 *(.iplt)

.plt.got        0x000000000000f500       0x10
 *(.plt.got)
 .plt.got       0x000000000000f500       0x10 /usr/lib/gcc/x86_64-linux-gnu/7/../../../x86_64-linux-gnu/crti.o

.plt.sec
 *(.plt.sec)

.text           0x000000000000f510    0x23d99
 *(.text.unlikely .text.*_unlikely .text.unlikely.*)
 *(.text.exit .text.exit.*)
 *(.text.startup .text.startup.*)
 *(.text.hot .text.hot.*)
 *(.text .stub .text.* .gnu.linkonce.t.*)
 .text          0x000000000000f510        0x0 /usr/lib/gcc/x86_64-linux-gnu/7/../../../x86_64-linux-gnu/crti.o
 .text          0x000000000000f510       0xda /usr/lib/gcc/x86_64-linux-gnu/7/crtbeginS.o
 .text          0x000000000000f5ea       0x77 node.o
 .text          0x000000000000f661      0x608 obj_cooja/mtype267.o
                0x000000000000f797                contiki_init
                0x000000000000fa8a                Java_org_contikios_cooja_corecomm_Lib83_init
                0x000000000000facd                Java_org_contikios_cooja_corecomm_Lib83_getMemory
                0x000000000000fb25                Java_org_contikios_cooja_corecomm_Lib83_setMemory
                0x000000000000fbb2                Java_org_contikios_cooja_corecomm_Lib83_tick
                0x000000000000fc3b                Java_org_contikios_cooja_corecomm_Lib83_setReferenceAddress
 .text          0x000000000000fc69       0x89 obj_cooja/mtype267.a(simEnvChange.o)
                0x000000000000fc69                doActionsBeforeTick
                0x000000000000fcad                doActionsAfterTick
 .text          0x000000000000fcf2       0x9f obj_cooja/mtype267.a(cooja_mt.o)
                0x000000000000fcf2                cooja_mt_start
                0x000000000000fd2e                cooja_mt_exec
                0x000000000000fd6d                cooja_mt_yield
 .text          0x000000000000fd91       0xfe obj_cooja/mtype267.a(cooja_mtarch.o)
                0x000000000000fd91                cooja_mtarch_start
                0x000000000000fe30                cooja_sw
                0x000000000000fe59                cooja_mtarch_exec
                0x000000000000fe83                cooja_mtarch_yield
 .text          0x000000000000fe8f       0xb4 obj_cooja/mtype267.a(rtimer-arch.o)
                0x000000000000fe8f                rtimer_arch_init
                0x000000000000feb1                rtimer_arch_schedule
                0x000000000000fed7                rtimer_arch_next
                0x000000000000fee7                rtimer_arch_pending
                0x000000000000fef6                rtimer_arch_check
                0x000000000000ff33                rtimer_arch_now
 .text          0x000000000000ff43       0xba obj_cooja/mtype267.a(beep.o)
                0x000000000000ff43                beep_alarm
                0x000000000000ff5a                beep_beep
                0x000000000000ff6e                beep
                0x000000000000ff7f                beep_down
                0x000000000000ff93                beep_on
                0x000000000000ffa4                beep_off
                0x000000000000ffb5                beep_spinup
                0x000000000000ffc6                beep_quick
                0x000000000000ffda                beep_long
 .text          0x000000000000fffd      0x12d obj_cooja/mtype267.a(button-sensor.o)
 .text          0x000000000001012a       0x57 obj_cooja/mtype267.a(leds-arch.o)
                0x000000000001012a                leds_arch_init
                0x000000000001013b                leds_arch_get
                0x000000000001014b                leds_arch_set
 .text          0x0000000000010181       0x39 obj_cooja/mtype267.a(moteid.o)
 .text          0x00000000000101ba       0xe5 obj_cooja/mtype267.a(pir-sensor.o)
 .text          0x000000000001029f      0x175 obj_cooja/mtype267.a(rs232.o)
                0x000000000001029f                rs232_init
                0x00000000000102a6                rs232_set_speed
                0x00000000000102b2                rs232_set_input
                0x00000000000102c8                rs232_send
                0x00000000000102ef                rs232_print
                0x0000000000010316                slip_arch_writeb
 .text          0x0000000000010414       0xe5 obj_cooja/mtype267.a(vib-sensor.o)
 .text          0x00000000000104f9       0x57 obj_cooja/mtype267.a(clock.o)
                0x00000000000104f9                clock_init
                0x0000000000010500                clock_time
                0x0000000000010510                clock_seconds
                0x0000000000010538                clock_delay
 .text          0x0000000000010550      0x30e obj_cooja/mtype267.a(cooja-log.o)
                0x0000000000010550                simlog_char
                0x00000000000105a9                simlog
                0x0000000000010648                log_message
                0x0000000000010681                log_set_putchar_with_slip
                0x0000000000010694                log_putchar
                0x0000000000010714                log_puts
                0x000000000001073d                log_printf
 .text          0x000000000001085e      0x373 obj_cooja/mtype267.a(cfs-cooja.o)
                0x000000000001085e                cfs_open
                0x00000000000108d7                cfs_close
                0x00000000000108e8                cfs_read
                0x00000000000109ac                cfs_write
                0x0000000000010abb                cfs_seek
                0x0000000000010b66                cfs_remove
                0x0000000000010b92                cfs_opendir
                0x0000000000010ba5                cfs_readdir
                0x0000000000010bb8                cfs_closedir
 .text          0x0000000000010bd1      0x92f obj_cooja/mtype267.a(cooja-radio.o)
                0x0000000000010c20                radio_set_channel
                0x0000000000010c45                radio_set_txpower
                0x0000000000010c6b                radio_signal_strength_last_radio1
                0x0000000000010c7a                radio_signal_strength_last_radio2
                0x0000000000010c89                radio_signal_strength_current_radio1
                0x0000000000010c98                radio_signal_strength_current_radio2
                0x0000000000010ca7                radio_LQI_radio1
                0x0000000000010cb6                radio_LQI_radio2
 .text          0x0000000000011500      0x125 obj_cooja/mtype267.a(eeprom.o)
                0x0000000000011500                eeprom_init
                0x0000000000011507                eeprom_read
                0x000000000001158f                eeprom_write
 .text          0x0000000000011625       0x27 obj_cooja/mtype267.a(random.o)
                0x0000000000011625                random_init
                0x0000000000011641                random_rand
 .text          0x000000000001164c      0x33f obj_cooja/mtype267.a(sensors.o)
                0x0000000000011691                sensors_first
                0x00000000000116a1                sensors_next
                0x00000000000116cc                sensors_changed
                0x0000000000011715                sensors_find
 .text          0x000000000001198b       0xf6 obj_cooja/mtype267.a(serial-shell.o)
                0x0000000000011a66                serial_shell_init
 .text          0x0000000000011a81      0x421 obj_cooja/mtype267.a(ctimer.o)
                0x0000000000011bdf                ctimer_init
                0x0000000000011c10                ctimer_set
                0x0000000000011c50                ctimer_set_with_process
                0x0000000000011d06                ctimer_reset
                0x0000000000011d73                ctimer_restart
                0x0000000000011de0                ctimer_stop
                0x0000000000011e3a                ctimer_expired
 .text          0x0000000000011ea2       0xb3 obj_cooja/mtype267.a(autostart.o)
                0x0000000000011ea2                autostart_start
                0x0000000000011efe                autostart_exit
 .text          0x0000000000011f55      0x540 obj_cooja/mtype267.a(etimer.o)
                0x00000000000121f5                etimer_request_poll
                0x000000000001229f                etimer_set
                0x00000000000122d1                etimer_reset_with_new_interval
                0x0000000000012308                etimer_reset
                0x000000000001232f                etimer_restart
                0x0000000000012356                etimer_adjust
                0x0000000000012383                etimer_expired
                0x000000000001239e                etimer_expiration_time
                0x00000000000123ba                etimer_start_time
                0x00000000000123cb                etimer_pending
                0x00000000000123e1                etimer_next_expiration_time
                0x00000000000123fe                etimer_stop
 .text          0x0000000000012495      0x580 obj_cooja/mtype267.a(log.o)
                0x0000000000012495                log_6addr
                0x0000000000012610                log_6addr_compact
                0x0000000000012701                log_lladdr
                0x000000000001277e                log_lladdr_compact
                0x00000000000127f5                log_set_level
                0x00000000000128fb                log_get_level
                0x00000000000129ae                log_level_to_str
 .text          0x0000000000012a15      0x641 obj_cooja/mtype267.a(process.o)
                0x0000000000012a15                process_alloc_event
                0x0000000000012a2b                process_start
                0x0000000000012c90                process_exit
                0x0000000000012cb8                process_init
                0x0000000000012ea8                process_run
                0x0000000000012ed9                process_nevents
                0x0000000000012ef5                process_post
                0x0000000000012fb9                process_post_synch
                0x0000000000013003                process_poll
                0x000000000001303c                process_is_running
 .text          0x0000000000013056       0xf6 obj_cooja/mtype267.a(rtimer.o)
                0x0000000000013056                rtimer_init
                0x0000000000013062                rtimer_set
                0x00000000000130df                rtimer_run_next
 .text          0x000000000001314c       0xdf obj_cooja/mtype267.a(timer.o)
                0x000000000001314c                timer_set
                0x000000000001317a                timer_reset
                0x000000000001319e                timer_restart
                0x00000000000131bc                timer_expired
                0x00000000000131f9                timer_remaining
 .text          0x000000000001322b      0x20c obj_cooja/mtype267.a(serial-line.o)
                0x000000000001322b                serial_line_input_byte
                0x0000000000013404                serial_line_init
 .text          0x0000000000013437      0x324 obj_cooja/mtype267.a(list.o)
                0x0000000000013437                list_init
                0x000000000001344d                list_head
                0x000000000001345e                list_copy
                0x000000000001347b                list_tail
                0x00000000000134c0                list_add
                0x0000000000013520                list_push
                0x000000000001355f                list_chop
                0x00000000000135e8                list_pop
                0x000000000001361e                list_remove
                0x00000000000136a6                list_length
                0x00000000000136dd                list_insert
                0x000000000001373c                list_item_next
 .text          0x000000000001375b      0x189 obj_cooja/mtype267.a(ringbuf.o)
                0x000000000001375b                ringbuf_init
                0x0000000000013798                ringbuf_put
                0x0000000000013823                ringbuf_get
                0x000000000001389d                ringbuf_size
                0x00000000000138b5                ringbuf_elements
 .text          0x00000000000138e4      0x458 obj_cooja/mtype267.a(packetbuf.o)
                0x00000000000138e4                packetbuf_clear
                0x000000000001390e                packetbuf_copyfrom
                0x0000000000013964                packetbuf_copyto
                0x0000000000013a07                packetbuf_hdralloc
                0x0000000000013a92                packetbuf_hdrreduce
                0x0000000000013ade                packetbuf_set_datalen
                0x0000000000013af6                packetbuf_dataptr
                0x0000000000013b18                packetbuf_hdrptr
                0x0000000000013b25                packetbuf_datalen
                0x0000000000013b32                packetbuf_hdrlen
                0x0000000000013b4a                packetbuf_totlen
                0x0000000000013b69                packetbuf_remaininglen
                0x0000000000013b7d                packetbuf_attr_clear
                0x0000000000013bdd                packetbuf_attr_copyto
                0x0000000000013c24                packetbuf_attr_copyfrom
                0x0000000000013c6b                packetbuf_set_attr
                0x0000000000013c97                packetbuf_attr
                0x0000000000013cb4                packetbuf_set_addr
                0x0000000000013cf6                packetbuf_addr
                0x0000000000013d1c                packetbuf_holds_broadcast
 .text          0x0000000000013d3c      0x11b obj_cooja/mtype267.a(netstack.o)
                0x0000000000013d3c                netstack_process_ip_callback
                0x0000000000013dd9                netstack_ip_packet_processor_add
                0x0000000000013e05                uip_ds6_ip_packet_processor_rm
                0x0000000000013e2a                netstack_init
 .text          0x0000000000013e57       0x74 obj_cooja/mtype267.a(linkaddr.o)
                0x0000000000013e57                linkaddr_copy
                0x0000000000013e74                linkaddr_cmp
                0x0000000000013ea6                linkaddr_set_node_addr
 .text          0x0000000000013ecb     0x2414 obj_cooja/mtype267.a(tsch.o)
                0x0000000000013ecb                tsch_set_coordinator
                0x0000000000013f0a                tsch_set_pan_secured
                0x0000000000013f21                tsch_set_join_priority
                0x0000000000013f3a                tsch_set_ka_timeout
                0x0000000000013f6b                tsch_set_eb_period
                0x0000000000014363                tsch_schedule_keepalive
                0x0000000000014421                tsch_schedule_keepalive_immediately
                0x00000000000149e0                tsch_disassociate
                0x000000000001516b                tsch_scan
 .text          0x00000000000162df      0xc43 obj_cooja/mtype267.a(tsch-queue.o)
                0x00000000000162df                tsch_queue_add_nbr
                0x00000000000163ee                tsch_queue_get_nbr
                0x0000000000016457                tsch_queue_get_time_source
                0x00000000000164ad                tsch_queue_update_time_source
                0x0000000000016750                tsch_queue_add_packet
                0x00000000000168f5                tsch_queue_global_packet_count
                0x0000000000016910                tsch_queue_packet_count
                0x000000000001695d                tsch_queue_remove_packet_from_queue
                0x00000000000169b8                tsch_queue_free_packet
                0x00000000000169f0                tsch_queue_packet_sent
                0x0000000000016abb                tsch_queue_reset
                0x0000000000016b1b                tsch_queue_free_unused_neighbors
                0x0000000000016ba3                tsch_queue_is_empty
                0x0000000000016be1                tsch_queue_get_packet_for_nbr
                0x0000000000016c77                tsch_queue_get_packet_for_dest_addr
                0x0000000000016cb7                tsch_queue_get_unicast_packet_for_any
                0x0000000000016d5d                tsch_queue_backoff_expired
                0x0000000000016d77                tsch_queue_backoff_reset
                0x0000000000016d92                tsch_queue_backoff_inc
                0x0000000000016e04                tsch_queue_update_all_backoff_windows
                0x0000000000016ebc                tsch_queue_init
 .text          0x0000000000016f22      0xe83 obj_cooja/mtype267.a(tsch-schedule.o)
                0x0000000000016f22                tsch_schedule_add_slotframe
                0x0000000000017069                tsch_schedule_remove_all_slotframes
                0x00000000000170ab                tsch_schedule_remove_slotframe
                0x0000000000017191                tsch_schedule_get_slotframe_by_handle
                0x00000000000171ef                tsch_schedule_get_link_by_handle
                0x000000000001727a                tsch_schedule_add_link
                0x00000000000175d6                tsch_schedule_remove_link
                0x00000000000177fc                tsch_schedule_remove_link_by_timeslot
                0x000000000001784b                tsch_schedule_get_link_by_timeslot
                0x00000000000178bb                tsch_schedule_get_next_active_link
                0x0000000000017b12                tsch_schedule_init
                0x0000000000017b59                tsch_schedule_create_minimal
                0x0000000000017ba8                tsch_schedule_slotframe_head
                0x0000000000017bbd                tsch_schedule_slotframe_next
                0x0000000000017bd7                tsch_schedule_print
 .text          0x0000000000017da5     0x1c9c obj_cooja/mtype267.a(tsch-slot-opera)
                0x0000000000017da5                tsch_is_locked
                0x0000000000017db1                tsch_get_lock
                0x0000000000017ed9                tsch_release_lock
                0x0000000000017eea                tsch_calculate_channel
                0x00000000000198cd                tsch_slot_operation_start
                0x00000000000199e1                tsch_slot_operation_sync
 .text          0x0000000000019a41      0xad6 obj_cooja/mtype267.a(tsch-packet.o)
                0x0000000000019a70                tsch_packet_eackbuf_attr
                0x0000000000019a90                tsch_packet_create_eack
                0x0000000000019c84                tsch_packet_parse_eack
                0x0000000000019e3b                tsch_packet_create_eb
                0x000000000001a1a2                tsch_packet_update_eb
                0x000000000001a221                tsch_packet_parse_eb
 .text          0x000000000001a517      0x146 obj_cooja/mtype267.a(tsch-rpl.o)
                0x000000000001a517                tsch_rpl_callback_ka_sent
                0x000000000001a556                tsch_rpl_callback_joining_network
                0x000000000001a55d                tsch_rpl_callback_leaving_network
                0x000000000001a578                tsch_rpl_callback_new_dio_interval
                0x000000000001a619                tsch_rpl_callback_parent_switch
 .text          0x000000000001a65d      0x3ca obj_cooja/mtype267.a(tsch-adaptive-t)
                0x000000000001a65d                tsch_adaptive_timesync_get_drift_ppm
                0x000000000001a7f7                tsch_timesync_update
                0x000000000001a9bd                tsch_timesync_adaptive_compensate
 .text          0x000000000001aa27      0x4bd obj_cooja/mtype267.a(tsch-log.o)
                0x000000000001aa27                tsch_log_process_pending
                0x000000000001adeb                tsch_log_prepare_add
                0x000000000001ae6a                tsch_log_commit
                0x000000000001ae97                tsch_log_init
                0x000000000001aec3                tsch_log_stop
 .text          0x000000000001aee4      0xd4e obj_cooja/mtype267.a(uip-ds6.o)
                0x000000000001aee4                uip_ds6_init
                0x000000000001b0be                uip_ds6_periodic
                0x000000000001b15c                uip_ds6_list_loop
                0x000000000001b241                uip_ds6_prefix_add
                0x000000000001b30e                uip_ds6_prefix_rm
                0x000000000001b328                uip_ds6_prefix_lookup
                0x000000000001b37b                uip_ds6_is_addr_onlink
                0x000000000001b40b                uip_ds6_addr_add
                0x000000000001b54c                uip_ds6_addr_rm
                0x000000000001b600                uip_ds6_addr_lookup
                0x000000000001b64e                uip_ds6_get_link_local
                0x000000000001b6ef                uip_ds6_get_global
                0x000000000001b790                uip_ds6_maddr_add
                0x000000000001b805                uip_ds6_maddr_rm
                0x000000000001b81f                uip_ds6_maddr_lookup
                0x000000000001b870                uip_ds6_aaddr_add
                0x000000000001b8e5                uip_ds6_aaddr_rm
                0x000000000001b8ff                uip_ds6_aaddr_lookup
                0x000000000001b950                uip_ds6_select_src
                0x000000000001bad6                uip_ds6_set_addr_iid
                0x000000000001bb0b                uip_ds6_set_lladdr_from_iid
                0x000000000001bb3e                get_match_length
                0x000000000001bbe8                uip_ds6_compute_reachable_time
 .text          0x000000000001bc32      0xb4e obj_cooja/mtype267.a(tcpip.o)
                0x000000000001bc5e                tcpip_output
                0x000000000001bd00                udp_attach
                0x000000000001bd2a                udp_new
                0x000000000001bd81                udp_broadcast_new
                0x000000000001bf1e                tcpip_input
                0x000000000001c1ec                tcpip_ipv6_output
                0x000000000001c63f                tcpip_poll_udp
                0x000000000001c669                tcpip_uipcall
 .text          0x000000000001c780     0x1c83 obj_cooja/mtype267.a(uip6.o)
                0x000000000001c840                uip_chksum
                0x000000000001c938                uip_icmp6chksum
                0x000000000001c948                uip_udpchksum
                0x000000000001c958                uip_init
                0x000000000001c9b5                remove_ext_hdr
                0x000000000001cb27                uip_udp_new
                0x000000000001cf46                uip_process
                0x000000000001e2bc                uip_htons
                0x000000000001e2db                uip_htonl
                0x000000000001e31f                uip_send
 .text          0x000000000001e403      0x30b obj_cooja/mtype267.a(uip-ds6-nbr.o)
                0x000000000001e403                uip_ds6_neighbors_init
                0x000000000001e42b                uip_ds6_nbr_add
                0x000000000001e4c8                uip_ds6_nbr_rm
                0x000000000001e524                uip_ds6_nbr_get_ipaddr
                0x000000000001e540                uip_ds6_nbr_get_ll
                0x000000000001e567                uip_ds6_nbr_num
                0x000000000001e5bb                uip_ds6_nbr_head
                0x000000000001e5d3                uip_ds6_nbr_next
                0x000000000001e5fa                uip_ds6_nbr_lookup
                0x000000000001e672                uip_ds6_nbr_ll_lookup
                0x000000000001e699                uip_ds6_nbr_ipaddr_from_lladdr
                0x000000000001e6c9                uip_ds6_nbr_lladdr_from_ipaddr
                0x000000000001e701                uip_ds6_link_callback
 .text          0x000000000001e70e      0x9ec obj_cooja/mtype267.a(uip-nd6.o)
                0x000000000001f0e7                uip_nd6_init
 .text          0x000000000001f0fa      0x416 obj_cooja/mtype267.a(uip-ds6-route.o)
                0x000000000001f14f                uip_ds6_route_init
                0x000000000001f171                uip_ds6_route_nexthop
                0x000000000001f180                uip_ds6_route_head
                0x000000000001f18b                uip_ds6_route_next
                0x000000000001f19a                uip_ds6_route_is_nexthop
                0x000000000001f1a9                uip_ds6_route_num_routes
                0x000000000001f1b4                uip_ds6_route_lookup
                0x000000000001f1c3                uip_ds6_route_add
                0x000000000001f1db                uip_ds6_route_rm
                0x000000000001f1e6                uip_ds6_route_rm_by_nexthop
                0x000000000001f1f1                uip_ds6_defrt_head
                0x000000000001f206                uip_ds6_defrt_add
                0x000000000001f337                uip_ds6_defrt_rm
                0x000000000001f3a6                uip_ds6_defrt_lookup
                0x000000000001f419                uip_ds6_defrt_choose
                0x000000000001f498                uip_ds6_defrt_periodic
 .text          0x000000000001f510     0x25be obj_cooja/mtype267.a(sicslowpan.o)
                0x000000000001f510                netstack_sniffer_add
                0x000000000001f526                netstack_sniffer_remove
                0x0000000000021a9f                sicslowpan_init
                0x0000000000021ac2                sicslowpan_get_last_rssi
 .text          0x0000000000021ace      0xcc9 obj_cooja/mtype267.a(rpl-neighbor.o)
                0x0000000000021b34                rpl_neighbor_print_list
                0x0000000000021fcb                rpl_neighbor_count
                0x00000000000220ae                rpl_neighbor_get_from_lladdr
                0x00000000000220d5                rpl_neighbor_is_acceptable_parent
                0x000000000002211d                rpl_neighbor_get_link_metric
                0x0000000000022165                rpl_neighbor_rank_via_nbr
                0x00000000000221ad                rpl_neighbor_get_lladdr
                0x00000000000221d4                rpl_neighbor_get_ipaddr
                0x00000000000221fe                rpl_neighbor_get_link_stats
                0x0000000000022228                rpl_neighbor_is_fresh
                0x0000000000022252                rpl_neighbor_is_reachable
                0x00000000000222a6                rpl_neighbor_is_parent
                0x00000000000222db                rpl_neighbor_set_preferred_parent
                0x0000000000022464                rpl_neighbor_remove_all
                0x00000000000224fa                rpl_neighbor_get_from_ipaddr
                0x0000000000022627                rpl_neighbor_select_best
                0x0000000000022777                rpl_neighbor_init
 .text          0x0000000000022797     0x1b00 obj_cooja/mtype267.a(rpl-dag.o)
                0x0000000000022797                rpl_dag_state_to_str
                0x00000000000227e4                rpl_dag_get_root_ipaddr
                0x000000000002282a                rpl_dag_leave
                0x0000000000022959                rpl_dag_poison_and_leave
                0x0000000000022973                rpl_dag_periodic
                0x0000000000022abe                rpl_is_addr_in_our_dag
                0x0000000000022b13                rpl_get_default_instance
                0x0000000000022b36                rpl_get_any_dag
                0x0000000000022b9b                rpl_global_repair
                0x0000000000022d74                rpl_local_repair
                0x0000000000022e1d                rpl_dag_ready_to_advertise
                0x0000000000022e71                rpl_dag_update_state
                0x0000000000023cbd                rpl_process_dio
                0x0000000000023da3                rpl_process_dis
                0x0000000000023e2e                rpl_process_dao
                0x0000000000023f15                rpl_process_dao_ack
                0x0000000000024005                rpl_process_hbh
                0x0000000000024060                rpl_dag_init_root
                0x0000000000024272                rpl_dag_init
 .text          0x0000000000024297      0xe98 obj_cooja/mtype267.a(rpl-timers.o)
                0x0000000000024297                rpl_timers_schedule_periodic_dis
                0x000000000002449b                rpl_timers_dio_reset
                0x0000000000024627                rpl_timers_schedule_unicast_dio
                0x0000000000024838                rpl_timers_schedule_dao
                0x00000000000249d0                rpl_timers_schedule_dao_ack
                0x0000000000024a84                get_probing_delay
                0x0000000000024b19                get_probing_target
                0x0000000000024e89                rpl_schedule_probing
                0x0000000000024ee9                rpl_timers_unschedule_leaving
                0x0000000000024f29                rpl_timers_schedule_leaving
                0x0000000000024f7a                rpl_timers_init
                0x0000000000025035                rpl_timers_stop_dag_timers
                0x00000000000250be                rpl_timers_unschedule_state_update
                0x00000000000250e4                rpl_timers_schedule_state_update
 .text          0x000000000002512f      0x7e8 obj_cooja/mtype267.a(rpl.o)
                0x000000000002512f                rpl_lollipop_greater_than
                0x000000000002518f                rpl_get_global_address
                0x000000000002532b                rpl_link_callback
                0x0000000000025401                rpl_has_joined
                0x0000000000025430                rpl_is_reachable
                0x00000000000254ce                rpl_reset_prefix
                0x00000000000255bc                rpl_set_prefix_from_addr
                0x0000000000025783                rpl_set_prefix
 .text          0x0000000000025917      0x3b2 obj_cooja/mtype267.a(rpl-mrhof.o)
 .text          0x0000000000025cc9     0x2281 obj_cooja/mtype267.a(rpl-icmp6.o)
                0x0000000000025e4d                rpl_icmp6_update_nbr_table
                0x0000000000026095                rpl_icmp6_dis_output
                0x0000000000026b7c                rpl_icmp6_dio_output
                0x0000000000027758                rpl_icmp6_dao_output
                0x0000000000027de4                rpl_icmp6_dao_ack_output
                0x0000000000027f13                rpl_icmp6_init
 .text          0x0000000000027f4a      0x420 obj_cooja/mtype267.a(rpl-dag-root.o)
                0x0000000000028116                rpl_dag_root_set_prefix
                0x000000000002814e                rpl_dag_root_start
                0x000000000002832e                rpl_dag_root_is_root
 .text          0x000000000002836a       0x23 obj_cooja/mtype267.a(watchdog.o)
                0x000000000002836a                watchdog_init
                0x0000000000028371                watchdog_start
                0x0000000000028378                watchdog_periodic
                0x000000000002837f                watchdog_stop
                0x0000000000028386                watchdog_reboot
 .text          0x000000000002838d      0x682 obj_cooja/mtype267.a(shell.o)
                0x000000000002838d                shell_output_6addr
                0x000000000002863b                shell_output_lladdr
                0x00000000000287f4                shell_input
                0x0000000000028a03                shell_init
 .text          0x0000000000028a0f     0x2b84 obj_cooja/mtype267.a(shell-commands.)
                0x000000000002b579                shell_commands_init
 .text          0x000000000002b593      0x106 obj_cooja/mtype267.a(stimer.o)
                0x000000000002b593                stimer_set
                0x000000000002b5c1                stimer_reset
                0x000000000002b5e5                stimer_restart
                0x000000000002b603                stimer_expired
                0x000000000002b644                stimer_remaining
                0x000000000002b676                stimer_elapsed
 .text          0x000000000002b699      0x236 obj_cooja/mtype267.a(ringbufindex.o)
                0x000000000002b699                ringbufindex_init
                0x000000000002b6c6                ringbufindex_put
                0x000000000002b72d                ringbufindex_peek_put
                0x000000000002b77b                ringbufindex_get
                0x000000000002b7e4                ringbufindex_peek_get
                0x000000000002b828                ringbufindex_size
                0x000000000002b83f                ringbufindex_elements
                0x000000000002b86d                ringbufindex_full
                0x000000000002b8ad                ringbufindex_empty
 .text          0x000000000002b8cf      0x20e obj_cooja/mtype267.a(memb.o)
                0x000000000002b8cf                memb_init
                0x000000000002b92e                memb_alloc
                0x000000000002b9a6                memb_free
                0x000000000002ba3e                memb_inmemb
                0x000000000002ba91                memb_numfree
 .text          0x000000000002badd      0x330 obj_cooja/mtype267.a(queuebuf.o)
                0x000000000002baee                queuebuf_init
                0x000000000002bb0d                queuebuf_numfree
                0x000000000002bb1f                queuebuf_new_from_packetbuf
                0x000000000002bbc8                queuebuf_update_attr_from_packetbuf
                0x000000000002bc07                queuebuf_update_from_packetbuf
                0x000000000002bc5f                queuebuf_free
                0x000000000002bcae                queuebuf_to_packetbuf
                0x000000000002bd20                queuebuf_dataptr
                0x000000000002bd60                queuebuf_datalen
                0x000000000002bd8c                queuebuf_addr
                0x000000000002bdcf                queuebuf_attr
                0x000000000002be06                queuebuf_debug_print
 .text          0x000000000002be0d      0x9f8 obj_cooja/mtype267.a(nbr-table.o)
                0x000000000002c3b5                nbr_table_register
                0x000000000002c41c                nbr_table_is_register
                0x000000000002c45a                nbr_table_head
                0x000000000002c4c1                nbr_table_next
                0x000000000002c537                nbr_table_add_lladdr
                0x000000000002c629                nbr_table_get_from_lladdr
                0x000000000002c681                nbr_table_remove
                0x000000000002c6d1                nbr_table_lock
                0x000000000002c6ff                nbr_table_unlock
                0x000000000002c72d                nbr_table_get_lladdr
                0x000000000002c76c                nbr_table_update_lladdr
 .text          0x000000000002c805      0x3e2 obj_cooja/mtype267.a(link-stats.o)
                0x000000000002c805                link_stats_from_lladdr
                0x000000000002c829                link_stats_is_fresh
                0x000000000002c873                guess_etx_from_rssi
                0x000000000002c8f4                link_stats_packet_sent
                0x000000000002ca28                link_stats_input_callback
                0x000000000002cb55                link_stats_reset
                0x000000000002cbac                link_stats_init
 .text          0x000000000002cbe7      0x1da obj_cooja/mtype267.a(mac-sequence.o)
                0x000000000002cbe7                mac_sequence_is_duplicate
                0x000000000002ccc8                mac_sequence_register_seqno
 .text          0x000000000002cdc1       0x33 obj_cooja/mtype267.a(mac.o)
                0x000000000002cdc1                mac_call_sent_callback
 .text          0x000000000002cdf4     0x15cd obj_cooja/mtype267.a(frame802154e-ie)
                0x000000000002cf29                frame80215e_create_ie_header_ack_nack_time_correction
                0x000000000002cfc3                frame80215e_create_ie_header_list_termination_1
                0x000000000002d014                frame80215e_create_ie_header_list_termination_2
                0x000000000002d065                frame80215e_create_ie_payload_list_termination
                0x000000000002d0b6                frame80215e_create_ie_mlme
                0x000000000002d10d                frame80215e_create_ie_tsch_synchronization
                0x000000000002d1db                frame80215e_create_ie_tsch_slotframe_and_link
                0x000000000002d421                frame80215e_create_ie_tsch_timeslot
                0x000000000002d517                frame80215e_create_ie_tsch_channel_hopping_sequence
                0x000000000002db8a                frame802154e_parse_information_elements
 .text          0x000000000002e3c1      0x67e obj_cooja/mtype267.a(framer-802154.o)
                0x000000000002e63e                framer_802154_setup_params
 .text          0x000000000002ea3f      0xc84 obj_cooja/mtype267.a(frame802154.o)
                0x000000000002ea6d                frame802154_get_pan_id
                0x000000000002ea7a                frame802154_set_pan_id
                0x000000000002ea92                frame802154_has_panid
                0x000000000002ec6d                frame802154_check_dest_panid
                0x000000000002ed08                frame802154_is_broadcast_addr
                0x000000000002ed5b                frame802154_extract_linkaddr
                0x000000000002eff1                frame802154_hdrlen
                0x000000000002f06c                frame802154_create_fcf
                0x000000000002f13a                frame802154_create
                0x000000000002f2e0                frame802154_parse_fcf
                0x000000000002f3d3                frame802154_parse
 .text          0x000000000002f6c3      0x222 obj_cooja/mtype267.a(uipbuf.o)
                0x000000000002f6c3                uipbuf_get_next_header
                0x000000000002f747                uipbuf_get_last_header
                0x000000000002f7eb                uipbuf_get_attr
                0x000000000002f818                uipbuf_set_attr
                0x000000000002f854                uipbuf_clear_attr
                0x000000000002f880                uipbuf_set_attr_flag
                0x000000000002f89f                uipbuf_clr_attr_flag
                0x000000000002f8c4                uipbuf_is_attr_flag
 .text          0x000000000002f8e5      0xc72 obj_cooja/mtype267.a(uip-icmp6.o)
                0x000000000002f95e                uip_icmp6_input
                0x000000000002f9b8                uip_icmp6_register_input_handler
                0x000000000002fc40                uip_icmp6_error_output
                0x0000000000030174                uip_icmp6_send
                0x00000000000304d0                uip_icmp6_echo_reply_callback_add
                0x0000000000030513                uip_icmp6_echo_reply_callback_rm
                0x0000000000030538                uip_icmp6_init
 .text          0x0000000000030557      0x63c obj_cooja/mtype267.a(uip-sr.o)
                0x0000000000030557                uip_sr_num_nodes
                0x00000000000305fa                uip_sr_get_node
                0x000000000003065e                uip_sr_is_addr_reachable
                0x0000000000030722                uip_sr_expire_parent
                0x0000000000030781                uip_sr_update_node
                0x00000000000309a3                uip_sr_init
                0x00000000000309cf                uip_sr_node_head
                0x00000000000309e4                uip_sr_node_next
                0x00000000000309fe                uip_sr_periodic
                0x0000000000030b1c                uip_sr_free_all
 .text          0x0000000000030b93      0x197 obj_cooja/mtype267.a(uip-packetqueue)
                0x0000000000030bcb                uip_packetqueue_new
                0x0000000000030be1                uip_packetqueue_alloc
                0x0000000000030c57                uip_packetqueue_free
                0x0000000000030ca8                uip_packetqueue_buf
                0x0000000000030cd0                uip_packetqueue_buflen
                0x0000000000030cfb                uip_packetqueue_set_buflen
 .text          0x0000000000030d2a      0x688 obj_cooja/mtype267.a(uiplib.o)
                0x0000000000030d2a                uiplib_ip6addrconv
                0x0000000000030f0c                uiplib_ip4addrconv
                0x0000000000030fda                uiplib_ipaddr_print
                0x0000000000031155                uiplib_ipaddr_snprint
 .text          0x00000000000313b2      0x355 obj_cooja/mtype267.a(rpl-nbr-policy.)
                0x00000000000316b5                rpl_nbr_policy_find_removable
 .text          0x0000000000031707     0x1ba2 obj_cooja/mtype267.a(rpl-ext-header.)
                0x0000000000031707                rpl_ext_header_srh_get_next_hop
                0x00000000000318e7                rpl_ext_header_srh_update
                0x0000000000032531                rpl_ext_header_hbh_update
                0x0000000000032f52                rpl_ext_header_update
                0x0000000000032ff8                rpl_ext_header_remove
 .text          0x00000000000332a9        0x0 /usr/lib/gcc/x86_64-linux-gnu/7/crtendS.o
 .text          0x00000000000332a9        0x0 /usr/lib/gcc/x86_64-linux-gnu/7/../../../x86_64-linux-gnu/crtn.o
 *(.gnu.warning)

.fini           0x00000000000332ac        0x9
 *(SORT(.fini))
 .fini          0x00000000000332ac        0x4 /usr/lib/gcc/x86_64-linux-gnu/7/../../../x86_64-linux-gnu/crti.o
                0x00000000000332ac                _fini
 .fini          0x00000000000332b0        0x5 /usr/lib/gcc/x86_64-linux-gnu/7/../../../x86_64-linux-gnu/crtn.o
                [!provide]                        PROVIDE (__etext, .)
                [!provide]                        PROVIDE (_etext, .)
                [!provide]                        PROVIDE (etext, .)

.rodata         0x00000000000332c0     0x3871
 *(.rodata .rodata.* .gnu.linkonce.r.*)
 .rodata        0x00000000000332c0        0x9 node.o
 *fill*         0x00000000000332c9        0x7 
 .rodata        0x00000000000332d0       0xeb obj_cooja/mtype267.o
 .rodata        0x00000000000333bb        0x7 obj_cooja/mtype267.a(button-sensor.o)
 .rodata        0x00000000000333c2        0x4 obj_cooja/mtype267.a(pir-sensor.o)
 .rodata        0x00000000000333c6        0x6 obj_cooja/mtype267.a(rs232.o)
 .rodata        0x00000000000333cc        0xa obj_cooja/mtype267.a(vib-sensor.o)
 *fill*         0x00000000000333d6        0x2 
 .rodata        0x00000000000333d8       0x27 obj_cooja/mtype267.a(cfs-cooja.o)
 .rodata        0x00000000000333ff       0x55 obj_cooja/mtype267.a(cooja-radio.o)
 .rodata        0x0000000000033454        0x8 obj_cooja/mtype267.a(sensors.o)
 .rodata        0x000000000003345c       0x18 obj_cooja/mtype267.a(serial-shell.o)
 .rodata        0x0000000000033474        0xf obj_cooja/mtype267.a(ctimer.o)
 .rodata        0x0000000000033483        0xc obj_cooja/mtype267.a(etimer.o)
 *fill*         0x000000000003348f        0x1 
 .rodata        0x0000000000033490       0xec obj_cooja/mtype267.a(log.o)
 .rodata        0x000000000003357c        0xe obj_cooja/mtype267.a(serial-line.o)
 *fill*         0x000000000003358a        0x6 
 .rodata        0x0000000000033590        0x8 obj_cooja/mtype267.a(linkaddr.o)
                0x0000000000033590                linkaddr_null
 *fill*         0x0000000000033598        0x8 
 .rodata        0x00000000000335a0      0x785 obj_cooja/mtype267.a(tsch.o)
                0x00000000000335b8                tsch_broadcast_address
                0x00000000000335c0                tsch_eb_address
 *fill*         0x0000000000033d25        0x3 
 .rodata        0x0000000000033d28       0x7d obj_cooja/mtype267.a(tsch-queue.o)
 *fill*         0x0000000000033da5        0x3 
 .rodata        0x0000000000033da8      0x208 obj_cooja/mtype267.a(tsch-schedule.o)
 .rodata        0x0000000000033fb0      0x117 obj_cooja/mtype267.a(tsch-slot-opera)
 *fill*         0x00000000000340c7        0x1 
 .rodata        0x00000000000340c8       0xf1 obj_cooja/mtype267.a(tsch-packet.o)
 .rodata        0x00000000000341b9        0xd obj_cooja/mtype267.a(tsch-rpl.o)
 *fill*         0x00000000000341c6        0x2 
 .rodata        0x00000000000341c8       0x34 obj_cooja/mtype267.a(tsch-adaptive-t)
 *fill*         0x00000000000341fc        0x4 
 .rodata        0x0000000000034200       0xf7 obj_cooja/mtype267.a(tsch-log.o)
 *fill*         0x00000000000342f7        0x1 
 .rodata        0x00000000000342f8      0x189 obj_cooja/mtype267.a(tcpip.o)
 *fill*         0x0000000000034481        0x7 
 .rodata        0x0000000000034488      0x388 obj_cooja/mtype267.a(uip6.o)
 .rodata        0x0000000000034810       0x53 obj_cooja/mtype267.a(uip-nd6.o)
 *fill*         0x0000000000034863        0x5 
 .rodata        0x0000000000034868       0xae obj_cooja/mtype267.a(uip-ds6-route.o)
 *fill*         0x0000000000034916        0x2 
 .rodata        0x0000000000034918      0x1cc obj_cooja/mtype267.a(sicslowpan.o)
                0x0000000000034918                unc_llconf
                0x000000000003491c                unc_ctxconf
                0x0000000000034920                unc_mxconf
                0x0000000000034924                llprefix
 *fill*         0x0000000000034ae4        0x4 
 .rodata        0x0000000000034ae8      0x166 obj_cooja/mtype267.a(rpl-neighbor.o)
 *fill*         0x0000000000034c4e        0x2 
 .rodata        0x0000000000034c50      0x5cc obj_cooja/mtype267.a(rpl-dag.o)
 .rodata        0x000000000003521c       0x89 obj_cooja/mtype267.a(rpl-timers.o)
 *fill*         0x00000000000352a5        0x3 
 .rodata        0x00000000000352a8       0xd8 obj_cooja/mtype267.a(rpl.o)
 .rodata        0x0000000000035380       0x25 obj_cooja/mtype267.a(rpl-mrhof.o)
 *fill*         0x00000000000353a5        0x3 
 .rodata        0x00000000000353a8      0x5a3 obj_cooja/mtype267.a(rpl-icmp6.o)
 *fill*         0x000000000003594b        0x5 
 .rodata        0x0000000000035950       0x68 obj_cooja/mtype267.a(rpl-dag-root.o)
 .rodata        0x00000000000359b8       0x1b obj_cooja/mtype267.a(shell.o)
 *fill*         0x00000000000359d3        0x5 
 .rodata        0x00000000000359d8      0x89b obj_cooja/mtype267.a(shell-commands.)
 *fill*         0x0000000000036273        0x5 
 .rodata        0x0000000000036278      0x236 obj_cooja/mtype267.a(frame802154e-ie)
 *fill*         0x00000000000364ae        0x2 
 .rodata        0x00000000000364b0       0xc2 obj_cooja/mtype267.a(framer-802154.o)
 *fill*         0x0000000000036572        0x6 
 .rodata        0x0000000000036578       0x5a obj_cooja/mtype267.a(uip-icmp6.o)
 *fill*         0x00000000000365d2        0x6 
 .rodata        0x00000000000365d8       0x61 obj_cooja/mtype267.a(uip-sr.o)
 .rodata        0x0000000000036639       0x2a obj_cooja/mtype267.a(uiplib.o)
 *fill*         0x0000000000036663        0x5 
 .rodata        0x0000000000036668       0xe7 obj_cooja/mtype267.a(rpl-nbr-policy.)
 *fill*         0x000000000003674f        0x1 
 .rodata        0x0000000000036750      0x3e1 obj_cooja/mtype267.a(rpl-ext-header.)

.rodata1
 *(.rodata1)

.eh_frame_hdr   0x0000000000036b34     0x174c
 *(.eh_frame_hdr)
 .eh_frame_hdr  0x0000000000036b34     0x174c node.o
                0x0000000000036b34                __GNU_EH_FRAME_HDR
 *(.eh_frame_entry .eh_frame_entry.*)

.eh_frame       0x0000000000038280     0x5dc8
 *(.eh_frame)
 .eh_frame      0x0000000000038280       0x40 /usr/lib/gcc/x86_64-linux-gnu/7/../../../x86_64-linux-gnu/crti.o
 .eh_frame      0x00000000000382c0       0x18 /usr/lib/gcc/x86_64-linux-gnu/7/../../../x86_64-linux-gnu/crti.o
                                         0x30 (size before relaxing)
 .eh_frame      0x00000000000382d8       0x20 node.o
                                         0x38 (size before relaxing)
 .eh_frame      0x00000000000382f8      0x138 obj_cooja/mtype267.o
                                        0x150 (size before relaxing)
 .eh_frame      0x0000000000038430       0x40 obj_cooja/mtype267.a(simEnvChange.o)
                                         0x58 (size before relaxing)
 .eh_frame      0x0000000000038470       0x60 obj_cooja/mtype267.a(cooja_mt.o)
                                         0x78 (size before relaxing)
 .eh_frame      0x00000000000384d0       0x80 obj_cooja/mtype267.a(cooja_mtarch.o)
                                         0x98 (size before relaxing)
 .eh_frame      0x0000000000038550       0xc0 obj_cooja/mtype267.a(rtimer-arch.o)
                                         0xd8 (size before relaxing)
 .eh_frame      0x0000000000038610      0x160 obj_cooja/mtype267.a(beep.o)
                                        0x178 (size before relaxing)
 .eh_frame      0x0000000000038770       0xa0 obj_cooja/mtype267.a(button-sensor.o)
                                         0xb8 (size before relaxing)
 .eh_frame      0x0000000000038810       0xa0 obj_cooja/mtype267.a(leds-arch.o)
                                         0xb8 (size before relaxing)
 .eh_frame      0x00000000000388b0       0x40 obj_cooja/mtype267.a(moteid.o)
                                         0x58 (size before relaxing)
 .eh_frame      0x00000000000388f0       0xa0 obj_cooja/mtype267.a(pir-sensor.o)
                                         0xb8 (size before relaxing)
 .eh_frame      0x0000000000038990      0x100 obj_cooja/mtype267.a(rs232.o)
                                        0x118 (size before relaxing)
 .eh_frame      0x0000000000038a90       0xa0 obj_cooja/mtype267.a(vib-sensor.o)
                                         0xb8 (size before relaxing)
 .eh_frame      0x0000000000038b30       0xc0 obj_cooja/mtype267.a(clock.o)
                                         0xd8 (size before relaxing)
 .eh_frame      0x0000000000038bf0      0x128 obj_cooja/mtype267.a(cooja-log.o)
                                        0x140 (size before relaxing)
 .eh_frame      0x0000000000038d18      0x160 obj_cooja/mtype267.a(cfs-cooja.o)
                                        0x178 (size before relaxing)
 .eh_frame      0x0000000000038e78      0x3a0 obj_cooja/mtype267.a(cooja-radio.o)
                                        0x3b8 (size before relaxing)
 .eh_frame      0x0000000000039218       0xa0 obj_cooja/mtype267.a(eeprom.o)
                                         0xb8 (size before relaxing)
 .eh_frame      0x00000000000392b8       0x40 obj_cooja/mtype267.a(random.o)
                                         0x58 (size before relaxing)
 .eh_frame      0x00000000000392f8       0xc0 obj_cooja/mtype267.a(sensors.o)
                                         0xd8 (size before relaxing)
 .eh_frame      0x00000000000393b8       0x60 obj_cooja/mtype267.a(serial-shell.o)
                                         0x78 (size before relaxing)
 .eh_frame      0x0000000000039418      0x100 obj_cooja/mtype267.a(ctimer.o)
                                        0x118 (size before relaxing)
 .eh_frame      0x0000000000039518       0x40 obj_cooja/mtype267.a(autostart.o)
                                         0x58 (size before relaxing)
 .eh_frame      0x0000000000039558      0x1e0 obj_cooja/mtype267.a(etimer.o)
                                        0x1f8 (size before relaxing)
 .eh_frame      0x0000000000039738       0xe0 obj_cooja/mtype267.a(log.o)
                                         0xf8 (size before relaxing)
 .eh_frame      0x0000000000039818      0x1c8 obj_cooja/mtype267.a(process.o)
                                        0x1e0 (size before relaxing)
 .eh_frame      0x00000000000399e0       0x60 obj_cooja/mtype267.a(rtimer.o)
                                         0x78 (size before relaxing)
 .eh_frame      0x0000000000039a40       0xa0 obj_cooja/mtype267.a(timer.o)
                                         0xb8 (size before relaxing)
 .eh_frame      0x0000000000039ae0       0x60 obj_cooja/mtype267.a(serial-line.o)
                                         0x78 (size before relaxing)
 .eh_frame      0x0000000000039b40      0x180 obj_cooja/mtype267.a(list.o)
                                        0x198 (size before relaxing)
 .eh_frame      0x0000000000039cc0       0xa0 obj_cooja/mtype267.a(ringbuf.o)
                                         0xb8 (size before relaxing)
 .eh_frame      0x0000000000039d60      0x288 obj_cooja/mtype267.a(packetbuf.o)
                                        0x2a0 (size before relaxing)
 .eh_frame      0x0000000000039fe8       0x80 obj_cooja/mtype267.a(netstack.o)
                                         0x98 (size before relaxing)
 .eh_frame      0x000000000003a068       0x60 obj_cooja/mtype267.a(linkaddr.o)
                                         0x78 (size before relaxing)
 .eh_frame      0x000000000003a0c8      0x340 obj_cooja/mtype267.a(tsch.o)
                                        0x358 (size before relaxing)
 .eh_frame      0x000000000003a408      0x2e8 obj_cooja/mtype267.a(tsch-queue.o)
                                        0x300 (size before relaxing)
 .eh_frame      0x000000000003a6f0      0x1e0 obj_cooja/mtype267.a(tsch-schedule.o)
                                        0x1f8 (size before relaxing)
 .eh_frame      0x000000000003a8d0      0x1c8 obj_cooja/mtype267.a(tsch-slot-opera)
                                        0x1e0 (size before relaxing)
 .eh_frame      0x000000000003aa98       0xe8 obj_cooja/mtype267.a(tsch-packet.o)
                                        0x100 (size before relaxing)
 .eh_frame      0x000000000003ab80       0xa0 obj_cooja/mtype267.a(tsch-rpl.o)
                                         0xb8 (size before relaxing)
 .eh_frame      0x000000000003ac20       0xc0 obj_cooja/mtype267.a(tsch-adaptive-t)
                                         0xd8 (size before relaxing)
 .eh_frame      0x000000000003ace0       0xa8 obj_cooja/mtype267.a(tsch-log.o)
                                         0xc0 (size before relaxing)
 .eh_frame      0x000000000003ad88      0x2e8 obj_cooja/mtype267.a(uip-ds6.o)
                                        0x300 (size before relaxing)
 .eh_frame      0x000000000003b070      0x248 obj_cooja/mtype267.a(tcpip.o)
                                        0x260 (size before relaxing)
 .eh_frame      0x000000000003b2b8      0x1a8 obj_cooja/mtype267.a(uip6.o)
                                        0x1c0 (size before relaxing)
 .eh_frame      0x000000000003b460      0x1a0 obj_cooja/mtype267.a(uip-ds6-nbr.o)
                                        0x1b8 (size before relaxing)
 .eh_frame      0x000000000003b600       0x80 obj_cooja/mtype267.a(uip-nd6.o)
                                         0x98 (size before relaxing)
 .eh_frame      0x000000000003b680      0x220 obj_cooja/mtype267.a(uip-ds6-route.o)
                                        0x238 (size before relaxing)
 .eh_frame      0x000000000003b8a0      0x220 obj_cooja/mtype267.a(sicslowpan.o)
                                        0x238 (size before relaxing)
 .eh_frame      0x000000000003bac0      0x290 obj_cooja/mtype267.a(rpl-neighbor.o)
                                        0x2a8 (size before relaxing)
 .eh_frame      0x000000000003bd50      0x340 obj_cooja/mtype267.a(rpl-dag.o)
                                        0x358 (size before relaxing)
 .eh_frame      0x000000000003c090      0x348 obj_cooja/mtype267.a(rpl-timers.o)
                                        0x360 (size before relaxing)
 .eh_frame      0x000000000003c3d8      0x1a0 obj_cooja/mtype267.a(rpl.o)
                                        0x1b8 (size before relaxing)
 .eh_frame      0x000000000003c578      0x148 obj_cooja/mtype267.a(rpl-mrhof.o)
                                        0x160 (size before relaxing)
 .eh_frame      0x000000000003c6c0      0x1c0 obj_cooja/mtype267.a(rpl-icmp6.o)
                                        0x1d8 (size before relaxing)
 .eh_frame      0x000000000003c880       0x80 obj_cooja/mtype267.a(rpl-dag-root.o)
                                         0x98 (size before relaxing)
 .eh_frame      0x000000000003c900       0xa0 obj_cooja/mtype267.a(watchdog.o)
                                         0xb8 (size before relaxing)
 .eh_frame      0x000000000003c9a0       0xa0 obj_cooja/mtype267.a(shell.o)
                                         0xb8 (size before relaxing)
 .eh_frame      0x000000000003ca40      0x2a0 obj_cooja/mtype267.a(shell-commands.)
                                        0x2b8 (size before relaxing)
 .eh_frame      0x000000000003cce0       0xc0 obj_cooja/mtype267.a(stimer.o)
                                         0xd8 (size before relaxing)
 .eh_frame      0x000000000003cda0      0x120 obj_cooja/mtype267.a(ringbufindex.o)
                                        0x138 (size before relaxing)
 .eh_frame      0x000000000003cec0       0xa0 obj_cooja/mtype267.a(memb.o)
                                         0xb8 (size before relaxing)
 .eh_frame      0x000000000003cf60      0x1a0 obj_cooja/mtype267.a(queuebuf.o)
                                        0x1b8 (size before relaxing)
 .eh_frame      0x000000000003d100      0x2c0 obj_cooja/mtype267.a(nbr-table.o)
                                        0x2d8 (size before relaxing)
 .eh_frame      0x000000000003d3c0      0x100 obj_cooja/mtype267.a(link-stats.o)
                                        0x118 (size before relaxing)
 .eh_frame      0x000000000003d4c0       0x48 obj_cooja/mtype267.a(mac-sequence.o)
                                         0x60 (size before relaxing)
 .eh_frame      0x000000000003d508       0x20 obj_cooja/mtype267.a(mac.o)
                                         0x38 (size before relaxing)
 .eh_frame      0x000000000003d528      0x220 obj_cooja/mtype267.a(frame802154e-ie)
                                        0x238 (size before relaxing)
 .eh_frame      0x000000000003d748       0xa8 obj_cooja/mtype267.a(framer-802154.o)
                                         0xc0 (size before relaxing)
 .eh_frame      0x000000000003d7f0      0x1a8 obj_cooja/mtype267.a(frame802154.o)
                                        0x1c0 (size before relaxing)
 .eh_frame      0x000000000003d998      0x100 obj_cooja/mtype267.a(uipbuf.o)
                                        0x118 (size before relaxing)
 .eh_frame      0x000000000003da98      0x148 obj_cooja/mtype267.a(uip-icmp6.o)
                                        0x160 (size before relaxing)
 .eh_frame      0x000000000003dbe0      0x160 obj_cooja/mtype267.a(uip-sr.o)
                                        0x178 (size before relaxing)
 .eh_frame      0x000000000003dd40       0xe0 obj_cooja/mtype267.a(uip-packetqueue)
                                         0xf8 (size before relaxing)
 .eh_frame      0x000000000003de20       0x80 obj_cooja/mtype267.a(uiplib.o)
                                         0x98 (size before relaxing)
 .eh_frame      0x000000000003dea0       0x80 obj_cooja/mtype267.a(rpl-nbr-policy.)
                                         0x98 (size before relaxing)
 .eh_frame      0x000000000003df20      0x124 obj_cooja/mtype267.a(rpl-ext-header.)
                                        0x140 (size before relaxing)
 .eh_frame      0x000000000003e044        0x4 /usr/lib/gcc/x86_64-linux-gnu/7/crtendS.o
 *(.eh_frame.*)

.gcc_except_table
 *(.gcc_except_table .gcc_except_table.*)

.gnu_extab
 *(.gnu_extab*)

.exception_ranges
 *(.exception_ranges .exception_ranges*)
                0x000000000023e5f0                . = DATA_SEGMENT_ALIGN (CONSTANT (MAXPAGESIZE), CONSTANT (COMMONPAGESIZE))

.eh_frame
 *(.eh_frame)
 *(.eh_frame.*)

.gnu_extab
 *(.gnu_extab)

.gcc_except_table
 *(.gcc_except_table .gcc_except_table.*)

.exception_ranges
 *(.exception_ranges .exception_ranges*)

.tdata
 *(.tdata .tdata.* .gnu.linkonce.td.*)

.tbss
 *(.tbss .tbss.* .gnu.linkonce.tb.*)
 *(.tcommon)

.preinit_array
 *(.preinit_array)

.init_array     0x000000000023e5f0        0x8
 *(SORT(.init_array.*) SORT(.ctors.*))
 *(.init_array EXCLUDE_FILE(*crtend?.o *crtend.o *crtbegin?.o *crtbegin.o) .ctors)
 .init_array    0x000000000023e5f0        0x8 /usr/lib/gcc/x86_64-linux-gnu/7/crtbeginS.o

.fini_array     0x000000000023e5f8        0x8
 *(SORT(.fini_array.*) SORT(.dtors.*))
 *(.fini_array EXCLUDE_FILE(*crtend?.o *crtend.o *crtbegin?.o *crtbegin.o) .dtors)
 .fini_array    0x000000000023e5f8        0x8 /usr/lib/gcc/x86_64-linux-gnu/7/crtbeginS.o

.ctors
 *crtbegin.o(.ctors)
 *crtbegin?.o(.ctors)
 *(EXCLUDE_FILE(*crtend?.o *crtend.o) .ctors)
 *(SORT(.ctors.*))
 *(.ctors)

.dtors
 *crtbegin.o(.dtors)
 *crtbegin?.o(.dtors)
 *(EXCLUDE_FILE(*crtend?.o *crtend.o) .dtors)
 *(SORT(.dtors.*))
 *(.dtors)

.jcr
 *(.jcr)

.data.rel.ro    0x000000000023e600      0x340
 *(.data.rel.ro.local* .gnu.linkonce.d.rel.ro.local.*)
 .data.rel.ro.local
                0x000000000023e600       0x10 obj_cooja/mtype267.a(beep.o)
                0x000000000023e600                beep_interface
 *fill*         0x000000000023e610       0x10 
 .data.rel.ro.local
                0x000000000023e620       0x40 obj_cooja/mtype267.a(button-sensor.o)
                0x000000000023e620                button_interface
                0x000000000023e640                button_sensor
 .data.rel.ro.local
                0x000000000023e660       0x10 obj_cooja/mtype267.a(leds-arch.o)
                0x000000000023e660                leds_interface
 .data.rel.ro.local
                0x000000000023e670       0x10 obj_cooja/mtype267.a(moteid.o)
                0x000000000023e670                moteid_interface
 .data.rel.ro.local
                0x000000000023e680       0x40 obj_cooja/mtype267.a(pir-sensor.o)
                0x000000000023e680                pir_interface
                0x000000000023e6a0                pir_sensor
 .data.rel.ro.local
                0x000000000023e6c0       0x10 obj_cooja/mtype267.a(rs232.o)
                0x000000000023e6c0                rs232_interface
 *fill*         0x000000000023e6d0       0x10 
 .data.rel.ro.local
                0x000000000023e6e0       0x40 obj_cooja/mtype267.a(vib-sensor.o)
                0x000000000023e6e0                vib_interface
                0x000000000023e700                vib_sensor
 .data.rel.ro.local
                0x000000000023e720       0x10 obj_cooja/mtype267.a(clock.o)
                0x000000000023e720                clock_interface
 .data.rel.ro.local
                0x000000000023e730       0x10 obj_cooja/mtype267.a(cooja-log.o)
                0x000000000023e730                simlog_interface
 .data.rel.ro.local
                0x000000000023e740       0x10 obj_cooja/mtype267.a(cfs-cooja.o)
                0x000000000023e740                cfs_interface
 *fill*         0x000000000023e750       0x10 
 .data.rel.ro.local
                0x000000000023e760       0x90 obj_cooja/mtype267.a(cooja-radio.o)
                0x000000000023e760                radio_interface
                0x000000000023e770                dummy_interface
                0x000000000023e780                cooja_radio_driver
 .data.rel.ro.local
                0x000000000023e7f0       0x10 obj_cooja/mtype267.a(eeprom.o)
                0x000000000023e7f0                eeprom_interface
 .data.rel.ro.local
                0x000000000023e800       0x30 obj_cooja/mtype267.a(tsch.o)
                0x000000000023e800                tschmac_driver
 .data.rel.ro.local
                0x000000000023e830       0x18 obj_cooja/mtype267.a(framer-802154.o)
                0x000000000023e830                framer_802154
 *(.data.rel.ro .data.rel.ro.* .gnu.linkonce.d.rel.ro.*)
 .data.rel.ro   0x000000000023e848        0x0 /usr/lib/gcc/x86_64-linux-gnu/7/../../../x86_64-linux-gnu/crti.o
 *fill*         0x000000000023e848        0x8 
 .data.rel.ro   0x000000000023e850       0x10 node.o
                0x000000000023e850                autostart_processes
 .data.rel.ro   0x000000000023e860       0x20 obj_cooja/mtype267.a(sicslowpan.o)
                0x000000000023e860                sicslowpan_driver
 .data.rel.ro   0x000000000023e880        0x8 obj_cooja/mtype267.a(rpl-dag.o)
 *fill*         0x000000000023e888       0x18 
 .data.rel.ro   0x000000000023e8a0       0xa0 obj_cooja/mtype267.a(rpl.o)
                0x000000000023e8a0                rpl_lite_driver

.dynamic        0x000000000023e940      0x1c0
 *(.dynamic)
 .dynamic       0x000000000023e940      0x1c0 /usr/lib/gcc/x86_64-linux-gnu/7/../../../x86_64-linux-gnu/crti.o
                0x000000000023e940                _DYNAMIC

.got            0x000000000023eb00      0x4f8
 *(.got)
 .got           0x000000000023eb00      0x4f8 /usr/lib/gcc/x86_64-linux-gnu/7/../../../x86_64-linux-gnu/crti.o
 *(.igot)
                0x000000000023ffe8                . = DATA_SEGMENT_RELRO_END (., (SIZEOF (.got.plt) >= 0x18)?0x18:0x0)

.got.plt        0x000000000023f000      0xc20
 *(.got.plt)
 .got.plt       0x000000000023f000      0xc20 /usr/lib/gcc/x86_64-linux-gnu/7/../../../x86_64-linux-gnu/crti.o
                0x000000000023f000                _GLOBAL_OFFSET_TABLE_
 *(.igot.plt)

.data           0x000000000023fc20      0x898
 *(.data .data.* .gnu.linkonce.d.*)
 .data          0x000000000023fc20        0x0 /usr/lib/gcc/x86_64-linux-gnu/7/../../../x86_64-linux-gnu/crti.o
 .data          0x000000000023fc20        0x0 /usr/lib/gcc/x86_64-linux-gnu/7/crtbeginS.o
 .data.rel.local
                0x000000000023fc20        0x8 /usr/lib/gcc/x86_64-linux-gnu/7/crtbeginS.o
                0x000000000023fc20                __dso_handle
 .data          0x000000000023fc28        0x0 node.o
 *fill*         0x000000000023fc28       0x18 
 .data.rel.local
                0x000000000023fc40       0x20 node.o
                0x000000000023fc40                node_process
 .data          0x000000000023fc60        0x0 obj_cooja/mtype267.o
 .data.rel      0x000000000023fc60       0xa0 obj_cooja/mtype267.o
                0x000000000023fc60                simInterfaces
                0x000000000023fce0                sensors
 .data          0x000000000023fd00        0x0 obj_cooja/mtype267.a(simEnvChange.o)
 .data          0x000000000023fd00        0x0 obj_cooja/mtype267.a(cooja_mt.o)
 .data          0x000000000023fd00        0x0 obj_cooja/mtype267.a(cooja_mtarch.o)
 .data          0x000000000023fd00        0x0 obj_cooja/mtype267.a(rtimer-arch.o)
 .data          0x000000000023fd00        0x0 obj_cooja/mtype267.a(beep.o)
 .data          0x000000000023fd00        0x0 obj_cooja/mtype267.a(button-sensor.o)
 .data          0x000000000023fd00        0x0 obj_cooja/mtype267.a(leds-arch.o)
 .data          0x000000000023fd00        0x0 obj_cooja/mtype267.a(moteid.o)
 .data          0x000000000023fd00        0x0 obj_cooja/mtype267.a(pir-sensor.o)
 .data          0x000000000023fd00        0x0 obj_cooja/mtype267.a(rs232.o)
 .data          0x000000000023fd00        0x0 obj_cooja/mtype267.a(vib-sensor.o)
 .data          0x000000000023fd00        0x0 obj_cooja/mtype267.a(clock.o)
 .data          0x000000000023fd00        0x0 obj_cooja/mtype267.a(cooja-log.o)
 .data          0x000000000023fd00        0x0 obj_cooja/mtype267.a(cfs-cooja.o)
 .data          0x000000000023fd00       0x34 obj_cooja/mtype267.a(cooja-radio.o)
                0x000000000023fd00                simRadioHWOn
                0x000000000023fd04                simSignalStrength
                0x000000000023fd08                simLastSignalStrength
                0x000000000023fd0c                simPower
                0x000000000023fd10                simRadioChannel
                0x000000000023fd14                simLQI
                0x000000000023fd18                simRadioChannelDummy
                0x000000000023fd1c                simRadioHWOnDummy
                0x000000000023fd20                simSignalStrengthDummy
                0x000000000023fd24                simLastSignalStrengthDummy
                0x000000000023fd28                simPowerDummy
                0x000000000023fd2c                simLQIDummy
 *fill*         0x000000000023fd34        0xc 
 .data.rel.local
                0x000000000023fd40       0x20 obj_cooja/mtype267.a(cooja-radio.o)
                0x000000000023fd40                cooja_radio_process
 .data          0x000000000023fd60        0x0 obj_cooja/mtype267.a(eeprom.o)
 .data          0x000000000023fd60        0x0 obj_cooja/mtype267.a(random.o)
 .data          0x000000000023fd60        0x0 obj_cooja/mtype267.a(sensors.o)
 .data.rel.local
                0x000000000023fd60       0x20 obj_cooja/mtype267.a(sensors.o)
                0x000000000023fd60                sensors_process
 .data          0x000000000023fd80        0x0 obj_cooja/mtype267.a(serial-shell.o)
 .data.rel.local
                0x000000000023fd80       0x20 obj_cooja/mtype267.a(serial-shell.o)
                0x000000000023fd80                serial_shell_process
 .data          0x000000000023fda0        0x0 obj_cooja/mtype267.a(ctimer.o)
 .data.rel.local
                0x000000000023fda0       0x40 obj_cooja/mtype267.a(ctimer.o)
                0x000000000023fdc0                ctimer_process
 .data          0x000000000023fde0        0x0 obj_cooja/mtype267.a(autostart.o)
 .data          0x000000000023fde0        0x0 obj_cooja/mtype267.a(etimer.o)
 .data.rel.local
                0x000000000023fde0       0x20 obj_cooja/mtype267.a(etimer.o)
                0x000000000023fde0                etimer_process
 .data          0x000000000023fe00       0x1c obj_cooja/mtype267.a(log.o)
                0x000000000023fe00                curr_log_level_rpl
                0x000000000023fe04                curr_log_level_tcpip
                0x000000000023fe08                curr_log_level_ipv6
                0x000000000023fe0c                curr_log_level_6lowpan
                0x000000000023fe10                curr_log_level_mac
                0x000000000023fe14                curr_log_level_framer
                0x000000000023fe18                curr_log_level_main
 *fill*         0x000000000023fe1c        0x4 
 .data.rel      0x000000000023fe20      0x120 obj_cooja/mtype267.a(log.o)
                0x000000000023fe20                all_modules
 .data          0x000000000023ff40        0x0 obj_cooja/mtype267.a(process.o)
 .data          0x000000000023ff40        0x0 obj_cooja/mtype267.a(rtimer.o)
 .data          0x000000000023ff40        0x0 obj_cooja/mtype267.a(timer.o)
 .data          0x000000000023ff40        0x0 obj_cooja/mtype267.a(serial-line.o)
 .data.rel.local
                0x000000000023ff40       0x20 obj_cooja/mtype267.a(serial-line.o)
                0x000000000023ff40                serial_line_process
 .data          0x000000000023ff60        0x0 obj_cooja/mtype267.a(list.o)
 .data          0x000000000023ff60        0x0 obj_cooja/mtype267.a(ringbuf.o)
 .data          0x000000000023ff60        0x0 obj_cooja/mtype267.a(packetbuf.o)
 .data.rel.local
                0x000000000023ff60        0x8 obj_cooja/mtype267.a(packetbuf.o)
 .data          0x000000000023ff68        0x0 obj_cooja/mtype267.a(netstack.o)
 .data.rel.local
                0x000000000023ff68        0x8 obj_cooja/mtype267.a(netstack.o)
 .data          0x000000000023ff70        0x0 obj_cooja/mtype267.a(linkaddr.o)
 .data          0x000000000023ff70        0x0 obj_cooja/mtype267.a(tsch.o)
 *fill*         0x000000000023ff70       0x10 
 .data.rel.local
                0x000000000023ff80       0x60 obj_cooja/mtype267.a(tsch.o)
                0x000000000023ff80                tsch_process
                0x000000000023ffa0                tsch_send_eb_process
                0x000000000023ffc0                tsch_pending_events_process
 .data          0x000000000023ffe0        0x0 obj_cooja/mtype267.a(tsch-queue.o)
 .data.rel.local
                0x000000000023ffe0       0x40 obj_cooja/mtype267.a(tsch-queue.o)
 .data          0x0000000000240020        0x0 obj_cooja/mtype267.a(tsch-schedule.o)
 .data.rel.local
                0x0000000000240020       0x40 obj_cooja/mtype267.a(tsch-schedule.o)
 .data          0x0000000000240060        0x4 obj_cooja/mtype267.a(tsch-slot-opera)
 .data          0x0000000000240064        0x0 obj_cooja/mtype267.a(tsch-packet.o)
 .data          0x0000000000240064        0x0 obj_cooja/mtype267.a(tsch-rpl.o)
 .data          0x0000000000240064        0x0 obj_cooja/mtype267.a(tsch-adaptive-t)
 .data          0x0000000000240064        0x0 obj_cooja/mtype267.a(tsch-log.o)
 .data          0x0000000000240064        0x0 obj_cooja/mtype267.a(uip-ds6.o)
 .data          0x0000000000240064        0x0 obj_cooja/mtype267.a(tcpip.o)
 *fill*         0x0000000000240064       0x1c 
 .data.rel.local
                0x0000000000240080       0x20 obj_cooja/mtype267.a(tcpip.o)
                0x0000000000240080                tcpip_process
 .data          0x00000000002400a0        0x0 obj_cooja/mtype267.a(uip6.o)
 .data          0x00000000002400a0        0x0 obj_cooja/mtype267.a(uip-ds6-nbr.o)
 .data.rel.local
                0x00000000002400a0       0x20 obj_cooja/mtype267.a(uip-ds6-nbr.o)
                0x00000000002400b8                ds6_neighbors
 .data          0x00000000002400c0        0x0 obj_cooja/mtype267.a(uip-nd6.o)
 .data.rel.local
                0x00000000002400c0       0x18 obj_cooja/mtype267.a(uip-nd6.o)
 .data          0x00000000002400d8        0x0 obj_cooja/mtype267.a(uip-ds6-route.o)
 *fill*         0x00000000002400d8        0x8 
 .data.rel.local
                0x00000000002400e0       0x28 obj_cooja/mtype267.a(uip-ds6-route.o)
 .data          0x0000000000240108        0x0 obj_cooja/mtype267.a(sicslowpan.o)
 .data          0x0000000000240108        0x0 obj_cooja/mtype267.a(rpl-neighbor.o)
 *fill*         0x0000000000240108        0x8 
 .data.rel.local
                0x0000000000240110       0x20 obj_cooja/mtype267.a(rpl-neighbor.o)
                0x0000000000240128                rpl_neighbors
 .data          0x0000000000240130        0x0 obj_cooja/mtype267.a(rpl-dag.o)
 .data          0x0000000000240130        0x0 obj_cooja/mtype267.a(rpl-timers.o)
 .data          0x0000000000240130        0x0 obj_cooja/mtype267.a(rpl.o)
 .data          0x0000000000240130        0x0 obj_cooja/mtype267.a(rpl-mrhof.o)
 *fill*         0x0000000000240130       0x10 
 .data.rel.local
                0x0000000000240140       0x48 obj_cooja/mtype267.a(rpl-mrhof.o)
                0x0000000000240140                rpl_mrhof
 .data          0x0000000000240188        0x0 obj_cooja/mtype267.a(rpl-icmp6.o)
 *fill*         0x0000000000240188        0x8 
 .data.rel.local
                0x0000000000240190       0x78 obj_cooja/mtype267.a(rpl-icmp6.o)
 .data          0x0000000000240208        0x0 obj_cooja/mtype267.a(rpl-dag-root.o)
 .data          0x0000000000240208        0x0 obj_cooja/mtype267.a(watchdog.o)
 .data          0x0000000000240208        0x0 obj_cooja/mtype267.a(shell.o)
 .data          0x0000000000240208        0x0 obj_cooja/mtype267.a(shell-commands.)
 *fill*         0x0000000000240208       0x18 
 .data.rel.local
                0x0000000000240220      0x168 obj_cooja/mtype267.a(shell-commands.)
                0x0000000000240220                shell_commands
 .data          0x0000000000240388        0x0 obj_cooja/mtype267.a(stimer.o)
 .data          0x0000000000240388        0x0 obj_cooja/mtype267.a(ringbufindex.o)
 .data          0x0000000000240388        0x0 obj_cooja/mtype267.a(memb.o)
 .data          0x0000000000240388        0x0 obj_cooja/mtype267.a(queuebuf.o)
 *fill*         0x0000000000240388        0x8 
 .data.rel.local
                0x0000000000240390       0x38 obj_cooja/mtype267.a(queuebuf.o)
 .data          0x00000000002403c8        0x0 obj_cooja/mtype267.a(nbr-table.o)
 *fill*         0x00000000002403c8        0x8 
 .data.rel.local
                0x00000000002403d0       0x20 obj_cooja/mtype267.a(nbr-table.o)
 .data          0x00000000002403f0        0x0 obj_cooja/mtype267.a(link-stats.o)
 .data.rel.local
                0x00000000002403f0       0x20 obj_cooja/mtype267.a(link-stats.o)
 .data          0x0000000000240410        0x0 obj_cooja/mtype267.a(mac-sequence.o)
 .data          0x0000000000240410        0x0 obj_cooja/mtype267.a(mac.o)
 .data          0x0000000000240410        0x0 obj_cooja/mtype267.a(frame802154e-ie)
 .data          0x0000000000240410        0x0 obj_cooja/mtype267.a(framer-802154.o)
 .data          0x0000000000240410        0x2 obj_cooja/mtype267.a(frame802154.o)
 .data          0x0000000000240412        0x0 obj_cooja/mtype267.a(uipbuf.o)
 .data          0x0000000000240412        0x0 obj_cooja/mtype267.a(uip-icmp6.o)
 *fill*         0x0000000000240412        0xe 
 .data.rel.local
                0x0000000000240420       0x48 obj_cooja/mtype267.a(uip-icmp6.o)
 .data          0x0000000000240468        0x0 obj_cooja/mtype267.a(uip-sr.o)
 *fill*         0x0000000000240468        0x8 
 .data.rel.local
                0x0000000000240470       0x28 obj_cooja/mtype267.a(uip-sr.o)
 .data          0x0000000000240498        0x0 obj_cooja/mtype267.a(uip-packetqueue)
 *fill*         0x0000000000240498        0x8 
 .data.rel.local
                0x00000000002404a0       0x18 obj_cooja/mtype267.a(uip-packetqueue)
 .data          0x00000000002404b8        0x0 obj_cooja/mtype267.a(uiplib.o)
 .data          0x00000000002404b8        0x0 obj_cooja/mtype267.a(rpl-nbr-policy.)
 .data          0x00000000002404b8        0x0 obj_cooja/mtype267.a(rpl-ext-header.)
 .data          0x00000000002404b8        0x0 /usr/lib/gcc/x86_64-linux-gnu/7/crtendS.o
 .data          0x00000000002404b8        0x0 /usr/lib/gcc/x86_64-linux-gnu/7/../../../x86_64-linux-gnu/crtn.o

.tm_clone_table
                0x00000000002404b8        0x0
 .tm_clone_table
                0x00000000002404b8        0x0 /usr/lib/gcc/x86_64-linux-gnu/7/crtbeginS.o
 .tm_clone_table
                0x00000000002404b8        0x0 /usr/lib/gcc/x86_64-linux-gnu/7/crtendS.o

.data1
 *(.data1)
                0x00000000002404b8                _edata = .
                [!provide]                        PROVIDE (edata, .)
                0x00000000002404b8                . = .
                0x00000000002404b8                __bss_start = .

.bss            0x00000000002404c0    0x196c0
 *(.dynbss)
 .dynbss        0x00000000002404c0        0x0 /usr/lib/gcc/x86_64-linux-gnu/7/../../../x86_64-linux-gnu/crti.o
 *(.bss .bss.* .gnu.linkonce.b.*)
 .bss           0x00000000002404c0        0x0 /usr/lib/gcc/x86_64-linux-gnu/7/../../../x86_64-linux-gnu/crti.o
 .bss           0x00000000002404c0        0x1 /usr/lib/gcc/x86_64-linux-gnu/7/crtbeginS.o
 .bss           0x00000000002404c1        0x0 node.o
 *fill*         0x00000000002404c1       0x1f 
 .bss           0x00000000002404e0     0x4040 obj_cooja/mtype267.o
 .bss           0x0000000000244520        0x1 obj_cooja/mtype267.a(simEnvChange.o)
                0x0000000000244520                simDontFallAsleep
 *fill*         0x0000000000244521        0x7 
 .bss           0x0000000000244528        0x8 obj_cooja/mtype267.a(cooja_mt.o)
 .bss           0x0000000000244530        0x8 obj_cooja/mtype267.a(cooja_mtarch.o)
 .bss           0x0000000000244538        0x0 obj_cooja/mtype267.a(rtimer-arch.o)
 .bss           0x0000000000244538        0x0 obj_cooja/mtype267.a(beep.o)
 *fill*         0x0000000000244538        0x8 
 .bss           0x0000000000244540       0x10 obj_cooja/mtype267.a(button-sensor.o)
 .bss           0x0000000000244550        0x0 obj_cooja/mtype267.a(leds-arch.o)
 .bss           0x0000000000244550        0x0 obj_cooja/mtype267.a(moteid.o)
 .bss           0x0000000000244550        0x1 obj_cooja/mtype267.a(pir-sensor.o)
                0x0000000000244550                simPirValue
 *fill*         0x0000000000244551        0x7 
 .bss           0x0000000000244558        0x8 obj_cooja/mtype267.a(rs232.o)
 .bss           0x0000000000244560        0x1 obj_cooja/mtype267.a(vib-sensor.o)
                0x0000000000244560                simVibValue
 .bss           0x0000000000244561        0x0 obj_cooja/mtype267.a(clock.o)
 *fill*         0x0000000000244561       0x1f 
 .bss           0x0000000000244580      0x420 obj_cooja/mtype267.a(cooja-log.o)
 .bss           0x00000000002449a0      0xfc0 obj_cooja/mtype267.a(cfs-cooja.o)
                0x00000000002449a0                simCFSData
                0x0000000000245940                simCFSSize
                0x0000000000245944                simCFSChanged
                0x0000000000245948                simCFSRead
                0x000000000024594c                simCFSWritten
 .bss           0x0000000000245960       0x44 obj_cooja/mtype267.a(cooja-radio.o)
                0x0000000000245960                simReceiving
                0x0000000000245964                simInSize
                0x0000000000245968                simLastPacketTimestamp
                0x0000000000245970                simOutSize
                0x0000000000245974                simReceivingDummy
                0x0000000000245978                simLastPacketTimestampDummy
                0x0000000000245980                simInSizeDummy
                0x0000000000245984                simOutSizeDummy
                0x0000000000245988                LongRangeTransmit
                0x000000000024598c                LongRangeReceiving
 .bss           0x00000000002459a4        0xc obj_cooja/mtype267.a(eeprom.o)
                0x00000000002459a4                simEEPROMChanged
                0x00000000002459a8                simEEPROMRead
                0x00000000002459ac                simEEPROMWritten
 .bss           0x00000000002459b0        0x0 obj_cooja/mtype267.a(random.o)
 .bss           0x00000000002459b0        0xc obj_cooja/mtype267.a(sensors.o)
 .bss           0x00000000002459bc        0x2 obj_cooja/mtype267.a(serial-shell.o)
 *fill*         0x00000000002459be        0x2 
 .bss           0x00000000002459c0        0x9 obj_cooja/mtype267.a(ctimer.o)
 .bss           0x00000000002459c9        0x0 obj_cooja/mtype267.a(autostart.o)
 *fill*         0x00000000002459c9        0x7 
 .bss           0x00000000002459d0       0x10 obj_cooja/mtype267.a(etimer.o)
 .bss           0x00000000002459e0       0x10 obj_cooja/mtype267.a(log.o)
                0x00000000002459e0                curr_log_level_nullnet
                0x00000000002459e4                curr_log_level_6top
                0x00000000002459e8                curr_log_level_coap
                0x00000000002459ec                curr_log_level_lwm2m
 *fill*         0x00000000002459f0       0x10 
 .bss           0x0000000000245a00      0x321 obj_cooja/mtype267.a(process.o)
                0x0000000000245a00                process_list
                0x0000000000245a08                process_current
 *fill*         0x0000000000245d21        0x7 
 .bss           0x0000000000245d28        0x8 obj_cooja/mtype267.a(rtimer.o)
 .bss           0x0000000000245d30        0x0 obj_cooja/mtype267.a(timer.o)
 *fill*         0x0000000000245d30       0x10 
 .bss           0x0000000000245d40      0x140 obj_cooja/mtype267.a(serial-line.o)
 .bss           0x0000000000245e80        0x0 obj_cooja/mtype267.a(list.o)
 .bss           0x0000000000245e80        0x0 obj_cooja/mtype267.a(ringbuf.o)
 .bss           0x0000000000245e80       0xa0 obj_cooja/mtype267.a(packetbuf.o)
 .bss           0x0000000000245f20        0x8 obj_cooja/mtype267.a(netstack.o)
 .bss           0x0000000000245f28        0x0 obj_cooja/mtype267.a(linkaddr.o)
 *fill*         0x0000000000245f28       0x18 
 .bss           0x0000000000245f40      0x180 obj_cooja/mtype267.a(tsch.o)
                0x0000000000245f40                tsch_is_started
                0x0000000000245f44                tsch_is_initialized
                0x0000000000245f48                tsch_is_coordinator
                0x0000000000245f4c                tsch_is_associated
                0x0000000000245f50                tsch_association_count
                0x0000000000245f54                tsch_is_pan_secured
 .bss           0x00000000002460c0     0x73a8 obj_cooja/mtype267.a(tsch-queue.o)
 *fill*         0x000000000024d468       0x18 
 .bss           0x000000000024d480      0x5cc obj_cooja/mtype267.a(tsch-schedule.o)
 *fill*         0x000000000024da4c       0x14 
 .bss           0x000000000024da60      0x1c8 obj_cooja/mtype267.a(tsch-slot-opera)
                0x000000000024da60                last_timesource_neighbor
                0x000000000024da68                current_link
 *fill*         0x000000000024dc28        0x8 
 .bss           0x000000000024dc30       0x1a obj_cooja/mtype267.a(tsch-packet.o)
 .bss           0x000000000024dc4a        0x0 obj_cooja/mtype267.a(tsch-rpl.o)
 *fill*         0x000000000024dc4a       0x16 
 .bss           0x000000000024dc60       0x4c obj_cooja/mtype267.a(tsch-adaptive-t)
 *fill*         0x000000000024dcac       0x14 
 .bss           0x000000000024dcc0      0x26c obj_cooja/mtype267.a(tsch-log.o)
 *fill*         0x000000000024df2c        0x4 
 .bss           0x000000000024df30       0x30 obj_cooja/mtype267.a(uip-ds6.o)
 .bss           0x000000000024df60       0x20 obj_cooja/mtype267.a(tcpip.o)
 .bss           0x000000000024df80        0x6 obj_cooja/mtype267.a(uip6.o)
                0x000000000024df80                uip_ext_bitmap
                0x000000000024df81                uip_ext_len
                0x000000000024df82                uip_ext_opt_offset
 *fill*         0x000000000024df86       0x1a 
 .bss           0x000000000024dfa0     0x2580 obj_cooja/mtype267.a(uip-ds6-nbr.o)
 .bss           0x0000000000250520       0x20 obj_cooja/mtype267.a(uip-nd6.o)
 .bss           0x0000000000250540       0x80 obj_cooja/mtype267.a(uip-ds6-route.o)
 .bss           0x00000000002505c0       0x48 obj_cooja/mtype267.a(sicslowpan.o)
 *fill*         0x0000000000250608       0x18 
 .bss           0x0000000000250620     0x12c0 obj_cooja/mtype267.a(rpl-neighbor.o)
 .bss           0x00000000002518e0        0x0 obj_cooja/mtype267.a(rpl-dag.o)
 .bss           0x00000000002518e0       0x80 obj_cooja/mtype267.a(rpl-timers.o)
 .bss           0x0000000000251960        0x0 obj_cooja/mtype267.a(rpl.o)
 .bss           0x0000000000251960        0x0 obj_cooja/mtype267.a(rpl-mrhof.o)
 .bss           0x0000000000251960        0x0 obj_cooja/mtype267.a(rpl-icmp6.o)
 .bss           0x0000000000251960       0x11 obj_cooja/mtype267.a(rpl-dag-root.o)
 .bss           0x0000000000251971        0x0 obj_cooja/mtype267.a(watchdog.o)
 *fill*         0x0000000000251971        0x7 
 .bss           0x0000000000251978       0x12 obj_cooja/mtype267.a(shell.o)
 *fill*         0x000000000025198a       0x16 
 .bss           0x00000000002519a0       0x88 obj_cooja/mtype267.a(shell-commands.)
 .bss           0x0000000000251a28        0x0 obj_cooja/mtype267.a(stimer.o)
 .bss           0x0000000000251a28        0x0 obj_cooja/mtype267.a(ringbufindex.o)
 .bss           0x0000000000251a28        0x0 obj_cooja/mtype267.a(memb.o)
 *fill*         0x0000000000251a28       0x18 
 .bss           0x0000000000251a40      0x5e0 obj_cooja/mtype267.a(queuebuf.o)
 .bss           0x0000000000252020     0x16e8 obj_cooja/mtype267.a(nbr-table.o)
 *fill*         0x0000000000253708       0x18 
 .bss           0x0000000000253720     0x12c0 obj_cooja/mtype267.a(link-stats.o)
 .bss           0x00000000002549e0      0x180 obj_cooja/mtype267.a(mac-sequence.o)
 .bss           0x0000000000254b60        0x0 obj_cooja/mtype267.a(mac.o)
 .bss           0x0000000000254b60        0x0 obj_cooja/mtype267.a(frame802154e-ie)
 .bss           0x0000000000254b60        0x2 obj_cooja/mtype267.a(framer-802154.o)
 .bss           0x0000000000254b62        0x0 obj_cooja/mtype267.a(frame802154.o)
 *fill*         0x0000000000254b62        0x6 
 .bss           0x0000000000254b68        0xc obj_cooja/mtype267.a(uipbuf.o)
 *fill*         0x0000000000254b74        0xc 
 .bss           0x0000000000254b80       0x20 obj_cooja/mtype267.a(uip-icmp6.o)
 .bss           0x0000000000254ba0     0x3040 obj_cooja/mtype267.a(uip-sr.o)
 .bss           0x0000000000257be0      0x210 obj_cooja/mtype267.a(uip-packetqueue)
 .bss           0x0000000000257df0        0x0 obj_cooja/mtype267.a(uiplib.o)
 .bss           0x0000000000257df0       0x12 obj_cooja/mtype267.a(rpl-nbr-policy.)
 .bss           0x0000000000257e02        0x0 obj_cooja/mtype267.a(rpl-ext-header.)
 .bss           0x0000000000257e02        0x0 /usr/lib/gcc/x86_64-linux-gnu/7/crtendS.o
 .bss           0x0000000000257e02        0x0 /usr/lib/gcc/x86_64-linux-gnu/7/../../../x86_64-linux-gnu/crtn.o
 *(COMMON)
 *fill*         0x0000000000257e02        0x6 
 COMMON         0x0000000000257e08        0xc obj_cooja/mtype267.o
                0x0000000000257e08                referenceVar
                0x0000000000257e10                sensors_flags