Archive member included to satisfy reference by file (symbol)

obj_cooja/mtype939.a(simEnvChange.o)
                              obj_cooja/mtype939.o (simDontFallAsleep)
obj_cooja/mtype939.a(cooja_mt.o)
                              obj_cooja/mtype939.o (cooja_mt_start)
obj_cooja/mtype939.a(cooja_mtarch.o)
                              obj_cooja/mtype939.a(cooja_mt.o) (cooja_mtarch_start)
obj_cooja/mtype939.a(rtimer-arch.o)
                              obj_cooja/mtype939.o (rtimer_arch_check)
obj_cooja/mtype939.a(beep.o)  obj_cooja/mtype939.o (beep_interface)
obj_cooja/mtype939.a(button-sensor.o)
                              obj_cooja/mtype939.o (button_interface)
obj_cooja/mtype939.a(leds-arch.o)
                              obj_cooja/mtype939.o (leds_interface)
obj_cooja/mtype939.a(moteid.o)
                              obj_cooja/mtype939.o (moteid_interface)
obj_cooja/mtype939.a(pir-sensor.o)
                              obj_cooja/mtype939.o (pir_interface)
obj_cooja/mtype939.a(rs232.o)
                              obj_cooja/mtype939.o (rs232_interface)
obj_cooja/mtype939.a(vib-sensor.o)
                              obj_cooja/mtype939.o (vib_interface)
obj_cooja/mtype939.a(clock.o)
                              obj_cooja/mtype939.o (clock_interface)
obj_cooja/mtype939.a(cooja-log.o)
                              obj_cooja/mtype939.o (simlog_interface)
obj_cooja/mtype939.a(cfs-cooja.o)
                              obj_cooja/mtype939.o (cfs_interface)
obj_cooja/mtype939.a(cooja-radio.o)
                              obj_cooja/mtype939.o (radio_interface)
obj_cooja/mtype939.a(eeprom.o)
                              obj_cooja/mtype939.o (eeprom_interface)
obj_cooja/mtype939.a(random.o)
                              obj_cooja/mtype939.a(moteid.o) (random_init)
obj_cooja/mtype939.a(sensors.o)
                              obj_cooja/mtype939.o (sensors_process)
obj_cooja/mtype939.a(serial-shell.o)
                              obj_cooja/mtype939.o (serial_shell_init)
obj_cooja/mtype939.a(ctimer.o)
                              obj_cooja/mtype939.o (ctimer_init)
obj_cooja/mtype939.a(autostart.o)
                              obj_cooja/mtype939.o (autostart_start)
obj_cooja/mtype939.a(etimer.o)
                              obj_cooja/mtype939.o (etimer_process)
obj_cooja/mtype939.a(log.o)   obj_cooja/mtype939.o (log_6addr)
obj_cooja/mtype939.a(process.o)
                              obj_cooja/mtype939.a(ctimer.o) (process_current)
obj_cooja/mtype939.a(rtimer.o)
                              obj_cooja/mtype939.a(rtimer-arch.o) (rtimer_run_next)
obj_cooja/mtype939.a(timer.o)
                              obj_cooja/mtype939.a(button-sensor.o) (timer_set)
obj_cooja/mtype939.a(serial-line.o)
                              obj_cooja/mtype939.a(serial-shell.o) (serial_line_event_message)
obj_cooja/mtype939.a(list.o)  obj_cooja/mtype939.a(ctimer.o) (list_init)
obj_cooja/mtype939.a(ringbuf.o)
                              obj_cooja/mtype939.a(serial-line.o) (ringbuf_init)
obj_cooja/mtype939.a(packetbuf.o)
                              obj_cooja/mtype939.a(cooja-radio.o) (packetbuf_clear)
obj_cooja/mtype939.a(netstack.o)
                              obj_cooja/mtype939.o (netstack_init)
obj_cooja/mtype939.a(linkaddr.o)
                              obj_cooja/mtype939.o (linkaddr_node_addr)
obj_cooja/mtype939.a(tsch.o)  node.o (tschmac_driver)
obj_cooja/mtype939.a(tsch-queue.o)
                              obj_cooja/mtype939.a(tsch.o) (tsch_queue_add_nbr)
obj_cooja/mtype939.a(tsch-schedule.o)
                              obj_cooja/mtype939.a(tsch.o) (tsch_schedule_add_slotframe)
obj_cooja/mtype939.a(tsch-slot-opera)
                              obj_cooja/mtype939.a(tsch.o) (dequeued_ringbuf)
obj_cooja/mtype939.a(tsch-packet.o)
                              obj_cooja/mtype939.a(tsch-slot-opera) (tsch_packet_create_eack)
obj_cooja/mtype939.a(tsch-rpl.o)
                              obj_cooja/mtype939.a(tsch.o) (tsch_rpl_callback_ka_sent)
obj_cooja/mtype939.a(tsch-adaptive-t)
                              obj_cooja/mtype939.a(tsch-slot-opera) (tsch_timesync_update)
obj_cooja/mtype939.a(tsch-log.o)
                              obj_cooja/mtype939.a(tsch.o) (tsch_log_process_pending)
obj_cooja/mtype939.a(uip-ds6.o)
                              obj_cooja/mtype939.o (uip_ds6_get_link_local)
obj_cooja/mtype939.a(tcpip.o)
                              obj_cooja/mtype939.o (tcpip_process)
obj_cooja/mtype939.a(uip6.o)  obj_cooja/mtype939.o (uip_lladdr)
obj_cooja/mtype939.a(uip-ds6-nbr.o)
                              obj_cooja/mtype939.a(uip-ds6.o) (uip_ds6_neighbors_init)
obj_cooja/mtype939.a(uip-nd6.o)
                              obj_cooja/mtype939.a(uip6.o) (uip_nd6_init)
obj_cooja/mtype939.a(uip-ds6-route.o)
                              obj_cooja/mtype939.a(uip-ds6.o) (uip_ds6_route_init)
obj_cooja/mtype939.a(sicslowpan.o)
                              obj_cooja/mtype939.o (sicslowpan_driver)
[...]
Memory Configuration

Name             Origin             Length             Attributes
*default*        0x0000000000000000 0xffffffffffffffff

Linker script and memory map

LOAD /usr/lib/gcc/x86_64-linux-gnu/7/../../../x86_64-linux-gnu/crti.o
LOAD /usr/lib/gcc/x86_64-linux-gnu/7/crtbeginS.o
LOAD node.o
LOAD obj_cooja/mtype939.o
LOAD obj_cooja/mtype939.a
LOAD /usr/lib/gcc/x86_64-linux-gnu/7/libgcc.a
LOAD /usr/lib/gcc/x86_64-linux-gnu/7/libgcc_s.so
START GROUP
LOAD /usr/lib/gcc/x86_64-linux-gnu/7/libgcc_s.so.1
LOAD /usr/lib/gcc/x86_64-linux-gnu/7/libgcc.a
END GROUP
LOAD /usr/lib/gcc/x86_64-linux-gnu/7/../../../x86_64-linux-gnu/libc.so
START GROUP
LOAD /lib/x86_64-linux-gnu/libc.so.6
LOAD /usr/lib/x86_64-linux-gnu/libc_nonshared.a
LOAD /lib/x86_64-linux-gnu/ld-linux-x86-64.so.2
END GROUP
LOAD /usr/lib/gcc/x86_64-linux-gnu/7/libgcc.a
LOAD /usr/lib/gcc/x86_64-linux-gnu/7/libgcc_s.so
START GROUP
LOAD /usr/lib/gcc/x86_64-linux-gnu/7/libgcc_s.so.1
LOAD /usr/lib/gcc/x86_64-linux-gnu/7/libgcc.a
END GROUP
LOAD /usr/lib/gcc/x86_64-linux-gnu/7/crtendS.o
LOAD /usr/lib/gcc/x86_64-linux-gnu/7/../../../x86_64-linux-gnu/crtn.o
                0x00000000000001c8                . = (SEGMENT_START ("text-segment", 0x0) + SIZEOF_HEADERS)

.note.gnu.build-id
                0x00000000000001c8       0x24
 *(.note.gnu.build-id)
 .note.gnu.build-id
                0x00000000000001c8       0x24 /usr/lib/gcc/x86_64-linux-gnu/7/../../../x86_64-linux-gnu/crti.o

.hash
 *(.hash)

.gnu.hash       0x00000000000001f0     0x14f8
 *(.gnu.hash)
 .gnu.hash      0x00000000000001f0     0x14f8 /usr/lib/gcc/x86_64-linux-gnu/7/../../../x86_64-linux-gnu/crti.o

.dynsym         0x00000000000016e8     0x4260
 *(.dynsym)
 .dynsym        0x00000000000016e8     0x4260 /usr/lib/gcc/x86_64-linux-gnu/7/../../../x86_64-linux-gnu/crti.o

.dynstr         0x0000000000005948     0x33e1
 *(.dynstr)
 .dynstr        0x0000000000005948     0x33e1 /usr/lib/gcc/x86_64-linux-gnu/7/../../../x86_64-linux-gnu/crti.o

.gnu.version    0x0000000000008d2a      0x588
 *(.gnu.version)
 .gnu.version   0x0000000000008d2a      0x588 /usr/lib/gcc/x86_64-linux-gnu/7/../../../x86_64-linux-gnu/crti.o

.gnu.version_d  0x00000000000092b8        0x0
 *(.gnu.version_d)
 .gnu.version_d
                0x00000000000092b8        0x0 /usr/lib/gcc/x86_64-linux-gnu/7/../../../x86_64-linux-gnu/crti.o

.gnu.version_r  0x00000000000092b8       0x40
 *(.gnu.version_r)
 .gnu.version_r
                0x00000000000092b8       0x40 /usr/lib/gcc/x86_64-linux-gnu/7/../../../x86_64-linux-gnu/crti.o

.rela.dyn       0x00000000000092f8     0x25c8
 *(.rela.init)
 *(.rela.text .rela.text.* .rela.gnu.linkonce.t.*)
 .rela.text     0x00000000000092f8        0x0 /usr/lib/gcc/x86_64-linux-gnu/7/../../../x86_64-linux-gnu/crti.o
 *(.rela.fini)
 *(.rela.rodata .rela.rodata.* .rela.gnu.linkonce.r.*)
 *(.rela.data .rela.data.* .rela.gnu.linkonce.d.*)
 .rela.data.rel.local
                0x00000000000092f8      0xae0 /usr/lib/gcc/x86_64-linux-gnu/7/../../../x86_64-linux-gnu/crti.o
 .rela.data.rel.ro
                0x0000000000009dd8      0x270 /usr/lib/gcc/x86_64-linux-gnu/7/../../../x86_64-linux-gnu/crti.o
 .rela.data.rel
                0x000000000000a048      0x390 /usr/lib/gcc/x86_64-linux-gnu/7/../../../x86_64-linux-gnu/crti.o
 .rela.data.rel.ro.local
                0x000000000000a3d8      0x5b8 /usr/lib/gcc/x86_64-linux-gnu/7/../../../x86_64-linux-gnu/crti.o
 *(.rela.tdata .rela.tdata.* .rela.gnu.linkonce.td.*)
 *(.rela.tbss .rela.tbss.* .rela.gnu.linkonce.tb.*)
 *(.rela.ctors)
 *(.rela.dtors)
 *(.rela.got)
 .rela.got      0x000000000000a990      0xf00 /usr/lib/gcc/x86_64-linux-gnu/7/../../../x86_64-linux-gnu/crti.o
 *(.rela.bss .rela.bss.* .rela.gnu.linkonce.b.*)
 *(.rela.ldata .rela.ldata.* .rela.gnu.linkonce.l.*)
 *(.rela.lbss .rela.lbss.* .rela.gnu.linkonce.lb.*)
 *(.rela.lrodata .rela.lrodata.* .rela.gnu.linkonce.lr.*)
 *(.rela.ifunc)
 .rela.ifunc    0x000000000000b890        0x0 /usr/lib/gcc/x86_64-linux-gnu/7/../../../x86_64-linux-gnu/crti.o
 .rela.fini_array
                0x000000000000b890       0x18 /usr/lib/gcc/x86_64-linux-gnu/7/../../../x86_64-linux-gnu/crti.o
 .rela.init_array
                0x000000000000b8a8       0x18 /usr/lib/gcc/x86_64-linux-gnu/7/../../../x86_64-linux-gnu/crti.o

.rela.plt       0x000000000000b8c0     0x2418
 *(.rela.plt)
 .rela.plt      0x000000000000b8c0     0x2418 /usr/lib/gcc/x86_64-linux-gnu/7/../../../x86_64-linux-gnu/crti.o
 *(.rela.iplt)

.init           0x000000000000dcd8       0x17
 *(SORT(.init))
 .init          0x000000000000dcd8       0x12 /usr/lib/gcc/x86_64-linux-gnu/7/../../../x86_64-linux-gnu/crti.o
                0x000000000000dcd8                _init
 .init          0x000000000000dcea        0x5 /usr/lib/gcc/x86_64-linux-gnu/7/../../../x86_64-linux-gnu/crtn.o

.plt            0x000000000000dcf0     0x1820
 *(.plt)
 .plt           0x000000000000dcf0     0x1820 /usr/lib/gcc/x86_64-linux-gnu/7/../../../x86_64-linux-gnu/crti.o
 *(.iplt)

.plt.got        0x000000000000f510       0x10
 *(.plt.got)
 .plt.got       0x000000000000f510       0x10 /usr/lib/gcc/x86_64-linux-gnu/7/../../../x86_64-linux-gnu/crti.o

.plt.sec
 *(.plt.sec)

.text           0x000000000000f520    0x23d93
 *(.text.unlikely .text.*_unlikely .text.unlikely.*)
 *(.text.exit .text.exit.*)
 *(.text.startup .text.startup.*)
 *(.text.hot .text.hot.*)
 *(.text .stub .text.* .gnu.linkonce.t.*)
 .text          0x000000000000f520        0x0 /usr/lib/gcc/x86_64-linux-gnu/7/../../../x86_64-linux-gnu/crti.o
 .text          0x000000000000f520       0xda /usr/lib/gcc/x86_64-linux-gnu/7/crtbeginS.o
 .text          0x000000000000f5fa       0x77 node.o
 .text          0x000000000000f671      0x608 obj_cooja/mtype939.o
                0x000000000000f7a7                contiki_init
                0x000000000000fa9a                Java_org_contikios_cooja_corecomm_Lib62_init
                0x000000000000fadd                Java_org_contikios_cooja_corecomm_Lib62_getMemory
                0x000000000000fb35                Java_org_contikios_cooja_corecomm_Lib62_setMemory
                0x000000000000fbc2                Java_org_contikios_cooja_corecomm_Lib62_tick
                0x000000000000fc4b                Java_org_contikios_cooja_corecomm_Lib62_setReferenceAddress
 .text          0x000000000000fc79       0x89 obj_cooja/mtype939.a(simEnvChange.o)
                0x000000000000fc79                doActionsBeforeTick
                0x000000000000fcbd                doActionsAfterTick
 .text          0x000000000000fd02       0x9f obj_cooja/mtype939.a(cooja_mt.o)
                0x000000000000fd02                cooja_mt_start
                0x000000000000fd3e                cooja_mt_exec
                0x000000000000fd7d                cooja_mt_yield
 .text          0x000000000000fda1       0xfe obj_cooja/mtype939.a(cooja_mtarch.o)
                0x000000000000fda1                cooja_mtarch_start
                0x000000000000fe40                cooja_sw
                0x000000000000fe69                cooja_mtarch_exec
                0x000000000000fe93                cooja_mtarch_yield
 .text          0x000000000000fe9f       0xb4 obj_cooja/mtype939.a(rtimer-arch.o)
                0x000000000000fe9f                rtimer_arch_init
                0x000000000000fec1                rtimer_arch_schedule
                0x000000000000fee7                rtimer_arch_next
                0x000000000000fef7                rtimer_arch_pending
                0x000000000000ff06                rtimer_arch_check
                0x000000000000ff43                rtimer_arch_now
 .text          0x000000000000ff53       0xba obj_cooja/mtype939.a(beep.o)
                0x000000000000ff53                beep_alarm
                0x000000000000ff6a                beep_beep
                0x000000000000ff7e                beep
                0x000000000000ff8f                beep_down
                0x000000000000ffa3                beep_on
                0x000000000000ffb4                beep_off
                0x000000000000ffc5                beep_spinup
                0x000000000000ffd6                beep_quick
                0x000000000000ffea                beep_long
 .text          0x000000000001000d      0x12d obj_cooja/mtype939.a(button-sensor.o)
 .text          0x000000000001013a       0x57 obj_cooja/mtype939.a(leds-arch.o)
                0x000000000001013a                leds_arch_init
                0x000000000001014b                leds_arch_get
                0x000000000001015b                leds_arch_set
 .text          0x0000000000010191       0x39 obj_cooja/mtype939.a(moteid.o)
 .text          0x00000000000101ca       0xe5 obj_cooja/mtype939.a(pir-sensor.o)
 .text          0x00000000000102af      0x175 obj_cooja/mtype939.a(rs232.o)
                0x00000000000102af                rs232_init
                0x00000000000102b6                rs232_set_speed
                0x00000000000102c2                rs232_set_input
                0x00000000000102d8                rs232_send
                0x00000000000102ff                rs232_print
                0x0000000000010326                slip_arch_writeb
 .text          0x0000000000010424       0xe5 obj_cooja/mtype939.a(vib-sensor.o)
 .text          0x0000000000010509       0x57 obj_cooja/mtype939.a(clock.o)
                0x0000000000010509                clock_init
                0x0000000000010510                clock_time
                0x0000000000010520                clock_seconds
                0x0000000000010548                clock_delay
 .text          0x0000000000010560      0x30e obj_cooja/mtype939.a(cooja-log.o)
                0x0000000000010560                simlog_char
                0x00000000000105b9                simlog
                0x0000000000010658                log_message
                0x0000000000010691                log_set_putchar_with_slip
                0x00000000000106a4                log_putchar
                0x0000000000010724                log_puts
                0x000000000001074d                log_printf
 .text          0x000000000001086e      0x373 obj_cooja/mtype939.a(cfs-cooja.o)
                0x000000000001086e                cfs_open
                0x00000000000108e7                cfs_close
                0x00000000000108f8                cfs_read
                0x00000000000109bc                cfs_write
                0x0000000000010acb                cfs_seek
                0x0000000000010b76                cfs_remove
                0x0000000000010ba2                cfs_opendir
                0x0000000000010bb5                cfs_readdir
                0x0000000000010bc8                cfs_closedir
 .text          0x0000000000010be1      0x929 obj_cooja/mtype939.a(cooja-radio.o)
                0x0000000000010c30                radio_set_channel
                0x0000000000010c55                radio_set_txpower
                0x0000000000010c7b                radio_signal_strength_last_radio1
                0x0000000000010c8a                radio_signal_strength_last_radio2
                0x0000000000010c99                radio_signal_strength_current_radio1
                0x0000000000010ca8                radio_signal_strength_current_radio2
                0x0000000000010cb7                radio_LQI_radio1
                0x0000000000010cc6                radio_LQI_radio2
 .text          0x000000000001150a      0x125 obj_cooja/mtype939.a(eeprom.o)
                0x000000000001150a                eeprom_init
                0x0000000000011511                eeprom_read
                0x0000000000011599                eeprom_write
 .text          0x000000000001162f       0x27 obj_cooja/mtype939.a(random.o)
                0x000000000001162f                random_init
                0x000000000001164b                random_rand
 .text          0x0000000000011656      0x33f obj_cooja/mtype939.a(sensors.o)
                0x000000000001169b                sensors_first
                0x00000000000116ab                sensors_next
                0x00000000000116d6                sensors_changed
                0x000000000001171f                sensors_find
 .text          0x0000000000011995       0xf6 obj_cooja/mtype939.a(serial-shell.o)
                0x0000000000011a70                serial_shell_init
 .text          0x0000000000011a8b      0x421 obj_cooja/mtype939.a(ctimer.o)
                0x0000000000011be9                ctimer_init
                0x0000000000011c1a                ctimer_set
                0x0000000000011c5a                ctimer_set_with_process
                0x0000000000011d10                ctimer_reset
                0x0000000000011d7d                ctimer_restart
                0x0000000000011dea                ctimer_stop
                0x0000000000011e44                ctimer_expired
 .text          0x0000000000011eac       0xb3 obj_cooja/mtype939.a(autostart.o)
                0x0000000000011eac                autostart_start
                0x0000000000011f08                autostart_exit
 .text          0x0000000000011f5f      0x540 obj_cooja/mtype939.a(etimer.o)
                0x00000000000121ff                etimer_request_poll
                0x00000000000122a9                etimer_set
                0x00000000000122db                etimer_reset_with_new_interval
                0x0000000000012312                etimer_reset
                0x0000000000012339                etimer_restart
                0x0000000000012360                etimer_adjust
                0x000000000001238d                etimer_expired
                0x00000000000123a8                etimer_expiration_time
                0x00000000000123c4                etimer_start_time
                0x00000000000123d5                etimer_pending
                0x00000000000123eb                etimer_next_expiration_time
                0x0000000000012408                etimer_stop
 .text          0x000000000001249f      0x580 obj_cooja/mtype939.a(log.o)
                0x000000000001249f                log_6addr
                0x000000000001261a                log_6addr_compact
                0x000000000001270b                log_lladdr
                0x0000000000012788                log_lladdr_compact
                0x00000000000127ff                log_set_level
                0x0000000000012905                log_get_level
                0x00000000000129b8                log_level_to_str
 .text          0x0000000000012a1f      0x641 obj_cooja/mtype939.a(process.o)
                0x0000000000012a1f                process_alloc_event
                0x0000000000012a35                process_start
                0x0000000000012c9a                process_exit
                0x0000000000012cc2                process_init
                0x0000000000012eb2                process_run
                0x0000000000012ee3                process_nevents
                0x0000000000012eff                process_post
                0x0000000000012fc3                process_post_synch
                0x000000000001300d                process_poll
                0x0000000000013046                process_is_running
 .text          0x0000000000013060       0xf6 obj_cooja/mtype939.a(rtimer.o)
                0x0000000000013060                rtimer_init
                0x000000000001306c                rtimer_set
                0x00000000000130e9                rtimer_run_next
 .text          0x0000000000013156       0xdf obj_cooja/mtype939.a(timer.o)
                0x0000000000013156                timer_set
                0x0000000000013184                timer_reset
                0x00000000000131a8                timer_restart
                0x00000000000131c6                timer_expired
                0x0000000000013203                timer_remaining
 .text          0x0000000000013235      0x20c obj_cooja/mtype939.a(serial-line.o)
                0x0000000000013235                serial_line_input_byte
                0x000000000001340e                serial_line_init
 .text          0x0000000000013441      0x324 obj_cooja/mtype939.a(list.o)
                0x0000000000013441                list_init
                0x0000000000013457                list_head
                0x0000000000013468                list_copy
                0x0000000000013485                list_tail
                0x00000000000134ca                list_add
                0x000000000001352a                list_push
                0x0000000000013569                list_chop
                0x00000000000135f2                list_pop
                0x0000000000013628                list_remove
                0x00000000000136b0                list_length
                0x00000000000136e7                list_insert
                0x0000000000013746                list_item_next
 .text          0x0000000000013765      0x189 obj_cooja/mtype939.a(ringbuf.o)
                0x0000000000013765                ringbuf_init
                0x00000000000137a2                ringbuf_put
                0x000000000001382d                ringbuf_get
                0x00000000000138a7                ringbuf_size
                0x00000000000138bf                ringbuf_elements
 .text          0x00000000000138ee      0x458 obj_cooja/mtype939.a(packetbuf.o)
                0x00000000000138ee                packetbuf_clear
                0x0000000000013918                packetbuf_copyfrom
                0x000000000001396e                packetbuf_copyto
                0x0000000000013a11                packetbuf_hdralloc
                0x0000000000013a9c                packetbuf_hdrreduce
                0x0000000000013ae8                packetbuf_set_datalen
                0x0000000000013b00                packetbuf_dataptr
                0x0000000000013b22                packetbuf_hdrptr
                0x0000000000013b2f                packetbuf_datalen
                0x0000000000013b3c                packetbuf_hdrlen
                0x0000000000013b54                packetbuf_totlen
                0x0000000000013b73                packetbuf_remaininglen
                0x0000000000013b87                packetbuf_attr_clear
                0x0000000000013be7                packetbuf_attr_copyto
                0x0000000000013c2e                packetbuf_attr_copyfrom
                0x0000000000013c75                packetbuf_set_attr
                0x0000000000013ca1                packetbuf_attr
                0x0000000000013cbe                packetbuf_set_addr
                0x0000000000013d00                packetbuf_addr
                0x0000000000013d26                packetbuf_holds_broadcast
 .text          0x0000000000013d46      0x11b obj_cooja/mtype939.a(netstack.o)
                0x0000000000013d46                netstack_process_ip_callback
                0x0000000000013de3                netstack_ip_packet_processor_add
                0x0000000000013e0f                uip_ds6_ip_packet_processor_rm
                0x0000000000013e34                netstack_init
 .text          0x0000000000013e61       0x74 obj_cooja/mtype939.a(linkaddr.o)
                0x0000000000013e61                linkaddr_copy
                0x0000000000013e7e                linkaddr_cmp
                0x0000000000013eb0                linkaddr_set_node_addr
 .text          0x0000000000013ed5     0x2414 obj_cooja/mtype939.a(tsch.o)
                0x0000000000013ed5                tsch_set_coordinator
                0x0000000000013f14                tsch_set_pan_secured
                0x0000000000013f2b                tsch_set_join_priority
                0x0000000000013f44                tsch_set_ka_timeout
                0x0000000000013f75                tsch_set_eb_period
                0x000000000001436d                tsch_schedule_keepalive
                0x000000000001442b                tsch_schedule_keepalive_immediately
                0x00000000000149ea                tsch_disassociate
                0x0000000000015175                tsch_scan
 .text          0x00000000000162e9      0xc43 obj_cooja/mtype939.a(tsch-queue.o)
                0x00000000000162e9                tsch_queue_add_nbr
                0x00000000000163f8                tsch_queue_get_nbr
                0x0000000000016461                tsch_queue_get_time_source
                0x00000000000164b7                tsch_queue_update_time_source
                0x000000000001675a                tsch_queue_add_packet
                0x00000000000168ff                tsch_queue_global_packet_count
                0x000000000001691a                tsch_queue_packet_count
                0x0000000000016967                tsch_queue_remove_packet_from_queue
                0x00000000000169c2                tsch_queue_free_packet
                0x00000000000169fa                tsch_queue_packet_sent
                0x0000000000016ac5                tsch_queue_reset
                0x0000000000016b25                tsch_queue_free_unused_neighbors
                0x0000000000016bad                tsch_queue_is_empty
                0x0000000000016beb                tsch_queue_get_packet_for_nbr
                0x0000000000016c81                tsch_queue_get_packet_for_dest_addr
                0x0000000000016cc1                tsch_queue_get_unicast_packet_for_any
                0x0000000000016d67                tsch_queue_backoff_expired
                0x0000000000016d81                tsch_queue_backoff_reset
                0x0000000000016d9c                tsch_queue_backoff_inc
                0x0000000000016e0e                tsch_queue_update_all_backoff_windows
                0x0000000000016ec6                tsch_queue_init
 .text          0x0000000000016f2c      0xe83 obj_cooja/mtype939.a(tsch-schedule.o)
                0x0000000000016f2c                tsch_schedule_add_slotframe
                0x0000000000017073                tsch_schedule_remove_all_slotframes
                0x00000000000170b5                tsch_schedule_remove_slotframe
                0x000000000001719b                tsch_schedule_get_slotframe_by_handle
                0x00000000000171f9                tsch_schedule_get_link_by_handle
                0x0000000000017284                tsch_schedule_add_link
                0x00000000000175e0                tsch_schedule_remove_link
                0x0000000000017806                tsch_schedule_remove_link_by_timeslot
                0x0000000000017855                tsch_schedule_get_link_by_timeslot
                0x00000000000178c5                tsch_schedule_get_next_active_link
                0x0000000000017b1c                tsch_schedule_init
                0x0000000000017b63                tsch_schedule_create_minimal
                0x0000000000017bb2                tsch_schedule_slotframe_head
                0x0000000000017bc7                tsch_schedule_slotframe_next
                0x0000000000017be1                tsch_schedule_print
 .text          0x0000000000017daf     0x1c9c obj_cooja/mtype939.a(tsch-slot-opera)
                0x0000000000017daf                tsch_is_locked
                0x0000000000017dbb                tsch_get_lock
                0x0000000000017ee3                tsch_release_lock
                0x0000000000017ef4                tsch_calculate_channel
                0x00000000000198d7                tsch_slot_operation_start
                0x00000000000199eb                tsch_slot_operation_sync
 .text          0x0000000000019a4b      0xad6 obj_cooja/mtype939.a(tsch-packet.o)
                0x0000000000019a7a                tsch_packet_eackbuf_attr
                0x0000000000019a9a                tsch_packet_create_eack
                0x0000000000019c8e                tsch_packet_parse_eack
                0x0000000000019e45                tsch_packet_create_eb
                0x000000000001a1ac                tsch_packet_update_eb
                0x000000000001a22b                tsch_packet_parse_eb
 .text          0x000000000001a521      0x146 obj_cooja/mtype939.a(tsch-rpl.o)
                0x000000000001a521                tsch_rpl_callback_ka_sent
                0x000000000001a560                tsch_rpl_callback_joining_network
                0x000000000001a567                tsch_rpl_callback_leaving_network
                0x000000000001a582                tsch_rpl_callback_new_dio_interval
                0x000000000001a623                tsch_rpl_callback_parent_switch
 .text          0x000000000001a667      0x3ca obj_cooja/mtype939.a(tsch-adaptive-t)
                0x000000000001a667                tsch_adaptive_timesync_get_drift_ppm
                0x000000000001a801                tsch_timesync_update
                0x000000000001a9c7                tsch_timesync_adaptive_compensate
 .text          0x000000000001aa31      0x4bd obj_cooja/mtype939.a(tsch-log.o)
                0x000000000001aa31                tsch_log_process_pending
                0x000000000001adf5                tsch_log_prepare_add
                0x000000000001ae74                tsch_log_commit
                0x000000000001aea1                tsch_log_init
                0x000000000001aecd                tsch_log_stop
 .text          0x000000000001aeee      0xd4e obj_cooja/mtype939.a(uip-ds6.o)
                0x000000000001aeee                uip_ds6_init
                0x000000000001b0c8                uip_ds6_periodic
                0x000000000001b166                uip_ds6_list_loop
                0x000000000001b24b                uip_ds6_prefix_add
                0x000000000001b318                uip_ds6_prefix_rm
                0x000000000001b332                uip_ds6_prefix_lookup
                0x000000000001b385                uip_ds6_is_addr_onlink
                0x000000000001b415                uip_ds6_addr_add
                0x000000000001b556                uip_ds6_addr_rm
                0x000000000001b60a                uip_ds6_addr_lookup
                0x000000000001b658                uip_ds6_get_link_local
                0x000000000001b6f9                uip_ds6_get_global
                0x000000000001b79a                uip_ds6_maddr_add
                0x000000000001b80f                uip_ds6_maddr_rm
                0x000000000001b829                uip_ds6_maddr_lookup
                0x000000000001b87a                uip_ds6_aaddr_add
                0x000000000001b8ef                uip_ds6_aaddr_rm
                0x000000000001b909                uip_ds6_aaddr_lookup
                0x000000000001b95a                uip_ds6_select_src
                0x000000000001bae0                uip_ds6_set_addr_iid
                0x000000000001bb15                uip_ds6_set_lladdr_from_iid
                0x000000000001bb48                get_match_length
                0x000000000001bbf2                uip_ds6_compute_reachable_time
 .text          0x000000000001bc3c      0xb4e obj_cooja/mtype939.a(tcpip.o)
                0x000000000001bc68                tcpip_output
                0x000000000001bd0a                udp_attach
                0x000000000001bd34                udp_new
                0x000000000001bd8b                udp_broadcast_new
                0x000000000001bf28                tcpip_input
                0x000000000001c1f6                tcpip_ipv6_output
                0x000000000001c649                tcpip_poll_udp
                0x000000000001c673                tcpip_uipcall
 .text          0x000000000001c78a     0x1c83 obj_cooja/mtype939.a(uip6.o)
                0x000000000001c84a                uip_chksum
                0x000000000001c942                uip_icmp6chksum
                0x000000000001c952                uip_udpchksum
                0x000000000001c962                uip_init
                0x000000000001c9bf                remove_ext_hdr
                0x000000000001cb31                uip_udp_new
                0x000000000001cf50                uip_process
                0x000000000001e2c6                uip_htons
                0x000000000001e2e5                uip_htonl
                0x000000000001e329                uip_send
 .text          0x000000000001e40d      0x30b obj_cooja/mtype939.a(uip-ds6-nbr.o)
                0x000000000001e40d                uip_ds6_neighbors_init
                0x000000000001e435                uip_ds6_nbr_add
                0x000000000001e4d2                uip_ds6_nbr_rm
                0x000000000001e52e                uip_ds6_nbr_get_ipaddr
                0x000000000001e54a                uip_ds6_nbr_get_ll
                0x000000000001e571                uip_ds6_nbr_num
                0x000000000001e5c5                uip_ds6_nbr_head
                0x000000000001e5dd                uip_ds6_nbr_next
                0x000000000001e604                uip_ds6_nbr_lookup
                0x000000000001e67c                uip_ds6_nbr_ll_lookup
                0x000000000001e6a3                uip_ds6_nbr_ipaddr_from_lladdr
                0x000000000001e6d3                uip_ds6_nbr_lladdr_from_ipaddr
                0x000000000001e70b                uip_ds6_link_callback
 .text          0x000000000001e718      0x9ec obj_cooja/mtype939.a(uip-nd6.o)
                0x000000000001f0f1                uip_nd6_init
 .text          0x000000000001f104      0x416 obj_cooja/mtype939.a(uip-ds6-route.o)
                0x000000000001f159                uip_ds6_route_init
                0x000000000001f17b                uip_ds6_route_nexthop
                0x000000000001f18a                uip_ds6_route_head
                0x000000000001f195                uip_ds6_route_next
                0x000000000001f1a4                uip_ds6_route_is_nexthop
                0x000000000001f1b3                uip_ds6_route_num_routes
                0x000000000001f1be                uip_ds6_route_lookup
                0x000000000001f1cd                uip_ds6_route_add
                0x000000000001f1e5                uip_ds6_route_rm
                0x000000000001f1f0                uip_ds6_route_rm_by_nexthop
                0x000000000001f1fb                uip_ds6_defrt_head
                0x000000000001f210                uip_ds6_defrt_add
                0x000000000001f341                uip_ds6_defrt_rm
                0x000000000001f3b0                uip_ds6_defrt_lookup
                0x000000000001f423                uip_ds6_defrt_choose
                0x000000000001f4a2                uip_ds6_defrt_periodic
 .text          0x000000000001f51a     0x25be obj_cooja/mtype939.a(sicslowpan.o)
                0x000000000001f51a                netstack_sniffer_add
                0x000000000001f530                netstack_sniffer_remove
                0x0000000000021aa9                sicslowpan_init
                0x0000000000021acc                sicslowpan_get_last_rssi
 .text          0x0000000000021ad8      0xcc9 obj_cooja/mtype939.a(rpl-neighbor.o)
                0x0000000000021b3e                rpl_neighbor_print_list
                0x0000000000021fd5                rpl_neighbor_count
                0x00000000000220b8                rpl_neighbor_get_from_lladdr
                0x00000000000220df                rpl_neighbor_is_acceptable_parent
                0x0000000000022127                rpl_neighbor_get_link_metric
                0x000000000002216f                rpl_neighbor_rank_via_nbr
                0x00000000000221b7                rpl_neighbor_get_lladdr
                0x00000000000221de                rpl_neighbor_get_ipaddr
                0x0000000000022208                rpl_neighbor_get_link_stats
                0x0000000000022232                rpl_neighbor_is_fresh
                0x000000000002225c                rpl_neighbor_is_reachable
                0x00000000000222b0                rpl_neighbor_is_parent
                0x00000000000222e5                rpl_neighbor_set_preferred_parent
                0x000000000002246e                rpl_neighbor_remove_all
                0x0000000000022504                rpl_neighbor_get_from_ipaddr
                0x0000000000022631                rpl_neighbor_select_best
                0x0000000000022781                rpl_neighbor_init
 .text          0x00000000000227a1     0x1b00 obj_cooja/mtype939.a(rpl-dag.o)
                0x00000000000227a1                rpl_dag_state_to_str
                0x00000000000227ee                rpl_dag_get_root_ipaddr
                0x0000000000022834                rpl_dag_leave
                0x0000000000022963                rpl_dag_poison_and_leave
                0x000000000002297d                rpl_dag_periodic
                0x0000000000022ac8                rpl_is_addr_in_our_dag
                0x0000000000022b1d                rpl_get_default_instance
                0x0000000000022b40                rpl_get_any_dag
                0x0000000000022ba5                rpl_global_repair
                0x0000000000022d7e                rpl_local_repair
                0x0000000000022e27                rpl_dag_ready_to_advertise
                0x0000000000022e7b                rpl_dag_update_state
                0x0000000000023cc7                rpl_process_dio
                0x0000000000023dad                rpl_process_dis
                0x0000000000023e38                rpl_process_dao
                0x0000000000023f1f                rpl_process_dao_ack
                0x000000000002400f                rpl_process_hbh
                0x000000000002406a                rpl_dag_init_root
                0x000000000002427c                rpl_dag_init
 .text          0x00000000000242a1      0xe98 obj_cooja/mtype939.a(rpl-timers.o)
                0x00000000000242a1                rpl_timers_schedule_periodic_dis
                0x00000000000244a5                rpl_timers_dio_reset
                0x0000000000024631                rpl_timers_schedule_unicast_dio
                0x0000000000024842                rpl_timers_schedule_dao
                0x00000000000249da                rpl_timers_schedule_dao_ack
                0x0000000000024a8e                get_probing_delay
                0x0000000000024b23                get_probing_target
                0x0000000000024e93                rpl_schedule_probing
                0x0000000000024ef3                rpl_timers_unschedule_leaving
                0x0000000000024f33                rpl_timers_schedule_leaving
                0x0000000000024f84                rpl_timers_init
                0x000000000002503f                rpl_timers_stop_dag_timers
                0x00000000000250c8                rpl_timers_unschedule_state_update
                0x00000000000250ee                rpl_timers_schedule_state_update
 .text          0x0000000000025139      0x7e8 obj_cooja/mtype939.a(rpl.o)
                0x0000000000025139                rpl_lollipop_greater_than
                0x0000000000025199                rpl_get_global_address
                0x0000000000025335                rpl_link_callback
                0x000000000002540b                rpl_has_joined
                0x000000000002543a                rpl_is_reachable
                0x00000000000254d8                rpl_reset_prefix
                0x00000000000255c6                rpl_set_prefix_from_addr
                0x000000000002578d                rpl_set_prefix
 .text          0x0000000000025921      0x3b2 obj_cooja/mtype939.a(rpl-mrhof.o)
 .text          0x0000000000025cd3     0x2281 obj_cooja/mtype939.a(rpl-icmp6.o)
                0x0000000000025e57                rpl_icmp6_update_nbr_table
                0x000000000002609f                rpl_icmp6_dis_output
                0x0000000000026b86                rpl_icmp6_dio_output
                0x0000000000027762                rpl_icmp6_dao_output
                0x0000000000027dee                rpl_icmp6_dao_ack_output
                0x0000000000027f1d                rpl_icmp6_init
 .text          0x0000000000027f54      0x420 obj_cooja/mtype939.a(rpl-dag-root.o)
                0x0000000000028120                rpl_dag_root_set_prefix
                0x0000000000028158                rpl_dag_root_start
                0x0000000000028338                rpl_dag_root_is_root
 .text          0x0000000000028374       0x23 obj_cooja/mtype939.a(watchdog.o)
                0x0000000000028374                watchdog_init
                0x000000000002837b                watchdog_start
                0x0000000000028382                watchdog_periodic
                0x0000000000028389                watchdog_stop
                0x0000000000028390                watchdog_reboot
 .text          0x0000000000028397      0x682 obj_cooja/mtype939.a(shell.o)
                0x0000000000028397                shell_output_6addr
                0x0000000000028645                shell_output_lladdr
                0x00000000000287fe                shell_input
                0x0000000000028a0d                shell_init
 .text          0x0000000000028a19     0x2b84 obj_cooja/mtype939.a(shell-commands.)
                0x000000000002b583                shell_commands_init
 .text          0x000000000002b59d      0x106 obj_cooja/mtype939.a(stimer.o)
                0x000000000002b59d                stimer_set
                0x000000000002b5cb                stimer_reset
                0x000000000002b5ef                stimer_restart
                0x000000000002b60d                stimer_expired
                0x000000000002b64e                stimer_remaining
                0x000000000002b680                stimer_elapsed
 .text          0x000000000002b6a3      0x236 obj_cooja/mtype939.a(ringbufindex.o)
                0x000000000002b6a3                ringbufindex_init
                0x000000000002b6d0                ringbufindex_put
                0x000000000002b737                ringbufindex_peek_put
                0x000000000002b785                ringbufindex_get
                0x000000000002b7ee                ringbufindex_peek_get
                0x000000000002b832                ringbufindex_size
                0x000000000002b849                ringbufindex_elements
                0x000000000002b877                ringbufindex_full
                0x000000000002b8b7                ringbufindex_empty
 .text          0x000000000002b8d9      0x20e obj_cooja/mtype939.a(memb.o)
                0x000000000002b8d9                memb_init
                0x000000000002b938                memb_alloc
                0x000000000002b9b0                memb_free
                0x000000000002ba48                memb_inmemb
                0x000000000002ba9b                memb_numfree
 .text          0x000000000002bae7      0x330 obj_cooja/mtype939.a(queuebuf.o)
                0x000000000002baf8                queuebuf_init
                0x000000000002bb17                queuebuf_numfree
                0x000000000002bb29                queuebuf_new_from_packetbuf
                0x000000000002bbd2                queuebuf_update_attr_from_packetbuf
                0x000000000002bc11                queuebuf_update_from_packetbuf
                0x000000000002bc69                queuebuf_free
                0x000000000002bcb8                queuebuf_to_packetbuf
                0x000000000002bd2a                queuebuf_dataptr
                0x000000000002bd6a                queuebuf_datalen
                0x000000000002bd96                queuebuf_addr
                0x000000000002bdd9                queuebuf_attr
                0x000000000002be10                queuebuf_debug_print
 .text          0x000000000002be17      0x9f8 obj_cooja/mtype939.a(nbr-table.o)
                0x000000000002c3bf                nbr_table_register
                0x000000000002c426                nbr_table_is_register
                0x000000000002c464                nbr_table_head
                0x000000000002c4cb                nbr_table_next
                0x000000000002c541                nbr_table_add_lladdr
                0x000000000002c633                nbr_table_get_from_lladdr
                0x000000000002c68b                nbr_table_remove
                0x000000000002c6db                nbr_table_lock
                0x000000000002c709                nbr_table_unlock
                0x000000000002c737                nbr_table_get_lladdr
                0x000000000002c776                nbr_table_update_lladdr
 .text          0x000000000002c80f      0x3e2 obj_cooja/mtype939.a(link-stats.o)
                0x000000000002c80f                link_stats_from_lladdr
                0x000000000002c833                link_stats_is_fresh
                0x000000000002c87d                guess_etx_from_rssi
                0x000000000002c8fe                link_stats_packet_sent
                0x000000000002ca32                link_stats_input_callback
                0x000000000002cb5f                link_stats_reset
                0x000000000002cbb6                link_stats_init
 .text          0x000000000002cbf1      0x1da obj_cooja/mtype939.a(mac-sequence.o)
                0x000000000002cbf1                mac_sequence_is_duplicate
                0x000000000002ccd2                mac_sequence_register_seqno
 .text          0x000000000002cdcb       0x33 obj_cooja/mtype939.a(mac.o)
                0x000000000002cdcb                mac_call_sent_callback
 .text          0x000000000002cdfe     0x15cd obj_cooja/mtype939.a(frame802154e-ie)
                0x000000000002cf33                frame80215e_create_ie_header_ack_nack_time_correction
                0x000000000002cfcd                frame80215e_create_ie_header_list_termination_1
                0x000000000002d01e                frame80215e_create_ie_header_list_termination_2
                0x000000000002d06f                frame80215e_create_ie_payload_list_termination
                0x000000000002d0c0                frame80215e_create_ie_mlme
                0x000000000002d117                frame80215e_create_ie_tsch_synchronization
                0x000000000002d1e5                frame80215e_create_ie_tsch_slotframe_and_link
                0x000000000002d42b                frame80215e_create_ie_tsch_timeslot
                0x000000000002d521                frame80215e_create_ie_tsch_channel_hopping_sequence
                0x000000000002db94                frame802154e_parse_information_elements
 .text          0x000000000002e3cb      0x67e obj_cooja/mtype939.a(framer-802154.o)
                0x000000000002e648                framer_802154_setup_params
 .text          0x000000000002ea49      0xc84 obj_cooja/mtype939.a(frame802154.o)
                0x000000000002ea77                frame802154_get_pan_id
                0x000000000002ea84                frame802154_set_pan_id
                0x000000000002ea9c                frame802154_has_panid
                0x000000000002ec77                frame802154_check_dest_panid
                0x000000000002ed12                frame802154_is_broadcast_addr
                0x000000000002ed65                frame802154_extract_linkaddr
                0x000000000002effb                frame802154_hdrlen
                0x000000000002f076                frame802154_create_fcf
                0x000000000002f144                frame802154_create
                0x000000000002f2ea                frame802154_parse_fcf
                0x000000000002f3dd                frame802154_parse
 .text          0x000000000002f6cd      0x222 obj_cooja/mtype939.a(uipbuf.o)
                0x000000000002f6cd                uipbuf_get_next_header
                0x000000000002f751                uipbuf_get_last_header
                0x000000000002f7f5                uipbuf_get_attr
                0x000000000002f822                uipbuf_set_attr
                0x000000000002f85e                uipbuf_clear_attr
                0x000000000002f88a                uipbuf_set_attr_flag
                0x000000000002f8a9                uipbuf_clr_attr_flag
                0x000000000002f8ce                uipbuf_is_attr_flag
 .text          0x000000000002f8ef      0xc72 obj_cooja/mtype939.a(uip-icmp6.o)
                0x000000000002f968                uip_icmp6_input
                0x000000000002f9c2                uip_icmp6_register_input_handler
                0x000000000002fc4a                uip_icmp6_error_output
                0x000000000003017e                uip_icmp6_send
                0x00000000000304da                uip_icmp6_echo_reply_callback_add
                0x000000000003051d                uip_icmp6_echo_reply_callback_rm
                0x0000000000030542                uip_icmp6_init
 .text          0x0000000000030561      0x63c obj_cooja/mtype939.a(uip-sr.o)
                0x0000000000030561                uip_sr_num_nodes
                0x0000000000030604                uip_sr_get_node
                0x0000000000030668                uip_sr_is_addr_reachable
                0x000000000003072c                uip_sr_expire_parent
                0x000000000003078b                uip_sr_update_node
                0x00000000000309ad                uip_sr_init
                0x00000000000309d9                uip_sr_node_head
                0x00000000000309ee                uip_sr_node_next
                0x0000000000030a08                uip_sr_periodic
                0x0000000000030b26                uip_sr_free_all
 .text          0x0000000000030b9d      0x197 obj_cooja/mtype939.a(uip-packetqueue)
                0x0000000000030bd5                uip_packetqueue_new
                0x0000000000030beb                uip_packetqueue_alloc
                0x0000000000030c61                uip_packetqueue_free
                0x0000000000030cb2                uip_packetqueue_buf
                0x0000000000030cda                uip_packetqueue_buflen
                0x0000000000030d05                uip_packetqueue_set_buflen
 .text          0x0000000000030d34      0x688 obj_cooja/mtype939.a(uiplib.o)
                0x0000000000030d34                uiplib_ip6addrconv
                0x0000000000030f16                uiplib_ip4addrconv
                0x0000000000030fe4                uiplib_ipaddr_print
                0x000000000003115f                uiplib_ipaddr_snprint
 .text          0x00000000000313bc      0x355 obj_cooja/mtype939.a(rpl-nbr-policy.)
                0x00000000000316bf                rpl_nbr_policy_find_removable
 .text          0x0000000000031711     0x1ba2 obj_cooja/mtype939.a(rpl-ext-header.)
                0x0000000000031711                rpl_ext_header_srh_get_next_hop
                0x00000000000318f1                rpl_ext_header_srh_update
                0x000000000003253b                rpl_ext_header_hbh_update
                0x0000000000032f5c                rpl_ext_header_update
                0x0000000000033002                rpl_ext_header_remove
 .text          0x00000000000332b3        0x0 /usr/lib/gcc/x86_64-linux-gnu/7/crtendS.o
 .text          0x00000000000332b3        0x0 /usr/lib/gcc/x86_64-linux-gnu/7/../../../x86_64-linux-gnu/crtn.o
 *(.gnu.warning)

.fini           0x00000000000332b4        0x9
 *(SORT(.fini))
 .fini          0x00000000000332b4        0x4 /usr/lib/gcc/x86_64-linux-gnu/7/../../../x86_64-linux-gnu/crti.o
                0x00000000000332b4                _fini
 .fini          0x00000000000332b8        0x5 /usr/lib/gcc/x86_64-linux-gnu/7/../../../x86_64-linux-gnu/crtn.o
                [!provide]                        PROVIDE (__etext, .)
                [!provide]                        PROVIDE (_etext, .)
                [!provide]                        PROVIDE (etext, .)

.rodata         0x00000000000332c0     0x3831
 *(.rodata .rodata.* .gnu.linkonce.r.*)
 .rodata        0x00000000000332c0        0x9 node.o
 *fill*         0x00000000000332c9        0x7 
 .rodata        0x00000000000332d0       0xeb obj_cooja/mtype939.o
 .rodata        0x00000000000333bb        0x7 obj_cooja/mtype939.a(button-sensor.o)
 .rodata        0x00000000000333c2        0x4 obj_cooja/mtype939.a(pir-sensor.o)
 .rodata        0x00000000000333c6        0x6 obj_cooja/mtype939.a(rs232.o)
 .rodata        0x00000000000333cc        0xa obj_cooja/mtype939.a(vib-sensor.o)
 *fill*         0x00000000000333d6        0x2 
 .rodata        0x00000000000333d8       0x27 obj_cooja/mtype939.a(cfs-cooja.o)
 .rodata        0x00000000000333ff       0x14 obj_cooja/mtype939.a(cooja-radio.o)
 .rodata        0x0000000000033413        0x8 obj_cooja/mtype939.a(sensors.o)
 .rodata        0x000000000003341b       0x18 obj_cooja/mtype939.a(serial-shell.o)
 .rodata        0x0000000000033433        0xf obj_cooja/mtype939.a(ctimer.o)
 .rodata        0x0000000000033442        0xc obj_cooja/mtype939.a(etimer.o)
 *fill*         0x000000000003344e        0x2 
 .rodata        0x0000000000033450       0xec obj_cooja/mtype939.a(log.o)
 .rodata        0x000000000003353c        0xe obj_cooja/mtype939.a(serial-line.o)
 *fill*         0x000000000003354a        0x6 
 .rodata        0x0000000000033550        0x8 obj_cooja/mtype939.a(linkaddr.o)
                0x0000000000033550                linkaddr_null
 *fill*         0x0000000000033558        0x8 
 .rodata        0x0000000000033560      0x785 obj_cooja/mtype939.a(tsch.o)
                0x0000000000033578                tsch_broadcast_address
                0x0000000000033580                tsch_eb_address
 *fill*         0x0000000000033ce5        0x3 
 .rodata        0x0000000000033ce8       0x7d obj_cooja/mtype939.a(tsch-queue.o)
 *fill*         0x0000000000033d65        0x3 
 .rodata        0x0000000000033d68      0x208 obj_cooja/mtype939.a(tsch-schedule.o)
 .rodata        0x0000000000033f70      0x117 obj_cooja/mtype939.a(tsch-slot-opera)
 *fill*         0x0000000000034087        0x1 
 .rodata        0x0000000000034088       0xf1 obj_cooja/mtype939.a(tsch-packet.o)
 .rodata        0x0000000000034179        0xd obj_cooja/mtype939.a(tsch-rpl.o)
 *fill*         0x0000000000034186        0x2 
 .rodata        0x0000000000034188       0x34 obj_cooja/mtype939.a(tsch-adaptive-t)
 *fill*         0x00000000000341bc        0x4 
 .rodata        0x00000000000341c0       0xf7 obj_cooja/mtype939.a(tsch-log.o)
 *fill*         0x00000000000342b7        0x1 
 .rodata        0x00000000000342b8      0x189 obj_cooja/mtype939.a(tcpip.o)
 *fill*         0x0000000000034441        0x7 
 .rodata        0x0000000000034448      0x388 obj_cooja/mtype939.a(uip6.o)
 .rodata        0x00000000000347d0       0x53 obj_cooja/mtype939.a(uip-nd6.o)
 *fill*         0x0000000000034823        0x5 
 .rodata        0x0000000000034828       0xae obj_cooja/mtype939.a(uip-ds6-route.o)
 *fill*         0x00000000000348d6        0x2 
 .rodata        0x00000000000348d8      0x1cc obj_cooja/mtype939.a(sicslowpan.o)
                0x00000000000348d8                unc_llconf
                0x00000000000348dc                unc_ctxconf
                0x00000000000348e0                unc_mxconf
                0x00000000000348e4                llprefix
 *fill*         0x0000000000034aa4        0x4 
 .rodata        0x0000000000034aa8      0x166 obj_cooja/mtype939.a(rpl-neighbor.o)
 *fill*         0x0000000000034c0e        0x2 
 .rodata        0x0000000000034c10      0x5cc obj_cooja/mtype939.a(rpl-dag.o)
 .rodata        0x00000000000351dc       0x89 obj_cooja/mtype939.a(rpl-timers.o)
 *fill*         0x0000000000035265        0x3 
 .rodata        0x0000000000035268       0xd8 obj_cooja/mtype939.a(rpl.o)
 .rodata        0x0000000000035340       0x25 obj_cooja/mtype939.a(rpl-mrhof.o)
 *fill*         0x0000000000035365        0x3 
 .rodata        0x0000000000035368      0x5a3 obj_cooja/mtype939.a(rpl-icmp6.o)
 *fill*         0x000000000003590b        0x5 
 .rodata        0x0000000000035910       0x68 obj_cooja/mtype939.a(rpl-dag-root.o)
 .rodata        0x0000000000035978       0x1b obj_cooja/mtype939.a(shell.o)
 *fill*         0x0000000000035993        0x5 
 .rodata        0x0000000000035998      0x89b obj_cooja/mtype939.a(shell-commands.)
 *fill*         0x0000000000036233        0x5 
 .rodata        0x0000000000036238      0x236 obj_cooja/mtype939.a(frame802154e-ie)
 *fill*         0x000000000003646e        0x2 
 .rodata        0x0000000000036470       0xc2 obj_cooja/mtype939.a(framer-802154.o)
 *fill*         0x0000000000036532        0x6 
 .rodata        0x0000000000036538       0x5a obj_cooja/mtype939.a(uip-icmp6.o)
 *fill*         0x0000000000036592        0x6 
 .rodata        0x0000000000036598       0x61 obj_cooja/mtype939.a(uip-sr.o)
 .rodata        0x00000000000365f9       0x2a obj_cooja/mtype939.a(uiplib.o)
 *fill*         0x0000000000036623        0x5 
 .rodata        0x0000000000036628       0xe7 obj_cooja/mtype939.a(rpl-nbr-policy.)
 *fill*         0x000000000003670f        0x1 
 .rodata        0x0000000000036710      0x3e1 obj_cooja/mtype939.a(rpl-ext-header.)

.rodata1
 *(.rodata1)

.eh_frame_hdr   0x0000000000036af4     0x174c
 *(.eh_frame_hdr)
 .eh_frame_hdr  0x0000000000036af4     0x174c node.o
                0x0000000000036af4                __GNU_EH_FRAME_HDR
 *(.eh_frame_entry .eh_frame_entry.*)

.eh_frame       0x0000000000038240     0x5dc8
 *(.eh_frame)
 .eh_frame      0x0000000000038240       0x40 /usr/lib/gcc/x86_64-linux-gnu/7/../../../x86_64-linux-gnu/crti.o
 .eh_frame      0x0000000000038280       0x18 /usr/lib/gcc/x86_64-linux-gnu/7/../../../x86_64-linux-gnu/crti.o
                                         0x30 (size before relaxing)
 .eh_frame      0x0000000000038298       0x20 node.o
                                         0x38 (size before relaxing)
 .eh_frame      0x00000000000382b8      0x138 obj_cooja/mtype939.o
                                        0x150 (size before relaxing)
 .eh_frame      0x00000000000383f0       0x40 obj_cooja/mtype939.a(simEnvChange.o)
                                         0x58 (size before relaxing)
 .eh_frame      0x0000000000038430       0x60 obj_cooja/mtype939.a(cooja_mt.o)
                                         0x78 (size before relaxing)
 .eh_frame      0x0000000000038490       0x80 obj_cooja/mtype939.a(cooja_mtarch.o)
                                         0x98 (size before relaxing)
 .eh_frame      0x0000000000038510       0xc0 obj_cooja/mtype939.a(rtimer-arch.o)
                                         0xd8 (size before relaxing)
 .eh_frame      0x00000000000385d0      0x160 obj_cooja/mtype939.a(beep.o)
                                        0x178 (size before relaxing)
 .eh_frame      0x0000000000038730       0xa0 obj_cooja/mtype939.a(button-sensor.o)
                                         0xb8 (size before relaxing)
 .eh_frame      0x00000000000387d0       0xa0 obj_cooja/mtype939.a(leds-arch.o)
                                         0xb8 (size before relaxing)
 .eh_frame      0x0000000000038870       0x40 obj_cooja/mtype939.a(moteid.o)
                                         0x58 (size before relaxing)
 .eh_frame      0x00000000000388b0       0xa0 obj_cooja/mtype939.a(pir-sensor.o)
                                         0xb8 (size before relaxing)
 .eh_frame      0x0000000000038950      0x100 obj_cooja/mtype939.a(rs232.o)
                                        0x118 (size before relaxing)
 .eh_frame      0x0000000000038a50       0xa0 obj_cooja/mtype939.a(vib-sensor.o)
                                         0xb8 (size before relaxing)
 .eh_frame      0x0000000000038af0       0xc0 obj_cooja/mtype939.a(clock.o)
                                         0xd8 (size before relaxing)
 .eh_frame      0x0000000000038bb0      0x128 obj_cooja/mtype939.a(cooja-log.o)
                                        0x140 (size before relaxing)
 .eh_frame      0x0000000000038cd8      0x160 obj_cooja/mtype939.a(cfs-cooja.o)
                                        0x178 (size before relaxing)
 .eh_frame      0x0000000000038e38      0x3a0 obj_cooja/mtype939.a(cooja-radio.o)
                                        0x3b8 (size before relaxing)
 .eh_frame      0x00000000000391d8       0xa0 obj_cooja/mtype939.a(eeprom.o)
                                         0xb8 (size before relaxing)
 .eh_frame      0x0000000000039278       0x40 obj_cooja/mtype939.a(random.o)
                                         0x58 (size before relaxing)
 .eh_frame      0x00000000000392b8       0xc0 obj_cooja/mtype939.a(sensors.o)
                                         0xd8 (size before relaxing)
 .eh_frame      0x0000000000039378       0x60 obj_cooja/mtype939.a(serial-shell.o)
                                         0x78 (size before relaxing)
 .eh_frame      0x00000000000393d8      0x100 obj_cooja/mtype939.a(ctimer.o)
                                        0x118 (size before relaxing)
 .eh_frame      0x00000000000394d8       0x40 obj_cooja/mtype939.a(autostart.o)
                                         0x58 (size before relaxing)
 .eh_frame      0x0000000000039518      0x1e0 obj_cooja/mtype939.a(etimer.o)
                                        0x1f8 (size before relaxing)
 .eh_frame      0x00000000000396f8       0xe0 obj_cooja/mtype939.a(log.o)
                                         0xf8 (size before relaxing)
 .eh_frame      0x00000000000397d8      0x1c8 obj_cooja/mtype939.a(process.o)
                                        0x1e0 (size before relaxing)
 .eh_frame      0x00000000000399a0       0x60 obj_cooja/mtype939.a(rtimer.o)
                                         0x78 (size before relaxing)
 .eh_frame      0x0000000000039a00       0xa0 obj_cooja/mtype939.a(timer.o)
                                         0xb8 (size before relaxing)
 .eh_frame      0x0000000000039aa0       0x60 obj_cooja/mtype939.a(serial-line.o)
                                         0x78 (size before relaxing)
 .eh_frame      0x0000000000039b00      0x180 obj_cooja/mtype939.a(list.o)
                                        0x198 (size before relaxing)
 .eh_frame      0x0000000000039c80       0xa0 obj_cooja/mtype939.a(ringbuf.o)
                                         0xb8 (size before relaxing)
 .eh_frame      0x0000000000039d20      0x288 obj_cooja/mtype939.a(packetbuf.o)
                                        0x2a0 (size before relaxing)
 .eh_frame      0x0000000000039fa8       0x80 obj_cooja/mtype939.a(netstack.o)
                                         0x98 (size before relaxing)
 .eh_frame      0x000000000003a028       0x60 obj_cooja/mtype939.a(linkaddr.o)
                                         0x78 (size before relaxing)
 .eh_frame      0x000000000003a088      0x340 obj_cooja/mtype939.a(tsch.o)
                                        0x358 (size before relaxing)
 .eh_frame      0x000000000003a3c8      0x2e8 obj_cooja/mtype939.a(tsch-queue.o)
                                        0x300 (size before relaxing)
 .eh_frame      0x000000000003a6b0      0x1e0 obj_cooja/mtype939.a(tsch-schedule.o)
                                        0x1f8 (size before relaxing)
 .eh_frame      0x000000000003a890      0x1c8 obj_cooja/mtype939.a(tsch-slot-opera)
                                        0x1e0 (size before relaxing)
 .eh_frame      0x000000000003aa58       0xe8 obj_cooja/mtype939.a(tsch-packet.o)
                                        0x100 (size before relaxing)
 .eh_frame      0x000000000003ab40       0xa0 obj_cooja/mtype939.a(tsch-rpl.o)
                                         0xb8 (size before relaxing)
 .eh_frame      0x000000000003abe0       0xc0 obj_cooja/mtype939.a(tsch-adaptive-t)
                                         0xd8 (size before relaxing)
 .eh_frame      0x000000000003aca0       0xa8 obj_cooja/mtype939.a(tsch-log.o)
                                         0xc0 (size before relaxing)
 .eh_frame      0x000000000003ad48      0x2e8 obj_cooja/mtype939.a(uip-ds6.o)
                                        0x300 (size before relaxing)
 .eh_frame      0x000000000003b030      0x248 obj_cooja/mtype939.a(tcpip.o)
                                        0x260 (size before relaxing)
 .eh_frame      0x000000000003b278      0x1a8 obj_cooja/mtype939.a(uip6.o)
                                        0x1c0 (size before relaxing)
 .eh_frame      0x000000000003b420      0x1a0 obj_cooja/mtype939.a(uip-ds6-nbr.o)
                                        0x1b8 (size before relaxing)
 .eh_frame      0x000000000003b5c0       0x80 obj_cooja/mtype939.a(uip-nd6.o)
                                         0x98 (size before relaxing)
 .eh_frame      0x000000000003b640      0x220 obj_cooja/mtype939.a(uip-ds6-route.o)
                                        0x238 (size before relaxing)
 .eh_frame      0x000000000003b860      0x220 obj_cooja/mtype939.a(sicslowpan.o)
                                        0x238 (size before relaxing)
 .eh_frame      0x000000000003ba80      0x290 obj_cooja/mtype939.a(rpl-neighbor.o)
                                        0x2a8 (size before relaxing)
 .eh_frame      0x000000000003bd10      0x340 obj_cooja/mtype939.a(rpl-dag.o)
                                        0x358 (size before relaxing)
 .eh_frame      0x000000000003c050      0x348 obj_cooja/mtype939.a(rpl-timers.o)
                                        0x360 (size before relaxing)
 .eh_frame      0x000000000003c398      0x1a0 obj_cooja/mtype939.a(rpl.o)
                                        0x1b8 (size before relaxing)
 .eh_frame      0x000000000003c538      0x148 obj_cooja/mtype939.a(rpl-mrhof.o)
                                        0x160 (size before relaxing)
 .eh_frame      0x000000000003c680      0x1c0 obj_cooja/mtype939.a(rpl-icmp6.o)
                                        0x1d8 (size before relaxing)
 .eh_frame      0x000000000003c840       0x80 obj_cooja/mtype939.a(rpl-dag-root.o)
                                         0x98 (size before relaxing)
 .eh_frame      0x000000000003c8c0       0xa0 obj_cooja/mtype939.a(watchdog.o)
                                         0xb8 (size before relaxing)
 .eh_frame      0x000000000003c960       0xa0 obj_cooja/mtype939.a(shell.o)
                                         0xb8 (size before relaxing)
 .eh_frame      0x000000000003ca00      0x2a0 obj_cooja/mtype939.a(shell-commands.)
                                        0x2b8 (size before relaxing)
 .eh_frame      0x000000000003cca0       0xc0 obj_cooja/mtype939.a(stimer.o)
                                         0xd8 (size before relaxing)
 .eh_frame      0x000000000003cd60      0x120 obj_cooja/mtype939.a(ringbufindex.o)
                                        0x138 (size before relaxing)
 .eh_frame      0x000000000003ce80       0xa0 obj_cooja/mtype939.a(memb.o)
                                         0xb8 (size before relaxing)
 .eh_frame      0x000000000003cf20      0x1a0 obj_cooja/mtype939.a(queuebuf.o)
                                        0x1b8 (size before relaxing)
 .eh_frame      0x000000000003d0c0      0x2c0 obj_cooja/mtype939.a(nbr-table.o)
                                        0x2d8 (size before relaxing)
 .eh_frame      0x000000000003d380      0x100 obj_cooja/mtype939.a(link-stats.o)
                                        0x118 (size before relaxing)
 .eh_frame      0x000000000003d480       0x48 obj_cooja/mtype939.a(mac-sequence.o)
                                         0x60 (size before relaxing)
 .eh_frame      0x000000000003d4c8       0x20 obj_cooja/mtype939.a(mac.o)
                                         0x38 (size before relaxing)
 .eh_frame      0x000000000003d4e8      0x220 obj_cooja/mtype939.a(frame802154e-ie)
                                        0x238 (size before relaxing)
 .eh_frame      0x000000000003d708       0xa8 obj_cooja/mtype939.a(framer-802154.o)
                                         0xc0 (size before relaxing)
 .eh_frame      0x000000000003d7b0      0x1a8 obj_cooja/mtype939.a(frame802154.o)
                                        0x1c0 (size before relaxing)
 .eh_frame      0x000000000003d958      0x100 obj_cooja/mtype939.a(uipbuf.o)
                                        0x118 (size before relaxing)
 .eh_frame      0x000000000003da58      0x148 obj_cooja/mtype939.a(uip-icmp6.o)
                                        0x160 (size before relaxing)
 .eh_frame      0x000000000003dba0      0x160 obj_cooja/mtype939.a(uip-sr.o)
                                        0x178 (size before relaxing)
 .eh_frame      0x000000000003dd00       0xe0 obj_cooja/mtype939.a(uip-packetqueue)
                                         0xf8 (size before relaxing)
 .eh_frame      0x000000000003dde0       0x80 obj_cooja/mtype939.a(uiplib.o)
                                         0x98 (size before relaxing)
 .eh_frame      0x000000000003de60       0x80 obj_cooja/mtype939.a(rpl-nbr-policy.)
                                         0x98 (size before relaxing)
 .eh_frame      0x000000000003dee0      0x124 obj_cooja/mtype939.a(rpl-ext-header.)
                                        0x140 (size before relaxing)
 .eh_frame      0x000000000003e004        0x4 /usr/lib/gcc/x86_64-linux-gnu/7/crtendS.o
 *(.eh_frame.*)

.gcc_except_table
 *(.gcc_except_table .gcc_except_table.*)

.gnu_extab
 *(.gnu_extab*)

.exception_ranges
 *(.exception_ranges .exception_ranges*)
                0x000000000023e5f0                . = DATA_SEGMENT_ALIGN (CONSTANT (MAXPAGESIZE), CONSTANT (COMMONPAGESIZE))

.eh_frame
 *(.eh_frame)
 *(.eh_frame.*)

.gnu_extab
 *(.gnu_extab)

.gcc_except_table
 *(.gcc_except_table .gcc_except_table.*)

.exception_ranges
 *(.exception_ranges .exception_ranges*)

.tdata
 *(.tdata .tdata.* .gnu.linkonce.td.*)

.tbss
 *(.tbss .tbss.* .gnu.linkonce.tb.*)
 *(.tcommon)

.preinit_array
 *(.preinit_array)

.init_array     0x000000000023e5f0        0x8
 *(SORT(.init_array.*) SORT(.ctors.*))
 *(.init_array EXCLUDE_FILE(*crtend?.o *crtend.o *crtbegin?.o *crtbegin.o) .ctors)
 .init_array    0x000000000023e5f0        0x8 /usr/lib/gcc/x86_64-linux-gnu/7/crtbeginS.o

.fini_array     0x000000000023e5f8        0x8
 *(SORT(.fini_array.*) SORT(.dtors.*))
 *(.fini_array EXCLUDE_FILE(*crtend?.o *crtend.o *crtbegin?.o *crtbegin.o) .dtors)
 .fini_array    0x000000000023e5f8        0x8 /usr/lib/gcc/x86_64-linux-gnu/7/crtbeginS.o

.ctors
 *crtbegin.o(.ctors)
 *crtbegin?.o(.ctors)
 *(EXCLUDE_FILE(*crtend?.o *crtend.o) .ctors)
 *(SORT(.ctors.*))
 *(.ctors)

.dtors
 *crtbegin.o(.dtors)
 *crtbegin?.o(.dtors)
 *(EXCLUDE_FILE(*crtend?.o *crtend.o) .dtors)
 *(SORT(.dtors.*))
 *(.dtors)

.jcr
 *(.jcr)

.data.rel.ro    0x000000000023e600      0x340
 *(.data.rel.ro.local* .gnu.linkonce.d.rel.ro.local.*)
 .data.rel.ro.local
                0x000000000023e600       0x10 obj_cooja/mtype939.a(beep.o)
                0x000000000023e600                beep_interface
 *fill*         0x000000000023e610       0x10 
 .data.rel.ro.local
                0x000000000023e620       0x40 obj_cooja/mtype939.a(button-sensor.o)
                0x000000000023e620                button_interface
                0x000000000023e640                button_sensor
 .data.rel.ro.local
                0x000000000023e660       0x10 obj_cooja/mtype939.a(leds-arch.o)
                0x000000000023e660                leds_interface
 .data.rel.ro.local
                0x000000000023e670       0x10 obj_cooja/mtype939.a(moteid.o)
                0x000000000023e670                moteid_interface
 .data.rel.ro.local
                0x000000000023e680       0x40 obj_cooja/mtype939.a(pir-sensor.o)
                0x000000000023e680                pir_interface
                0x000000000023e6a0                pir_sensor
 .data.rel.ro.local
                0x000000000023e6c0       0x10 obj_cooja/mtype939.a(rs232.o)
                0x000000000023e6c0                rs232_interface
 *fill*         0x000000000023e6d0       0x10 
 .data.rel.ro.local
                0x000000000023e6e0       0x40 obj_cooja/mtype939.a(vib-sensor.o)
                0x000000000023e6e0                vib_interface
                0x000000000023e700                vib_sensor
 .data.rel.ro.local
                0x000000000023e720       0x10 obj_cooja/mtype939.a(clock.o)
                0x000000000023e720                clock_interface
 .data.rel.ro.local
                0x000000000023e730       0x10 obj_cooja/mtype939.a(cooja-log.o)
                0x000000000023e730                simlog_interface
 .data.rel.ro.local
                0x000000000023e740       0x10 obj_cooja/mtype939.a(cfs-cooja.o)
                0x000000000023e740                cfs_interface
 *fill*         0x000000000023e750       0x10 
 .data.rel.ro.local
                0x000000000023e760       0x90 obj_cooja/mtype939.a(cooja-radio.o)
                0x000000000023e760                radio_interface
                0x000000000023e770                dummy_interface
                0x000000000023e780                cooja_radio_driver
 .data.rel.ro.local
                0x000000000023e7f0       0x10 obj_cooja/mtype939.a(eeprom.o)
                0x000000000023e7f0                eeprom_interface
 .data.rel.ro.local
                0x000000000023e800       0x30 obj_cooja/mtype939.a(tsch.o)
                0x000000000023e800                tschmac_driver
 .data.rel.ro.local
                0x000000000023e830       0x18 obj_cooja/mtype939.a(framer-802154.o)
                0x000000000023e830                framer_802154
 *(.data.rel.ro .data.rel.ro.* .gnu.linkonce.d.rel.ro.*)
 .data.rel.ro   0x000000000023e848        0x0 /usr/lib/gcc/x86_64-linux-gnu/7/../../../x86_64-linux-gnu/crti.o
 *fill*         0x000000000023e848        0x8 
 .data.rel.ro   0x000000000023e850       0x10 node.o
                0x000000000023e850                autostart_processes
 .data.rel.ro   0x000000000023e860       0x20 obj_cooja/mtype939.a(sicslowpan.o)
                0x000000000023e860                sicslowpan_driver
 .data.rel.ro   0x000000000023e880        0x8 obj_cooja/mtype939.a(rpl-dag.o)
 *fill*         0x000000000023e888       0x18 
 .data.rel.ro   0x000000000023e8a0       0xa0 obj_cooja/mtype939.a(rpl.o)
                0x000000000023e8a0                rpl_lite_driver

.dynamic        0x000000000023e940      0x1c0
 *(.dynamic)
 .dynamic       0x000000000023e940      0x1c0 /usr/lib/gcc/x86_64-linux-gnu/7/../../../x86_64-linux-gnu/crti.o
                0x000000000023e940                _DYNAMIC

.got            0x000000000023eb00      0x500
 *(.got)
 .got           0x000000000023eb00      0x500 /usr/lib/gcc/x86_64-linux-gnu/7/../../../x86_64-linux-gnu/crti.o
 *(.igot)
                0x000000000023ffe8                . = DATA_SEGMENT_RELRO_END (., (SIZEOF (.got.plt) >= 0x18)?0x18:0x0)

.got.plt        0x000000000023f000      0xc20
 *(.got.plt)
 .got.plt       0x000000000023f000      0xc20 /usr/lib/gcc/x86_64-linux-gnu/7/../../../x86_64-linux-gnu/crti.o
                0x000000000023f000                _GLOBAL_OFFSET_TABLE_
 *(.igot.plt)

.data           0x000000000023fc20      0x898
 *(.data .data.* .gnu.linkonce.d.*)
 .data          0x000000000023fc20        0x0 /usr/lib/gcc/x86_64-linux-gnu/7/../../../x86_64-linux-gnu/crti.o
 .data          0x000000000023fc20        0x0 /usr/lib/gcc/x86_64-linux-gnu/7/crtbeginS.o
 .data.rel.local
                0x000000000023fc20        0x8 /usr/lib/gcc/x86_64-linux-gnu/7/crtbeginS.o
                0x000000000023fc20                __dso_handle
 .data          0x000000000023fc28        0x0 node.o
 *fill*         0x000000000023fc28       0x18 
 .data.rel.local
                0x000000000023fc40       0x20 node.o
                0x000000000023fc40                node_process
 .data          0x000000000023fc60        0x0 obj_cooja/mtype939.o
 .data.rel      0x000000000023fc60       0xa0 obj_cooja/mtype939.o
                0x000000000023fc60                simInterfaces
                0x000000000023fce0                sensors
 .data          0x000000000023fd00        0x0 obj_cooja/mtype939.a(simEnvChange.o)
 .data          0x000000000023fd00        0x0 obj_cooja/mtype939.a(cooja_mt.o)
 .data          0x000000000023fd00        0x0 obj_cooja/mtype939.a(cooja_mtarch.o)
 .data          0x000000000023fd00        0x0 obj_cooja/mtype939.a(rtimer-arch.o)
 .data          0x000000000023fd00        0x0 obj_cooja/mtype939.a(beep.o)
 .data          0x000000000023fd00        0x0 obj_cooja/mtype939.a(button-sensor.o)
 .data          0x000000000023fd00        0x0 obj_cooja/mtype939.a(leds-arch.o)
 .data          0x000000000023fd00        0x0 obj_cooja/mtype939.a(moteid.o)
 .data          0x000000000023fd00        0x0 obj_cooja/mtype939.a(pir-sensor.o)
 .data          0x000000000023fd00        0x0 obj_cooja/mtype939.a(rs232.o)
 .data          0x000000000023fd00        0x0 obj_cooja/mtype939.a(vib-sensor.o)
 .data          0x000000000023fd00        0x0 obj_cooja/mtype939.a(clock.o)
 .data          0x000000000023fd00        0x0 obj_cooja/mtype939.a(cooja-log.o)
 .data          0x000000000023fd00        0x0 obj_cooja/mtype939.a(cfs-cooja.o)
 .data          0x000000000023fd00       0x34 obj_cooja/mtype939.a(cooja-radio.o)
                0x000000000023fd00                simRadioHWOn
                0x000000000023fd04                simSignalStrength
                0x000000000023fd08                simLastSignalStrength
                0x000000000023fd0c                simPower
                0x000000000023fd10                simRadioChannel
                0x000000000023fd14                simLQI
                0x000000000023fd18                simRadioChannelDummy
                0x000000000023fd1c                simRadioHWOnDummy
                0x000000000023fd20                simSignalStrengthDummy
                0x000000000023fd24                simLastSignalStrengthDummy
                0x000000000023fd28                simPowerDummy
                0x000000000023fd2c                simLQIDummy
 *fill*         0x000000000023fd34        0xc 
 .data.rel.local
                0x000000000023fd40       0x20 obj_cooja/mtype939.a(cooja-radio.o)
                0x000000000023fd40                cooja_radio_process
 .data          0x000000000023fd60        0x0 obj_cooja/mtype939.a(eeprom.o)
 .data          0x000000000023fd60        0x0 obj_cooja/mtype939.a(random.o)
 .data          0x000000000023fd60        0x0 obj_cooja/mtype939.a(sensors.o)
 .data.rel.local
                0x000000000023fd60       0x20 obj_cooja/mtype939.a(sensors.o)
                0x000000000023fd60                sensors_process
 .data          0x000000000023fd80        0x0 obj_cooja/mtype939.a(serial-shell.o)
 .data.rel.local
                0x000000000023fd80       0x20 obj_cooja/mtype939.a(serial-shell.o)
                0x000000000023fd80                serial_shell_process
 .data          0x000000000023fda0        0x0 obj_cooja/mtype939.a(ctimer.o)
 .data.rel.local
                0x000000000023fda0       0x40 obj_cooja/mtype939.a(ctimer.o)
                0x000000000023fdc0                ctimer_process
 .data          0x000000000023fde0        0x0 obj_cooja/mtype939.a(autostart.o)
 .data          0x000000000023fde0        0x0 obj_cooja/mtype939.a(etimer.o)
 .data.rel.local
                0x000000000023fde0       0x20 obj_cooja/mtype939.a(etimer.o)
                0x000000000023fde0                etimer_process
 .data          0x000000000023fe00       0x1c obj_cooja/mtype939.a(log.o)
                0x000000000023fe00                curr_log_level_rpl
                0x000000000023fe04                curr_log_level_tcpip
                0x000000000023fe08                curr_log_level_ipv6
                0x000000000023fe0c                curr_log_level_6lowpan
                0x000000000023fe10                curr_log_level_mac
                0x000000000023fe14                curr_log_level_framer
                0x000000000023fe18                curr_log_level_main
 *fill*         0x000000000023fe1c        0x4 
 .data.rel      0x000000000023fe20      0x120 obj_cooja/mtype939.a(log.o)
                0x000000000023fe20                all_modules
 .data          0x000000000023ff40        0x0 obj_cooja/mtype939.a(process.o)
 .data          0x000000000023ff40        0x0 obj_cooja/mtype939.a(rtimer.o)
 .data          0x000000000023ff40        0x0 obj_cooja/mtype939.a(timer.o)
 .data          0x000000000023ff40        0x0 obj_cooja/mtype939.a(serial-line.o)
 .data.rel.local
                0x000000000023ff40       0x20 obj_cooja/mtype939.a(serial-line.o)
                0x000000000023ff40                serial_line_process
 .data          0x000000000023ff60        0x0 obj_cooja/mtype939.a(list.o)
 .data          0x000000000023ff60        0x0 obj_cooja/mtype939.a(ringbuf.o)
 .data          0x000000000023ff60        0x0 obj_cooja/mtype939.a(packetbuf.o)
 .data.rel.local
                0x000000000023ff60        0x8 obj_cooja/mtype939.a(packetbuf.o)
 .data          0x000000000023ff68        0x0 obj_cooja/mtype939.a(netstack.o)
 .data.rel.local
                0x000000000023ff68        0x8 obj_cooja/mtype939.a(netstack.o)
 .data          0x000000000023ff70        0x0 obj_cooja/mtype939.a(linkaddr.o)
 .data          0x000000000023ff70        0x0 obj_cooja/mtype939.a(tsch.o)
 *fill*         0x000000000023ff70       0x10 
 .data.rel.local
                0x000000000023ff80       0x60 obj_cooja/mtype939.a(tsch.o)
                0x000000000023ff80                tsch_process
                0x000000000023ffa0                tsch_send_eb_process
                0x000000000023ffc0                tsch_pending_events_process
 .data          0x000000000023ffe0        0x0 obj_cooja/mtype939.a(tsch-queue.o)
 .data.rel.local
                0x000000000023ffe0       0x40 obj_cooja/mtype939.a(tsch-queue.o)
 .data          0x0000000000240020        0x0 obj_cooja/mtype939.a(tsch-schedule.o)
 .data.rel.local
                0x0000000000240020       0x40 obj_cooja/mtype939.a(tsch-schedule.o)
 .data          0x0000000000240060        0x4 obj_cooja/mtype939.a(tsch-slot-opera)
 .data          0x0000000000240064        0x0 obj_cooja/mtype939.a(tsch-packet.o)
 .data          0x0000000000240064        0x0 obj_cooja/mtype939.a(tsch-rpl.o)
 .data          0x0000000000240064        0x0 obj_cooja/mtype939.a(tsch-adaptive-t)
 .data          0x0000000000240064        0x0 obj_cooja/mtype939.a(tsch-log.o)
 .data          0x0000000000240064        0x0 obj_cooja/mtype939.a(uip-ds6.o)
 .data          0x0000000000240064        0x0 obj_cooja/mtype939.a(tcpip.o)
 *fill*         0x0000000000240064       0x1c 
 .data.rel.local
                0x0000000000240080       0x20 obj_cooja/mtype939.a(tcpip.o)
                0x0000000000240080                tcpip_process
 .data          0x00000000002400a0        0x0 obj_cooja/mtype939.a(uip6.o)
 .data          0x00000000002400a0        0x0 obj_cooja/mtype939.a(uip-ds6-nbr.o)
 .data.rel.local
                0x00000000002400a0       0x20 obj_cooja/mtype939.a(uip-ds6-nbr.o)
                0x00000000002400b8                ds6_neighbors
 .data          0x00000000002400c0        0x0 obj_cooja/mtype939.a(uip-nd6.o)
 .data.rel.local
                0x00000000002400c0       0x18 obj_cooja/mtype939.a(uip-nd6.o)
 .data          0x00000000002400d8        0x0 obj_cooja/mtype939.a(uip-ds6-route.o)
 *fill*         0x00000000002400d8        0x8 
 .data.rel.local
                0x00000000002400e0       0x28 obj_cooja/mtype939.a(uip-ds6-route.o)
 .data          0x0000000000240108        0x0 obj_cooja/mtype939.a(sicslowpan.o)
 .data          0x0000000000240108        0x0 obj_cooja/mtype939.a(rpl-neighbor.o)
 *fill*         0x0000000000240108        0x8 
 .data.rel.local
                0x0000000000240110       0x20 obj_cooja/mtype939.a(rpl-neighbor.o)
                0x0000000000240128                rpl_neighbors
 .data          0x0000000000240130        0x0 obj_cooja/mtype939.a(rpl-dag.o)
 .data          0x0000000000240130        0x0 obj_cooja/mtype939.a(rpl-timers.o)
 .data          0x0000000000240130        0x0 obj_cooja/mtype939.a(rpl.o)
 .data          0x0000000000240130        0x0 obj_cooja/mtype939.a(rpl-mrhof.o)
 *fill*         0x0000000000240130       0x10 
 .data.rel.local
                0x0000000000240140       0x48 obj_cooja/mtype939.a(rpl-mrhof.o)
                0x0000000000240140                rpl_mrhof
 .data          0x0000000000240188        0x0 obj_cooja/mtype939.a(rpl-icmp6.o)
 *fill*         0x0000000000240188        0x8 
 .data.rel.local
                0x0000000000240190       0x78 obj_cooja/mtype939.a(rpl-icmp6.o)
 .data          0x0000000000240208        0x0 obj_cooja/mtype939.a(rpl-dag-root.o)
 .data          0x0000000000240208        0x0 obj_cooja/mtype939.a(watchdog.o)
 .data          0x0000000000240208        0x0 obj_cooja/mtype939.a(shell.o)
 .data          0x0000000000240208        0x0 obj_cooja/mtype939.a(shell-commands.)
 *fill*         0x0000000000240208       0x18 
 .data.rel.local
                0x0000000000240220      0x168 obj_cooja/mtype939.a(shell-commands.)
                0x0000000000240220                shell_commands
 .data          0x0000000000240388        0x0 obj_cooja/mtype939.a(stimer.o)
 .data          0x0000000000240388        0x0 obj_cooja/mtype939.a(ringbufindex.o)
 .data          0x0000000000240388        0x0 obj_cooja/mtype939.a(memb.o)
 .data          0x0000000000240388        0x0 obj_cooja/mtype939.a(queuebuf.o)
 *fill*         0x0000000000240388        0x8 
 .data.rel.local
                0x0000000000240390       0x38 obj_cooja/mtype939.a(queuebuf.o)
 .data          0x00000000002403c8        0x0 obj_cooja/mtype939.a(nbr-table.o)
 *fill*         0x00000000002403c8        0x8 
 .data.rel.local
                0x00000000002403d0       0x20 obj_cooja/mtype939.a(nbr-table.o)
 .data          0x00000000002403f0        0x0 obj_cooja/mtype939.a(link-stats.o)
 .data.rel.local
                0x00000000002403f0       0x20 obj_cooja/mtype939.a(link-stats.o)
 .data          0x0000000000240410        0x0 obj_cooja/mtype939.a(mac-sequence.o)
 .data          0x0000000000240410        0x0 obj_cooja/mtype939.a(mac.o)
 .data          0x0000000000240410        0x0 obj_cooja/mtype939.a(frame802154e-ie)
 .data          0x0000000000240410        0x0 obj_cooja/mtype939.a(framer-802154.o)
 .data          0x0000000000240410        0x2 obj_cooja/mtype939.a(frame802154.o)
 .data          0x0000000000240412        0x0 obj_cooja/mtype939.a(uipbuf.o)
 .data          0x0000000000240412        0x0 obj_cooja/mtype939.a(uip-icmp6.o)
 *fill*         0x0000000000240412        0xe 
 .data.rel.local
                0x0000000000240420       0x48 obj_cooja/mtype939.a(uip-icmp6.o)
 .data          0x0000000000240468        0x0 obj_cooja/mtype939.a(uip-sr.o)
 *fill*         0x0000000000240468        0x8 
 .data.rel.local
                0x0000000000240470       0x28 obj_cooja/mtype939.a(uip-sr.o)
 .data          0x0000000000240498        0x0 obj_cooja/mtype939.a(uip-packetqueue)
 *fill*         0x0000000000240498        0x8 
 .data.rel.local
                0x00000000002404a0       0x18 obj_cooja/mtype939.a(uip-packetqueue)
 .data          0x00000000002404b8        0x0 obj_cooja/mtype939.a(uiplib.o)
 .data          0x00000000002404b8        0x0 obj_cooja/mtype939.a(rpl-nbr-policy.)
 .data          0x00000000002404b8        0x0 obj_cooja/mtype939.a(rpl-ext-header.)
 .data          0x00000000002404b8        0x0 /usr/lib/gcc/x86_64-linux-gnu/7/crtendS.o
 .data          0x00000000002404b8        0x0 /usr/lib/gcc/x86_64-linux-gnu/7/../../../x86_64-linux-gnu/crtn.o

.tm_clone_table
                0x00000000002404b8        0x0
 .tm_clone_table
                0x00000000002404b8        0x0 /usr/lib/gcc/x86_64-linux-gnu/7/crtbeginS.o
 .tm_clone_table
                0x00000000002404b8        0x0 /usr/lib/gcc/x86_64-linux-gnu/7/crtendS.o

.data1
 *(.data1)
                0x00000000002404b8                _edata = .
                [!provide]                        PROVIDE (edata, .)
                0x00000000002404b8                . = .
                0x00000000002404b8                __bss_start = .

.bss            0x00000000002404c0    0x196c0
 *(.dynbss)
 .dynbss        0x00000000002404c0        0x0 /usr/lib/gcc/x86_64-linux-gnu/7/../../../x86_64-linux-gnu/crti.o
 *(.bss .bss.* .gnu.linkonce.b.*)
 .bss           0x00000000002404c0        0x0 /usr/lib/gcc/x86_64-linux-gnu/7/../../../x86_64-linux-gnu/crti.o
 .bss           0x00000000002404c0        0x1 /usr/lib/gcc/x86_64-linux-gnu/7/crtbeginS.o
 .bss           0x00000000002404c1        0x0 node.o
 *fill*         0x00000000002404c1       0x1f 
 .bss           0x00000000002404e0     0x4040 obj_cooja/mtype939.o
 .bss           0x0000000000244520        0x1 obj_cooja/mtype939.a(simEnvChange.o)
                0x0000000000244520                simDontFallAsleep
 *fill*         0x0000000000244521        0x7 
 .bss           0x0000000000244528        0x8 obj_cooja/mtype939.a(cooja_mt.o)
 .bss           0x0000000000244530        0x8 obj_cooja/mtype939.a(cooja_mtarch.o)
 .bss           0x0000000000244538        0x0 obj_cooja/mtype939.a(rtimer-arch.o)
 .bss           0x0000000000244538        0x0 obj_cooja/mtype939.a(beep.o)
 *fill*         0x0000000000244538        0x8 
 .bss           0x0000000000244540       0x10 obj_cooja/mtype939.a(button-sensor.o)
 .bss           0x0000000000244550        0x0 obj_cooja/mtype939.a(leds-arch.o)
 .bss           0x0000000000244550        0x0 obj_cooja/mtype939.a(moteid.o)
 .bss           0x0000000000244550        0x1 obj_cooja/mtype939.a(pir-sensor.o)
                0x0000000000244550                simPirValue
 *fill*         0x0000000000244551        0x7 
 .bss           0x0000000000244558        0x8 obj_cooja/mtype939.a(rs232.o)
 .bss           0x0000000000244560        0x1 obj_cooja/mtype939.a(vib-sensor.o)
                0x0000000000244560                simVibValue
 .bss           0x0000000000244561        0x0 obj_cooja/mtype939.a(clock.o)
 *fill*         0x0000000000244561       0x1f 
 .bss           0x0000000000244580      0x420 obj_cooja/mtype939.a(cooja-log.o)
 .bss           0x00000000002449a0      0xfc0 obj_cooja/mtype939.a(cfs-cooja.o)
                0x00000000002449a0                simCFSData
                0x0000000000245940                simCFSSize
                0x0000000000245944                simCFSChanged
                0x0000000000245948                simCFSRead
                0x000000000024594c                simCFSWritten
 .bss           0x0000000000245960       0x44 obj_cooja/mtype939.a(cooja-radio.o)
                0x0000000000245960                simReceiving
                0x0000000000245964                simInSize
                0x0000000000245968                simLastPacketTimestamp
                0x0000000000245970                simOutSize
                0x0000000000245974                simReceivingDummy
                0x0000000000245978                simLastPacketTimestampDummy
                0x0000000000245980                simInSizeDummy
                0x0000000000245984                simOutSizeDummy
                0x0000000000245988                LongRangeTransmit
                0x000000000024598c                LongRangeReceiving
 .bss           0x00000000002459a4        0xc obj_cooja/mtype939.a(eeprom.o)
                0x00000000002459a4                simEEPROMChanged
                0x00000000002459a8                simEEPROMRead
                0x00000000002459ac                simEEPROMWritten
 .bss           0x00000000002459b0        0x0 obj_cooja/mtype939.a(random.o)
 .bss           0x00000000002459b0        0xc obj_cooja/mtype939.a(sensors.o)
 .bss           0x00000000002459bc        0x2 obj_cooja/mtype939.a(serial-shell.o)
 *fill*         0x00000000002459be        0x2 
 .bss           0x00000000002459c0        0x9 obj_cooja/mtype939.a(ctimer.o)
 .bss           0x00000000002459c9        0x0 obj_cooja/mtype939.a(autostart.o)
 *fill*         0x00000000002459c9        0x7 
 .bss           0x00000000002459d0       0x10 obj_cooja/mtype939.a(etimer.o)
 .bss           0x00000000002459e0       0x10 obj_cooja/mtype939.a(log.o)
                0x00000000002459e0                curr_log_level_nullnet
                0x00000000002459e4                curr_log_level_6top
                0x00000000002459e8                curr_log_level_coap
                0x00000000002459ec                curr_log_level_lwm2m
 *fill*         0x00000000002459f0       0x10 
 .bss           0x0000000000245a00      0x321 obj_cooja/mtype939.a(process.o)
                0x0000000000245a00                process_list
                0x0000000000245a08                process_current
 *fill*         0x0000000000245d21        0x7 
 .bss           0x0000000000245d28        0x8 obj_cooja/mtype939.a(rtimer.o)
 .bss           0x0000000000245d30        0x0 obj_cooja/mtype939.a(timer.o)
 *fill*         0x0000000000245d30       0x10 
 .bss           0x0000000000245d40      0x140 obj_cooja/mtype939.a(serial-line.o)
 .bss           0x0000000000245e80        0x0 obj_cooja/mtype939.a(list.o)
 .bss           0x0000000000245e80        0x0 obj_cooja/mtype939.a(ringbuf.o)
 .bss           0x0000000000245e80       0xa0 obj_cooja/mtype939.a(packetbuf.o)
 .bss           0x0000000000245f20        0x8 obj_cooja/mtype939.a(netstack.o)
 .bss           0x0000000000245f28        0x0 obj_cooja/mtype939.a(linkaddr.o)
 *fill*         0x0000000000245f28       0x18 
 .bss           0x0000000000245f40      0x180 obj_cooja/mtype939.a(tsch.o)
                0x0000000000245f40                tsch_is_started
                0x0000000000245f44                tsch_is_initialized
                0x0000000000245f48                tsch_is_coordinator
                0x0000000000245f4c                tsch_is_associated
                0x0000000000245f50                tsch_association_count
                0x0000000000245f54                tsch_is_pan_secured
 .bss           0x00000000002460c0     0x73a8 obj_cooja/mtype939.a(tsch-queue.o)
 *fill*         0x000000000024d468       0x18 
 .bss           0x000000000024d480      0x5cc obj_cooja/mtype939.a(tsch-schedule.o)
 *fill*         0x000000000024da4c       0x14 
 .bss           0x000000000024da60      0x1c8 obj_cooja/mtype939.a(tsch-slot-opera)
                0x000000000024da60                last_timesource_neighbor
                0x000000000024da68                current_link
 *fill*         0x000000000024dc28        0x8 
 .bss           0x000000000024dc30       0x1a obj_cooja/mtype939.a(tsch-packet.o)
 .bss           0x000000000024dc4a        0x0 obj_cooja/mtype939.a(tsch-rpl.o)
 *fill*         0x000000000024dc4a       0x16 
 .bss           0x000000000024dc60       0x4c obj_cooja/mtype939.a(tsch-adaptive-t)
 *fill*         0x000000000024dcac       0x14 
 .bss           0x000000000024dcc0      0x26c obj_cooja/mtype939.a(tsch-log.o)
 *fill*         0x000000000024df2c        0x4 
 .bss           0x000000000024df30       0x30 obj_cooja/mtype939.a(uip-ds6.o)
 .bss           0x000000000024df60       0x20 obj_cooja/mtype939.a(tcpip.o)
 .bss           0x000000000024df80        0x6 obj_cooja/mtype939.a(uip6.o)
                0x000000000024df80                uip_ext_bitmap
                0x000000000024df81                uip_ext_len
                0x000000000024df82                uip_ext_opt_offset
 *fill*         0x000000000024df86       0x1a 
 .bss           0x000000000024dfa0     0x2580 obj_cooja/mtype939.a(uip-ds6-nbr.o)
 .bss           0x0000000000250520       0x20 obj_cooja/mtype939.a(uip-nd6.o)
 .bss           0x0000000000250540       0x80 obj_cooja/mtype939.a(uip-ds6-route.o)
 .bss           0x00000000002505c0       0x48 obj_cooja/mtype939.a(sicslowpan.o)
 *fill*         0x0000000000250608       0x18 
 .bss           0x0000000000250620     0x12c0 obj_cooja/mtype939.a(rpl-neighbor.o)
 .bss           0x00000000002518e0        0x0 obj_cooja/mtype939.a(rpl-dag.o)
 .bss           0x00000000002518e0       0x80 obj_cooja/mtype939.a(rpl-timers.o)
 .bss           0x0000000000251960        0x0 obj_cooja/mtype939.a(rpl.o)
 .bss           0x0000000000251960        0x0 obj_cooja/mtype939.a(rpl-mrhof.o)
 .bss           0x0000000000251960        0x0 obj_cooja/mtype939.a(rpl-icmp6.o)
 .bss           0x0000000000251960       0x11 obj_cooja/mtype939.a(rpl-dag-root.o)
 .bss           0x0000000000251971        0x0 obj_cooja/mtype939.a(watchdog.o)
 *fill*         0x0000000000251971        0x7 
 .bss           0x0000000000251978       0x12 obj_cooja/mtype939.a(shell.o)
 *fill*         0x000000000025198a       0x16 
 .bss           0x00000000002519a0       0x88 obj_cooja/mtype939.a(shell-commands.)
 .bss           0x0000000000251a28        0x0 obj_cooja/mtype939.a(stimer.o)
 .bss           0x0000000000251a28        0x0 obj_cooja/mtype939.a(ringbufindex.o)
 .bss           0x0000000000251a28        0x0 obj_cooja/mtype939.a(memb.o)
 *fill*         0x0000000000251a28       0x18 
 .bss           0x0000000000251a40      0x5e0 obj_cooja/mtype939.a(queuebuf.o)
 .bss           0x0000000000252020     0x16e8 obj_cooja/mtype939.a(nbr-table.o)
 *fill*         0x0000000000253708       0x18 
 .bss           0x0000000000253720     0x12c0 obj_cooja/mtype939.a(link-stats.o)
 .bss           0x00000000002549e0      0x180 obj_cooja/mtype939.a(mac-sequence.o)
 .bss           0x0000000000254b60        0x0 obj_cooja/mtype939.a(mac.o)
 .bss           0x0000000000254b60        0x0 obj_cooja/mtype939.a(frame802154e-ie)
 .bss           0x0000000000254b60        0x2 obj_cooja/mtype939.a(framer-802154.o)
 .bss           0x0000000000254b62        0x0 obj_cooja/mtype939.a(frame802154.o)
 *fill*         0x0000000000254b62        0x6 
 .bss           0x0000000000254b68        0xc obj_cooja/mtype939.a(uipbuf.o)
 *fill*         0x0000000000254b74        0xc 
 .bss           0x0000000000254b80       0x20 obj_cooja/mtype939.a(uip-icmp6.o)
 .bss           0x0000000000254ba0     0x3040 obj_cooja/mtype939.a(uip-sr.o)
 .bss           0x0000000000257be0      0x210 obj_cooja/mtype939.a(uip-packetqueue)
 .bss           0x0000000000257df0        0x0 obj_cooja/mtype939.a(uiplib.o)
 .bss           0x0000000000257df0       0x12 obj_cooja/mtype939.a(rpl-nbr-policy.)
 .bss           0x0000000000257e02        0x0 obj_cooja/mtype939.a(rpl-ext-header.)
 .bss           0x0000000000257e02        0x0 /usr/lib/gcc/x86_64-linux-gnu/7/crtendS.o
 .bss           0x0000000000257e02        0x0 /usr/lib/gcc/x86_64-linux-gnu/7/../../../x86_64-linux-gnu/crtn.o
 *(COMMON)
 *fill*         0x0000000000257e02        0x6 
 COMMON         0x0000000000257e08        0xc obj_cooja/mtype939.o
                0x0000000000257e08                referenceVar
                0x0000000000257e10                sensors_flags