Archive member included to satisfy reference by file (symbol)

obj_cooja/mtype902.a(simEnvChange.o)
                              obj_cooja/mtype902.o (simDontFallAsleep)
obj_cooja/mtype902.a(cooja_mt.o)
                              obj_cooja/mtype902.o (cooja_mt_start)
obj_cooja/mtype902.a(cooja_mtarch.o)
                              obj_cooja/mtype902.a(cooja_mt.o) (cooja_mtarch_start)
obj_cooja/mtype902.a(rtimer-arch.o)
                              obj_cooja/mtype902.o (rtimer_arch_check)
obj_cooja/mtype902.a(beep.o)  obj_cooja/mtype902.o (beep_interface)
obj_cooja/mtype902.a(button-sensor.o)
                              obj_cooja/mtype902.o (button_interface)
obj_cooja/mtype902.a(leds-arch.o)
                              obj_cooja/mtype902.o (leds_interface)
obj_cooja/mtype902.a(moteid.o)
                              obj_cooja/mtype902.o (moteid_interface)
obj_cooja/mtype902.a(pir-sensor.o)
                              obj_cooja/mtype902.o (pir_interface)
obj_cooja/mtype902.a(rs232.o)
                              obj_cooja/mtype902.o (rs232_interface)
obj_cooja/mtype902.a(vib-sensor.o)
                              obj_cooja/mtype902.o (vib_interface)
obj_cooja/mtype902.a(clock.o)
                              obj_cooja/mtype902.o (clock_interface)
obj_cooja/mtype902.a(cooja-log.o)
                              obj_cooja/mtype902.o (simlog_interface)
obj_cooja/mtype902.a(cfs-cooja.o)
                              obj_cooja/mtype902.o (cfs_interface)
obj_cooja/mtype902.a(cooja-radio.o)
                              obj_cooja/mtype902.o (radio_interface)
obj_cooja/mtype902.a(eeprom.o)
                              obj_cooja/mtype902.o (eeprom_interface)
obj_cooja/mtype902.a(random.o)
                              obj_cooja/mtype902.a(moteid.o) (random_init)
obj_cooja/mtype902.a(sensors.o)
                              obj_cooja/mtype902.o (sensors_process)
obj_cooja/mtype902.a(orchestra-rule-)
                              obj_cooja/mtype902.o (unicast_per_neighbor_rpl_ns)
obj_cooja/mtype902.a(orchestra-rule-)
                              obj_cooja/mtype902.o (default_common)
obj_cooja/mtype902.a(orchestra.o)
                              obj_cooja/mtype902.o (orchestra_init)
obj_cooja/mtype902.a(orchestra-rule-)
                              obj_cooja/mtype902.o (eb_per_time_source)
obj_cooja/mtype902.a(ctimer.o)
                              obj_cooja/mtype902.o (ctimer_init)
obj_cooja/mtype902.a(autostart.o)
                              obj_cooja/mtype902.o (autostart_start)
obj_cooja/mtype902.a(energest.o)
                              udp-server.o (energest_total_time)
obj_cooja/mtype902.a(etimer.o)
                              obj_cooja/mtype902.o (etimer_process)
obj_cooja/mtype902.a(log.o)   obj_cooja/mtype902.o (log_6addr)
obj_cooja/mtype902.a(process.o)
                              obj_cooja/mtype902.a(ctimer.o) (process_current)
obj_cooja/mtype902.a(rtimer.o)
                              obj_cooja/mtype902.a(rtimer-arch.o) (rtimer_run_next)
obj_cooja/mtype902.a(timer.o)
                              obj_cooja/mtype902.a(button-sensor.o) (timer_set)
obj_cooja/mtype902.a(serial-line.o)
                              obj_cooja/mtype902.a(rs232.o) (serial_line_input_byte)
obj_cooja/mtype902.a(list.o)  obj_cooja/mtype902.a(ctimer.o) (list_init)
obj_cooja/mtype902.a(ringbuf.o)
                              obj_cooja/mtype902.a(serial-line.o) (ringbuf_init)
obj_cooja/mtype902.a(packetbuf.o)
                              obj_cooja/mtype902.a(cooja-radio.o) (packetbuf_clear)
obj_cooja/mtype902.a(netstack.o)
                              obj_cooja/mtype902.o (netstack_init)
obj_cooja/mtype902.a(linkaddr.o)
                              obj_cooja/mtype902.o (linkaddr_node_addr)
obj_cooja/mtype902.a(tsch.o)  obj_cooja/mtype902.a(orchestra-rule-) (tsch_broadcast_address)
obj_cooja/mtype902.a(tsch-queue.o)
                              obj_cooja/mtype902.a(tsch.o) (tsch_queue_add_nbr)
obj_cooja/mtype902.a(tsch-schedule.o)
                              obj_cooja/mtype902.a(orchestra-rule-) (tsch_schedule_add_slotframe)
obj_cooja/mtype902.a(tsch-slot-opera)
                              obj_cooja/mtype902.a(tsch.o) (dequeued_ringbuf)
obj_cooja/mtype902.a(tsch-packet.o)
                              obj_cooja/mtype902.a(tsch-slot-opera) (tsch_packet_create_eack)
obj_cooja/mtype902.a(tsch-rpl.o)
                              obj_cooja/mtype902.a(tsch.o) (tsch_rpl_callback_ka_sent)
obj_cooja/mtype902.a(tsch-adaptive-t)
                              obj_cooja/mtype902.a(tsch-slot-opera) (tsch_timesync_update)
obj_cooja/mtype902.a(uip-ds6.o)
                              obj_cooja/mtype902.o (uip_ds6_get_link_local)
obj_cooja/mtype902.a(tcpip.o)
                              obj_cooja/mtype902.o (tcpip_process)
obj_cooja/mtype902.a(uip6.o)  obj_cooja/mtype902.o (uip_lladdr)
obj_cooja/mtype902.a(uip-ds6-nbr.o)
                              obj_cooja/mtype902.a(uip-ds6.o) (uip_ds6_neighbors_init)
[...]
Memory Configuration

Name             Origin             Length             Attributes
*default*        0x0000000000000000 0xffffffffffffffff

Linker script and memory map

LOAD /usr/lib/gcc/x86_64-linux-gnu/7/../../../x86_64-linux-gnu/crti.o
LOAD /usr/lib/gcc/x86_64-linux-gnu/7/crtbeginS.o
LOAD udp-server.o
LOAD obj_cooja/mtype902.o
LOAD obj_cooja/mtype902.a
LOAD /usr/lib/gcc/x86_64-linux-gnu/7/libgcc.a
LOAD /usr/lib/gcc/x86_64-linux-gnu/7/libgcc_s.so
START GROUP
LOAD /usr/lib/gcc/x86_64-linux-gnu/7/libgcc_s.so.1
LOAD /usr/lib/gcc/x86_64-linux-gnu/7/libgcc.a
END GROUP
LOAD /usr/lib/gcc/x86_64-linux-gnu/7/../../../x86_64-linux-gnu/libc.so
START GROUP
LOAD /lib/x86_64-linux-gnu/libc.so.6
LOAD /usr/lib/x86_64-linux-gnu/libc_nonshared.a
LOAD /lib/x86_64-linux-gnu/ld-linux-x86-64.so.2
END GROUP
LOAD /usr/lib/gcc/x86_64-linux-gnu/7/libgcc.a
LOAD /usr/lib/gcc/x86_64-linux-gnu/7/libgcc_s.so
START GROUP
LOAD /usr/lib/gcc/x86_64-linux-gnu/7/libgcc_s.so.1
LOAD /usr/lib/gcc/x86_64-linux-gnu/7/libgcc.a
END GROUP
LOAD /usr/lib/gcc/x86_64-linux-gnu/7/crtendS.o
LOAD /usr/lib/gcc/x86_64-linux-gnu/7/../../../x86_64-linux-gnu/crtn.o
                0x00000000000001c8                . = (SEGMENT_START ("text-segment", 0x0) + SIZEOF_HEADERS)

.note.gnu.build-id
                0x00000000000001c8       0x24
 *(.note.gnu.build-id)
 .note.gnu.build-id
                0x00000000000001c8       0x24 /usr/lib/gcc/x86_64-linux-gnu/7/../../../x86_64-linux-gnu/crti.o

.hash
 *(.hash)

.gnu.hash       0x00000000000001f0     0x1508
 *(.gnu.hash)
 .gnu.hash      0x00000000000001f0     0x1508 /usr/lib/gcc/x86_64-linux-gnu/7/../../../x86_64-linux-gnu/crti.o

.dynsym         0x00000000000016f8     0x4278
 *(.dynsym)
 .dynsym        0x00000000000016f8     0x4278 /usr/lib/gcc/x86_64-linux-gnu/7/../../../x86_64-linux-gnu/crti.o

.dynstr         0x0000000000005970     0x3458
 *(.dynstr)
 .dynstr        0x0000000000005970     0x3458 /usr/lib/gcc/x86_64-linux-gnu/7/../../../x86_64-linux-gnu/crti.o

.gnu.version    0x0000000000008dc8      0x58a
 *(.gnu.version)
 .gnu.version   0x0000000000008dc8      0x58a /usr/lib/gcc/x86_64-linux-gnu/7/../../../x86_64-linux-gnu/crti.o

.gnu.version_d  0x0000000000009358        0x0
 *(.gnu.version_d)
 .gnu.version_d
                0x0000000000009358        0x0 /usr/lib/gcc/x86_64-linux-gnu/7/../../../x86_64-linux-gnu/crti.o

.gnu.version_r  0x0000000000009358       0x40
 *(.gnu.version_r)
 .gnu.version_r
                0x0000000000009358       0x40 /usr/lib/gcc/x86_64-linux-gnu/7/../../../x86_64-linux-gnu/crti.o

.rela.dyn       0x0000000000009398     0x23a0
 *(.rela.init)
 *(.rela.text .rela.text.* .rela.gnu.linkonce.t.*)
 .rela.text     0x0000000000009398        0x0 /usr/lib/gcc/x86_64-linux-gnu/7/../../../x86_64-linux-gnu/crti.o
 *(.rela.fini)
 *(.rela.rodata .rela.rodata.* .rela.gnu.linkonce.r.*)
 *(.rela.data .rela.data.* .rela.gnu.linkonce.d.*)
 .rela.data.rel.local
                0x0000000000009398      0x840 /usr/lib/gcc/x86_64-linux-gnu/7/../../../x86_64-linux-gnu/crti.o
 .rela.data.rel.ro
                0x0000000000009bd8      0x270 /usr/lib/gcc/x86_64-linux-gnu/7/../../../x86_64-linux-gnu/crti.o
 .rela.data.rel
                0x0000000000009e48      0x3d8 /usr/lib/gcc/x86_64-linux-gnu/7/../../../x86_64-linux-gnu/crti.o
 .rela.data.rel.ro.local
                0x000000000000a220      0x5b8 /usr/lib/gcc/x86_64-linux-gnu/7/../../../x86_64-linux-gnu/crti.o
 *(.rela.tdata .rela.tdata.* .rela.gnu.linkonce.td.*)
 *(.rela.tbss .rela.tbss.* .rela.gnu.linkonce.tb.*)
 *(.rela.ctors)
 *(.rela.dtors)
 *(.rela.got)
 .rela.got      0x000000000000a7d8      0xf30 /usr/lib/gcc/x86_64-linux-gnu/7/../../../x86_64-linux-gnu/crti.o
 *(.rela.bss .rela.bss.* .rela.gnu.linkonce.b.*)
 *(.rela.ldata .rela.ldata.* .rela.gnu.linkonce.l.*)
 *(.rela.lbss .rela.lbss.* .rela.gnu.linkonce.lb.*)
 *(.rela.lrodata .rela.lrodata.* .rela.gnu.linkonce.lr.*)
 *(.rela.ifunc)
 .rela.ifunc    0x000000000000b708        0x0 /usr/lib/gcc/x86_64-linux-gnu/7/../../../x86_64-linux-gnu/crti.o
 .rela.fini_array
                0x000000000000b708       0x18 /usr/lib/gcc/x86_64-linux-gnu/7/../../../x86_64-linux-gnu/crti.o
 .rela.init_array
                0x000000000000b720       0x18 /usr/lib/gcc/x86_64-linux-gnu/7/../../../x86_64-linux-gnu/crti.o

.rela.plt       0x000000000000b738     0x2160
 *(.rela.plt)
 .rela.plt      0x000000000000b738     0x2160 /usr/lib/gcc/x86_64-linux-gnu/7/../../../x86_64-linux-gnu/crti.o
 *(.rela.iplt)

.init           0x000000000000d898       0x17
 *(SORT(.init))
 .init          0x000000000000d898       0x12 /usr/lib/gcc/x86_64-linux-gnu/7/../../../x86_64-linux-gnu/crti.o
                0x000000000000d898                _init
 .init          0x000000000000d8aa        0x5 /usr/lib/gcc/x86_64-linux-gnu/7/../../../x86_64-linux-gnu/crtn.o

.plt            0x000000000000d8b0     0x1650
 *(.plt)
 .plt           0x000000000000d8b0     0x1650 /usr/lib/gcc/x86_64-linux-gnu/7/../../../x86_64-linux-gnu/crti.o
 *(.iplt)

.plt.got        0x000000000000ef00       0x10
 *(.plt.got)
 .plt.got       0x000000000000ef00       0x10 /usr/lib/gcc/x86_64-linux-gnu/7/../../../x86_64-linux-gnu/crti.o

.plt.sec
 *(.plt.sec)

.text           0x000000000000ef10    0x1dae2
 *(.text.unlikely .text.*_unlikely .text.unlikely.*)
 *(.text.exit .text.exit.*)
 *(.text.startup .text.startup.*)
 *(.text.hot .text.hot.*)
 *(.text .stub .text.* .gnu.linkonce.t.*)
 .text          0x000000000000ef10        0x0 /usr/lib/gcc/x86_64-linux-gnu/7/../../../x86_64-linux-gnu/crti.o
 .text          0x000000000000ef10       0xda /usr/lib/gcc/x86_64-linux-gnu/7/crtbeginS.o
 .text          0x000000000000efea      0x1e8 udp-server.o
 .text          0x000000000000f1d2      0x608 obj_cooja/mtype902.o
                0x000000000000f308                contiki_init
                0x000000000000f5fb                Java_org_contikios_cooja_corecomm_Lib12_init
                0x000000000000f63e                Java_org_contikios_cooja_corecomm_Lib12_getMemory
                0x000000000000f696                Java_org_contikios_cooja_corecomm_Lib12_setMemory
                0x000000000000f723                Java_org_contikios_cooja_corecomm_Lib12_tick
                0x000000000000f7ac                Java_org_contikios_cooja_corecomm_Lib12_setReferenceAddress
 .text          0x000000000000f7da       0x89 obj_cooja/mtype902.a(simEnvChange.o)
                0x000000000000f7da                doActionsBeforeTick
                0x000000000000f81e                doActionsAfterTick
 .text          0x000000000000f863       0x9f obj_cooja/mtype902.a(cooja_mt.o)
                0x000000000000f863                cooja_mt_start
                0x000000000000f89f                cooja_mt_exec
                0x000000000000f8de                cooja_mt_yield
 .text          0x000000000000f902       0xfe obj_cooja/mtype902.a(cooja_mtarch.o)
                0x000000000000f902                cooja_mtarch_start
                0x000000000000f9a1                cooja_sw
                0x000000000000f9ca                cooja_mtarch_exec
                0x000000000000f9f4                cooja_mtarch_yield
 .text          0x000000000000fa00       0xb4 obj_cooja/mtype902.a(rtimer-arch.o)
                0x000000000000fa00                rtimer_arch_init
                0x000000000000fa22                rtimer_arch_schedule
                0x000000000000fa48                rtimer_arch_next
                0x000000000000fa58                rtimer_arch_pending
                0x000000000000fa67                rtimer_arch_check
                0x000000000000faa4                rtimer_arch_now
 .text          0x000000000000fab4       0xba obj_cooja/mtype902.a(beep.o)
                0x000000000000fab4                beep_alarm
                0x000000000000facb                beep_beep
                0x000000000000fadf                beep
                0x000000000000faf0                beep_down
                0x000000000000fb04                beep_on
                0x000000000000fb15                beep_off
                0x000000000000fb26                beep_spinup
                0x000000000000fb37                beep_quick
                0x000000000000fb4b                beep_long
 .text          0x000000000000fb6e      0x12d obj_cooja/mtype902.a(button-sensor.o)
 .text          0x000000000000fc9b       0x57 obj_cooja/mtype902.a(leds-arch.o)
                0x000000000000fc9b                leds_arch_init
                0x000000000000fcac                leds_arch_get
                0x000000000000fcbc                leds_arch_set
 .text          0x000000000000fcf2       0x39 obj_cooja/mtype902.a(moteid.o)
 .text          0x000000000000fd2b       0xe5 obj_cooja/mtype902.a(pir-sensor.o)
 .text          0x000000000000fe10      0x175 obj_cooja/mtype902.a(rs232.o)
                0x000000000000fe10                rs232_init
                0x000000000000fe17                rs232_set_speed
                0x000000000000fe23                rs232_set_input
                0x000000000000fe39                rs232_send
                0x000000000000fe60                rs232_print
                0x000000000000fe87                slip_arch_writeb
 .text          0x000000000000ff85       0xe5 obj_cooja/mtype902.a(vib-sensor.o)
 .text          0x000000000001006a       0x57 obj_cooja/mtype902.a(clock.o)
                0x000000000001006a                clock_init
                0x0000000000010071                clock_time
                0x0000000000010081                clock_seconds
                0x00000000000100a9                clock_delay
 .text          0x00000000000100c1      0x30e obj_cooja/mtype902.a(cooja-log.o)
                0x00000000000100c1                simlog_char
                0x000000000001011a                simlog
                0x00000000000101b9                log_message
                0x00000000000101f2                log_set_putchar_with_slip
                0x0000000000010205                log_putchar
                0x0000000000010285                log_puts
                0x00000000000102ae                log_printf
 .text          0x00000000000103cf      0x373 obj_cooja/mtype902.a(cfs-cooja.o)
                0x00000000000103cf                cfs_open
                0x0000000000010448                cfs_close
                0x0000000000010459                cfs_read
                0x000000000001051d                cfs_write
                0x000000000001062c                cfs_seek
                0x00000000000106d7                cfs_remove
                0x0000000000010703                cfs_opendir
                0x0000000000010716                cfs_readdir
                0x0000000000010729                cfs_closedir
 .text          0x0000000000010742      0xa07 obj_cooja/mtype902.a(cooja-radio.o)
                0x0000000000010791                radio_set_channel
                0x00000000000107de                radio_set_txpower
                0x0000000000010804                radio_signal_strength_last
                0x0000000000010813                radio_signal_strength_current
                0x0000000000010822                radio_LQI
 .text          0x0000000000011149      0x125 obj_cooja/mtype902.a(eeprom.o)
                0x0000000000011149                eeprom_init
                0x0000000000011150                eeprom_read
                0x00000000000111d8                eeprom_write
 .text          0x000000000001126e       0x27 obj_cooja/mtype902.a(random.o)
                0x000000000001126e                random_init
                0x000000000001128a                random_rand
 .text          0x0000000000011295      0x33f obj_cooja/mtype902.a(sensors.o)
                0x00000000000112da                sensors_first
                0x00000000000112ea                sensors_next
                0x0000000000011315                sensors_changed
                0x000000000001135e                sensors_find
 .text          0x00000000000115d4      0x1b0 obj_cooja/mtype902.a(orchestra-rule-)
 .text          0x0000000000011784       0xaf obj_cooja/mtype902.a(orchestra-rule-)
 .text          0x0000000000011833      0x326 obj_cooja/mtype902.a(orchestra.o)
                0x00000000000118c5                orchestra_callback_child_added
                0x0000000000011921                orchestra_callback_child_removed
                0x000000000001197d                orchestra_callback_packet_ready
                0x0000000000011a38                orchestra_callback_new_time_source
                0x0000000000011ab6                orchestra_init
 .text          0x0000000000011b59      0x242 obj_cooja/mtype902.a(orchestra-rule-)
 .text          0x0000000000011d9b      0x421 obj_cooja/mtype902.a(ctimer.o)
                0x0000000000011ef9                ctimer_init
                0x0000000000011f2a                ctimer_set
                0x0000000000011f6a                ctimer_set_with_process
                0x0000000000012020                ctimer_reset
                0x000000000001208d                ctimer_restart
                0x00000000000120fa                ctimer_stop
                0x0000000000012154                ctimer_expired
 .text          0x00000000000121bc       0xb3 obj_cooja/mtype902.a(autostart.o)
                0x00000000000121bc                autostart_start
                0x0000000000012218                autostart_exit
 .text          0x000000000001226f      0x1b1 obj_cooja/mtype902.a(energest.o)
                0x00000000000122ca                energest_init
                0x0000000000012361                energest_flush
                0x00000000000123f1                energest_get_total_time
 .text          0x0000000000012420      0x540 obj_cooja/mtype902.a(etimer.o)
                0x00000000000126c0                etimer_request_poll
                0x000000000001276a                etimer_set
                0x000000000001279c                etimer_reset_with_new_interval
                0x00000000000127d3                etimer_reset
                0x00000000000127fa                etimer_restart
                0x0000000000012821                etimer_adjust
                0x000000000001284e                etimer_expired
                0x0000000000012869                etimer_expiration_time
                0x0000000000012885                etimer_start_time
                0x0000000000012896                etimer_pending
                0x00000000000128ac                etimer_next_expiration_time
                0x00000000000128c9                etimer_stop
 .text          0x0000000000012960      0x580 obj_cooja/mtype902.a(log.o)
                0x0000000000012960                log_6addr
                0x0000000000012adb                log_6addr_compact
                0x0000000000012bcc                log_lladdr
                0x0000000000012c49                log_lladdr_compact
                0x0000000000012cc0                log_set_level
                0x0000000000012dc6                log_get_level
                0x0000000000012e79                log_level_to_str
 .text          0x0000000000012ee0      0x641 obj_cooja/mtype902.a(process.o)
                0x0000000000012ee0                process_alloc_event
                0x0000000000012ef6                process_start
                0x000000000001315b                process_exit
                0x0000000000013183                process_init
                0x0000000000013373                process_run
                0x00000000000133a4                process_nevents
                0x00000000000133c0                process_post
                0x0000000000013484                process_post_synch
                0x00000000000134ce                process_poll
                0x0000000000013507                process_is_running
 .text          0x0000000000013521       0xf6 obj_cooja/mtype902.a(rtimer.o)
                0x0000000000013521                rtimer_init
                0x000000000001352d                rtimer_set
                0x00000000000135aa                rtimer_run_next
 .text          0x0000000000013617       0xdf obj_cooja/mtype902.a(timer.o)
                0x0000000000013617                timer_set
                0x0000000000013645                timer_reset
                0x0000000000013669                timer_restart
                0x0000000000013687                timer_expired
                0x00000000000136c4                timer_remaining
 .text          0x00000000000136f6      0x20c obj_cooja/mtype902.a(serial-line.o)
                0x00000000000136f6                serial_line_input_byte
                0x00000000000138cf                serial_line_init
 .text          0x0000000000013902      0x324 obj_cooja/mtype902.a(list.o)
                0x0000000000013902                list_init
                0x0000000000013918                list_head
                0x0000000000013929                list_copy
                0x0000000000013946                list_tail
                0x000000000001398b                list_add
                0x00000000000139eb                list_push
                0x0000000000013a2a                list_chop
                0x0000000000013ab3                list_pop
                0x0000000000013ae9                list_remove
                0x0000000000013b71                list_length
                0x0000000000013ba8                list_insert
                0x0000000000013c07                list_item_next
 .text          0x0000000000013c26      0x189 obj_cooja/mtype902.a(ringbuf.o)
                0x0000000000013c26                ringbuf_init
                0x0000000000013c63                ringbuf_put
                0x0000000000013cee                ringbuf_get
                0x0000000000013d68                ringbuf_size
                0x0000000000013d80                ringbuf_elements
 .text          0x0000000000013daf      0x458 obj_cooja/mtype902.a(packetbuf.o)
                0x0000000000013daf                packetbuf_clear
                0x0000000000013dd9                packetbuf_copyfrom
                0x0000000000013e2f                packetbuf_copyto
                0x0000000000013ed2                packetbuf_hdralloc
                0x0000000000013f5d                packetbuf_hdrreduce
                0x0000000000013fa9                packetbuf_set_datalen
                0x0000000000013fc1                packetbuf_dataptr
                0x0000000000013fe3                packetbuf_hdrptr
                0x0000000000013ff0                packetbuf_datalen
                0x0000000000013ffd                packetbuf_hdrlen
                0x0000000000014015                packetbuf_totlen
                0x0000000000014034                packetbuf_remaininglen
                0x0000000000014048                packetbuf_attr_clear
                0x00000000000140a8                packetbuf_attr_copyto
                0x00000000000140ef                packetbuf_attr_copyfrom
                0x0000000000014136                packetbuf_set_attr
                0x0000000000014162                packetbuf_attr
                0x000000000001417f                packetbuf_set_addr
                0x00000000000141c1                packetbuf_addr
                0x00000000000141e7                packetbuf_holds_broadcast
 .text          0x0000000000014207      0x11b obj_cooja/mtype902.a(netstack.o)
                0x0000000000014207                netstack_process_ip_callback
                0x00000000000142a4                netstack_ip_packet_processor_add
                0x00000000000142d0                uip_ds6_ip_packet_processor_rm
                0x00000000000142f5                netstack_init
 .text          0x0000000000014322       0x74 obj_cooja/mtype902.a(linkaddr.o)
                0x0000000000014322                linkaddr_copy
                0x000000000001433f                linkaddr_cmp
                0x0000000000014371                linkaddr_set_node_addr
 .text          0x0000000000014396     0x24ea obj_cooja/mtype902.a(tsch.o)
                0x0000000000014396                tsch_set_coordinator
                0x00000000000143d5                tsch_set_pan_secured
                0x00000000000143ec                tsch_set_join_priority
                0x0000000000014405                tsch_set_ka_timeout
                0x0000000000014436                tsch_set_eb_period
                0x000000000001482e                tsch_schedule_keepalive
                0x00000000000148ec                tsch_schedule_keepalive_immediately
                0x0000000000014ee5                tsch_disassociate
                0x00000000000156b6                tsch_scan
 .text          0x0000000000016880      0xc43 obj_cooja/mtype902.a(tsch-queue.o)
                0x0000000000016880                tsch_queue_add_nbr
                0x000000000001698f                tsch_queue_get_nbr
                0x00000000000169f8                tsch_queue_get_time_source
                0x0000000000016a4e                tsch_queue_update_time_source
                0x0000000000016cf1                tsch_queue_add_packet
                0x0000000000016e96                tsch_queue_global_packet_count
                0x0000000000016eb1                tsch_queue_packet_count
                0x0000000000016efe                tsch_queue_remove_packet_from_queue
                0x0000000000016f59                tsch_queue_free_packet
                0x0000000000016f91                tsch_queue_packet_sent
                0x000000000001705c                tsch_queue_reset
                0x00000000000170bc                tsch_queue_free_unused_neighbors
                0x0000000000017144                tsch_queue_is_empty
                0x0000000000017182                tsch_queue_get_packet_for_nbr
                0x0000000000017218                tsch_queue_get_packet_for_dest_addr
                0x0000000000017258                tsch_queue_get_unicast_packet_for_any
                0x00000000000172fe                tsch_queue_backoff_expired
                0x0000000000017318                tsch_queue_backoff_reset
                0x0000000000017333                tsch_queue_backoff_inc
                0x00000000000173a5                tsch_queue_update_all_backoff_windows
                0x000000000001745d                tsch_queue_init
 .text          0x00000000000174c3      0xe83 obj_cooja/mtype902.a(tsch-schedule.o)
                0x00000000000174c3                tsch_schedule_add_slotframe
                0x000000000001760a                tsch_schedule_remove_all_slotframes
                0x000000000001764c                tsch_schedule_remove_slotframe
                0x0000000000017732                tsch_schedule_get_slotframe_by_handle
                0x0000000000017790                tsch_schedule_get_link_by_handle
                0x000000000001781b                tsch_schedule_add_link
                0x0000000000017b77                tsch_schedule_remove_link
                0x0000000000017d9d                tsch_schedule_remove_link_by_timeslot
                0x0000000000017dec                tsch_schedule_get_link_by_timeslot
                0x0000000000017e5c                tsch_schedule_get_next_active_link
                0x00000000000180b3                tsch_schedule_init
                0x00000000000180fa                tsch_schedule_create_minimal
                0x0000000000018149                tsch_schedule_slotframe_head
                0x000000000001815e                tsch_schedule_slotframe_next
                0x0000000000018178                tsch_schedule_print
 .text          0x0000000000018346     0x17cb obj_cooja/mtype902.a(tsch-slot-opera)
                0x0000000000018346                tsch_is_locked
                0x0000000000018352                tsch_get_lock
                0x00000000000183e6                tsch_release_lock
                0x00000000000183f7                tsch_calculate_channel
                0x000000000001999d                tsch_slot_operation_start
                0x0000000000019ab1                tsch_slot_operation_sync
 .text          0x0000000000019b11      0xad6 obj_cooja/mtype902.a(tsch-packet.o)
                0x0000000000019b40                tsch_packet_eackbuf_attr
                0x0000000000019b60                tsch_packet_create_eack
                0x0000000000019d54                tsch_packet_parse_eack
                0x0000000000019f0b                tsch_packet_create_eb
                0x000000000001a272                tsch_packet_update_eb
                0x000000000001a2f1                tsch_packet_parse_eb
 .text          0x000000000001a5e7      0x146 obj_cooja/mtype902.a(tsch-rpl.o)
                0x000000000001a5e7                tsch_rpl_callback_ka_sent
                0x000000000001a626                tsch_rpl_callback_joining_network
                0x000000000001a62d                tsch_rpl_callback_leaving_network
                0x000000000001a648                tsch_rpl_callback_new_dio_interval
                0x000000000001a6e9                tsch_rpl_callback_parent_switch
 .text          0x000000000001a72d      0x330 obj_cooja/mtype902.a(tsch-adaptive-t)
                0x000000000001a72d                tsch_adaptive_timesync_get_drift_ppm
                0x000000000001a87c                tsch_timesync_update
                0x000000000001a9f3                tsch_timesync_adaptive_compensate
 .text          0x000000000001aa5d      0xd4e obj_cooja/mtype902.a(uip-ds6.o)
                0x000000000001aa5d                uip_ds6_init
                0x000000000001ac37                uip_ds6_periodic
                0x000000000001acd5                uip_ds6_list_loop
                0x000000000001adba                uip_ds6_prefix_add
                0x000000000001ae87                uip_ds6_prefix_rm
                0x000000000001aea1                uip_ds6_prefix_lookup
                0x000000000001aef4                uip_ds6_is_addr_onlink
                0x000000000001af84                uip_ds6_addr_add
                0x000000000001b0c5                uip_ds6_addr_rm
                0x000000000001b179                uip_ds6_addr_lookup
                0x000000000001b1c7                uip_ds6_get_link_local
                0x000000000001b268                uip_ds6_get_global
                0x000000000001b309                uip_ds6_maddr_add
                0x000000000001b37e                uip_ds6_maddr_rm
                0x000000000001b398                uip_ds6_maddr_lookup
                0x000000000001b3e9                uip_ds6_aaddr_add
                0x000000000001b45e                uip_ds6_aaddr_rm
                0x000000000001b478                uip_ds6_aaddr_lookup
                0x000000000001b4c9                uip_ds6_select_src
                0x000000000001b64f                uip_ds6_set_addr_iid
                0x000000000001b684                uip_ds6_set_lladdr_from_iid
                0x000000000001b6b7                get_match_length
                0x000000000001b761                uip_ds6_compute_reachable_time
 .text          0x000000000001b7ab      0x888 obj_cooja/mtype902.a(tcpip.o)
                0x000000000001b7d7                tcpip_output
                0x000000000001b879                udp_attach
                0x000000000001b8a3                udp_new
                0x000000000001b8fa                udp_broadcast_new
                0x000000000001ba97                tcpip_input
                0x000000000001bc70                tcpip_ipv6_output
                0x000000000001bef2                tcpip_poll_udp
                0x000000000001bf1c                tcpip_uipcall
 .text          0x000000000001c033     0x17df obj_cooja/mtype902.a(uip6.o)
                0x000000000001c0f3                uip_chksum
                0x000000000001c1eb                uip_icmp6chksum
                0x000000000001c1fb                uip_udpchksum
                0x000000000001c20b                uip_init
                0x000000000001c268                remove_ext_hdr
                0x000000000001c39d                uip_udp_new
                0x000000000001c77f                uip_process
                0x000000000001d6c8                uip_htons
                0x000000000001d6e7                uip_htonl
                0x000000000001d72b                uip_send
 .text          0x000000000001d812      0x30b obj_cooja/mtype902.a(uip-ds6-nbr.o)
                0x000000000001d812                uip_ds6_neighbors_init
                0x000000000001d83a                uip_ds6_nbr_add
                0x000000000001d8d7                uip_ds6_nbr_rm
                0x000000000001d933                uip_ds6_nbr_get_ipaddr
                0x000000000001d94f                uip_ds6_nbr_get_ll
                0x000000000001d976                uip_ds6_nbr_num
                0x000000000001d9ca                uip_ds6_nbr_head
                0x000000000001d9e2                uip_ds6_nbr_next
                0x000000000001da09                uip_ds6_nbr_lookup
                0x000000000001da81                uip_ds6_nbr_ll_lookup
                0x000000000001daa8                uip_ds6_nbr_ipaddr_from_lladdr
                0x000000000001dad8                uip_ds6_nbr_lladdr_from_ipaddr
                0x000000000001db10                uip_ds6_link_callback
 .text          0x000000000001db1d      0x855 obj_cooja/mtype902.a(uip-nd6.o)
                0x000000000001e35f                uip_nd6_init
 .text          0x000000000001e372      0x41f obj_cooja/mtype902.a(simple-udp.o)
                0x000000000001e39f                simple_udp_send
                0x000000000001e40d                simple_udp_sendto
                0x000000000001e47b                simple_udp_sendto_port
                0x000000000001e4e7                simple_udp_register
 .text          0x000000000001e791      0x39e obj_cooja/mtype902.a(uip-ds6-route.o)
                0x000000000001e7e6                uip_ds6_route_init
                0x000000000001e808                uip_ds6_route_nexthop
                0x000000000001e817                uip_ds6_route_head
                0x000000000001e822                uip_ds6_route_next
                0x000000000001e831                uip_ds6_route_is_nexthop
                0x000000000001e840                uip_ds6_route_num_routes
                0x000000000001e84b                uip_ds6_route_lookup
                0x000000000001e85a                uip_ds6_route_add
                0x000000000001e872                uip_ds6_route_rm
                0x000000000001e87d                uip_ds6_route_rm_by_nexthop
                0x000000000001e888                uip_ds6_defrt_head
                0x000000000001e89d                uip_ds6_defrt_add
                0x000000000001e956                uip_ds6_defrt_rm
                0x000000000001e9c5                uip_ds6_defrt_lookup
                0x000000000001ea38                uip_ds6_defrt_choose
                0x000000000001eab7                uip_ds6_defrt_periodic
 .text          0x000000000001eb2f     0x2fc2 obj_cooja/mtype902.a(sicslowpan.o)
                0x000000000001f18a                netstack_sniffer_add
                0x000000000001f1a0                netstack_sniffer_remove
                0x0000000000021abd                sicslowpan_init
                0x0000000000021ae5                sicslowpan_get_last_rssi
 .text          0x0000000000021af1      0x74e obj_cooja/mtype902.a(rpl-neighbor.o)
                0x0000000000021b57                rpl_neighbor_print_list
                0x0000000000021bfe                rpl_neighbor_count
                0x0000000000021ce1                rpl_neighbor_get_from_lladdr
                0x0000000000021d08                rpl_neighbor_is_acceptable_parent
                0x0000000000021d50                rpl_neighbor_get_link_metric
                0x0000000000021d98                rpl_neighbor_rank_via_nbr
                0x0000000000021de0                rpl_neighbor_get_lladdr
                0x0000000000021e07                rpl_neighbor_get_ipaddr
                0x0000000000021e31                rpl_neighbor_get_link_stats
                0x0000000000021e5b                rpl_neighbor_is_fresh
                0x0000000000021e85                rpl_neighbor_is_reachable
                0x0000000000021ed9                rpl_neighbor_is_parent
                0x0000000000021f0e                rpl_neighbor_set_preferred_parent
                0x0000000000021fd0                rpl_neighbor_remove_all
                0x0000000000022028                rpl_neighbor_get_from_ipaddr
                0x0000000000022155                rpl_neighbor_select_best
                0x000000000002221f                rpl_neighbor_init
 .text          0x000000000002223f     0x1129 obj_cooja/mtype902.a(rpl-dag.o)
                0x000000000002223f                rpl_dag_state_to_str
                0x000000000002228c                rpl_dag_get_root_ipaddr
                0x00000000000222d2                rpl_dag_leave
                0x0000000000022376                rpl_dag_poison_and_leave
                0x0000000000022390                rpl_dag_periodic
                0x0000000000022450                rpl_is_addr_in_our_dag
                0x00000000000224a5                rpl_get_default_instance
                0x00000000000224c8                rpl_get_any_dag
                0x000000000002252d                rpl_global_repair
                0x0000000000022611                rpl_local_repair
                0x0000000000022671                rpl_dag_ready_to_advertise
                0x00000000000226c5                rpl_dag_update_state
                0x0000000000022f39                rpl_process_dio
                0x0000000000022fdb                rpl_process_dis
                0x0000000000023028                rpl_process_dao
                0x00000000000230cd                rpl_process_dao_ack
                0x0000000000023171                rpl_process_hbh
                0x00000000000231cc                rpl_dag_init_root
                0x0000000000023343                rpl_dag_init
 .text          0x0000000000023368      0xd1b obj_cooja/mtype902.a(rpl-timers.o)
                0x0000000000023368                rpl_timers_schedule_periodic_dis
                0x000000000002356c                rpl_timers_dio_reset
                0x00000000000236b3                rpl_timers_schedule_unicast_dio
                0x00000000000238c4                rpl_timers_schedule_dao
                0x0000000000023a5c                rpl_timers_schedule_dao_ack
                0x0000000000023b10                get_probing_delay
                0x0000000000023ba5                get_probing_target
                0x0000000000023df7                rpl_schedule_probing
                0x0000000000023e57                rpl_timers_unschedule_leaving
                0x0000000000023e97                rpl_timers_schedule_leaving
                0x0000000000023ee8                rpl_timers_init
                0x0000000000023f89                rpl_timers_stop_dag_timers
                0x0000000000024012                rpl_timers_unschedule_state_update
                0x0000000000024038                rpl_timers_schedule_state_update
 .text          0x0000000000024083      0x5e0 obj_cooja/mtype902.a(rpl.o)
                0x0000000000024083                rpl_lollipop_greater_than
                0x00000000000240e3                rpl_get_global_address
                0x000000000002427f                rpl_link_callback
                0x00000000000242bf                rpl_has_joined
                0x00000000000242ee                rpl_is_reachable
                0x000000000002438c                rpl_reset_prefix
                0x00000000000243ff                rpl_set_prefix_from_addr
                0x000000000002450d                rpl_set_prefix
 .text          0x0000000000024663      0x374 obj_cooja/mtype902.a(rpl-mrhof.o)
 .text          0x00000000000249d7     0x16a6 obj_cooja/mtype902.a(rpl-icmp6.o)
                0x0000000000024b5b                rpl_icmp6_update_nbr_table
                0x0000000000024c1e                rpl_icmp6_dis_output
                0x0000000000025345                rpl_icmp6_dio_output
                0x0000000000025c33                rpl_icmp6_dao_output
                0x0000000000025fb3                rpl_icmp6_dao_ack_output
                0x0000000000026046                rpl_icmp6_init
 .text          0x000000000002607d      0x2e4 obj_cooja/mtype902.a(rpl-dag-root.o)
                0x0000000000026188                rpl_dag_root_set_prefix
                0x00000000000261c0                rpl_dag_root_start
                0x0000000000026325                rpl_dag_root_is_root
 .text          0x0000000000026361       0x23 obj_cooja/mtype902.a(watchdog.o)
                0x0000000000026361                watchdog_init
                0x0000000000026368                watchdog_start
                0x000000000002636f                watchdog_periodic
                0x0000000000026376                watchdog_stop
                0x000000000002637d                watchdog_reboot
 .text          0x0000000000026384      0x106 obj_cooja/mtype902.a(stimer.o)
                0x0000000000026384                stimer_set
                0x00000000000263b2                stimer_reset
                0x00000000000263d6                stimer_restart
                0x00000000000263f4                stimer_expired
                0x0000000000026435                stimer_remaining
                0x0000000000026467                stimer_elapsed
 .text          0x000000000002648a      0x236 obj_cooja/mtype902.a(ringbufindex.o)
                0x000000000002648a                ringbufindex_init
                0x00000000000264b7                ringbufindex_put
                0x000000000002651e                ringbufindex_peek_put
                0x000000000002656c                ringbufindex_get
                0x00000000000265d5                ringbufindex_peek_get
                0x0000000000026619                ringbufindex_size
                0x0000000000026630                ringbufindex_elements
                0x000000000002665e                ringbufindex_full
                0x000000000002669e                ringbufindex_empty
 .text          0x00000000000266c0      0x20e obj_cooja/mtype902.a(memb.o)
                0x00000000000266c0                memb_init
                0x000000000002671f                memb_alloc
                0x0000000000026797                memb_free
                0x000000000002682f                memb_inmemb
                0x0000000000026882                memb_numfree
 .text          0x00000000000268ce      0x330 obj_cooja/mtype902.a(queuebuf.o)
                0x00000000000268df                queuebuf_init
                0x00000000000268fe                queuebuf_numfree
                0x0000000000026910                queuebuf_new_from_packetbuf
                0x00000000000269b9                queuebuf_update_attr_from_packetbuf
                0x00000000000269f8                queuebuf_update_from_packetbuf
                0x0000000000026a50                queuebuf_free
                0x0000000000026a9f                queuebuf_to_packetbuf
                0x0000000000026b11                queuebuf_dataptr
                0x0000000000026b51                queuebuf_datalen
                0x0000000000026b7d                queuebuf_addr
                0x0000000000026bc0                queuebuf_attr
                0x0000000000026bf7                queuebuf_debug_print
 .text          0x0000000000026bfe      0x9f8 obj_cooja/mtype902.a(nbr-table.o)
                0x00000000000271a6                nbr_table_register
                0x000000000002720d                nbr_table_is_register
                0x000000000002724b                nbr_table_head
                0x00000000000272b2                nbr_table_next
                0x0000000000027328                nbr_table_add_lladdr
                0x000000000002741a                nbr_table_get_from_lladdr
                0x0000000000027472                nbr_table_remove
                0x00000000000274c2                nbr_table_lock
                0x00000000000274f0                nbr_table_unlock
                0x000000000002751e                nbr_table_get_lladdr
                0x000000000002755d                nbr_table_update_lladdr
 .text          0x00000000000275f6      0x3e2 obj_cooja/mtype902.a(link-stats.o)
                0x00000000000275f6                link_stats_from_lladdr
                0x000000000002761a                link_stats_is_fresh
                0x0000000000027664                guess_etx_from_rssi
                0x00000000000276e5                link_stats_packet_sent
                0x0000000000027819                link_stats_input_callback
                0x0000000000027946                link_stats_reset
                0x000000000002799d                link_stats_init
 .text          0x00000000000279d8      0x1da obj_cooja/mtype902.a(mac-sequence.o)
                0x00000000000279d8                mac_sequence_is_duplicate
                0x0000000000027ab9                mac_sequence_register_seqno
 .text          0x0000000000027bb2       0x33 obj_cooja/mtype902.a(mac.o)
                0x0000000000027bb2                mac_call_sent_callback
 .text          0x0000000000027be5     0x10bd obj_cooja/mtype902.a(frame802154e-ie)
                0x0000000000027d1a                frame80215e_create_ie_header_ack_nack_time_correction
                0x0000000000027db4                frame80215e_create_ie_header_list_termination_1
                0x0000000000027e05                frame80215e_create_ie_header_list_termination_2
                0x0000000000027e56                frame80215e_create_ie_payload_list_termination
                0x0000000000027ea7                frame80215e_create_ie_mlme
                0x0000000000027efe                frame80215e_create_ie_tsch_synchronization
                0x0000000000027fcc                frame80215e_create_ie_tsch_slotframe_and_link
                0x0000000000028212                frame80215e_create_ie_tsch_timeslot
                0x0000000000028308                frame80215e_create_ie_tsch_channel_hopping_sequence
                0x000000000002897b                frame802154e_parse_information_elements
 .text          0x0000000000028ca2      0x42f obj_cooja/mtype902.a(framer-802154.o)
                0x0000000000028e39                framer_802154_setup_params
 .text          0x00000000000290d1      0xc84 obj_cooja/mtype902.a(frame802154.o)
                0x00000000000290ff                frame802154_get_pan_id
                0x000000000002910c                frame802154_set_pan_id
                0x0000000000029124                frame802154_has_panid
                0x00000000000292ff                frame802154_check_dest_panid
                0x000000000002939a                frame802154_is_broadcast_addr
                0x00000000000293ed                frame802154_extract_linkaddr
                0x0000000000029683                frame802154_hdrlen
                0x00000000000296fe                frame802154_create_fcf
                0x00000000000297cc                frame802154_create
                0x0000000000029972                frame802154_parse_fcf
                0x0000000000029a65                frame802154_parse
 .text          0x0000000000029d55      0x222 obj_cooja/mtype902.a(uipbuf.o)
                0x0000000000029d55                uipbuf_get_next_header
                0x0000000000029dd9                uipbuf_get_last_header
                0x0000000000029e7d                uipbuf_get_attr
                0x0000000000029eaa                uipbuf_set_attr
                0x0000000000029ee6                uipbuf_clear_attr
                0x0000000000029f12                uipbuf_set_attr_flag
                0x0000000000029f31                uipbuf_clr_attr_flag
                0x0000000000029f56                uipbuf_is_attr_flag
 .text          0x0000000000029f77      0xba9 obj_cooja/mtype902.a(uip-icmp6.o)
                0x0000000000029ff0                uip_icmp6_input
                0x000000000002a04a                uip_icmp6_register_input_handler
                0x000000000002a2d2                uip_icmp6_error_output
                0x000000000002a73d                uip_icmp6_send
                0x000000000002aa99                uip_icmp6_echo_reply_callback_add
                0x000000000002aadc                uip_icmp6_echo_reply_callback_rm
                0x000000000002ab01                uip_icmp6_init
 .text          0x000000000002ab20      0x587 obj_cooja/mtype902.a(uip-sr.o)
                0x000000000002ab20                uip_sr_num_nodes
                0x000000000002abc3                uip_sr_get_node
                0x000000000002ac27                uip_sr_is_addr_reachable
                0x000000000002aceb                uip_sr_expire_parent
                0x000000000002ad4a                uip_sr_update_node
                0x000000000002aeb7                uip_sr_init
                0x000000000002aee3                uip_sr_node_head
                0x000000000002aef8                uip_sr_node_next
                0x000000000002af12                uip_sr_periodic
                0x000000000002b030                uip_sr_free_all
 .text          0x000000000002b0a7      0x197 obj_cooja/mtype902.a(uip-packetqueue)
                0x000000000002b0df                uip_packetqueue_new
                0x000000000002b0f5                uip_packetqueue_alloc
                0x000000000002b16b                uip_packetqueue_free
                0x000000000002b1bc                uip_packetqueue_buf
                0x000000000002b1e4                uip_packetqueue_buflen
                0x000000000002b20f                uip_packetqueue_set_buflen
 .text          0x000000000002b23e      0x13c obj_cooja/mtype902.a(uip-udp-packet.)
                0x000000000002b23e                uip_udp_packet_send
                0x000000000002b2b9                uip_udp_packet_sendto
 .text          0x000000000002b37a      0x211 obj_cooja/mtype902.a(rpl-nbr-policy.)
                0x000000000002b539                rpl_nbr_policy_find_removable
 .text          0x000000000002b58b     0x1467 obj_cooja/mtype902.a(rpl-ext-header.)
                0x000000000002b58b                rpl_ext_header_srh_get_next_hop
                0x000000000002b76b                rpl_ext_header_srh_update
                0x000000000002c009                rpl_ext_header_hbh_update
                0x000000000002c6e9                rpl_ext_header_update
                0x000000000002c78f                rpl_ext_header_remove
 .text          0x000000000002c9f2        0x0 /usr/lib/gcc/x86_64-linux-gnu/7/crtendS.o
 .text          0x000000000002c9f2        0x0 /usr/lib/gcc/x86_64-linux-gnu/7/../../../x86_64-linux-gnu/crtn.o
 *(.gnu.warning)

.fini           0x000000000002c9f4        0x9
 *(SORT(.fini))
 .fini          0x000000000002c9f4        0x4 /usr/lib/gcc/x86_64-linux-gnu/7/../../../x86_64-linux-gnu/crti.o
                0x000000000002c9f4                _fini
 .fini          0x000000000002c9f8        0x5 /usr/lib/gcc/x86_64-linux-gnu/7/../../../x86_64-linux-gnu/crtn.o
                [!provide]                        PROVIDE (__etext, .)
                [!provide]                        PROVIDE (_etext, .)
                [!provide]                        PROVIDE (etext, .)

.rodata         0x000000000002ca00     0x10a2
 *(.rodata .rodata.* .gnu.linkonce.r.*)
 .rodata        0x000000000002ca00       0x61 udp-server.o
 *fill*         0x000000000002ca61        0x7 
 .rodata        0x000000000002ca68       0xc3 obj_cooja/mtype902.o
 .rodata        0x000000000002cb2b        0x7 obj_cooja/mtype902.a(button-sensor.o)
 .rodata        0x000000000002cb32        0x4 obj_cooja/mtype902.a(pir-sensor.o)
 .rodata        0x000000000002cb36        0x6 obj_cooja/mtype902.a(rs232.o)
 .rodata        0x000000000002cb3c        0xa obj_cooja/mtype902.a(vib-sensor.o)
 *fill*         0x000000000002cb46        0x2 
 .rodata        0x000000000002cb48       0x27 obj_cooja/mtype902.a(cfs-cooja.o)
 .rodata        0x000000000002cb6f       0x14 obj_cooja/mtype902.a(cooja-radio.o)
 .rodata        0x000000000002cb83        0x8 obj_cooja/mtype902.a(sensors.o)
 *fill*         0x000000000002cb8b        0x5 
 .rodata        0x000000000002cb90       0x48 obj_cooja/mtype902.a(orchestra.o)
 .rodata        0x000000000002cbd8        0xf obj_cooja/mtype902.a(ctimer.o)
 .rodata        0x000000000002cbe7        0xc obj_cooja/mtype902.a(etimer.o)
 *fill*         0x000000000002cbf3        0x1 
 .rodata        0x000000000002cbf4       0xec obj_cooja/mtype902.a(log.o)
 .rodata        0x000000000002cce0        0xe obj_cooja/mtype902.a(serial-line.o)
 *fill*         0x000000000002ccee        0x2 
 .rodata        0x000000000002ccf0        0x8 obj_cooja/mtype902.a(linkaddr.o)
                0x000000000002ccf0                linkaddr_null
 *fill*         0x000000000002ccf8        0x8 
 .rodata        0x000000000002cd00      0x785 obj_cooja/mtype902.a(tsch.o)
                0x000000000002cd18                tsch_broadcast_address
                0x000000000002cd20                tsch_eb_address
 *fill*         0x000000000002d485        0x3 
 .rodata        0x000000000002d488       0x7d obj_cooja/mtype902.a(tsch-queue.o)
 *fill*         0x000000000002d505        0x3 
 .rodata        0x000000000002d508      0x208 obj_cooja/mtype902.a(tsch-schedule.o)
 .rodata        0x000000000002d710       0x3d obj_cooja/mtype902.a(tsch-slot-opera)
 *fill*         0x000000000002d74d        0x3 
 .rodata        0x000000000002d750       0xf1 obj_cooja/mtype902.a(tsch-packet.o)
 .rodata        0x000000000002d841        0xd obj_cooja/mtype902.a(tsch-rpl.o)
 .rodata        0x000000000002d84e        0xd obj_cooja/mtype902.a(tcpip.o)
 *fill*         0x000000000002d85b        0x1 
 .rodata        0x000000000002d85c       0xf4 obj_cooja/mtype902.a(uip6.o)
 .rodata        0x000000000002d950       0x13 obj_cooja/mtype902.a(simple-udp.o)
 *fill*         0x000000000002d963        0x5 
 .rodata        0x000000000002d968       0x4d obj_cooja/mtype902.a(uip-ds6-route.o)
 .rodata        0x000000000002d9b5       0x1d obj_cooja/mtype902.a(sicslowpan.o)
                0x000000000002d9b5                unc_llconf
                0x000000000002d9b9                unc_ctxconf
                0x000000000002d9bd                unc_mxconf
                0x000000000002d9c1                llprefix
 .rodata        0x000000000002d9d2       0xbb obj_cooja/mtype902.a(rpl-dag.o)
 .rodata        0x000000000002da8d        0xc obj_cooja/mtype902.a(rpl-timers.o)
 .rodata        0x000000000002da99        0x9 obj_cooja/mtype902.a(rpl.o)

.rodata1
 *(.rodata1)

.eh_frame_hdr   0x000000000002daa4     0x1744
 *(.eh_frame_hdr)
 .eh_frame_hdr  0x000000000002daa4     0x1744 udp-server.o
                0x000000000002daa4                __GNU_EH_FRAME_HDR
 *(.eh_frame_entry .eh_frame_entry.*)

.eh_frame       0x000000000002f1e8     0x5d98
 *(.eh_frame)
 .eh_frame      0x000000000002f1e8       0x40 /usr/lib/gcc/x86_64-linux-gnu/7/../../../x86_64-linux-gnu/crti.o
 .eh_frame      0x000000000002f228       0x18 /usr/lib/gcc/x86_64-linux-gnu/7/../../../x86_64-linux-gnu/crti.o
                                         0x30 (size before relaxing)
 .eh_frame      0x000000000002f240       0x88 udp-server.o
                                         0xa0 (size before relaxing)
 .eh_frame      0x000000000002f2c8      0x138 obj_cooja/mtype902.o
                                        0x150 (size before relaxing)
 .eh_frame      0x000000000002f400       0x40 obj_cooja/mtype902.a(simEnvChange.o)
                                         0x58 (size before relaxing)
 .eh_frame      0x000000000002f440       0x60 obj_cooja/mtype902.a(cooja_mt.o)
                                         0x78 (size before relaxing)
 .eh_frame      0x000000000002f4a0       0x80 obj_cooja/mtype902.a(cooja_mtarch.o)
                                         0x98 (size before relaxing)
 .eh_frame      0x000000000002f520       0xc0 obj_cooja/mtype902.a(rtimer-arch.o)
                                         0xd8 (size before relaxing)
 .eh_frame      0x000000000002f5e0      0x160 obj_cooja/mtype902.a(beep.o)
                                        0x178 (size before relaxing)
 .eh_frame      0x000000000002f740       0xa0 obj_cooja/mtype902.a(button-sensor.o)
                                         0xb8 (size before relaxing)
 .eh_frame      0x000000000002f7e0       0xa0 obj_cooja/mtype902.a(leds-arch.o)
                                         0xb8 (size before relaxing)
 .eh_frame      0x000000000002f880       0x40 obj_cooja/mtype902.a(moteid.o)
                                         0x58 (size before relaxing)
 .eh_frame      0x000000000002f8c0       0xa0 obj_cooja/mtype902.a(pir-sensor.o)
                                         0xb8 (size before relaxing)
 .eh_frame      0x000000000002f960      0x100 obj_cooja/mtype902.a(rs232.o)
                                        0x118 (size before relaxing)
 .eh_frame      0x000000000002fa60       0xa0 obj_cooja/mtype902.a(vib-sensor.o)
                                         0xb8 (size before relaxing)
 .eh_frame      0x000000000002fb00       0xc0 obj_cooja/mtype902.a(clock.o)
                                         0xd8 (size before relaxing)
 .eh_frame      0x000000000002fbc0      0x128 obj_cooja/mtype902.a(cooja-log.o)
                                        0x140 (size before relaxing)
 .eh_frame      0x000000000002fce8      0x160 obj_cooja/mtype902.a(cfs-cooja.o)
                                        0x178 (size before relaxing)
 .eh_frame      0x000000000002fe48      0x340 obj_cooja/mtype902.a(cooja-radio.o)
                                        0x358 (size before relaxing)
 .eh_frame      0x0000000000030188       0xa0 obj_cooja/mtype902.a(eeprom.o)
                                         0xb8 (size before relaxing)
 .eh_frame      0x0000000000030228       0x40 obj_cooja/mtype902.a(random.o)
                                         0x58 (size before relaxing)
 .eh_frame      0x0000000000030268       0xc0 obj_cooja/mtype902.a(sensors.o)
                                         0xd8 (size before relaxing)
 .eh_frame      0x0000000000030328       0xc0 obj_cooja/mtype902.a(orchestra-rule-)
                                         0xd8 (size before relaxing)
 .eh_frame      0x00000000000303e8       0x40 obj_cooja/mtype902.a(orchestra-rule-)
                                         0x58 (size before relaxing)
 .eh_frame      0x0000000000030428       0xe0 obj_cooja/mtype902.a(orchestra.o)
                                         0xf8 (size before relaxing)
 .eh_frame      0x0000000000030508       0x80 obj_cooja/mtype902.a(orchestra-rule-)
                                         0x98 (size before relaxing)
 .eh_frame      0x0000000000030588      0x100 obj_cooja/mtype902.a(ctimer.o)
                                        0x118 (size before relaxing)
 .eh_frame      0x0000000000030688       0x40 obj_cooja/mtype902.a(autostart.o)
                                         0x58 (size before relaxing)
 .eh_frame      0x00000000000306c8       0xa0 obj_cooja/mtype902.a(energest.o)
                                         0xb8 (size before relaxing)
 .eh_frame      0x0000000000030768      0x1e0 obj_cooja/mtype902.a(etimer.o)
                                        0x1f8 (size before relaxing)
 .eh_frame      0x0000000000030948       0xe0 obj_cooja/mtype902.a(log.o)
                                         0xf8 (size before relaxing)
 .eh_frame      0x0000000000030a28      0x1c8 obj_cooja/mtype902.a(process.o)
                                        0x1e0 (size before relaxing)
 .eh_frame      0x0000000000030bf0       0x60 obj_cooja/mtype902.a(rtimer.o)
                                         0x78 (size before relaxing)
 .eh_frame      0x0000000000030c50       0xa0 obj_cooja/mtype902.a(timer.o)
                                         0xb8 (size before relaxing)
 .eh_frame      0x0000000000030cf0       0x60 obj_cooja/mtype902.a(serial-line.o)
                                         0x78 (size before relaxing)
 .eh_frame      0x0000000000030d50      0x180 obj_cooja/mtype902.a(list.o)
                                        0x198 (size before relaxing)
 .eh_frame      0x0000000000030ed0       0xa0 obj_cooja/mtype902.a(ringbuf.o)
                                         0xb8 (size before relaxing)
 .eh_frame      0x0000000000030f70      0x288 obj_cooja/mtype902.a(packetbuf.o)
                                        0x2a0 (size before relaxing)
 .eh_frame      0x00000000000311f8       0x80 obj_cooja/mtype902.a(netstack.o)
                                         0x98 (size before relaxing)
 .eh_frame      0x0000000000031278       0x60 obj_cooja/mtype902.a(linkaddr.o)
                                         0x78 (size before relaxing)
 .eh_frame      0x00000000000312d8      0x340 obj_cooja/mtype902.a(tsch.o)
                                        0x358 (size before relaxing)
 .eh_frame      0x0000000000031618      0x2e8 obj_cooja/mtype902.a(tsch-queue.o)
                                        0x300 (size before relaxing)
 .eh_frame      0x0000000000031900      0x1e0 obj_cooja/mtype902.a(tsch-schedule.o)
                                        0x1f8 (size before relaxing)
 .eh_frame      0x0000000000031ae0      0x1c8 obj_cooja/mtype902.a(tsch-slot-opera)
                                        0x1e0 (size before relaxing)
 .eh_frame      0x0000000000031ca8       0xe8 obj_cooja/mtype902.a(tsch-packet.o)
                                        0x100 (size before relaxing)
 .eh_frame      0x0000000000031d90       0xa0 obj_cooja/mtype902.a(tsch-rpl.o)
                                         0xb8 (size before relaxing)
 .eh_frame      0x0000000000031e30       0xc0 obj_cooja/mtype902.a(tsch-adaptive-t)
                                         0xd8 (size before relaxing)
 .eh_frame      0x0000000000031ef0      0x2e8 obj_cooja/mtype902.a(uip-ds6.o)
                                        0x300 (size before relaxing)
 .eh_frame      0x00000000000321d8      0x248 obj_cooja/mtype902.a(tcpip.o)
                                        0x260 (size before relaxing)
 .eh_frame      0x0000000000032420      0x1a8 obj_cooja/mtype902.a(uip6.o)
                                        0x1c0 (size before relaxing)
 .eh_frame      0x00000000000325c8      0x1a0 obj_cooja/mtype902.a(uip-ds6-nbr.o)
                                        0x1b8 (size before relaxing)
 .eh_frame      0x0000000000032768       0x80 obj_cooja/mtype902.a(uip-nd6.o)
                                         0x98 (size before relaxing)
 .eh_frame      0x00000000000327e8       0xc0 obj_cooja/mtype902.a(simple-udp.o)
                                         0xd8 (size before relaxing)
 .eh_frame      0x00000000000328a8      0x220 obj_cooja/mtype902.a(uip-ds6-route.o)
                                        0x238 (size before relaxing)
 .eh_frame      0x0000000000032ac8      0x2c0 obj_cooja/mtype902.a(sicslowpan.o)
                                        0x2d8 (size before relaxing)
 .eh_frame      0x0000000000032d88      0x280 obj_cooja/mtype902.a(rpl-neighbor.o)
                                        0x298 (size before relaxing)
 .eh_frame      0x0000000000033008      0x340 obj_cooja/mtype902.a(rpl-dag.o)
                                        0x358 (size before relaxing)
 .eh_frame      0x0000000000033348      0x348 obj_cooja/mtype902.a(rpl-timers.o)
                                        0x360 (size before relaxing)
 .eh_frame      0x0000000000033690      0x1a0 obj_cooja/mtype902.a(rpl.o)
                                        0x1b8 (size before relaxing)
 .eh_frame      0x0000000000033830      0x148 obj_cooja/mtype902.a(rpl-mrhof.o)
                                        0x160 (size before relaxing)
 .eh_frame      0x0000000000033978      0x1c0 obj_cooja/mtype902.a(rpl-icmp6.o)
                                        0x1d8 (size before relaxing)
 .eh_frame      0x0000000000033b38       0x80 obj_cooja/mtype902.a(rpl-dag-root.o)
                                         0x98 (size before relaxing)
 .eh_frame      0x0000000000033bb8       0xa0 obj_cooja/mtype902.a(watchdog.o)
                                         0xb8 (size before relaxing)
 .eh_frame      0x0000000000033c58       0xc0 obj_cooja/mtype902.a(stimer.o)
                                         0xd8 (size before relaxing)
 .eh_frame      0x0000000000033d18      0x120 obj_cooja/mtype902.a(ringbufindex.o)
                                        0x138 (size before relaxing)
 .eh_frame      0x0000000000033e38       0xa0 obj_cooja/mtype902.a(memb.o)
                                         0xb8 (size before relaxing)
 .eh_frame      0x0000000000033ed8      0x1a0 obj_cooja/mtype902.a(queuebuf.o)
                                        0x1b8 (size before relaxing)
 .eh_frame      0x0000000000034078      0x2c0 obj_cooja/mtype902.a(nbr-table.o)
                                        0x2d8 (size before relaxing)
 .eh_frame      0x0000000000034338      0x100 obj_cooja/mtype902.a(link-stats.o)
                                        0x118 (size before relaxing)
 .eh_frame      0x0000000000034438       0x48 obj_cooja/mtype902.a(mac-sequence.o)
                                         0x60 (size before relaxing)
 .eh_frame      0x0000000000034480       0x20 obj_cooja/mtype902.a(mac.o)
                                         0x38 (size before relaxing)
 .eh_frame      0x00000000000344a0      0x220 obj_cooja/mtype902.a(frame802154e-ie)
                                        0x238 (size before relaxing)
 .eh_frame      0x00000000000346c0       0xa8 obj_cooja/mtype902.a(framer-802154.o)
                                         0xc0 (size before relaxing)
 .eh_frame      0x0000000000034768      0x1a8 obj_cooja/mtype902.a(frame802154.o)
                                        0x1c0 (size before relaxing)
 .eh_frame      0x0000000000034910      0x100 obj_cooja/mtype902.a(uipbuf.o)
                                        0x118 (size before relaxing)
 .eh_frame      0x0000000000034a10      0x148 obj_cooja/mtype902.a(uip-icmp6.o)
                                        0x160 (size before relaxing)
 .eh_frame      0x0000000000034b58      0x160 obj_cooja/mtype902.a(uip-sr.o)
                                        0x178 (size before relaxing)
 .eh_frame      0x0000000000034cb8       0xe0 obj_cooja/mtype902.a(uip-packetqueue)
                                         0xf8 (size before relaxing)
 .eh_frame      0x0000000000034d98       0x40 obj_cooja/mtype902.a(uip-udp-packet.)
                                         0x58 (size before relaxing)
 .eh_frame      0x0000000000034dd8       0x80 obj_cooja/mtype902.a(rpl-nbr-policy.)
                                         0x98 (size before relaxing)
 .eh_frame      0x0000000000034e58      0x124 obj_cooja/mtype902.a(rpl-ext-header.)
                                        0x140 (size before relaxing)
 .eh_frame      0x0000000000034f7c        0x4 /usr/lib/gcc/x86_64-linux-gnu/7/crtendS.o
 *(.eh_frame.*)

.gcc_except_table
 *(.gcc_except_table .gcc_except_table.*)

.gnu_extab
 *(.gnu_extab*)

.exception_ranges
 *(.exception_ranges .exception_ranges*)
                0x00000000002355d0                . = DATA_SEGMENT_ALIGN (CONSTANT (MAXPAGESIZE), CONSTANT (COMMONPAGESIZE))

.eh_frame
 *(.eh_frame)
 *(.eh_frame.*)

.gnu_extab
 *(.gnu_extab)

.gcc_except_table
 *(.gcc_except_table .gcc_except_table.*)

.exception_ranges
 *(.exception_ranges .exception_ranges*)

.tdata
 *(.tdata .tdata.* .gnu.linkonce.td.*)

.tbss
 *(.tbss .tbss.* .gnu.linkonce.tb.*)
 *(.tcommon)

.preinit_array
 *(.preinit_array)

.init_array     0x00000000002355d0        0x8
 *(SORT(.init_array.*) SORT(.ctors.*))
 *(.init_array EXCLUDE_FILE(*crtend?.o *crtend.o *crtbegin?.o *crtbegin.o) .ctors)
 .init_array    0x00000000002355d0        0x8 /usr/lib/gcc/x86_64-linux-gnu/7/crtbeginS.o

.fini_array     0x00000000002355d8        0x8
 *(SORT(.fini_array.*) SORT(.dtors.*))
 *(.fini_array EXCLUDE_FILE(*crtend?.o *crtend.o *crtbegin?.o *crtbegin.o) .dtors)
 .fini_array    0x00000000002355d8        0x8 /usr/lib/gcc/x86_64-linux-gnu/7/crtbeginS.o

.ctors
 *crtbegin.o(.ctors)
 *crtbegin?.o(.ctors)
 *(EXCLUDE_FILE(*crtend?.o *crtend.o) .ctors)
 *(SORT(.ctors.*))
 *(.ctors)

.dtors
 *crtbegin.o(.dtors)
 *crtbegin?.o(.dtors)
 *(EXCLUDE_FILE(*crtend?.o *crtend.o) .dtors)
 *(SORT(.dtors.*))
 *(.dtors)

.jcr
 *(.jcr)

.data.rel.ro    0x00000000002355e0      0x340
 *(.data.rel.ro.local* .gnu.linkonce.d.rel.ro.local.*)
 .data.rel.ro.local
                0x00000000002355e0       0x10 obj_cooja/mtype902.a(beep.o)
                0x00000000002355e0                beep_interface
 *fill*         0x00000000002355f0       0x10 
 .data.rel.ro.local
                0x0000000000235600       0x40 obj_cooja/mtype902.a(button-sensor.o)
                0x0000000000235600                button_interface
                0x0000000000235620                button_sensor
 .data.rel.ro.local
                0x0000000000235640       0x10 obj_cooja/mtype902.a(leds-arch.o)
                0x0000000000235640                leds_interface
 .data.rel.ro.local
                0x0000000000235650       0x10 obj_cooja/mtype902.a(moteid.o)
                0x0000000000235650                moteid_interface
 .data.rel.ro.local
                0x0000000000235660       0x40 obj_cooja/mtype902.a(pir-sensor.o)
                0x0000000000235660                pir_interface
                0x0000000000235680                pir_sensor
 .data.rel.ro.local
                0x00000000002356a0       0x10 obj_cooja/mtype902.a(rs232.o)
                0x00000000002356a0                rs232_interface
 *fill*         0x00000000002356b0       0x10 
 .data.rel.ro.local
                0x00000000002356c0       0x40 obj_cooja/mtype902.a(vib-sensor.o)
                0x00000000002356c0                vib_interface
                0x00000000002356e0                vib_sensor
 .data.rel.ro.local
                0x0000000000235700       0x10 obj_cooja/mtype902.a(clock.o)
                0x0000000000235700                clock_interface
 .data.rel.ro.local
                0x0000000000235710       0x10 obj_cooja/mtype902.a(cooja-log.o)
                0x0000000000235710                simlog_interface
 .data.rel.ro.local
                0x0000000000235720       0x10 obj_cooja/mtype902.a(cfs-cooja.o)
                0x0000000000235720                cfs_interface
 *fill*         0x0000000000235730       0x10 
 .data.rel.ro.local
                0x0000000000235740       0x90 obj_cooja/mtype902.a(cooja-radio.o)
                0x0000000000235740                radio_interface
                0x0000000000235750                dummy_interface
                0x0000000000235760                cooja_radio_driver
 .data.rel.ro.local
                0x00000000002357d0       0x10 obj_cooja/mtype902.a(eeprom.o)
                0x00000000002357d0                eeprom_interface
 .data.rel.ro.local
                0x00000000002357e0       0x30 obj_cooja/mtype902.a(tsch.o)
                0x00000000002357e0                tschmac_driver
 .data.rel.ro.local
                0x0000000000235810       0x18 obj_cooja/mtype902.a(framer-802154.o)
                0x0000000000235810                framer_802154
 *(.data.rel.ro .data.rel.ro.* .gnu.linkonce.d.rel.ro.*)
 .data.rel.ro   0x0000000000235828        0x0 /usr/lib/gcc/x86_64-linux-gnu/7/../../../x86_64-linux-gnu/crti.o
 *fill*         0x0000000000235828        0x8 
 .data.rel.ro   0x0000000000235830       0x10 udp-server.o
                0x0000000000235830                autostart_processes
 .data.rel.ro   0x0000000000235840       0x20 obj_cooja/mtype902.a(sicslowpan.o)
                0x0000000000235840                sicslowpan_driver
 .data.rel.ro   0x0000000000235860        0x8 obj_cooja/mtype902.a(rpl-dag.o)
 *fill*         0x0000000000235868       0x18 
 .data.rel.ro   0x0000000000235880       0xa0 obj_cooja/mtype902.a(rpl.o)
                0x0000000000235880                rpl_lite_driver

.dynamic        0x0000000000235920      0x1c0
 *(.dynamic)
 .dynamic       0x0000000000235920      0x1c0 /usr/lib/gcc/x86_64-linux-gnu/7/../../../x86_64-linux-gnu/crti.o
                0x0000000000235920                _DYNAMIC

.got            0x0000000000235ae0      0x510
 *(.got)
 .got           0x0000000000235ae0      0x510 /usr/lib/gcc/x86_64-linux-gnu/7/../../../x86_64-linux-gnu/crti.o
 *(.igot)
                0x0000000000236fe8                . = DATA_SEGMENT_RELRO_END (., (SIZEOF (.got.plt) >= 0x18)?0x18:0x0)

.got.plt        0x0000000000236000      0xb38
 *(.got.plt)
 .got.plt       0x0000000000236000      0xb38 /usr/lib/gcc/x86_64-linux-gnu/7/../../../x86_64-linux-gnu/crti.o
                0x0000000000236000                _GLOBAL_OFFSET_TABLE_
 *(.igot.plt)

.data           0x0000000000236b40      0x838
 *(.data .data.* .gnu.linkonce.d.*)
 .data          0x0000000000236b40        0x0 /usr/lib/gcc/x86_64-linux-gnu/7/../../../x86_64-linux-gnu/crti.o
 .data          0x0000000000236b40        0x0 /usr/lib/gcc/x86_64-linux-gnu/7/crtbeginS.o
 .data.rel.local
                0x0000000000236b40        0x8 /usr/lib/gcc/x86_64-linux-gnu/7/crtbeginS.o
                0x0000000000236b40                __dso_handle
 .data          0x0000000000236b48        0x0 udp-server.o
 *fill*         0x0000000000236b48       0x18 
 .data.rel.local
                0x0000000000236b60       0x40 udp-server.o
                0x0000000000236b60                udp_server_process
                0x0000000000236b80                Energest
 .data          0x0000000000236ba0        0x0 obj_cooja/mtype902.o
 .data.rel      0x0000000000236ba0       0xa0 obj_cooja/mtype902.o
                0x0000000000236ba0                simInterfaces
                0x0000000000236c20                sensors
 .data          0x0000000000236c40        0x0 obj_cooja/mtype902.a(simEnvChange.o)
 .data          0x0000000000236c40        0x0 obj_cooja/mtype902.a(cooja_mt.o)
 .data          0x0000000000236c40        0x0 obj_cooja/mtype902.a(cooja_mtarch.o)
 .data          0x0000000000236c40        0x0 obj_cooja/mtype902.a(rtimer-arch.o)
 .data          0x0000000000236c40        0x0 obj_cooja/mtype902.a(beep.o)
 .data          0x0000000000236c40        0x0 obj_cooja/mtype902.a(button-sensor.o)
 .data          0x0000000000236c40        0x0 obj_cooja/mtype902.a(leds-arch.o)
 .data          0x0000000000236c40        0x0 obj_cooja/mtype902.a(moteid.o)
 .data          0x0000000000236c40        0x0 obj_cooja/mtype902.a(pir-sensor.o)
 .data          0x0000000000236c40        0x0 obj_cooja/mtype902.a(rs232.o)
 .data          0x0000000000236c40        0x0 obj_cooja/mtype902.a(vib-sensor.o)
 .data          0x0000000000236c40        0x0 obj_cooja/mtype902.a(clock.o)
 .data          0x0000000000236c40        0x0 obj_cooja/mtype902.a(cooja-log.o)
 .data          0x0000000000236c40        0x0 obj_cooja/mtype902.a(cfs-cooja.o)
 .data          0x0000000000236c40       0x34 obj_cooja/mtype902.a(cooja-radio.o)
                0x0000000000236c40                simRadioHWOn
                0x0000000000236c44                simSignalStrength
                0x0000000000236c48                simLastSignalStrength
                0x0000000000236c4c                simPower
                0x0000000000236c50                simRadioChannel
                0x0000000000236c54                simLQI
                0x0000000000236c58                simRadioHWOnDummy
                0x0000000000236c5c                simSignalStrengthDummy
                0x0000000000236c60                simLastSignalStrengthDummy
                0x0000000000236c64                simPowerDummy
                0x0000000000236c68                simRadioChannelDummy
                0x0000000000236c6c                simLQIDummy
 *fill*         0x0000000000236c74        0xc 
 .data.rel.local
                0x0000000000236c80       0x20 obj_cooja/mtype902.a(cooja-radio.o)
                0x0000000000236c80                cooja_radio_process1
 .data          0x0000000000236ca0        0x0 obj_cooja/mtype902.a(eeprom.o)
 .data          0x0000000000236ca0        0x0 obj_cooja/mtype902.a(random.o)
 .data          0x0000000000236ca0        0x0 obj_cooja/mtype902.a(sensors.o)
 .data.rel.local
                0x0000000000236ca0       0x20 obj_cooja/mtype902.a(sensors.o)
                0x0000000000236ca0                sensors_process
 .data          0x0000000000236cc0        0x0 obj_cooja/mtype902.a(orchestra-rule-)
 .data.rel.local
                0x0000000000236cc0       0x28 obj_cooja/mtype902.a(orchestra-rule-)
                0x0000000000236cc0                unicast_per_neighbor_rpl_ns
 .data          0x0000000000236ce8        0x0 obj_cooja/mtype902.a(orchestra-rule-)
 *fill*         0x0000000000236ce8       0x18 
 .data.rel.local
                0x0000000000236d00       0x28 obj_cooja/mtype902.a(orchestra-rule-)
                0x0000000000236d00                default_common
 .data          0x0000000000236d28        0x0 obj_cooja/mtype902.a(orchestra.o)
 *fill*         0x0000000000236d28        0x8 
 .data.rel.local
                0x0000000000236d30       0x18 obj_cooja/mtype902.a(orchestra.o)
 *fill*         0x0000000000236d48        0x8 
 .data.rel      0x0000000000236d50       0x18 obj_cooja/mtype902.a(orchestra.o)
                0x0000000000236d50                all_rules
 .data          0x0000000000236d68        0x0 obj_cooja/mtype902.a(orchestra-rule-)
 *fill*         0x0000000000236d68       0x18 
 .data.rel.local
                0x0000000000236d80       0x28 obj_cooja/mtype902.a(orchestra-rule-)
                0x0000000000236d80                eb_per_time_source
 .data          0x0000000000236da8        0x0 obj_cooja/mtype902.a(ctimer.o)
 *fill*         0x0000000000236da8       0x18 
 .data.rel.local
                0x0000000000236dc0       0x40 obj_cooja/mtype902.a(ctimer.o)
                0x0000000000236de0                ctimer_process
 .data          0x0000000000236e00        0x0 obj_cooja/mtype902.a(autostart.o)
 .data          0x0000000000236e00        0x0 obj_cooja/mtype902.a(energest.o)
 .data          0x0000000000236e00        0x0 obj_cooja/mtype902.a(etimer.o)
 .data.rel.local
                0x0000000000236e00       0x20 obj_cooja/mtype902.a(etimer.o)
                0x0000000000236e00                etimer_process
 .data          0x0000000000236e20        0x8 obj_cooja/mtype902.a(log.o)
                0x0000000000236e20                curr_log_level_mac
                0x0000000000236e24                curr_log_level_main
 *fill*         0x0000000000236e28       0x18 
 .data.rel      0x0000000000236e40      0x120 obj_cooja/mtype902.a(log.o)
                0x0000000000236e40                all_modules
 .data          0x0000000000236f60        0x0 obj_cooja/mtype902.a(process.o)
 .data          0x0000000000236f60        0x0 obj_cooja/mtype902.a(rtimer.o)
 .data          0x0000000000236f60        0x0 obj_cooja/mtype902.a(timer.o)
 .data          0x0000000000236f60        0x0 obj_cooja/mtype902.a(serial-line.o)
 .data.rel.local
                0x0000000000236f60       0x20 obj_cooja/mtype902.a(serial-line.o)
                0x0000000000236f60                serial_line_process
 .data          0x0000000000236f80        0x0 obj_cooja/mtype902.a(list.o)
 .data          0x0000000000236f80        0x0 obj_cooja/mtype902.a(ringbuf.o)
 .data          0x0000000000236f80        0x0 obj_cooja/mtype902.a(packetbuf.o)
 .data.rel.local
                0x0000000000236f80        0x8 obj_cooja/mtype902.a(packetbuf.o)
 .data          0x0000000000236f88        0x0 obj_cooja/mtype902.a(netstack.o)
 .data.rel.local
                0x0000000000236f88        0x8 obj_cooja/mtype902.a(netstack.o)
 .data          0x0000000000236f90        0x0 obj_cooja/mtype902.a(linkaddr.o)
 .data          0x0000000000236f90        0x0 obj_cooja/mtype902.a(tsch.o)
 *fill*         0x0000000000236f90       0x10 
 .data.rel.local
                0x0000000000236fa0       0x60 obj_cooja/mtype902.a(tsch.o)
                0x0000000000236fa0                tsch_process
                0x0000000000236fc0                tsch_send_eb_process
                0x0000000000236fe0                tsch_pending_events_process
 .data          0x0000000000237000        0x0 obj_cooja/mtype902.a(tsch-queue.o)
 .data.rel.local
                0x0000000000237000       0x40 obj_cooja/mtype902.a(tsch-queue.o)
 .data          0x0000000000237040        0x0 obj_cooja/mtype902.a(tsch-schedule.o)
 .data.rel.local
                0x0000000000237040       0x40 obj_cooja/mtype902.a(tsch-schedule.o)
 .data          0x0000000000237080        0x4 obj_cooja/mtype902.a(tsch-slot-opera)
 .data          0x0000000000237084        0x0 obj_cooja/mtype902.a(tsch-packet.o)
 .data          0x0000000000237084        0x0 obj_cooja/mtype902.a(tsch-rpl.o)
 .data          0x0000000000237084        0x0 obj_cooja/mtype902.a(tsch-adaptive-t)
 .data          0x0000000000237084        0x0 obj_cooja/mtype902.a(uip-ds6.o)
 .data          0x0000000000237084        0x0 obj_cooja/mtype902.a(tcpip.o)
 *fill*         0x0000000000237084       0x1c 
 .data.rel.local
                0x00000000002370a0       0x20 obj_cooja/mtype902.a(tcpip.o)
                0x00000000002370a0                tcpip_process
 .data          0x00000000002370c0        0x0 obj_cooja/mtype902.a(uip6.o)
 .data          0x00000000002370c0        0x0 obj_cooja/mtype902.a(uip-ds6-nbr.o)
 .data.rel.local
                0x00000000002370c0       0x20 obj_cooja/mtype902.a(uip-ds6-nbr.o)
                0x00000000002370d8                ds6_neighbors
 .data          0x00000000002370e0        0x0 obj_cooja/mtype902.a(uip-nd6.o)
 .data.rel.local
                0x00000000002370e0       0x18 obj_cooja/mtype902.a(uip-nd6.o)
 .data          0x00000000002370f8        0x0 obj_cooja/mtype902.a(simple-udp.o)
 *fill*         0x00000000002370f8        0x8 
 .data.rel.local
                0x0000000000237100       0x20 obj_cooja/mtype902.a(simple-udp.o)
                0x0000000000237100                simple_udp_process
 .data          0x0000000000237120        0x0 obj_cooja/mtype902.a(uip-ds6-route.o)
 .data.rel.local
                0x0000000000237120       0x28 obj_cooja/mtype902.a(uip-ds6-route.o)
 .data          0x0000000000237148        0x0 obj_cooja/mtype902.a(sicslowpan.o)
 .data          0x0000000000237148        0x0 obj_cooja/mtype902.a(rpl-neighbor.o)
 *fill*         0x0000000000237148        0x8 
 .data.rel.local
                0x0000000000237150       0x20 obj_cooja/mtype902.a(rpl-neighbor.o)
                0x0000000000237168                rpl_neighbors
 .data          0x0000000000237170        0x0 obj_cooja/mtype902.a(rpl-dag.o)
 .data          0x0000000000237170        0x0 obj_cooja/mtype902.a(rpl-timers.o)
 .data          0x0000000000237170        0x0 obj_cooja/mtype902.a(rpl.o)
 .data          0x0000000000237170        0x0 obj_cooja/mtype902.a(rpl-mrhof.o)
 *fill*         0x0000000000237170       0x10 
 .data.rel.local
                0x0000000000237180       0x48 obj_cooja/mtype902.a(rpl-mrhof.o)
                0x0000000000237180                rpl_mrhof
 .data          0x00000000002371c8        0x0 obj_cooja/mtype902.a(rpl-icmp6.o)
 *fill*         0x00000000002371c8        0x8 
 .data.rel.local
                0x00000000002371d0       0x78 obj_cooja/mtype902.a(rpl-icmp6.o)
 .data          0x0000000000237248        0x0 obj_cooja/mtype902.a(rpl-dag-root.o)
 .data          0x0000000000237248        0x0 obj_cooja/mtype902.a(watchdog.o)
 .data          0x0000000000237248        0x0 obj_cooja/mtype902.a(stimer.o)
 .data          0x0000000000237248        0x0 obj_cooja/mtype902.a(ringbufindex.o)
 .data          0x0000000000237248        0x0 obj_cooja/mtype902.a(memb.o)
 .data          0x0000000000237248        0x0 obj_cooja/mtype902.a(queuebuf.o)
 *fill*         0x0000000000237248        0x8 
 .data.rel.local
                0x0000000000237250       0x38 obj_cooja/mtype902.a(queuebuf.o)
 .data          0x0000000000237288        0x0 obj_cooja/mtype902.a(nbr-table.o)
 *fill*         0x0000000000237288        0x8 
 .data.rel.local
                0x0000000000237290       0x20 obj_cooja/mtype902.a(nbr-table.o)
 .data          0x00000000002372b0        0x0 obj_cooja/mtype902.a(link-stats.o)
 .data.rel.local
                0x00000000002372b0       0x20 obj_cooja/mtype902.a(link-stats.o)
 .data          0x00000000002372d0        0x0 obj_cooja/mtype902.a(mac-sequence.o)
 .data          0x00000000002372d0        0x0 obj_cooja/mtype902.a(mac.o)
 .data          0x00000000002372d0        0x0 obj_cooja/mtype902.a(frame802154e-ie)
 .data          0x00000000002372d0        0x0 obj_cooja/mtype902.a(framer-802154.o)
 .data          0x00000000002372d0        0x2 obj_cooja/mtype902.a(frame802154.o)
 .data          0x00000000002372d2        0x0 obj_cooja/mtype902.a(uipbuf.o)
 .data          0x00000000002372d2        0x0 obj_cooja/mtype902.a(uip-icmp6.o)
 *fill*         0x00000000002372d2        0xe 
 .data.rel.local
                0x00000000002372e0       0x48 obj_cooja/mtype902.a(uip-icmp6.o)
 .data          0x0000000000237328        0x0 obj_cooja/mtype902.a(uip-sr.o)
 *fill*         0x0000000000237328        0x8 
 .data.rel.local
                0x0000000000237330       0x28 obj_cooja/mtype902.a(uip-sr.o)
 .data          0x0000000000237358        0x0 obj_cooja/mtype902.a(uip-packetqueue)
 *fill*         0x0000000000237358        0x8 
 .data.rel.local
                0x0000000000237360       0x18 obj_cooja/mtype902.a(uip-packetqueue)
 .data          0x0000000000237378        0x0 obj_cooja/mtype902.a(uip-udp-packet.)
 .data          0x0000000000237378        0x0 obj_cooja/mtype902.a(rpl-nbr-policy.)
 .data          0x0000000000237378        0x0 obj_cooja/mtype902.a(rpl-ext-header.)
 .data          0x0000000000237378        0x0 /usr/lib/gcc/x86_64-linux-gnu/7/crtendS.o
 .data          0x0000000000237378        0x0 /usr/lib/gcc/x86_64-linux-gnu/7/../../../x86_64-linux-gnu/crtn.o

.tm_clone_table
                0x0000000000237378        0x0
 .tm_clone_table
                0x0000000000237378        0x0 /usr/lib/gcc/x86_64-linux-gnu/7/crtbeginS.o
 .tm_clone_table
                0x0000000000237378        0x0 /usr/lib/gcc/x86_64-linux-gnu/7/crtendS.o

.data1
 *(.data1)
                0x0000000000237378                _edata = .
                [!provide]                        PROVIDE (edata, .)
                0x0000000000237378                . = .
                0x0000000000237378                __bss_start = .

.bss            0x0000000000237380    0x1ade0
 *(.dynbss)
 .dynbss        0x0000000000237380        0x0 /usr/lib/gcc/x86_64-linux-gnu/7/../../../x86_64-linux-gnu/crti.o
 *(.bss .bss.* .gnu.linkonce.b.*)
 .bss           0x0000000000237380        0x0 /usr/lib/gcc/x86_64-linux-gnu/7/../../../x86_64-linux-gnu/crti.o
 .bss           0x0000000000237380        0x1 /usr/lib/gcc/x86_64-linux-gnu/7/crtbeginS.o
 *fill*         0x0000000000237381       0x1f 
 .bss           0x00000000002373a0       0x60 udp-server.o
 .bss           0x0000000000237400     0x4040 obj_cooja/mtype902.o
 .bss           0x000000000023b440        0x1 obj_cooja/mtype902.a(simEnvChange.o)
                0x000000000023b440                simDontFallAsleep
 *fill*         0x000000000023b441        0x7 
 .bss           0x000000000023b448        0x8 obj_cooja/mtype902.a(cooja_mt.o)
 .bss           0x000000000023b450        0x8 obj_cooja/mtype902.a(cooja_mtarch.o)
 .bss           0x000000000023b458        0x0 obj_cooja/mtype902.a(rtimer-arch.o)
 .bss           0x000000000023b458        0x0 obj_cooja/mtype902.a(beep.o)
 *fill*         0x000000000023b458        0x8 
 .bss           0x000000000023b460       0x10 obj_cooja/mtype902.a(button-sensor.o)
 .bss           0x000000000023b470        0x0 obj_cooja/mtype902.a(leds-arch.o)
 .bss           0x000000000023b470        0x0 obj_cooja/mtype902.a(moteid.o)
 .bss           0x000000000023b470        0x1 obj_cooja/mtype902.a(pir-sensor.o)
                0x000000000023b470                simPirValue
 *fill*         0x000000000023b471        0x7 
 .bss           0x000000000023b478        0x8 obj_cooja/mtype902.a(rs232.o)
 .bss           0x000000000023b480        0x1 obj_cooja/mtype902.a(vib-sensor.o)
                0x000000000023b480                simVibValue
 .bss           0x000000000023b481        0x0 obj_cooja/mtype902.a(clock.o)
 *fill*         0x000000000023b481       0x1f 
 .bss           0x000000000023b4a0      0x420 obj_cooja/mtype902.a(cooja-log.o)
 .bss           0x000000000023b8c0      0xfc0 obj_cooja/mtype902.a(cfs-cooja.o)
                0x000000000023b8c0                simCFSData
                0x000000000023c860                simCFSSize
                0x000000000023c864                simCFSChanged
                0x000000000023c868                simCFSRead
                0x000000000023c86c                simCFSWritten
 .bss           0x000000000023c880       0x44 obj_cooja/mtype902.a(cooja-radio.o)
                0x000000000023c880                simReceiving
                0x000000000023c884                simInSize
                0x000000000023c888                simLastPacketTimestamp
                0x000000000023c890                simOutSize
                0x000000000023c894                simReceivingDummy
                0x000000000023c898                simInSizeDummy
                0x000000000023c8a0                simLastPacketTimestampDummy
                0x000000000023c8a8                simOutSizeDummy
 .bss           0x000000000023c8c4        0xc obj_cooja/mtype902.a(eeprom.o)
                0x000000000023c8c4                simEEPROMChanged
                0x000000000023c8c8                simEEPROMRead
                0x000000000023c8cc                simEEPROMWritten
 .bss           0x000000000023c8d0        0x0 obj_cooja/mtype902.a(random.o)
 .bss           0x000000000023c8d0        0xc obj_cooja/mtype902.a(sensors.o)
 *fill*         0x000000000023c8dc        0x4 
 .bss           0x000000000023c8e0       0x10 obj_cooja/mtype902.a(orchestra-rule-)
 .bss           0x000000000023c8f0        0x4 obj_cooja/mtype902.a(orchestra-rule-)
 .bss           0x000000000023c8f4        0x4 obj_cooja/mtype902.a(orchestra.o)
                0x000000000023c8f4                orchestra_parent_knows_us
 .bss           0x000000000023c8f8       0x10 obj_cooja/mtype902.a(orchestra-rule-)
 .bss           0x000000000023c908        0x9 obj_cooja/mtype902.a(ctimer.o)
 .bss           0x000000000023c911        0x0 obj_cooja/mtype902.a(autostart.o)
 .bss           0x000000000023c911        0x0 obj_cooja/mtype902.a(energest.o)
 *fill*         0x000000000023c911        0x7 
 .bss           0x000000000023c918       0x10 obj_cooja/mtype902.a(etimer.o)
 .bss           0x000000000023c928       0x24 obj_cooja/mtype902.a(log.o)
                0x000000000023c928                curr_log_level_rpl
                0x000000000023c92c                curr_log_level_tcpip
                0x000000000023c930                curr_log_level_ipv6
                0x000000000023c934                curr_log_level_6lowpan
                0x000000000023c938                curr_log_level_nullnet
                0x000000000023c93c                curr_log_level_framer
                0x000000000023c940                curr_log_level_6top
                0x000000000023c944                curr_log_level_coap
                0x000000000023c948                curr_log_level_lwm2m
 *fill*         0x000000000023c94c       0x14 
 .bss           0x000000000023c960      0x321 obj_cooja/mtype902.a(process.o)
                0x000000000023c960                process_list
                0x000000000023c968                process_current
 *fill*         0x000000000023cc81        0x7 
 .bss           0x000000000023cc88        0x8 obj_cooja/mtype902.a(rtimer.o)
 .bss           0x000000000023cc90        0x0 obj_cooja/mtype902.a(timer.o)
 *fill*         0x000000000023cc90       0x10 
 .bss           0x000000000023cca0      0x140 obj_cooja/mtype902.a(serial-line.o)
 .bss           0x000000000023cde0        0x0 obj_cooja/mtype902.a(list.o)
 .bss           0x000000000023cde0        0x0 obj_cooja/mtype902.a(ringbuf.o)
 .bss           0x000000000023cde0       0xa0 obj_cooja/mtype902.a(packetbuf.o)
 .bss           0x000000000023ce80        0x8 obj_cooja/mtype902.a(netstack.o)
 .bss           0x000000000023ce88        0x0 obj_cooja/mtype902.a(linkaddr.o)
 *fill*         0x000000000023ce88       0x18 
 .bss           0x000000000023cea0      0x180 obj_cooja/mtype902.a(tsch.o)
                0x000000000023cea0                tsch_is_started
                0x000000000023cea4                tsch_is_initialized
                0x000000000023cea8                tsch_is_coordinator
                0x000000000023ceac                tsch_is_associated
                0x000000000023ceb0                tsch_association_count
                0x000000000023ceb4                tsch_is_pan_secured
 .bss           0x000000000023d020     0x73a8 obj_cooja/mtype902.a(tsch-queue.o)
 *fill*         0x00000000002443c8       0x18 
 .bss           0x00000000002443e0      0x5cc obj_cooja/mtype902.a(tsch-schedule.o)
 *fill*         0x00000000002449ac       0x14 
 .bss           0x00000000002449c0      0x1c8 obj_cooja/mtype902.a(tsch-slot-opera)
                0x00000000002449c0                last_timesource_neighbor
                0x00000000002449c8                current_link
 *fill*         0x0000000000244b88        0x8 
 .bss           0x0000000000244b90       0x1a obj_cooja/mtype902.a(tsch-packet.o)
 .bss           0x0000000000244baa        0x0 obj_cooja/mtype902.a(tsch-rpl.o)
 *fill*         0x0000000000244baa       0x16 
 .bss           0x0000000000244bc0       0x4c obj_cooja/mtype902.a(tsch-adaptive-t)
 *fill*         0x0000000000244c0c        0x4 
 .bss           0x0000000000244c10       0x30 obj_cooja/mtype902.a(uip-ds6.o)
 .bss           0x0000000000244c40       0x20 obj_cooja/mtype902.a(tcpip.o)
 .bss           0x0000000000244c60        0x6 obj_cooja/mtype902.a(uip6.o)
                0x0000000000244c60                uip_ext_bitmap
                0x0000000000244c61                uip_ext_len
                0x0000000000244c62                uip_ext_opt_offset
 *fill*         0x0000000000244c66       0x1a 
 .bss           0x0000000000244c80     0x2580 obj_cooja/mtype902.a(uip-ds6-nbr.o)
 .bss           0x0000000000247200       0x20 obj_cooja/mtype902.a(uip-nd6.o)
 .bss           0x0000000000247220      0x520 obj_cooja/mtype902.a(simple-udp.o)
 .bss           0x0000000000247740       0x80 obj_cooja/mtype902.a(uip-ds6-route.o)
 .bss           0x00000000002477c0      0x718 obj_cooja/mtype902.a(sicslowpan.o)
 *fill*         0x0000000000247ed8        0x8 
 .bss           0x0000000000247ee0     0x12c0 obj_cooja/mtype902.a(rpl-neighbor.o)
 .bss           0x00000000002491a0        0x0 obj_cooja/mtype902.a(rpl-dag.o)
 .bss           0x00000000002491a0       0x80 obj_cooja/mtype902.a(rpl-timers.o)
 .bss           0x0000000000249220        0x0 obj_cooja/mtype902.a(rpl.o)
 .bss           0x0000000000249220        0x0 obj_cooja/mtype902.a(rpl-mrhof.o)
 .bss           0x0000000000249220        0x0 obj_cooja/mtype902.a(rpl-icmp6.o)
 .bss           0x0000000000249220       0x11 obj_cooja/mtype902.a(rpl-dag-root.o)
 .bss           0x0000000000249231        0x0 obj_cooja/mtype902.a(watchdog.o)
 .bss           0x0000000000249231        0x0 obj_cooja/mtype902.a(stimer.o)
 .bss           0x0000000000249231        0x0 obj_cooja/mtype902.a(ringbufindex.o)
 .bss           0x0000000000249231        0x0 obj_cooja/mtype902.a(memb.o)
 *fill*         0x0000000000249231        0xf 
 .bss           0x0000000000249240      0x5e0 obj_cooja/mtype902.a(queuebuf.o)
 .bss           0x0000000000249820     0x16e8 obj_cooja/mtype902.a(nbr-table.o)
 *fill*         0x000000000024af08       0x18 
 .bss           0x000000000024af20     0x12c0 obj_cooja/mtype902.a(link-stats.o)
 .bss           0x000000000024c1e0      0x180 obj_cooja/mtype902.a(mac-sequence.o)
 .bss           0x000000000024c360        0x0 obj_cooja/mtype902.a(mac.o)
 .bss           0x000000000024c360        0x0 obj_cooja/mtype902.a(frame802154e-ie)
 .bss           0x000000000024c360        0x2 obj_cooja/mtype902.a(framer-802154.o)
 .bss           0x000000000024c362        0x0 obj_cooja/mtype902.a(frame802154.o)
 *fill*         0x000000000024c362        0x6 
 .bss           0x000000000024c368        0xc obj_cooja/mtype902.a(uipbuf.o)
 *fill*         0x000000000024c374        0xc 
 .bss           0x000000000024c380       0x20 obj_cooja/mtype902.a(uip-icmp6.o)
 .bss           0x000000000024c3a0     0x3040 obj_cooja/mtype902.a(uip-sr.o)
 .bss           0x000000000024f3e0      0xad0 obj_cooja/mtype902.a(uip-packetqueue)
 .bss           0x000000000024feb0        0x0 obj_cooja/mtype902.a(uip-udp-packet.)
 .bss           0x000000000024feb0       0x12 obj_cooja/mtype902.a(rpl-nbr-policy.)
 .bss           0x000000000024fec2        0x0 obj_cooja/mtype902.a(rpl-ext-header.)
 .bss           0x000000000024fec2        0x0 /usr/lib/gcc/x86_64-linux-gnu/7/crtendS.o
 .bss           0x000000000024fec2        0x0 /usr/lib/gcc/x86_64-linux-gnu/7/../../../x86_64-linux-gnu/crtn.o
 *(COMMON)
 *fill*         0x000000000024fec2       0x1e 
 COMMON         0x000000000024fee0       0x34 obj_cooja/mtype902.o
                0x000000000024fee0                unicast_per_neighbor_rpl_storing
                0x000000000024ff08                referenceVar
                0x000000000024ff10                sensors_flags
 *fill*         0x000000000024ff14        0x4 
 COMMON         0x000000000024ff18       0x10 obj_cooja/mtype902.a(simEnvChange.o)
                0x000000000024ff18                simEtimerPending
                0x000000000024ff1c                simProcessRunValue
                0x000000000024ff20                simEtimerNextExpirationTime
 COMMON         0x000000000024ff28       0x18 obj_cooja/mtype902.a(rtimer-arch.o)
                0x000000000024ff28                simRtimerPending
                0x000000000024ff30                simRtimerCurrentTicks