Archive member included to satisfy reference by file (symbol)

obj_cooja/mtype16.a(simEnvChange.o)
                              obj_cooja/mtype16.o (simDontFallAsleep)
obj_cooja/mtype16.a(cooja_mt.o)
                              obj_cooja/mtype16.o (cooja_mt_start)
obj_cooja/mtype16.a(cooja_mtarch.o)
                              obj_cooja/mtype16.a(cooja_mt.o) (cooja_mtarch_start)
obj_cooja/mtype16.a(rtimer-arch.o)
                              obj_cooja/mtype16.o (rtimer_arch_check)
obj_cooja/mtype16.a(beep.o)   obj_cooja/mtype16.o (beep_interface)
obj_cooja/mtype16.a(button-sensor.o)
                              obj_cooja/mtype16.o (button_interface)
obj_cooja/mtype16.a(leds-arch.o)
                              obj_cooja/mtype16.o (leds_interface)
obj_cooja/mtype16.a(moteid.o)
                              obj_cooja/mtype16.o (moteid_interface)
obj_cooja/mtype16.a(pir-sensor.o)
                              obj_cooja/mtype16.o (pir_interface)
obj_cooja/mtype16.a(rs232.o)  obj_cooja/mtype16.o (rs232_interface)
obj_cooja/mtype16.a(vib-sensor.o)
                              obj_cooja/mtype16.o (vib_interface)
obj_cooja/mtype16.a(clock.o)  obj_cooja/mtype16.o (clock_interface)
obj_cooja/mtype16.a(cooja-log.o)
                              obj_cooja/mtype16.o (simlog_interface)
obj_cooja/mtype16.a(cfs-cooja.o)
                              obj_cooja/mtype16.o (cfs_interface)
obj_cooja/mtype16.a(cooja-radio.o)
                              obj_cooja/mtype16.o (radio_interface)
obj_cooja/mtype16.a(eeprom.o)
                              obj_cooja/mtype16.o (eeprom_interface)
obj_cooja/mtype16.a(random.o)
                              obj_cooja/mtype16.a(moteid.o) (random_init)
obj_cooja/mtype16.a(sensors.o)
                              obj_cooja/mtype16.o (sensors_process)
obj_cooja/mtype16.a(ctimer.o)
                              obj_cooja/mtype16.o (ctimer_init)
obj_cooja/mtype16.a(autostart.o)
                              obj_cooja/mtype16.o (autostart_start)
obj_cooja/mtype16.a(energest.o)
                              udp-client.o (energest_total_time)
obj_cooja/mtype16.a(etimer.o)
                              obj_cooja/mtype16.o (etimer_process)
obj_cooja/mtype16.a(process.o)
                              obj_cooja/mtype16.a(ctimer.o) (process_current)
obj_cooja/mtype16.a(rtimer.o)
                              obj_cooja/mtype16.a(rtimer-arch.o) (rtimer_run_next)
obj_cooja/mtype16.a(timer.o)  obj_cooja/mtype16.a(button-sensor.o) (timer_set)
obj_cooja/mtype16.a(serial-line.o)
                              obj_cooja/mtype16.a(rs232.o) (serial_line_input_byte)
obj_cooja/mtype16.a(list.o)   obj_cooja/mtype16.a(ctimer.o) (list_init)
obj_cooja/mtype16.a(ringbuf.o)
                              obj_cooja/mtype16.a(serial-line.o) (ringbuf_init)
obj_cooja/mtype16.a(packetbuf.o)
                              obj_cooja/mtype16.a(cooja-radio.o) (packetbuf_clear)
obj_cooja/mtype16.a(netstack.o)
                              obj_cooja/mtype16.o (netstack_init)
obj_cooja/mtype16.a(linkaddr.o)
                              obj_cooja/mtype16.o (linkaddr_node_addr)
obj_cooja/mtype16.a(tsch.o)   obj_cooja/mtype16.o (tschmac_driver)
obj_cooja/mtype16.a(tsch-queue.o)
                              obj_cooja/mtype16.a(tsch.o) (tsch_queue_add_nbr)
obj_cooja/mtype16.a(tsch-schedule.o)
                              obj_cooja/mtype16.a(tsch.o) (tsch_schedule_add_slotframe)
obj_cooja/mtype16.a(tsch-slot-opera)
                              obj_cooja/mtype16.a(tsch.o) (dequeued_ringbuf)
obj_cooja/mtype16.a(tsch-packet.o)
                              obj_cooja/mtype16.a(tsch-slot-opera) (tsch_packet_create_eack)
obj_cooja/mtype16.a(tsch-rpl.o)
                              obj_cooja/mtype16.a(tsch.o) (tsch_rpl_callback_ka_sent)
obj_cooja/mtype16.a(tsch-adaptive-t)
                              obj_cooja/mtype16.a(tsch-slot-opera) (tsch_timesync_update)
obj_cooja/mtype16.a(uipbuf.o)
                              udp-client.o (uipbuf_get_attr)
obj_cooja/mtype16.a(uip-ds6.o)
                              obj_cooja/mtype16.o (uip_ds6_get_link_local)
obj_cooja/mtype16.a(tcpip.o)  obj_cooja/mtype16.o (tcpip_process)
obj_cooja/mtype16.a(uip6.o)   obj_cooja/mtype16.o (uip_lladdr)
obj_cooja/mtype16.a(uip-ds6-nbr.o)
                              obj_cooja/mtype16.a(uip-ds6.o) (uip_ds6_neighbors_init)
obj_cooja/mtype16.a(uip-nd6.o)
                              obj_cooja/mtype16.a(uip6.o) (uip_nd6_init)
obj_cooja/mtype16.a(simple-udp.o)
                              udp-client.o (simple_udp_sendto)
obj_cooja/mtype16.a(uip-ds6-route.o)
                              obj_cooja/mtype16.a(uip-ds6.o) (uip_ds6_route_init)
obj_cooja/mtype16.a(sicslowpan.o)
                              obj_cooja/mtype16.o (sicslowpan_driver)
obj_cooja/mtype16.a(rpl-neighbor.o)
                              obj_cooja/mtype16.a(tsch-rpl.o) (rpl_neighbor_get_ipaddr)
obj_cooja/mtype16.a(rpl-dag.o)
[...]
Memory Configuration

Name             Origin             Length             Attributes
*default*        0x0000000000000000 0xffffffffffffffff

Linker script and memory map

LOAD /usr/lib/gcc/x86_64-linux-gnu/7/../../../x86_64-linux-gnu/crti.o
LOAD /usr/lib/gcc/x86_64-linux-gnu/7/crtbeginS.o
LOAD udp-client.o
LOAD obj_cooja/mtype16.o
LOAD obj_cooja/mtype16.a
LOAD /usr/lib/gcc/x86_64-linux-gnu/7/libgcc.a
LOAD /usr/lib/gcc/x86_64-linux-gnu/7/libgcc_s.so
START GROUP
LOAD /usr/lib/gcc/x86_64-linux-gnu/7/libgcc_s.so.1
LOAD /usr/lib/gcc/x86_64-linux-gnu/7/libgcc.a
END GROUP
LOAD /usr/lib/gcc/x86_64-linux-gnu/7/../../../x86_64-linux-gnu/libc.so
START GROUP
LOAD /lib/x86_64-linux-gnu/libc.so.6
LOAD /usr/lib/x86_64-linux-gnu/libc_nonshared.a
LOAD /lib/x86_64-linux-gnu/ld-linux-x86-64.so.2
END GROUP
LOAD /usr/lib/gcc/x86_64-linux-gnu/7/libgcc.a
LOAD /usr/lib/gcc/x86_64-linux-gnu/7/libgcc_s.so
START GROUP
LOAD /usr/lib/gcc/x86_64-linux-gnu/7/libgcc_s.so.1
LOAD /usr/lib/gcc/x86_64-linux-gnu/7/libgcc.a
END GROUP
LOAD /usr/lib/gcc/x86_64-linux-gnu/7/crtendS.o
LOAD /usr/lib/gcc/x86_64-linux-gnu/7/../../../x86_64-linux-gnu/crtn.o
                0x00000000000001c8                . = (SEGMENT_START ("text-segment", 0x0) + SIZEOF_HEADERS)

.note.gnu.build-id
                0x00000000000001c8       0x24
 *(.note.gnu.build-id)
 .note.gnu.build-id
                0x00000000000001c8       0x24 /usr/lib/gcc/x86_64-linux-gnu/7/../../../x86_64-linux-gnu/crti.o

.hash
 *(.hash)

.gnu.hash       0x00000000000001f0     0x14d8
 *(.gnu.hash)
 .gnu.hash      0x00000000000001f0     0x14d8 /usr/lib/gcc/x86_64-linux-gnu/7/../../../x86_64-linux-gnu/crti.o

.dynsym         0x00000000000016c8     0x4158
 *(.dynsym)
 .dynsym        0x00000000000016c8     0x4158 /usr/lib/gcc/x86_64-linux-gnu/7/../../../x86_64-linux-gnu/crti.o

.dynstr         0x0000000000005820     0x3324
 *(.dynstr)
 .dynstr        0x0000000000005820     0x3324 /usr/lib/gcc/x86_64-linux-gnu/7/../../../x86_64-linux-gnu/crti.o

.gnu.version    0x0000000000008b44      0x572
 *(.gnu.version)
 .gnu.version   0x0000000000008b44      0x572 /usr/lib/gcc/x86_64-linux-gnu/7/../../../x86_64-linux-gnu/crti.o

.gnu.version_d  0x00000000000090b8        0x0
 *(.gnu.version_d)
 .gnu.version_d
                0x00000000000090b8        0x0 /usr/lib/gcc/x86_64-linux-gnu/7/../../../x86_64-linux-gnu/crti.o

.gnu.version_r  0x00000000000090b8       0x40
 *(.gnu.version_r)
 .gnu.version_r
                0x00000000000090b8       0x40 /usr/lib/gcc/x86_64-linux-gnu/7/../../../x86_64-linux-gnu/crti.o

.rela.dyn       0x00000000000090f8     0x21f0
 *(.rela.init)
 *(.rela.text .rela.text.* .rela.gnu.linkonce.t.*)
 .rela.text     0x00000000000090f8        0x0 /usr/lib/gcc/x86_64-linux-gnu/7/../../../x86_64-linux-gnu/crti.o
 *(.rela.fini)
 *(.rela.rodata .rela.rodata.* .rela.gnu.linkonce.r.*)
 *(.rela.data .rela.data.* .rela.gnu.linkonce.d.*)
 .rela.data.rel.local
                0x00000000000090f8      0x720 /usr/lib/gcc/x86_64-linux-gnu/7/../../../x86_64-linux-gnu/crti.o
 .rela.data.rel
                0x0000000000009818      0x390 /usr/lib/gcc/x86_64-linux-gnu/7/../../../x86_64-linux-gnu/crti.o
 .rela.data.rel.ro
                0x0000000000009ba8      0x270 /usr/lib/gcc/x86_64-linux-gnu/7/../../../x86_64-linux-gnu/crti.o
 .rela.data.rel.ro.local
                0x0000000000009e18      0x5b8 /usr/lib/gcc/x86_64-linux-gnu/7/../../../x86_64-linux-gnu/crti.o
 *(.rela.tdata .rela.tdata.* .rela.gnu.linkonce.td.*)
 *(.rela.tbss .rela.tbss.* .rela.gnu.linkonce.tb.*)
 *(.rela.ctors)
 *(.rela.dtors)
 *(.rela.got)
 .rela.got      0x000000000000a3d0      0xee8 /usr/lib/gcc/x86_64-linux-gnu/7/../../../x86_64-linux-gnu/crti.o
 *(.rela.bss .rela.bss.* .rela.gnu.linkonce.b.*)
 *(.rela.ldata .rela.ldata.* .rela.gnu.linkonce.l.*)
 *(.rela.lbss .rela.lbss.* .rela.gnu.linkonce.lb.*)
 *(.rela.lrodata .rela.lrodata.* .rela.gnu.linkonce.lr.*)
 *(.rela.ifunc)
 .rela.ifunc    0x000000000000b2b8        0x0 /usr/lib/gcc/x86_64-linux-gnu/7/../../../x86_64-linux-gnu/crti.o
 .rela.fini_array
                0x000000000000b2b8       0x18 /usr/lib/gcc/x86_64-linux-gnu/7/../../../x86_64-linux-gnu/crti.o
 .rela.init_array
                0x000000000000b2d0       0x18 /usr/lib/gcc/x86_64-linux-gnu/7/../../../x86_64-linux-gnu/crti.o

.rela.plt       0x000000000000b2e8     0x2178
 *(.rela.plt)
 .rela.plt      0x000000000000b2e8     0x2178 /usr/lib/gcc/x86_64-linux-gnu/7/../../../x86_64-linux-gnu/crti.o
 *(.rela.iplt)

.init           0x000000000000d460       0x17
 *(SORT(.init))
 .init          0x000000000000d460       0x12 /usr/lib/gcc/x86_64-linux-gnu/7/../../../x86_64-linux-gnu/crti.o
                0x000000000000d460                _init
 .init          0x000000000000d472        0x5 /usr/lib/gcc/x86_64-linux-gnu/7/../../../x86_64-linux-gnu/crtn.o

.plt            0x000000000000d480     0x1660
 *(.plt)
 .plt           0x000000000000d480     0x1660 /usr/lib/gcc/x86_64-linux-gnu/7/../../../x86_64-linux-gnu/crti.o
 *(.iplt)

.plt.got        0x000000000000eae0       0x10
 *(.plt.got)
 .plt.got       0x000000000000eae0       0x10 /usr/lib/gcc/x86_64-linux-gnu/7/../../../x86_64-linux-gnu/crti.o

.plt.sec
 *(.plt.sec)

.text           0x000000000000eaf0    0x1d52a
 *(.text.unlikely .text.*_unlikely .text.unlikely.*)
 *(.text.exit .text.exit.*)
 *(.text.startup .text.startup.*)
 *(.text.hot .text.hot.*)
 *(.text .stub .text.* .gnu.linkonce.t.*)
 .text          0x000000000000eaf0        0x0 /usr/lib/gcc/x86_64-linux-gnu/7/../../../x86_64-linux-gnu/crti.o
 .text          0x000000000000eaf0       0xda /usr/lib/gcc/x86_64-linux-gnu/7/crtbeginS.o
 .text          0x000000000000ebca      0x97c udp-client.o
                0x000000000000ebe1                log_6addr
                0x000000000000ed5c                log_6addr_compact
                0x000000000000ee4d                log_lladdr
                0x000000000000eeca                log_lladdr_compact
                0x000000000000ef41                log_set_level
                0x000000000000f047                log_get_level
                0x000000000000f0fa                log_level_to_str
 .text          0x000000000000f546      0x603 obj_cooja/mtype16.o
                0x000000000000f67c                contiki_init
                0x000000000000f96a                Java_org_contikios_cooja_corecomm_Lib9_init
                0x000000000000f9ad                Java_org_contikios_cooja_corecomm_Lib9_getMemory
                0x000000000000fa05                Java_org_contikios_cooja_corecomm_Lib9_setMemory
                0x000000000000fa92                Java_org_contikios_cooja_corecomm_Lib9_tick
                0x000000000000fb1b                Java_org_contikios_cooja_corecomm_Lib9_setReferenceAddress
 .text          0x000000000000fb49       0x89 obj_cooja/mtype16.a(simEnvChange.o)
                0x000000000000fb49                doActionsBeforeTick
                0x000000000000fb8d                doActionsAfterTick
 .text          0x000000000000fbd2       0x9f obj_cooja/mtype16.a(cooja_mt.o)
                0x000000000000fbd2                cooja_mt_start
                0x000000000000fc0e                cooja_mt_exec
                0x000000000000fc4d                cooja_mt_yield
 .text          0x000000000000fc71       0xfe obj_cooja/mtype16.a(cooja_mtarch.o)
                0x000000000000fc71                cooja_mtarch_start
                0x000000000000fd10                cooja_sw
                0x000000000000fd39                cooja_mtarch_exec
                0x000000000000fd63                cooja_mtarch_yield
 .text          0x000000000000fd6f       0xb4 obj_cooja/mtype16.a(rtimer-arch.o)
                0x000000000000fd6f                rtimer_arch_init
                0x000000000000fd91                rtimer_arch_schedule
                0x000000000000fdb7                rtimer_arch_next
                0x000000000000fdc7                rtimer_arch_pending
                0x000000000000fdd6                rtimer_arch_check
                0x000000000000fe13                rtimer_arch_now
 .text          0x000000000000fe23       0xba obj_cooja/mtype16.a(beep.o)
                0x000000000000fe23                beep_alarm
                0x000000000000fe3a                beep_beep
                0x000000000000fe4e                beep
                0x000000000000fe5f                beep_down
                0x000000000000fe73                beep_on
                0x000000000000fe84                beep_off
                0x000000000000fe95                beep_spinup
                0x000000000000fea6                beep_quick
                0x000000000000feba                beep_long
 .text          0x000000000000fedd      0x12d obj_cooja/mtype16.a(button-sensor.o)
 .text          0x000000000001000a       0x57 obj_cooja/mtype16.a(leds-arch.o)
                0x000000000001000a                leds_arch_init
                0x000000000001001b                leds_arch_get
                0x000000000001002b                leds_arch_set
 .text          0x0000000000010061       0x39 obj_cooja/mtype16.a(moteid.o)
 .text          0x000000000001009a       0xe5 obj_cooja/mtype16.a(pir-sensor.o)
 .text          0x000000000001017f      0x175 obj_cooja/mtype16.a(rs232.o)
                0x000000000001017f                rs232_init
                0x0000000000010186                rs232_set_speed
                0x0000000000010192                rs232_set_input
                0x00000000000101a8                rs232_send
                0x00000000000101cf                rs232_print
                0x00000000000101f6                slip_arch_writeb
 .text          0x00000000000102f4       0xe5 obj_cooja/mtype16.a(vib-sensor.o)
 .text          0x00000000000103d9       0x57 obj_cooja/mtype16.a(clock.o)
                0x00000000000103d9                clock_init
                0x00000000000103e0                clock_time
                0x00000000000103f0                clock_seconds
                0x0000000000010418                clock_delay
 .text          0x0000000000010430      0x30e obj_cooja/mtype16.a(cooja-log.o)
                0x0000000000010430                simlog_char
                0x0000000000010489                simlog
                0x0000000000010528                log_message
                0x0000000000010561                log_set_putchar_with_slip
                0x0000000000010574                log_putchar
                0x00000000000105f4                log_puts
                0x000000000001061d                log_printf
 .text          0x000000000001073e      0x373 obj_cooja/mtype16.a(cfs-cooja.o)
                0x000000000001073e                cfs_open
                0x00000000000107b7                cfs_close
                0x00000000000107c8                cfs_read
                0x000000000001088c                cfs_write
                0x000000000001099b                cfs_seek
                0x0000000000010a46                cfs_remove
                0x0000000000010a72                cfs_opendir
                0x0000000000010a85                cfs_readdir
                0x0000000000010a98                cfs_closedir
 .text          0x0000000000010ab1      0xa07 obj_cooja/mtype16.a(cooja-radio.o)
                0x0000000000010b00                radio_set_channel
                0x0000000000010b4d                radio_set_txpower
                0x0000000000010b73                radio_signal_strength_last
                0x0000000000010b82                radio_signal_strength_current
                0x0000000000010b91                radio_LQI
 .text          0x00000000000114b8      0x125 obj_cooja/mtype16.a(eeprom.o)
                0x00000000000114b8                eeprom_init
                0x00000000000114bf                eeprom_read
                0x0000000000011547                eeprom_write
 .text          0x00000000000115dd       0x27 obj_cooja/mtype16.a(random.o)
                0x00000000000115dd                random_init
                0x00000000000115f9                random_rand
 .text          0x0000000000011604      0x33f obj_cooja/mtype16.a(sensors.o)
                0x0000000000011649                sensors_first
                0x0000000000011659                sensors_next
                0x0000000000011684                sensors_changed
                0x00000000000116cd                sensors_find
 .text          0x0000000000011943      0x421 obj_cooja/mtype16.a(ctimer.o)
                0x0000000000011aa1                ctimer_init
                0x0000000000011ad2                ctimer_set
                0x0000000000011b12                ctimer_set_with_process
                0x0000000000011bc8                ctimer_reset
                0x0000000000011c35                ctimer_restart
                0x0000000000011ca2                ctimer_stop
                0x0000000000011cfc                ctimer_expired
 .text          0x0000000000011d64       0xb3 obj_cooja/mtype16.a(autostart.o)
                0x0000000000011d64                autostart_start
                0x0000000000011dc0                autostart_exit
 .text          0x0000000000011e17      0x1b1 obj_cooja/mtype16.a(energest.o)
                0x0000000000011e72                energest_init
                0x0000000000011f09                energest_flush
                0x0000000000011f99                energest_get_total_time
 .text          0x0000000000011fc8      0x540 obj_cooja/mtype16.a(etimer.o)
                0x0000000000012268                etimer_request_poll
                0x0000000000012312                etimer_set
                0x0000000000012344                etimer_reset_with_new_interval
                0x000000000001237b                etimer_reset
                0x00000000000123a2                etimer_restart
                0x00000000000123c9                etimer_adjust
                0x00000000000123f6                etimer_expired
                0x0000000000012411                etimer_expiration_time
                0x000000000001242d                etimer_start_time
                0x000000000001243e                etimer_pending
                0x0000000000012454                etimer_next_expiration_time
                0x0000000000012471                etimer_stop
 .text          0x0000000000012508      0x641 obj_cooja/mtype16.a(process.o)
                0x0000000000012508                process_alloc_event
                0x000000000001251e                process_start
                0x0000000000012783                process_exit
                0x00000000000127ab                process_init
                0x000000000001299b                process_run
                0x00000000000129cc                process_nevents
                0x00000000000129e8                process_post
                0x0000000000012aac                process_post_synch
                0x0000000000012af6                process_poll
                0x0000000000012b2f                process_is_running
 .text          0x0000000000012b49       0xf6 obj_cooja/mtype16.a(rtimer.o)
                0x0000000000012b49                rtimer_init
                0x0000000000012b55                rtimer_set
                0x0000000000012bd2                rtimer_run_next
 .text          0x0000000000012c3f       0xdf obj_cooja/mtype16.a(timer.o)
                0x0000000000012c3f                timer_set
                0x0000000000012c6d                timer_reset
                0x0000000000012c91                timer_restart
                0x0000000000012caf                timer_expired
                0x0000000000012cec                timer_remaining
 .text          0x0000000000012d1e      0x20c obj_cooja/mtype16.a(serial-line.o)
                0x0000000000012d1e                serial_line_input_byte
                0x0000000000012ef7                serial_line_init
 .text          0x0000000000012f2a      0x324 obj_cooja/mtype16.a(list.o)
                0x0000000000012f2a                list_init
                0x0000000000012f40                list_head
                0x0000000000012f51                list_copy
                0x0000000000012f6e                list_tail
                0x0000000000012fb3                list_add
                0x0000000000013013                list_push
                0x0000000000013052                list_chop
                0x00000000000130db                list_pop
                0x0000000000013111                list_remove
                0x0000000000013199                list_length
                0x00000000000131d0                list_insert
                0x000000000001322f                list_item_next
 .text          0x000000000001324e      0x189 obj_cooja/mtype16.a(ringbuf.o)
                0x000000000001324e                ringbuf_init
                0x000000000001328b                ringbuf_put
                0x0000000000013316                ringbuf_get
                0x0000000000013390                ringbuf_size
                0x00000000000133a8                ringbuf_elements
 .text          0x00000000000133d7      0x458 obj_cooja/mtype16.a(packetbuf.o)
                0x00000000000133d7                packetbuf_clear
                0x0000000000013401                packetbuf_copyfrom
                0x0000000000013457                packetbuf_copyto
                0x00000000000134fa                packetbuf_hdralloc
                0x0000000000013585                packetbuf_hdrreduce
                0x00000000000135d1                packetbuf_set_datalen
                0x00000000000135e9                packetbuf_dataptr
                0x000000000001360b                packetbuf_hdrptr
                0x0000000000013618                packetbuf_datalen
                0x0000000000013625                packetbuf_hdrlen
                0x000000000001363d                packetbuf_totlen
                0x000000000001365c                packetbuf_remaininglen
                0x0000000000013670                packetbuf_attr_clear
                0x00000000000136d0                packetbuf_attr_copyto
                0x0000000000013717                packetbuf_attr_copyfrom
                0x000000000001375e                packetbuf_set_attr
                0x000000000001378a                packetbuf_attr
                0x00000000000137a7                packetbuf_set_addr
                0x00000000000137e9                packetbuf_addr
                0x000000000001380f                packetbuf_holds_broadcast
 .text          0x000000000001382f      0x11b obj_cooja/mtype16.a(netstack.o)
                0x000000000001382f                netstack_process_ip_callback
                0x00000000000138cc                netstack_ip_packet_processor_add
                0x00000000000138f8                uip_ds6_ip_packet_processor_rm
                0x000000000001391d                netstack_init
 .text          0x000000000001394a       0x74 obj_cooja/mtype16.a(linkaddr.o)
                0x000000000001394a                linkaddr_copy
                0x0000000000013967                linkaddr_cmp
                0x0000000000013999                linkaddr_set_node_addr
 .text          0x00000000000139be     0x24ea obj_cooja/mtype16.a(tsch.o)
                0x00000000000139be                tsch_set_coordinator
                0x00000000000139fd                tsch_set_pan_secured
                0x0000000000013a14                tsch_set_join_priority
                0x0000000000013a2d                tsch_set_ka_timeout
                0x0000000000013a5e                tsch_set_eb_period
                0x0000000000013e56                tsch_schedule_keepalive
                0x0000000000013f14                tsch_schedule_keepalive_immediately
                0x000000000001450d                tsch_disassociate
                0x0000000000014cde                tsch_scan
 .text          0x0000000000015ea8      0xc43 obj_cooja/mtype16.a(tsch-queue.o)
                0x0000000000015ea8                tsch_queue_add_nbr
                0x0000000000015fb7                tsch_queue_get_nbr
                0x0000000000016020                tsch_queue_get_time_source
                0x0000000000016076                tsch_queue_update_time_source
                0x0000000000016319                tsch_queue_add_packet
                0x00000000000164be                tsch_queue_global_packet_count
                0x00000000000164d9                tsch_queue_packet_count
                0x0000000000016526                tsch_queue_remove_packet_from_queue
                0x0000000000016581                tsch_queue_free_packet
                0x00000000000165b9                tsch_queue_packet_sent
                0x0000000000016684                tsch_queue_reset
                0x00000000000166e4                tsch_queue_free_unused_neighbors
                0x000000000001676c                tsch_queue_is_empty
                0x00000000000167aa                tsch_queue_get_packet_for_nbr
                0x0000000000016840                tsch_queue_get_packet_for_dest_addr
                0x0000000000016880                tsch_queue_get_unicast_packet_for_any
                0x0000000000016926                tsch_queue_backoff_expired
                0x0000000000016940                tsch_queue_backoff_reset
                0x000000000001695b                tsch_queue_backoff_inc
                0x00000000000169cd                tsch_queue_update_all_backoff_windows
                0x0000000000016a85                tsch_queue_init
 .text          0x0000000000016aeb      0xe83 obj_cooja/mtype16.a(tsch-schedule.o)
                0x0000000000016aeb                tsch_schedule_add_slotframe
                0x0000000000016c32                tsch_schedule_remove_all_slotframes
                0x0000000000016c74                tsch_schedule_remove_slotframe
                0x0000000000016d5a                tsch_schedule_get_slotframe_by_handle
                0x0000000000016db8                tsch_schedule_get_link_by_handle
                0x0000000000016e43                tsch_schedule_add_link
                0x000000000001719f                tsch_schedule_remove_link
                0x00000000000173c5                tsch_schedule_remove_link_by_timeslot
                0x0000000000017414                tsch_schedule_get_link_by_timeslot
                0x0000000000017484                tsch_schedule_get_next_active_link
                0x00000000000176db                tsch_schedule_init
                0x0000000000017722                tsch_schedule_create_minimal
                0x0000000000017771                tsch_schedule_slotframe_head
                0x0000000000017786                tsch_schedule_slotframe_next
                0x00000000000177a0                tsch_schedule_print
 .text          0x000000000001796e     0x17cb obj_cooja/mtype16.a(tsch-slot-opera)
                0x000000000001796e                tsch_is_locked
                0x000000000001797a                tsch_get_lock
                0x0000000000017a0e                tsch_release_lock
                0x0000000000017a1f                tsch_calculate_channel
                0x0000000000018fc5                tsch_slot_operation_start
                0x00000000000190d9                tsch_slot_operation_sync
 .text          0x0000000000019139      0xad6 obj_cooja/mtype16.a(tsch-packet.o)
                0x0000000000019168                tsch_packet_eackbuf_attr
                0x0000000000019188                tsch_packet_create_eack
                0x000000000001937c                tsch_packet_parse_eack
                0x0000000000019533                tsch_packet_create_eb
                0x000000000001989a                tsch_packet_update_eb
                0x0000000000019919                tsch_packet_parse_eb
 .text          0x0000000000019c0f      0x146 obj_cooja/mtype16.a(tsch-rpl.o)
                0x0000000000019c0f                tsch_rpl_callback_ka_sent
                0x0000000000019c4e                tsch_rpl_callback_joining_network
                0x0000000000019c55                tsch_rpl_callback_leaving_network
                0x0000000000019c70                tsch_rpl_callback_new_dio_interval
                0x0000000000019d11                tsch_rpl_callback_parent_switch
 .text          0x0000000000019d55      0x330 obj_cooja/mtype16.a(tsch-adaptive-t)
                0x0000000000019d55                tsch_adaptive_timesync_get_drift_ppm
                0x0000000000019ea4                tsch_timesync_update
                0x000000000001a01b                tsch_timesync_adaptive_compensate
 .text          0x000000000001a085      0x222 obj_cooja/mtype16.a(uipbuf.o)
                0x000000000001a085                uipbuf_get_next_header
                0x000000000001a109                uipbuf_get_last_header
                0x000000000001a1ad                uipbuf_get_attr
                0x000000000001a1da                uipbuf_set_attr
                0x000000000001a216                uipbuf_clear_attr
                0x000000000001a242                uipbuf_set_attr_flag
                0x000000000001a261                uipbuf_clr_attr_flag
                0x000000000001a286                uipbuf_is_attr_flag
 .text          0x000000000001a2a7      0xd4e obj_cooja/mtype16.a(uip-ds6.o)
                0x000000000001a2a7                uip_ds6_init
                0x000000000001a481                uip_ds6_periodic
                0x000000000001a51f                uip_ds6_list_loop
                0x000000000001a604                uip_ds6_prefix_add
                0x000000000001a6d1                uip_ds6_prefix_rm
                0x000000000001a6eb                uip_ds6_prefix_lookup
                0x000000000001a73e                uip_ds6_is_addr_onlink
                0x000000000001a7ce                uip_ds6_addr_add
                0x000000000001a90f                uip_ds6_addr_rm
                0x000000000001a9c3                uip_ds6_addr_lookup
                0x000000000001aa11                uip_ds6_get_link_local
                0x000000000001aab2                uip_ds6_get_global
                0x000000000001ab53                uip_ds6_maddr_add
                0x000000000001abc8                uip_ds6_maddr_rm
                0x000000000001abe2                uip_ds6_maddr_lookup
                0x000000000001ac33                uip_ds6_aaddr_add
                0x000000000001aca8                uip_ds6_aaddr_rm
                0x000000000001acc2                uip_ds6_aaddr_lookup
                0x000000000001ad13                uip_ds6_select_src
                0x000000000001ae99                uip_ds6_set_addr_iid
                0x000000000001aece                uip_ds6_set_lladdr_from_iid
                0x000000000001af01                get_match_length
                0x000000000001afab                uip_ds6_compute_reachable_time
 .text          0x000000000001aff5      0x888 obj_cooja/mtype16.a(tcpip.o)
                0x000000000001b021                tcpip_output
                0x000000000001b0c3                udp_attach
                0x000000000001b0ed                udp_new
                0x000000000001b144                udp_broadcast_new
                0x000000000001b2e1                tcpip_input
                0x000000000001b4ba                tcpip_ipv6_output
                0x000000000001b73c                tcpip_poll_udp
                0x000000000001b766                tcpip_uipcall
 .text          0x000000000001b87d     0x17df obj_cooja/mtype16.a(uip6.o)
                0x000000000001b93d                uip_chksum
                0x000000000001ba35                uip_icmp6chksum
                0x000000000001ba45                uip_udpchksum
                0x000000000001ba55                uip_init
                0x000000000001bab2                remove_ext_hdr
                0x000000000001bbe7                uip_udp_new
                0x000000000001bfc9                uip_process
                0x000000000001cf12                uip_htons
                0x000000000001cf31                uip_htonl
                0x000000000001cf75                uip_send
 .text          0x000000000001d05c      0x30b obj_cooja/mtype16.a(uip-ds6-nbr.o)
                0x000000000001d05c                uip_ds6_neighbors_init
                0x000000000001d084                uip_ds6_nbr_add
                0x000000000001d121                uip_ds6_nbr_rm
                0x000000000001d17d                uip_ds6_nbr_get_ipaddr
                0x000000000001d199                uip_ds6_nbr_get_ll
                0x000000000001d1c0                uip_ds6_nbr_num
                0x000000000001d214                uip_ds6_nbr_head
                0x000000000001d22c                uip_ds6_nbr_next
                0x000000000001d253                uip_ds6_nbr_lookup
                0x000000000001d2cb                uip_ds6_nbr_ll_lookup
                0x000000000001d2f2                uip_ds6_nbr_ipaddr_from_lladdr
                0x000000000001d322                uip_ds6_nbr_lladdr_from_ipaddr
                0x000000000001d35a                uip_ds6_link_callback
 .text          0x000000000001d367      0x855 obj_cooja/mtype16.a(uip-nd6.o)
                0x000000000001dba9                uip_nd6_init
 .text          0x000000000001dbbc      0x41f obj_cooja/mtype16.a(simple-udp.o)
                0x000000000001dbe9                simple_udp_send
                0x000000000001dc57                simple_udp_sendto
                0x000000000001dcc5                simple_udp_sendto_port
                0x000000000001dd31                simple_udp_register
 .text          0x000000000001dfdb      0x39e obj_cooja/mtype16.a(uip-ds6-route.o)
                0x000000000001e030                uip_ds6_route_init
                0x000000000001e052                uip_ds6_route_nexthop
                0x000000000001e061                uip_ds6_route_head
                0x000000000001e06c                uip_ds6_route_next
                0x000000000001e07b                uip_ds6_route_is_nexthop
                0x000000000001e08a                uip_ds6_route_num_routes
                0x000000000001e095                uip_ds6_route_lookup
                0x000000000001e0a4                uip_ds6_route_add
                0x000000000001e0bc                uip_ds6_route_rm
                0x000000000001e0c7                uip_ds6_route_rm_by_nexthop
                0x000000000001e0d2                uip_ds6_defrt_head
                0x000000000001e0e7                uip_ds6_defrt_add
                0x000000000001e1a0                uip_ds6_defrt_rm
                0x000000000001e20f                uip_ds6_defrt_lookup
                0x000000000001e282                uip_ds6_defrt_choose
                0x000000000001e301                uip_ds6_defrt_periodic
 .text          0x000000000001e379     0x2fc2 obj_cooja/mtype16.a(sicslowpan.o)
                0x000000000001e9d4                netstack_sniffer_add
                0x000000000001e9ea                netstack_sniffer_remove
                0x0000000000021307                sicslowpan_init
                0x000000000002132f                sicslowpan_get_last_rssi
 .text          0x000000000002133b      0x74e obj_cooja/mtype16.a(rpl-neighbor.o)
                0x00000000000213a1                rpl_neighbor_print_list
                0x0000000000021448                rpl_neighbor_count
                0x000000000002152b                rpl_neighbor_get_from_lladdr
                0x0000000000021552                rpl_neighbor_is_acceptable_parent
                0x000000000002159a                rpl_neighbor_get_link_metric
                0x00000000000215e2                rpl_neighbor_rank_via_nbr
                0x000000000002162a                rpl_neighbor_get_lladdr
                0x0000000000021651                rpl_neighbor_get_ipaddr
                0x000000000002167b                rpl_neighbor_get_link_stats
                0x00000000000216a5                rpl_neighbor_is_fresh
                0x00000000000216cf                rpl_neighbor_is_reachable
                0x0000000000021723                rpl_neighbor_is_parent
                0x0000000000021758                rpl_neighbor_set_preferred_parent
                0x000000000002181a                rpl_neighbor_remove_all
                0x0000000000021872                rpl_neighbor_get_from_ipaddr
                0x000000000002199f                rpl_neighbor_select_best
                0x0000000000021a69                rpl_neighbor_init
 .text          0x0000000000021a89     0x1129 obj_cooja/mtype16.a(rpl-dag.o)
                0x0000000000021a89                rpl_dag_state_to_str
                0x0000000000021ad6                rpl_dag_get_root_ipaddr
                0x0000000000021b1c                rpl_dag_leave
                0x0000000000021bc0                rpl_dag_poison_and_leave
                0x0000000000021bda                rpl_dag_periodic
                0x0000000000021c9a                rpl_is_addr_in_our_dag
                0x0000000000021cef                rpl_get_default_instance
                0x0000000000021d12                rpl_get_any_dag
                0x0000000000021d77                rpl_global_repair
                0x0000000000021e5b                rpl_local_repair
                0x0000000000021ebb                rpl_dag_ready_to_advertise
                0x0000000000021f0f                rpl_dag_update_state
                0x0000000000022783                rpl_process_dio
                0x0000000000022825                rpl_process_dis
                0x0000000000022872                rpl_process_dao
                0x0000000000022917                rpl_process_dao_ack
                0x00000000000229bb                rpl_process_hbh
                0x0000000000022a16                rpl_dag_init_root
                0x0000000000022b8d                rpl_dag_init
 .text          0x0000000000022bb2      0xd1b obj_cooja/mtype16.a(rpl-timers.o)
                0x0000000000022bb2                rpl_timers_schedule_periodic_dis
                0x0000000000022db6                rpl_timers_dio_reset
                0x0000000000022efd                rpl_timers_schedule_unicast_dio
                0x000000000002310e                rpl_timers_schedule_dao
                0x00000000000232a6                rpl_timers_schedule_dao_ack
                0x000000000002335a                get_probing_delay
                0x00000000000233ef                get_probing_target
                0x0000000000023641                rpl_schedule_probing
                0x00000000000236a1                rpl_timers_unschedule_leaving
                0x00000000000236e1                rpl_timers_schedule_leaving
                0x0000000000023732                rpl_timers_init
                0x00000000000237d3                rpl_timers_stop_dag_timers
                0x000000000002385c                rpl_timers_unschedule_state_update
                0x0000000000023882                rpl_timers_schedule_state_update
 .text          0x00000000000238cd      0x5e0 obj_cooja/mtype16.a(rpl.o)
                0x00000000000238cd                rpl_lollipop_greater_than
                0x000000000002392d                rpl_get_global_address
                0x0000000000023ac9                rpl_link_callback
                0x0000000000023b09                rpl_has_joined
                0x0000000000023b38                rpl_is_reachable
                0x0000000000023bd6                rpl_reset_prefix
                0x0000000000023c49                rpl_set_prefix_from_addr
                0x0000000000023d57                rpl_set_prefix
 .text          0x0000000000023ead      0x374 obj_cooja/mtype16.a(rpl-mrhof.o)
 .text          0x0000000000024221     0x16a6 obj_cooja/mtype16.a(rpl-icmp6.o)
                0x00000000000243a5                rpl_icmp6_update_nbr_table
                0x0000000000024468                rpl_icmp6_dis_output
                0x0000000000024b8f                rpl_icmp6_dio_output
                0x000000000002547d                rpl_icmp6_dao_output
                0x00000000000257fd                rpl_icmp6_dao_ack_output
                0x0000000000025890                rpl_icmp6_init
 .text          0x00000000000258c7      0x2e4 obj_cooja/mtype16.a(rpl-dag-root.o)
                0x00000000000259d2                rpl_dag_root_set_prefix
                0x0000000000025a0a                rpl_dag_root_start
                0x0000000000025b6f                rpl_dag_root_is_root
 .text          0x0000000000025bab       0x23 obj_cooja/mtype16.a(watchdog.o)
                0x0000000000025bab                watchdog_init
                0x0000000000025bb2                watchdog_start
                0x0000000000025bb9                watchdog_periodic
                0x0000000000025bc0                watchdog_stop
                0x0000000000025bc7                watchdog_reboot
 .text          0x0000000000025bce      0x106 obj_cooja/mtype16.a(stimer.o)
                0x0000000000025bce                stimer_set
                0x0000000000025bfc                stimer_reset
                0x0000000000025c20                stimer_restart
                0x0000000000025c3e                stimer_expired
                0x0000000000025c7f                stimer_remaining
                0x0000000000025cb1                stimer_elapsed
 .text          0x0000000000025cd4      0x236 obj_cooja/mtype16.a(ringbufindex.o)
                0x0000000000025cd4                ringbufindex_init
                0x0000000000025d01                ringbufindex_put
                0x0000000000025d68                ringbufindex_peek_put
                0x0000000000025db6                ringbufindex_get
                0x0000000000025e1f                ringbufindex_peek_get
                0x0000000000025e63                ringbufindex_size
                0x0000000000025e7a                ringbufindex_elements
                0x0000000000025ea8                ringbufindex_full
                0x0000000000025ee8                ringbufindex_empty
 .text          0x0000000000025f0a      0x20e obj_cooja/mtype16.a(memb.o)
                0x0000000000025f0a                memb_init
                0x0000000000025f69                memb_alloc
                0x0000000000025fe1                memb_free
                0x0000000000026079                memb_inmemb
                0x00000000000260cc                memb_numfree
 .text          0x0000000000026118      0x330 obj_cooja/mtype16.a(queuebuf.o)
                0x0000000000026129                queuebuf_init
                0x0000000000026148                queuebuf_numfree
                0x000000000002615a                queuebuf_new_from_packetbuf
                0x0000000000026203                queuebuf_update_attr_from_packetbuf
                0x0000000000026242                queuebuf_update_from_packetbuf
                0x000000000002629a                queuebuf_free
                0x00000000000262e9                queuebuf_to_packetbuf
                0x000000000002635b                queuebuf_dataptr
                0x000000000002639b                queuebuf_datalen
                0x00000000000263c7                queuebuf_addr
                0x000000000002640a                queuebuf_attr
                0x0000000000026441                queuebuf_debug_print
 .text          0x0000000000026448      0x9f8 obj_cooja/mtype16.a(nbr-table.o)
                0x00000000000269f0                nbr_table_register
                0x0000000000026a57                nbr_table_is_register
                0x0000000000026a95                nbr_table_head
                0x0000000000026afc                nbr_table_next
                0x0000000000026b72                nbr_table_add_lladdr
                0x0000000000026c64                nbr_table_get_from_lladdr
                0x0000000000026cbc                nbr_table_remove
                0x0000000000026d0c                nbr_table_lock
                0x0000000000026d3a                nbr_table_unlock
                0x0000000000026d68                nbr_table_get_lladdr
                0x0000000000026da7                nbr_table_update_lladdr
 .text          0x0000000000026e40      0x3e2 obj_cooja/mtype16.a(link-stats.o)
                0x0000000000026e40                link_stats_from_lladdr
                0x0000000000026e64                link_stats_is_fresh
                0x0000000000026eae                guess_etx_from_rssi
                0x0000000000026f2f                link_stats_packet_sent
                0x0000000000027063                link_stats_input_callback
                0x0000000000027190                link_stats_reset
                0x00000000000271e7                link_stats_init
 .text          0x0000000000027222      0x1da obj_cooja/mtype16.a(mac-sequence.o)
                0x0000000000027222                mac_sequence_is_duplicate
                0x0000000000027303                mac_sequence_register_seqno
 .text          0x00000000000273fc       0x33 obj_cooja/mtype16.a(mac.o)
                0x00000000000273fc                mac_call_sent_callback
 .text          0x000000000002742f     0x10bd obj_cooja/mtype16.a(frame802154e-ie)
                0x0000000000027564                frame80215e_create_ie_header_ack_nack_time_correction
                0x00000000000275fe                frame80215e_create_ie_header_list_termination_1
                0x000000000002764f                frame80215e_create_ie_header_list_termination_2
                0x00000000000276a0                frame80215e_create_ie_payload_list_termination
                0x00000000000276f1                frame80215e_create_ie_mlme
                0x0000000000027748                frame80215e_create_ie_tsch_synchronization
                0x0000000000027816                frame80215e_create_ie_tsch_slotframe_and_link
                0x0000000000027a5c                frame80215e_create_ie_tsch_timeslot
                0x0000000000027b52                frame80215e_create_ie_tsch_channel_hopping_sequence
                0x00000000000281c5                frame802154e_parse_information_elements
 .text          0x00000000000284ec      0x42f obj_cooja/mtype16.a(framer-802154.o)
                0x0000000000028683                framer_802154_setup_params
 .text          0x000000000002891b      0xc84 obj_cooja/mtype16.a(frame802154.o)
                0x0000000000028949                frame802154_get_pan_id
                0x0000000000028956                frame802154_set_pan_id
                0x000000000002896e                frame802154_has_panid
                0x0000000000028b49                frame802154_check_dest_panid
                0x0000000000028be4                frame802154_is_broadcast_addr
                0x0000000000028c37                frame802154_extract_linkaddr
                0x0000000000028ecd                frame802154_hdrlen
                0x0000000000028f48                frame802154_create_fcf
                0x0000000000029016                frame802154_create
                0x00000000000291bc                frame802154_parse_fcf
                0x00000000000292af                frame802154_parse
 .text          0x000000000002959f      0xba9 obj_cooja/mtype16.a(uip-icmp6.o)
                0x0000000000029618                uip_icmp6_input
                0x0000000000029672                uip_icmp6_register_input_handler
                0x00000000000298fa                uip_icmp6_error_output
                0x0000000000029d65                uip_icmp6_send
                0x000000000002a0c1                uip_icmp6_echo_reply_callback_add
                0x000000000002a104                uip_icmp6_echo_reply_callback_rm
                0x000000000002a129                uip_icmp6_init
 .text          0x000000000002a148      0x587 obj_cooja/mtype16.a(uip-sr.o)
                0x000000000002a148                uip_sr_num_nodes
                0x000000000002a1eb                uip_sr_get_node
                0x000000000002a24f                uip_sr_is_addr_reachable
                0x000000000002a313                uip_sr_expire_parent
                0x000000000002a372                uip_sr_update_node
                0x000000000002a4df                uip_sr_init
                0x000000000002a50b                uip_sr_node_head
                0x000000000002a520                uip_sr_node_next
                0x000000000002a53a                uip_sr_periodic
                0x000000000002a658                uip_sr_free_all
 .text          0x000000000002a6cf      0x197 obj_cooja/mtype16.a(uip-packetqueue)
                0x000000000002a707                uip_packetqueue_new
                0x000000000002a71d                uip_packetqueue_alloc
                0x000000000002a793                uip_packetqueue_free
                0x000000000002a7e4                uip_packetqueue_buf
                0x000000000002a80c                uip_packetqueue_buflen
                0x000000000002a837                uip_packetqueue_set_buflen
 .text          0x000000000002a866      0x13c obj_cooja/mtype16.a(uip-udp-packet.)
                0x000000000002a866                uip_udp_packet_send
                0x000000000002a8e1                uip_udp_packet_sendto
 .text          0x000000000002a9a2      0x211 obj_cooja/mtype16.a(rpl-nbr-policy.)
                0x000000000002ab61                rpl_nbr_policy_find_removable
 .text          0x000000000002abb3     0x1467 obj_cooja/mtype16.a(rpl-ext-header.)
                0x000000000002abb3                rpl_ext_header_srh_get_next_hop
                0x000000000002ad93                rpl_ext_header_srh_update
                0x000000000002b631                rpl_ext_header_hbh_update
                0x000000000002bd11                rpl_ext_header_update
                0x000000000002bdb7                rpl_ext_header_remove
 .text          0x000000000002c01a        0x0 /usr/lib/gcc/x86_64-linux-gnu/7/crtendS.o
 .text          0x000000000002c01a        0x0 /usr/lib/gcc/x86_64-linux-gnu/7/../../../x86_64-linux-gnu/crtn.o
 *(.gnu.warning)

.fini           0x000000000002c01c        0x9
 *(SORT(.fini))
 .fini          0x000000000002c01c        0x4 /usr/lib/gcc/x86_64-linux-gnu/7/../../../x86_64-linux-gnu/crti.o
                0x000000000002c01c                _fini
 .fini          0x000000000002c020        0x5 /usr/lib/gcc/x86_64-linux-gnu/7/../../../x86_64-linux-gnu/crtn.o
                [!provide]                        PROVIDE (__etext, .)
                [!provide]                        PROVIDE (_etext, .)
                [!provide]                        PROVIDE (etext, .)

.rodata         0x000000000002c030     0x10a2
 *(.rodata .rodata.* .gnu.linkonce.r.*)
 .rodata        0x000000000002c030      0x199 udp-client.o
 *fill*         0x000000000002c1c9        0x7 
 .rodata        0x000000000002c1d0       0xc3 obj_cooja/mtype16.o
 .rodata        0x000000000002c293        0x7 obj_cooja/mtype16.a(button-sensor.o)
 .rodata        0x000000000002c29a        0x4 obj_cooja/mtype16.a(pir-sensor.o)
 .rodata        0x000000000002c29e        0x6 obj_cooja/mtype16.a(rs232.o)
 .rodata        0x000000000002c2a4        0xa obj_cooja/mtype16.a(vib-sensor.o)
 *fill*         0x000000000002c2ae        0x2 
 .rodata        0x000000000002c2b0       0x27 obj_cooja/mtype16.a(cfs-cooja.o)
 .rodata        0x000000000002c2d7       0x14 obj_cooja/mtype16.a(cooja-radio.o)
 .rodata        0x000000000002c2eb        0x8 obj_cooja/mtype16.a(sensors.o)
 .rodata        0x000000000002c2f3        0xf obj_cooja/mtype16.a(ctimer.o)
 .rodata        0x000000000002c302        0xc obj_cooja/mtype16.a(etimer.o)
 .rodata        0x000000000002c30e        0xe obj_cooja/mtype16.a(serial-line.o)
 *fill*         0x000000000002c31c        0x4 
 .rodata        0x000000000002c320        0x8 obj_cooja/mtype16.a(linkaddr.o)
                0x000000000002c320                linkaddr_null
 *fill*         0x000000000002c328        0x8 
 .rodata        0x000000000002c330      0x785 obj_cooja/mtype16.a(tsch.o)
                0x000000000002c348                tsch_broadcast_address
                0x000000000002c350                tsch_eb_address
 *fill*         0x000000000002cab5        0x3 
 .rodata        0x000000000002cab8       0x7d obj_cooja/mtype16.a(tsch-queue.o)
 *fill*         0x000000000002cb35        0x3 
 .rodata        0x000000000002cb38      0x208 obj_cooja/mtype16.a(tsch-schedule.o)
 .rodata        0x000000000002cd40       0x3d obj_cooja/mtype16.a(tsch-slot-opera)
 *fill*         0x000000000002cd7d        0x3 
 .rodata        0x000000000002cd80       0xf1 obj_cooja/mtype16.a(tsch-packet.o)
 .rodata        0x000000000002ce71        0xd obj_cooja/mtype16.a(tsch-rpl.o)
 .rodata        0x000000000002ce7e        0xd obj_cooja/mtype16.a(tcpip.o)
 *fill*         0x000000000002ce8b        0x1 
 .rodata        0x000000000002ce8c       0xf4 obj_cooja/mtype16.a(uip6.o)
 .rodata        0x000000000002cf80       0x13 obj_cooja/mtype16.a(simple-udp.o)
 *fill*         0x000000000002cf93        0x5 
 .rodata        0x000000000002cf98       0x4d obj_cooja/mtype16.a(uip-ds6-route.o)
 .rodata        0x000000000002cfe5       0x1d obj_cooja/mtype16.a(sicslowpan.o)
                0x000000000002cfe5                unc_llconf
                0x000000000002cfe9                unc_ctxconf
                0x000000000002cfed                unc_mxconf
                0x000000000002cff1                llprefix
 .rodata        0x000000000002d002       0xbb obj_cooja/mtype16.a(rpl-dag.o)
 .rodata        0x000000000002d0bd        0xc obj_cooja/mtype16.a(rpl-timers.o)
 .rodata        0x000000000002d0c9        0x9 obj_cooja/mtype16.a(rpl.o)

.rodata1
 *(.rodata1)

.eh_frame_hdr   0x000000000002d0d4     0x16ac
 *(.eh_frame_hdr)
 .eh_frame_hdr  0x000000000002d0d4     0x16ac udp-client.o
                0x000000000002d0d4                __GNU_EH_FRAME_HDR
 *(.eh_frame_entry .eh_frame_entry.*)

.eh_frame       0x000000000002e780     0x5b38
 *(.eh_frame)
 .eh_frame      0x000000000002e780       0x40 /usr/lib/gcc/x86_64-linux-gnu/7/../../../x86_64-linux-gnu/crti.o
 .eh_frame      0x000000000002e7c0       0x18 /usr/lib/gcc/x86_64-linux-gnu/7/../../../x86_64-linux-gnu/crti.o
                                         0x30 (size before relaxing)
 .eh_frame      0x000000000002e7d8      0x168 udp-client.o
                                        0x180 (size before relaxing)
 .eh_frame      0x000000000002e940      0x138 obj_cooja/mtype16.o
                                        0x150 (size before relaxing)
 .eh_frame      0x000000000002ea78       0x40 obj_cooja/mtype16.a(simEnvChange.o)
                                         0x58 (size before relaxing)
 .eh_frame      0x000000000002eab8       0x60 obj_cooja/mtype16.a(cooja_mt.o)
                                         0x78 (size before relaxing)
 .eh_frame      0x000000000002eb18       0x80 obj_cooja/mtype16.a(cooja_mtarch.o)
                                         0x98 (size before relaxing)
 .eh_frame      0x000000000002eb98       0xc0 obj_cooja/mtype16.a(rtimer-arch.o)
                                         0xd8 (size before relaxing)
 .eh_frame      0x000000000002ec58      0x160 obj_cooja/mtype16.a(beep.o)
                                        0x178 (size before relaxing)
 .eh_frame      0x000000000002edb8       0xa0 obj_cooja/mtype16.a(button-sensor.o)
                                         0xb8 (size before relaxing)
 .eh_frame      0x000000000002ee58       0xa0 obj_cooja/mtype16.a(leds-arch.o)
                                         0xb8 (size before relaxing)
 .eh_frame      0x000000000002eef8       0x40 obj_cooja/mtype16.a(moteid.o)
                                         0x58 (size before relaxing)
 .eh_frame      0x000000000002ef38       0xa0 obj_cooja/mtype16.a(pir-sensor.o)
                                         0xb8 (size before relaxing)
 .eh_frame      0x000000000002efd8      0x100 obj_cooja/mtype16.a(rs232.o)
                                        0x118 (size before relaxing)
 .eh_frame      0x000000000002f0d8       0xa0 obj_cooja/mtype16.a(vib-sensor.o)
                                         0xb8 (size before relaxing)
 .eh_frame      0x000000000002f178       0xc0 obj_cooja/mtype16.a(clock.o)
                                         0xd8 (size before relaxing)
 .eh_frame      0x000000000002f238      0x128 obj_cooja/mtype16.a(cooja-log.o)
                                        0x140 (size before relaxing)
 .eh_frame      0x000000000002f360      0x160 obj_cooja/mtype16.a(cfs-cooja.o)
                                        0x178 (size before relaxing)
 .eh_frame      0x000000000002f4c0      0x340 obj_cooja/mtype16.a(cooja-radio.o)
                                        0x358 (size before relaxing)
 .eh_frame      0x000000000002f800       0xa0 obj_cooja/mtype16.a(eeprom.o)
                                         0xb8 (size before relaxing)
 .eh_frame      0x000000000002f8a0       0x40 obj_cooja/mtype16.a(random.o)
                                         0x58 (size before relaxing)
 .eh_frame      0x000000000002f8e0       0xc0 obj_cooja/mtype16.a(sensors.o)
                                         0xd8 (size before relaxing)
 .eh_frame      0x000000000002f9a0      0x100 obj_cooja/mtype16.a(ctimer.o)
                                        0x118 (size before relaxing)
 .eh_frame      0x000000000002faa0       0x40 obj_cooja/mtype16.a(autostart.o)
                                         0x58 (size before relaxing)
 .eh_frame      0x000000000002fae0       0xa0 obj_cooja/mtype16.a(energest.o)
                                         0xb8 (size before relaxing)
 .eh_frame      0x000000000002fb80      0x1e0 obj_cooja/mtype16.a(etimer.o)
                                        0x1f8 (size before relaxing)
 .eh_frame      0x000000000002fd60      0x1c8 obj_cooja/mtype16.a(process.o)
                                        0x1e0 (size before relaxing)
 .eh_frame      0x000000000002ff28       0x60 obj_cooja/mtype16.a(rtimer.o)
                                         0x78 (size before relaxing)
 .eh_frame      0x000000000002ff88       0xa0 obj_cooja/mtype16.a(timer.o)
                                         0xb8 (size before relaxing)
 .eh_frame      0x0000000000030028       0x60 obj_cooja/mtype16.a(serial-line.o)
                                         0x78 (size before relaxing)
 .eh_frame      0x0000000000030088      0x180 obj_cooja/mtype16.a(list.o)
                                        0x198 (size before relaxing)
 .eh_frame      0x0000000000030208       0xa0 obj_cooja/mtype16.a(ringbuf.o)
                                         0xb8 (size before relaxing)
 .eh_frame      0x00000000000302a8      0x288 obj_cooja/mtype16.a(packetbuf.o)
                                        0x2a0 (size before relaxing)
 .eh_frame      0x0000000000030530       0x80 obj_cooja/mtype16.a(netstack.o)
                                         0x98 (size before relaxing)
 .eh_frame      0x00000000000305b0       0x60 obj_cooja/mtype16.a(linkaddr.o)
                                         0x78 (size before relaxing)
 .eh_frame      0x0000000000030610      0x340 obj_cooja/mtype16.a(tsch.o)
                                        0x358 (size before relaxing)
 .eh_frame      0x0000000000030950      0x2e8 obj_cooja/mtype16.a(tsch-queue.o)
                                        0x300 (size before relaxing)
 .eh_frame      0x0000000000030c38      0x1e0 obj_cooja/mtype16.a(tsch-schedule.o)
                                        0x1f8 (size before relaxing)
 .eh_frame      0x0000000000030e18      0x1c8 obj_cooja/mtype16.a(tsch-slot-opera)
                                        0x1e0 (size before relaxing)
 .eh_frame      0x0000000000030fe0       0xe8 obj_cooja/mtype16.a(tsch-packet.o)
                                        0x100 (size before relaxing)
 .eh_frame      0x00000000000310c8       0xa0 obj_cooja/mtype16.a(tsch-rpl.o)
                                         0xb8 (size before relaxing)
 .eh_frame      0x0000000000031168       0xc0 obj_cooja/mtype16.a(tsch-adaptive-t)
                                         0xd8 (size before relaxing)
 .eh_frame      0x0000000000031228      0x100 obj_cooja/mtype16.a(uipbuf.o)
                                        0x118 (size before relaxing)
 .eh_frame      0x0000000000031328      0x2e8 obj_cooja/mtype16.a(uip-ds6.o)
                                        0x300 (size before relaxing)
 .eh_frame      0x0000000000031610      0x248 obj_cooja/mtype16.a(tcpip.o)
                                        0x260 (size before relaxing)
 .eh_frame      0x0000000000031858      0x1a8 obj_cooja/mtype16.a(uip6.o)
                                        0x1c0 (size before relaxing)
 .eh_frame      0x0000000000031a00      0x1a0 obj_cooja/mtype16.a(uip-ds6-nbr.o)
                                        0x1b8 (size before relaxing)
 .eh_frame      0x0000000000031ba0       0x80 obj_cooja/mtype16.a(uip-nd6.o)
                                         0x98 (size before relaxing)
 .eh_frame      0x0000000000031c20       0xc0 obj_cooja/mtype16.a(simple-udp.o)
                                         0xd8 (size before relaxing)
 .eh_frame      0x0000000000031ce0      0x220 obj_cooja/mtype16.a(uip-ds6-route.o)
                                        0x238 (size before relaxing)
 .eh_frame      0x0000000000031f00      0x2c0 obj_cooja/mtype16.a(sicslowpan.o)
                                        0x2d8 (size before relaxing)
 .eh_frame      0x00000000000321c0      0x280 obj_cooja/mtype16.a(rpl-neighbor.o)
                                        0x298 (size before relaxing)
 .eh_frame      0x0000000000032440      0x340 obj_cooja/mtype16.a(rpl-dag.o)
                                        0x358 (size before relaxing)
 .eh_frame      0x0000000000032780      0x348 obj_cooja/mtype16.a(rpl-timers.o)
                                        0x360 (size before relaxing)
 .eh_frame      0x0000000000032ac8      0x1a0 obj_cooja/mtype16.a(rpl.o)
                                        0x1b8 (size before relaxing)
 .eh_frame      0x0000000000032c68      0x148 obj_cooja/mtype16.a(rpl-mrhof.o)
                                        0x160 (size before relaxing)
 .eh_frame      0x0000000000032db0      0x1c0 obj_cooja/mtype16.a(rpl-icmp6.o)
                                        0x1d8 (size before relaxing)
 .eh_frame      0x0000000000032f70       0x80 obj_cooja/mtype16.a(rpl-dag-root.o)
                                         0x98 (size before relaxing)
 .eh_frame      0x0000000000032ff0       0xa0 obj_cooja/mtype16.a(watchdog.o)
                                         0xb8 (size before relaxing)
 .eh_frame      0x0000000000033090       0xc0 obj_cooja/mtype16.a(stimer.o)
                                         0xd8 (size before relaxing)
 .eh_frame      0x0000000000033150      0x120 obj_cooja/mtype16.a(ringbufindex.o)
                                        0x138 (size before relaxing)
 .eh_frame      0x0000000000033270       0xa0 obj_cooja/mtype16.a(memb.o)
                                         0xb8 (size before relaxing)
 .eh_frame      0x0000000000033310      0x1a0 obj_cooja/mtype16.a(queuebuf.o)
                                        0x1b8 (size before relaxing)
 .eh_frame      0x00000000000334b0      0x2c0 obj_cooja/mtype16.a(nbr-table.o)
                                        0x2d8 (size before relaxing)
 .eh_frame      0x0000000000033770      0x100 obj_cooja/mtype16.a(link-stats.o)
                                        0x118 (size before relaxing)
 .eh_frame      0x0000000000033870       0x48 obj_cooja/mtype16.a(mac-sequence.o)
                                         0x60 (size before relaxing)
 .eh_frame      0x00000000000338b8       0x20 obj_cooja/mtype16.a(mac.o)
                                         0x38 (size before relaxing)
 .eh_frame      0x00000000000338d8      0x220 obj_cooja/mtype16.a(frame802154e-ie)
                                        0x238 (size before relaxing)
 .eh_frame      0x0000000000033af8       0xa8 obj_cooja/mtype16.a(framer-802154.o)
                                         0xc0 (size before relaxing)
 .eh_frame      0x0000000000033ba0      0x1a8 obj_cooja/mtype16.a(frame802154.o)
                                        0x1c0 (size before relaxing)
 .eh_frame      0x0000000000033d48      0x148 obj_cooja/mtype16.a(uip-icmp6.o)
                                        0x160 (size before relaxing)
 .eh_frame      0x0000000000033e90      0x160 obj_cooja/mtype16.a(uip-sr.o)
                                        0x178 (size before relaxing)
 .eh_frame      0x0000000000033ff0       0xe0 obj_cooja/mtype16.a(uip-packetqueue)
                                         0xf8 (size before relaxing)
 .eh_frame      0x00000000000340d0       0x40 obj_cooja/mtype16.a(uip-udp-packet.)
                                         0x58 (size before relaxing)
 .eh_frame      0x0000000000034110       0x80 obj_cooja/mtype16.a(rpl-nbr-policy.)
                                         0x98 (size before relaxing)
 .eh_frame      0x0000000000034190      0x124 obj_cooja/mtype16.a(rpl-ext-header.)
                                        0x140 (size before relaxing)
 .eh_frame      0x00000000000342b4        0x4 /usr/lib/gcc/x86_64-linux-gnu/7/crtendS.o
 *(.eh_frame.*)

.gcc_except_table
 *(.gcc_except_table .gcc_except_table.*)

.gnu_extab
 *(.gnu_extab*)

.exception_ranges
 *(.exception_ranges .exception_ranges*)
                0x00000000002345f0                . = DATA_SEGMENT_ALIGN (CONSTANT (MAXPAGESIZE), CONSTANT (COMMONPAGESIZE))

.eh_frame
 *(.eh_frame)
 *(.eh_frame.*)

.gnu_extab
 *(.gnu_extab)

.gcc_except_table
 *(.gcc_except_table .gcc_except_table.*)

.exception_ranges
 *(.exception_ranges .exception_ranges*)

.tdata
 *(.tdata .tdata.* .gnu.linkonce.td.*)

.tbss
 *(.tbss .tbss.* .gnu.linkonce.tb.*)
 *(.tcommon)

.preinit_array
 *(.preinit_array)

.init_array     0x00000000002345f0        0x8
 *(SORT(.init_array.*) SORT(.ctors.*))
 *(.init_array EXCLUDE_FILE(*crtend?.o *crtend.o *crtbegin?.o *crtbegin.o) .ctors)
 .init_array    0x00000000002345f0        0x8 /usr/lib/gcc/x86_64-linux-gnu/7/crtbeginS.o

.fini_array     0x00000000002345f8        0x8
 *(SORT(.fini_array.*) SORT(.dtors.*))
 *(.fini_array EXCLUDE_FILE(*crtend?.o *crtend.o *crtbegin?.o *crtbegin.o) .dtors)
 .fini_array    0x00000000002345f8        0x8 /usr/lib/gcc/x86_64-linux-gnu/7/crtbeginS.o

.ctors
 *crtbegin.o(.ctors)
 *crtbegin?.o(.ctors)
 *(EXCLUDE_FILE(*crtend?.o *crtend.o) .ctors)
 *(SORT(.ctors.*))
 *(.ctors)

.dtors
 *crtbegin.o(.dtors)
 *crtbegin?.o(.dtors)
 *(EXCLUDE_FILE(*crtend?.o *crtend.o) .dtors)
 *(SORT(.dtors.*))
 *(.dtors)

.jcr
 *(.jcr)

.data.rel.ro    0x0000000000234600      0x340
 *(.data.rel.ro.local* .gnu.linkonce.d.rel.ro.local.*)
 .data.rel.ro.local
                0x0000000000234600       0x10 obj_cooja/mtype16.a(beep.o)
                0x0000000000234600                beep_interface
 *fill*         0x0000000000234610       0x10 
 .data.rel.ro.local
                0x0000000000234620       0x40 obj_cooja/mtype16.a(button-sensor.o)
                0x0000000000234620                button_interface
                0x0000000000234640                button_sensor
 .data.rel.ro.local
                0x0000000000234660       0x10 obj_cooja/mtype16.a(leds-arch.o)
                0x0000000000234660                leds_interface
 .data.rel.ro.local
                0x0000000000234670       0x10 obj_cooja/mtype16.a(moteid.o)
                0x0000000000234670                moteid_interface
 .data.rel.ro.local
                0x0000000000234680       0x40 obj_cooja/mtype16.a(pir-sensor.o)
                0x0000000000234680                pir_interface
                0x00000000002346a0                pir_sensor
 .data.rel.ro.local
                0x00000000002346c0       0x10 obj_cooja/mtype16.a(rs232.o)
                0x00000000002346c0                rs232_interface
 *fill*         0x00000000002346d0       0x10 
 .data.rel.ro.local
                0x00000000002346e0       0x40 obj_cooja/mtype16.a(vib-sensor.o)
                0x00000000002346e0                vib_interface
                0x0000000000234700                vib_sensor
 .data.rel.ro.local
                0x0000000000234720       0x10 obj_cooja/mtype16.a(clock.o)
                0x0000000000234720                clock_interface
 .data.rel.ro.local
                0x0000000000234730       0x10 obj_cooja/mtype16.a(cooja-log.o)
                0x0000000000234730                simlog_interface
 .data.rel.ro.local
                0x0000000000234740       0x10 obj_cooja/mtype16.a(cfs-cooja.o)
                0x0000000000234740                cfs_interface
 *fill*         0x0000000000234750       0x10 
 .data.rel.ro.local
                0x0000000000234760       0x90 obj_cooja/mtype16.a(cooja-radio.o)
                0x0000000000234760                radio_interface
                0x0000000000234770                dummy_interface
                0x0000000000234780                cooja_radio_driver
 .data.rel.ro.local
                0x00000000002347f0       0x10 obj_cooja/mtype16.a(eeprom.o)
                0x00000000002347f0                eeprom_interface
 .data.rel.ro.local
                0x0000000000234800       0x30 obj_cooja/mtype16.a(tsch.o)
                0x0000000000234800                tschmac_driver
 .data.rel.ro.local
                0x0000000000234830       0x18 obj_cooja/mtype16.a(framer-802154.o)
                0x0000000000234830                framer_802154
 *(.data.rel.ro .data.rel.ro.* .gnu.linkonce.d.rel.ro.*)
 .data.rel.ro   0x0000000000234848        0x0 /usr/lib/gcc/x86_64-linux-gnu/7/../../../x86_64-linux-gnu/crti.o
 *fill*         0x0000000000234848        0x8 
 .data.rel.ro   0x0000000000234850       0x10 udp-client.o
                0x0000000000234850                autostart_processes
 .data.rel.ro   0x0000000000234860       0x20 obj_cooja/mtype16.a(sicslowpan.o)
                0x0000000000234860                sicslowpan_driver
 .data.rel.ro   0x0000000000234880        0x8 obj_cooja/mtype16.a(rpl-dag.o)
 *fill*         0x0000000000234888       0x18 
 .data.rel.ro   0x00000000002348a0       0xa0 obj_cooja/mtype16.a(rpl.o)
                0x00000000002348a0                rpl_lite_driver

.dynamic        0x0000000000234940      0x1c0
 *(.dynamic)
 .dynamic       0x0000000000234940      0x1c0 /usr/lib/gcc/x86_64-linux-gnu/7/../../../x86_64-linux-gnu/crti.o
                0x0000000000234940                _DYNAMIC

.got            0x0000000000234b00      0x4f8
 *(.got)
 .got           0x0000000000234b00      0x4f8 /usr/lib/gcc/x86_64-linux-gnu/7/../../../x86_64-linux-gnu/crti.o
 *(.igot)
                0x0000000000235fe8                . = DATA_SEGMENT_RELRO_END (., (SIZEOF (.got.plt) >= 0x18)?0x18:0x0)

.got.plt        0x0000000000235000      0xb40
 *(.got.plt)
 .got.plt       0x0000000000235000      0xb40 /usr/lib/gcc/x86_64-linux-gnu/7/../../../x86_64-linux-gnu/crti.o
                0x0000000000235000                _GLOBAL_OFFSET_TABLE_
 *(.igot.plt)

.data           0x0000000000235b40      0x718
 *(.data .data.* .gnu.linkonce.d.*)
 .data          0x0000000000235b40        0x0 /usr/lib/gcc/x86_64-linux-gnu/7/../../../x86_64-linux-gnu/crti.o
 .data          0x0000000000235b40        0x0 /usr/lib/gcc/x86_64-linux-gnu/7/crtbeginS.o
 .data.rel.local
                0x0000000000235b40        0x8 /usr/lib/gcc/x86_64-linux-gnu/7/crtbeginS.o
                0x0000000000235b40                __dso_handle
 .data          0x0000000000235b48        0xc udp-client.o
                0x0000000000235b48                curr_log_level_mac
                0x0000000000235b4c                curr_log_level_main
 *fill*         0x0000000000235b54        0xc 
 .data.rel      0x0000000000235b60      0x120 udp-client.o
                0x0000000000235b60                all_modules
 .data.rel.local
                0x0000000000235c80       0x40 udp-client.o
                0x0000000000235c80                udp_client_process
                0x0000000000235ca0                Energest
 .data          0x0000000000235cc0        0x0 obj_cooja/mtype16.o
 .data.rel      0x0000000000235cc0       0xa0 obj_cooja/mtype16.o
                0x0000000000235cc0                simInterfaces
                0x0000000000235d40                sensors
 .data          0x0000000000235d60        0x0 obj_cooja/mtype16.a(simEnvChange.o)
 .data          0x0000000000235d60        0x0 obj_cooja/mtype16.a(cooja_mt.o)
 .data          0x0000000000235d60        0x0 obj_cooja/mtype16.a(cooja_mtarch.o)
 .data          0x0000000000235d60        0x0 obj_cooja/mtype16.a(rtimer-arch.o)
 .data          0x0000000000235d60        0x0 obj_cooja/mtype16.a(beep.o)
 .data          0x0000000000235d60        0x0 obj_cooja/mtype16.a(button-sensor.o)
 .data          0x0000000000235d60        0x0 obj_cooja/mtype16.a(leds-arch.o)
 .data          0x0000000000235d60        0x0 obj_cooja/mtype16.a(moteid.o)
 .data          0x0000000000235d60        0x0 obj_cooja/mtype16.a(pir-sensor.o)
 .data          0x0000000000235d60        0x0 obj_cooja/mtype16.a(rs232.o)
 .data          0x0000000000235d60        0x0 obj_cooja/mtype16.a(vib-sensor.o)
 .data          0x0000000000235d60        0x0 obj_cooja/mtype16.a(clock.o)
 .data          0x0000000000235d60        0x0 obj_cooja/mtype16.a(cooja-log.o)
 .data          0x0000000000235d60        0x0 obj_cooja/mtype16.a(cfs-cooja.o)
 .data          0x0000000000235d60       0x34 obj_cooja/mtype16.a(cooja-radio.o)
                0x0000000000235d60                simRadioHWOn
                0x0000000000235d64                simSignalStrength
                0x0000000000235d68                simLastSignalStrength
                0x0000000000235d6c                simPower
                0x0000000000235d70                simRadioChannel
                0x0000000000235d74                simLQI
                0x0000000000235d78                simRadioHWOnDummy
                0x0000000000235d7c                simSignalStrengthDummy
                0x0000000000235d80                simLastSignalStrengthDummy
                0x0000000000235d84                simPowerDummy
                0x0000000000235d88                simRadioChannelDummy
                0x0000000000235d8c                simLQIDummy
 *fill*         0x0000000000235d94        0xc 
 .data.rel.local
                0x0000000000235da0       0x20 obj_cooja/mtype16.a(cooja-radio.o)
                0x0000000000235da0                cooja_radio_process1
 .data          0x0000000000235dc0        0x0 obj_cooja/mtype16.a(eeprom.o)
 .data          0x0000000000235dc0        0x0 obj_cooja/mtype16.a(random.o)
 .data          0x0000000000235dc0        0x0 obj_cooja/mtype16.a(sensors.o)
 .data.rel.local
                0x0000000000235dc0       0x20 obj_cooja/mtype16.a(sensors.o)
                0x0000000000235dc0                sensors_process
 .data          0x0000000000235de0        0x0 obj_cooja/mtype16.a(ctimer.o)
 .data.rel.local
                0x0000000000235de0       0x40 obj_cooja/mtype16.a(ctimer.o)
                0x0000000000235e00                ctimer_process
 .data          0x0000000000235e20        0x0 obj_cooja/mtype16.a(autostart.o)
 .data          0x0000000000235e20        0x0 obj_cooja/mtype16.a(energest.o)
 .data          0x0000000000235e20        0x0 obj_cooja/mtype16.a(etimer.o)
 .data.rel.local
                0x0000000000235e20       0x20 obj_cooja/mtype16.a(etimer.o)
                0x0000000000235e20                etimer_process
 .data          0x0000000000235e40        0x0 obj_cooja/mtype16.a(process.o)
 .data          0x0000000000235e40        0x0 obj_cooja/mtype16.a(rtimer.o)
 .data          0x0000000000235e40        0x0 obj_cooja/mtype16.a(timer.o)
 .data          0x0000000000235e40        0x0 obj_cooja/mtype16.a(serial-line.o)
 .data.rel.local
                0x0000000000235e40       0x20 obj_cooja/mtype16.a(serial-line.o)
                0x0000000000235e40                serial_line_process
 .data          0x0000000000235e60        0x0 obj_cooja/mtype16.a(list.o)
 .data          0x0000000000235e60        0x0 obj_cooja/mtype16.a(ringbuf.o)
 .data          0x0000000000235e60        0x0 obj_cooja/mtype16.a(packetbuf.o)
 .data.rel.local
                0x0000000000235e60        0x8 obj_cooja/mtype16.a(packetbuf.o)
 .data          0x0000000000235e68        0x0 obj_cooja/mtype16.a(netstack.o)
 .data.rel.local
                0x0000000000235e68        0x8 obj_cooja/mtype16.a(netstack.o)
 .data          0x0000000000235e70        0x0 obj_cooja/mtype16.a(linkaddr.o)
 .data          0x0000000000235e70        0x0 obj_cooja/mtype16.a(tsch.o)
 *fill*         0x0000000000235e70       0x10 
 .data.rel.local
                0x0000000000235e80       0x60 obj_cooja/mtype16.a(tsch.o)
                0x0000000000235e80                tsch_process
                0x0000000000235ea0                tsch_send_eb_process
                0x0000000000235ec0                tsch_pending_events_process
 .data          0x0000000000235ee0        0x0 obj_cooja/mtype16.a(tsch-queue.o)
 .data.rel.local
                0x0000000000235ee0       0x40 obj_cooja/mtype16.a(tsch-queue.o)
 .data          0x0000000000235f20        0x0 obj_cooja/mtype16.a(tsch-schedule.o)
 .data.rel.local
                0x0000000000235f20       0x40 obj_cooja/mtype16.a(tsch-schedule.o)
 .data          0x0000000000235f60        0x4 obj_cooja/mtype16.a(tsch-slot-opera)
 .data          0x0000000000235f64        0x0 obj_cooja/mtype16.a(tsch-packet.o)
 .data          0x0000000000235f64        0x0 obj_cooja/mtype16.a(tsch-rpl.o)
 .data          0x0000000000235f64        0x0 obj_cooja/mtype16.a(tsch-adaptive-t)
 .data          0x0000000000235f64        0x0 obj_cooja/mtype16.a(uipbuf.o)
 .data          0x0000000000235f64        0x0 obj_cooja/mtype16.a(uip-ds6.o)
 .data          0x0000000000235f64        0x0 obj_cooja/mtype16.a(tcpip.o)
 *fill*         0x0000000000235f64       0x1c 
 .data.rel.local
                0x0000000000235f80       0x20 obj_cooja/mtype16.a(tcpip.o)
                0x0000000000235f80                tcpip_process
 .data          0x0000000000235fa0        0x0 obj_cooja/mtype16.a(uip6.o)
 .data          0x0000000000235fa0        0x0 obj_cooja/mtype16.a(uip-ds6-nbr.o)
 .data.rel.local
                0x0000000000235fa0       0x20 obj_cooja/mtype16.a(uip-ds6-nbr.o)
                0x0000000000235fb8                ds6_neighbors
 .data          0x0000000000235fc0        0x0 obj_cooja/mtype16.a(uip-nd6.o)
 .data.rel.local
                0x0000000000235fc0       0x18 obj_cooja/mtype16.a(uip-nd6.o)
 .data          0x0000000000235fd8        0x0 obj_cooja/mtype16.a(simple-udp.o)
 *fill*         0x0000000000235fd8        0x8 
 .data.rel.local
                0x0000000000235fe0       0x20 obj_cooja/mtype16.a(simple-udp.o)
                0x0000000000235fe0                simple_udp_process
 .data          0x0000000000236000        0x0 obj_cooja/mtype16.a(uip-ds6-route.o)
 .data.rel.local
                0x0000000000236000       0x28 obj_cooja/mtype16.a(uip-ds6-route.o)
 .data          0x0000000000236028        0x0 obj_cooja/mtype16.a(sicslowpan.o)
 .data          0x0000000000236028        0x0 obj_cooja/mtype16.a(rpl-neighbor.o)
 *fill*         0x0000000000236028        0x8 
 .data.rel.local
                0x0000000000236030       0x20 obj_cooja/mtype16.a(rpl-neighbor.o)
                0x0000000000236048                rpl_neighbors
 .data          0x0000000000236050        0x0 obj_cooja/mtype16.a(rpl-dag.o)
 .data          0x0000000000236050        0x0 obj_cooja/mtype16.a(rpl-timers.o)
 .data          0x0000000000236050        0x0 obj_cooja/mtype16.a(rpl.o)
 .data          0x0000000000236050        0x0 obj_cooja/mtype16.a(rpl-mrhof.o)
 *fill*         0x0000000000236050       0x10 
 .data.rel.local
                0x0000000000236060       0x48 obj_cooja/mtype16.a(rpl-mrhof.o)
                0x0000000000236060                rpl_mrhof
 .data          0x00000000002360a8        0x0 obj_cooja/mtype16.a(rpl-icmp6.o)
 *fill*         0x00000000002360a8        0x8 
 .data.rel.local
                0x00000000002360b0       0x78 obj_cooja/mtype16.a(rpl-icmp6.o)
 .data          0x0000000000236128        0x0 obj_cooja/mtype16.a(rpl-dag-root.o)
 .data          0x0000000000236128        0x0 obj_cooja/mtype16.a(watchdog.o)
 .data          0x0000000000236128        0x0 obj_cooja/mtype16.a(stimer.o)
 .data          0x0000000000236128        0x0 obj_cooja/mtype16.a(ringbufindex.o)
 .data          0x0000000000236128        0x0 obj_cooja/mtype16.a(memb.o)
 .data          0x0000000000236128        0x0 obj_cooja/mtype16.a(queuebuf.o)
 *fill*         0x0000000000236128        0x8 
 .data.rel.local
                0x0000000000236130       0x38 obj_cooja/mtype16.a(queuebuf.o)
 .data          0x0000000000236168        0x0 obj_cooja/mtype16.a(nbr-table.o)
 *fill*         0x0000000000236168        0x8 
 .data.rel.local
                0x0000000000236170       0x20 obj_cooja/mtype16.a(nbr-table.o)
 .data          0x0000000000236190        0x0 obj_cooja/mtype16.a(link-stats.o)
 .data.rel.local
                0x0000000000236190       0x20 obj_cooja/mtype16.a(link-stats.o)
 .data          0x00000000002361b0        0x0 obj_cooja/mtype16.a(mac-sequence.o)
 .data          0x00000000002361b0        0x0 obj_cooja/mtype16.a(mac.o)
 .data          0x00000000002361b0        0x0 obj_cooja/mtype16.a(frame802154e-ie)
 .data          0x00000000002361b0        0x0 obj_cooja/mtype16.a(framer-802154.o)
 .data          0x00000000002361b0        0x2 obj_cooja/mtype16.a(frame802154.o)
 .data          0x00000000002361b2        0x0 obj_cooja/mtype16.a(uip-icmp6.o)
 *fill*         0x00000000002361b2        0xe 
 .data.rel.local
                0x00000000002361c0       0x48 obj_cooja/mtype16.a(uip-icmp6.o)
 .data          0x0000000000236208        0x0 obj_cooja/mtype16.a(uip-sr.o)
 *fill*         0x0000000000236208        0x8 
 .data.rel.local
                0x0000000000236210       0x28 obj_cooja/mtype16.a(uip-sr.o)
 .data          0x0000000000236238        0x0 obj_cooja/mtype16.a(uip-packetqueue)
 *fill*         0x0000000000236238        0x8 
 .data.rel.local
                0x0000000000236240       0x18 obj_cooja/mtype16.a(uip-packetqueue)
 .data          0x0000000000236258        0x0 obj_cooja/mtype16.a(uip-udp-packet.)
 .data          0x0000000000236258        0x0 obj_cooja/mtype16.a(rpl-nbr-policy.)
 .data          0x0000000000236258        0x0 obj_cooja/mtype16.a(rpl-ext-header.)
 .data          0x0000000000236258        0x0 /usr/lib/gcc/x86_64-linux-gnu/7/crtendS.o
 .data          0x0000000000236258        0x0 /usr/lib/gcc/x86_64-linux-gnu/7/../../../x86_64-linux-gnu/crtn.o

.tm_clone_table
                0x0000000000236258        0x0
 .tm_clone_table
                0x0000000000236258        0x0 /usr/lib/gcc/x86_64-linux-gnu/7/crtbeginS.o
 .tm_clone_table
                0x0000000000236258        0x0 /usr/lib/gcc/x86_64-linux-gnu/7/crtendS.o

.data1
 *(.data1)
                0x0000000000236258                _edata = .
                [!provide]                        PROVIDE (edata, .)
                0x0000000000236258                . = .
                0x0000000000236258                __bss_start = .

.bss            0x0000000000236260    0x1ade0
 *(.dynbss)
 .dynbss        0x0000000000236260        0x0 /usr/lib/gcc/x86_64-linux-gnu/7/../../../x86_64-linux-gnu/crti.o
 *(.bss .bss.* .gnu.linkonce.b.*)
 .bss           0x0000000000236260        0x0 /usr/lib/gcc/x86_64-linux-gnu/7/../../../x86_64-linux-gnu/crti.o
 .bss           0x0000000000236260        0x1 /usr/lib/gcc/x86_64-linux-gnu/7/crtbeginS.o
 *fill*         0x0000000000236261       0x1f 
 .bss           0x0000000000236280       0xe0 udp-client.o
                0x0000000000236280                curr_log_level_rpl
                0x0000000000236284                curr_log_level_tcpip
                0x0000000000236288                curr_log_level_ipv6
                0x000000000023628c                curr_log_level_6lowpan
                0x0000000000236290                curr_log_level_nullnet
                0x0000000000236294                curr_log_level_framer
                0x0000000000236298                curr_log_level_6top
                0x000000000023629c                curr_log_level_coap
                0x00000000002362a0                curr_log_level_lwm2m
 .bss           0x0000000000236360     0x4040 obj_cooja/mtype16.o
 .bss           0x000000000023a3a0        0x1 obj_cooja/mtype16.a(simEnvChange.o)
                0x000000000023a3a0                simDontFallAsleep
 *fill*         0x000000000023a3a1        0x7 
 .bss           0x000000000023a3a8        0x8 obj_cooja/mtype16.a(cooja_mt.o)
 .bss           0x000000000023a3b0        0x8 obj_cooja/mtype16.a(cooja_mtarch.o)
 .bss           0x000000000023a3b8        0x0 obj_cooja/mtype16.a(rtimer-arch.o)
 .bss           0x000000000023a3b8        0x0 obj_cooja/mtype16.a(beep.o)
 *fill*         0x000000000023a3b8        0x8 
 .bss           0x000000000023a3c0       0x10 obj_cooja/mtype16.a(button-sensor.o)
 .bss           0x000000000023a3d0        0x0 obj_cooja/mtype16.a(leds-arch.o)
 .bss           0x000000000023a3d0        0x0 obj_cooja/mtype16.a(moteid.o)
 .bss           0x000000000023a3d0        0x1 obj_cooja/mtype16.a(pir-sensor.o)
                0x000000000023a3d0                simPirValue
 *fill*         0x000000000023a3d1        0x7 
 .bss           0x000000000023a3d8        0x8 obj_cooja/mtype16.a(rs232.o)
 .bss           0x000000000023a3e0        0x1 obj_cooja/mtype16.a(vib-sensor.o)
                0x000000000023a3e0                simVibValue
 .bss           0x000000000023a3e1        0x0 obj_cooja/mtype16.a(clock.o)
 *fill*         0x000000000023a3e1       0x1f 
 .bss           0x000000000023a400      0x420 obj_cooja/mtype16.a(cooja-log.o)
 .bss           0x000000000023a820      0xfc0 obj_cooja/mtype16.a(cfs-cooja.o)
                0x000000000023a820                simCFSData
                0x000000000023b7c0                simCFSSize
                0x000000000023b7c4                simCFSChanged
                0x000000000023b7c8                simCFSRead
                0x000000000023b7cc                simCFSWritten
 .bss           0x000000000023b7e0       0x44 obj_cooja/mtype16.a(cooja-radio.o)
                0x000000000023b7e0                simReceiving
                0x000000000023b7e4                simInSize
                0x000000000023b7e8                simLastPacketTimestamp
                0x000000000023b7f0                simOutSize
                0x000000000023b7f4                simReceivingDummy
                0x000000000023b7f8                simInSizeDummy
                0x000000000023b800                simLastPacketTimestampDummy
                0x000000000023b808                simOutSizeDummy
 .bss           0x000000000023b824        0xc obj_cooja/mtype16.a(eeprom.o)
                0x000000000023b824                simEEPROMChanged
                0x000000000023b828                simEEPROMRead
                0x000000000023b82c                simEEPROMWritten
 .bss           0x000000000023b830        0x0 obj_cooja/mtype16.a(random.o)
 .bss           0x000000000023b830        0xc obj_cooja/mtype16.a(sensors.o)
 *fill*         0x000000000023b83c        0x4 
 .bss           0x000000000023b840        0x9 obj_cooja/mtype16.a(ctimer.o)
 .bss           0x000000000023b849        0x0 obj_cooja/mtype16.a(autostart.o)
 .bss           0x000000000023b849        0x0 obj_cooja/mtype16.a(energest.o)
 *fill*         0x000000000023b849        0x7 
 .bss           0x000000000023b850       0x10 obj_cooja/mtype16.a(etimer.o)
 .bss           0x000000000023b860      0x321 obj_cooja/mtype16.a(process.o)
                0x000000000023b860                process_list
                0x000000000023b868                process_current
 *fill*         0x000000000023bb81        0x7 
 .bss           0x000000000023bb88        0x8 obj_cooja/mtype16.a(rtimer.o)
 .bss           0x000000000023bb90        0x0 obj_cooja/mtype16.a(timer.o)
 *fill*         0x000000000023bb90       0x10 
 .bss           0x000000000023bba0      0x140 obj_cooja/mtype16.a(serial-line.o)
 .bss           0x000000000023bce0        0x0 obj_cooja/mtype16.a(list.o)
 .bss           0x000000000023bce0        0x0 obj_cooja/mtype16.a(ringbuf.o)
 .bss           0x000000000023bce0       0xa0 obj_cooja/mtype16.a(packetbuf.o)
 .bss           0x000000000023bd80        0x8 obj_cooja/mtype16.a(netstack.o)
 .bss           0x000000000023bd88        0x0 obj_cooja/mtype16.a(linkaddr.o)
 *fill*         0x000000000023bd88       0x18 
 .bss           0x000000000023bda0      0x180 obj_cooja/mtype16.a(tsch.o)
                0x000000000023bda0                tsch_is_started
                0x000000000023bda4                tsch_is_initialized
                0x000000000023bda8                tsch_is_coordinator
                0x000000000023bdac                tsch_is_associated
                0x000000000023bdb0                tsch_association_count
                0x000000000023bdb4                tsch_is_pan_secured
 .bss           0x000000000023bf20     0x73a8 obj_cooja/mtype16.a(tsch-queue.o)
 *fill*         0x00000000002432c8       0x18 
 .bss           0x00000000002432e0      0x5cc obj_cooja/mtype16.a(tsch-schedule.o)
 *fill*         0x00000000002438ac       0x14 
 .bss           0x00000000002438c0      0x1c8 obj_cooja/mtype16.a(tsch-slot-opera)
                0x00000000002438c0                last_timesource_neighbor
                0x00000000002438c8                current_link
 *fill*         0x0000000000243a88        0x8 
 .bss           0x0000000000243a90       0x1a obj_cooja/mtype16.a(tsch-packet.o)
 .bss           0x0000000000243aaa        0x0 obj_cooja/mtype16.a(tsch-rpl.o)
 *fill*         0x0000000000243aaa       0x16 
 .bss           0x0000000000243ac0       0x4c obj_cooja/mtype16.a(tsch-adaptive-t)
 *fill*         0x0000000000243b0c        0x4 
 .bss           0x0000000000243b10        0xc obj_cooja/mtype16.a(uipbuf.o)
 *fill*         0x0000000000243b1c        0x4 
 .bss           0x0000000000243b20       0x30 obj_cooja/mtype16.a(uip-ds6.o)
 *fill*         0x0000000000243b50       0x10 
 .bss           0x0000000000243b60       0x20 obj_cooja/mtype16.a(tcpip.o)
 .bss           0x0000000000243b80        0x6 obj_cooja/mtype16.a(uip6.o)
                0x0000000000243b80                uip_ext_bitmap
                0x0000000000243b81                uip_ext_len
                0x0000000000243b82                uip_ext_opt_offset
 *fill*         0x0000000000243b86       0x1a 
 .bss           0x0000000000243ba0     0x2580 obj_cooja/mtype16.a(uip-ds6-nbr.o)
 .bss           0x0000000000246120       0x20 obj_cooja/mtype16.a(uip-nd6.o)
 .bss           0x0000000000246140      0x520 obj_cooja/mtype16.a(simple-udp.o)
 .bss           0x0000000000246660       0x80 obj_cooja/mtype16.a(uip-ds6-route.o)
 .bss           0x00000000002466e0      0x718 obj_cooja/mtype16.a(sicslowpan.o)
 *fill*         0x0000000000246df8        0x8 
 .bss           0x0000000000246e00     0x12c0 obj_cooja/mtype16.a(rpl-neighbor.o)
 .bss           0x00000000002480c0        0x0 obj_cooja/mtype16.a(rpl-dag.o)
 .bss           0x00000000002480c0       0x80 obj_cooja/mtype16.a(rpl-timers.o)
 .bss           0x0000000000248140        0x0 obj_cooja/mtype16.a(rpl.o)
 .bss           0x0000000000248140        0x0 obj_cooja/mtype16.a(rpl-mrhof.o)
 .bss           0x0000000000248140        0x0 obj_cooja/mtype16.a(rpl-icmp6.o)
 .bss           0x0000000000248140       0x11 obj_cooja/mtype16.a(rpl-dag-root.o)
 .bss           0x0000000000248151        0x0 obj_cooja/mtype16.a(watchdog.o)
 .bss           0x0000000000248151        0x0 obj_cooja/mtype16.a(stimer.o)
 .bss           0x0000000000248151        0x0 obj_cooja/mtype16.a(ringbufindex.o)
 .bss           0x0000000000248151        0x0 obj_cooja/mtype16.a(memb.o)
 *fill*         0x0000000000248151        0xf 
 .bss           0x0000000000248160      0x5e0 obj_cooja/mtype16.a(queuebuf.o)
 .bss           0x0000000000248740     0x16e8 obj_cooja/mtype16.a(nbr-table.o)
 *fill*         0x0000000000249e28       0x18 
 .bss           0x0000000000249e40     0x12c0 obj_cooja/mtype16.a(link-stats.o)
 .bss           0x000000000024b100      0x180 obj_cooja/mtype16.a(mac-sequence.o)
 .bss           0x000000000024b280        0x0 obj_cooja/mtype16.a(mac.o)
 .bss           0x000000000024b280        0x0 obj_cooja/mtype16.a(frame802154e-ie)
 .bss           0x000000000024b280        0x2 obj_cooja/mtype16.a(framer-802154.o)
 .bss           0x000000000024b282        0x0 obj_cooja/mtype16.a(frame802154.o)
 *fill*         0x000000000024b282        0xe 
 .bss           0x000000000024b290       0x20 obj_cooja/mtype16.a(uip-icmp6.o)
 *fill*         0x000000000024b2b0       0x10 
 .bss           0x000000000024b2c0     0x3040 obj_cooja/mtype16.a(uip-sr.o)
 .bss           0x000000000024e300      0xad0 obj_cooja/mtype16.a(uip-packetqueue)
 .bss           0x000000000024edd0        0x0 obj_cooja/mtype16.a(uip-udp-packet.)
 .bss           0x000000000024edd0       0x12 obj_cooja/mtype16.a(rpl-nbr-policy.)
 .bss           0x000000000024ede2        0x0 obj_cooja/mtype16.a(rpl-ext-header.)
 .bss           0x000000000024ede2        0x0 /usr/lib/gcc/x86_64-linux-gnu/7/crtendS.o
 .bss           0x000000000024ede2        0x0 /usr/lib/gcc/x86_64-linux-gnu/7/../../../x86_64-linux-gnu/crtn.o
 *(COMMON)
 *fill*         0x000000000024ede2        0x6 
 COMMON         0x000000000024ede8        0xc obj_cooja/mtype16.o
                0x000000000024ede8                referenceVar
                0x000000000024edf0                sensors_flags
 *fill*         0x000000000024edf4        0x4 
 COMMON         0x000000000024edf8       0x10 obj_cooja/mtype16.a(simEnvChange.o)
                0x000000000024edf8                simEtimerPending
                0x000000000024edfc                simProcessRunValue
                0x000000000024ee00                simEtimerNextExpirationTime
 COMMON         0x000000000024ee08       0x18 obj_cooja/mtype16.a(rtimer-arch.o)
                0x000000000024ee08                simRtimerPending
                0x000000000024ee10                simRtimerCurrentTicks
                0x000000000024ee18                simRtimerNextExpirationTime
 COMMON         0x000000000024ee20        0x1 obj_cooja/mtype16.a(beep.o)
                0x000000000024ee20                simBeeped
 COMMON         0x000000000024ee21        0x3 obj_cooja/mtype16.a(button-sensor.o)
                0x000000000024ee21                simButtonIsActive
                0x000000000024ee22                simButtonIsDown
                0x000000000024ee23                simButtonChanged
 COMMON         0x000000000024ee24        0x1 obj_cooja/mtype16.a(leds-arch.o)
                0x000000000024ee24                simLedsValue
 *fill*         0x000000000024ee25        0x3 
 COMMON         0x000000000024ee28        0xc obj_cooja/mtype16.a(moteid.o)
                0x000000000024ee28                simRandomSeed
                0x000000000024ee2c                simMoteIDChanged
                0x000000000024ee30                simMoteID
 COMMON         0x000000000024ee34        0x2 obj_cooja/mtype16.a(pir-sensor.o)
                0x000000000024ee34                simPirIsActive
                0x000000000024ee35                simPirChanged
 *fill*         0x000000000024ee36        0xa 
 COMMON         0x000000000024ee40      0x820 obj_cooja/mtype16.a(rs232.o)
                0x000000000024ee40                simSerialReceivingFlag
                0x000000000024ee44                simSerialReceivingLength
                0x000000000024ee60                simSerialReceivingData
 COMMON         0x000000000024f660        0x2 obj_cooja/mtype16.a(vib-sensor.o)
                0x000000000024f660                simVibChanged
                0x000000000024f661                simVibIsActive
 *fill*         0x000000000024f662        0x6 
 COMMON         0x000000000024f668        0x8 obj_cooja/mtype16.a(clock.o)
                0x000000000024f668                simCurrentTime
 *fill*         0x000000000024f670       0x10 
 COMMON         0x000000000024f680      0x420 obj_cooja/mtype16.a(cooja-log.o)
                0x000000000024f680                simLoggedLength
                0x000000000024f684                simLoggedFlag
                0x000000000024f6a0                simLoggedData
 COMMON         0x000000000024faa0      0x200 obj_cooja/mtype16.a(cooja-radio.o)
                0x000000000024faa0                simOutDataBuffer
                0x000000000024fb20                simInDataBuffer
                0x000000000024fba0                simInDataBufferDummy
                0x000000000024fc20                simOutDataBufferDummy
 COMMON         0x000000000024fca0      0x400 obj_cooja/mtype16.a(eeprom.o)
                0x000000000024fca0                simEEPROMData
 COMMON         0x00000000002500a0        0x1 obj_cooja/mtype16.a(sensors.o)
                0x00000000002500a0                sensors_event
 *fill*         0x00000000002500a1       0x1f 
 COMMON         0x00000000002500c0       0x68 obj_cooja/mtype16.a(energest.o)
                0x00000000002500c0                energest_current_time
                0x00000000002500e8                energest_current_mode
                0x0000000000250100                energest_total_time
 COMMON         0x0000000000250128        0x1 obj_cooja/mtype16.a(serial-line.o)
                0x0000000000250128                serial_line_event_message
 *fill*         0x0000000000250129        0x7 
 COMMON         0x0000000000250130       0x30 obj_cooja/mtype16.a(packetbuf.o)
                0x0000000000250130                packetbuf_attrs
                0x0000000000250150                packetbuf_addrs
 COMMON         0x0000000000250160        0x8 obj_cooja/mtype16.a(linkaddr.o)
                0x0000000000250160                linkaddr_node_addr
 *fill*         0x0000000000250168       0x18 
 COMMON         0x0000000000250180       0x9c obj_cooja/mtype16.a(tsch.o)
                0x0000000000250180                tsch_hopping_sequence
                0x0000000000250190                tsch_current_asn
                0x0000000000250198                rx_count
                0x00000000002501a0                tsch_timing