Archive member included to satisfy reference by file (symbol)

obj_cooja/mtype497.a(simEnvChange.o)
                              obj_cooja/mtype497.o (simDontFallAsleep)
obj_cooja/mtype497.a(cooja_mt.o)
                              obj_cooja/mtype497.o (cooja_mt_start)
obj_cooja/mtype497.a(cooja_mtarch.o)
                              obj_cooja/mtype497.a(cooja_mt.o) (cooja_mtarch_start)
obj_cooja/mtype497.a(rtimer-arch.o)
                              obj_cooja/mtype497.o (rtimer_arch_check)
obj_cooja/mtype497.a(beep.o)  obj_cooja/mtype497.o (beep_interface)
obj_cooja/mtype497.a(button-sensor.o)
                              obj_cooja/mtype497.o (button_interface)
obj_cooja/mtype497.a(leds-arch.o)
                              obj_cooja/mtype497.o (leds_interface)
obj_cooja/mtype497.a(moteid.o)
                              obj_cooja/mtype497.o (moteid_interface)
obj_cooja/mtype497.a(pir-sensor.o)
                              obj_cooja/mtype497.o (pir_interface)
obj_cooja/mtype497.a(rs232.o)
                              obj_cooja/mtype497.o (rs232_interface)
obj_cooja/mtype497.a(vib-sensor.o)
                              obj_cooja/mtype497.o (vib_interface)
obj_cooja/mtype497.a(clock.o)
                              obj_cooja/mtype497.o (clock_interface)
obj_cooja/mtype497.a(cooja-log.o)
                              obj_cooja/mtype497.o (simlog_interface)
obj_cooja/mtype497.a(cfs-cooja.o)
                              obj_cooja/mtype497.o (cfs_interface)
obj_cooja/mtype497.a(cooja-radio.o)
                              obj_cooja/mtype497.o (radio_interface)
obj_cooja/mtype497.a(eeprom.o)
                              obj_cooja/mtype497.o (eeprom_interface)
obj_cooja/mtype497.a(random.o)
                              obj_cooja/mtype497.a(moteid.o) (random_init)
obj_cooja/mtype497.a(sensors.o)
                              obj_cooja/mtype497.o (sensors_process)
obj_cooja/mtype497.a(orchestra-rule-)
                              obj_cooja/mtype497.o (unicast_per_neighbor_rpl_ns)
obj_cooja/mtype497.a(orchestra-rule-)
                              obj_cooja/mtype497.o (default_common)
obj_cooja/mtype497.a(orchestra.o)
                              obj_cooja/mtype497.o (orchestra_init)
obj_cooja/mtype497.a(orchestra-rule-)
                              obj_cooja/mtype497.o (eb_per_time_source)
obj_cooja/mtype497.a(autostart.o)
                              obj_cooja/mtype497.o (autostart_start)
obj_cooja/mtype497.a(energest.o)
                              udp-server.o (energest_total_time)
obj_cooja/mtype497.a(etimer.o)
                              obj_cooja/mtype497.o (etimer_process)
obj_cooja/mtype497.a(log.o)   obj_cooja/mtype497.o (log_6addr)
obj_cooja/mtype497.a(ctimer.o)
                              obj_cooja/mtype497.o (ctimer_init)
obj_cooja/mtype497.a(process.o)
                              obj_cooja/mtype497.a(etimer.o) (process_current)
obj_cooja/mtype497.a(rtimer.o)
                              obj_cooja/mtype497.a(rtimer-arch.o) (rtimer_run_next)
obj_cooja/mtype497.a(timer.o)
                              obj_cooja/mtype497.a(button-sensor.o) (timer_set)
obj_cooja/mtype497.a(serial-line.o)
                              obj_cooja/mtype497.a(rs232.o) (serial_line_input_byte)
obj_cooja/mtype497.a(ringbuf.o)
                              obj_cooja/mtype497.a(serial-line.o) (ringbuf_init)
obj_cooja/mtype497.a(list.o)  obj_cooja/mtype497.a(ctimer.o) (list_init)
obj_cooja/mtype497.a(packetbuf.o)
                              obj_cooja/mtype497.a(cooja-radio.o) (packetbuf_clear)
obj_cooja/mtype497.a(netstack.o)
                              obj_cooja/mtype497.o (netstack_init)
obj_cooja/mtype497.a(linkaddr.o)
                              obj_cooja/mtype497.o (linkaddr_node_addr)
obj_cooja/mtype497.a(tsch-schedule.o)
                              obj_cooja/mtype497.a(orchestra-rule-) (tsch_schedule_add_slotframe)
obj_cooja/mtype497.a(tsch-slot-opera)
                              obj_cooja/mtype497.a(tsch-schedule.o) (current_link)
obj_cooja/mtype497.a(tsch-packet.o)
                              obj_cooja/mtype497.a(tsch-slot-opera) (tsch_packet_create_eack)
obj_cooja/mtype497.a(tsch-adaptive-t)
                              obj_cooja/mtype497.a(tsch-slot-opera) (tsch_timesync_update)
obj_cooja/mtype497.a(tsch.o)  obj_cooja/mtype497.a(tsch-slot-opera) (tsch_hopping_sequence)
obj_cooja/mtype497.a(uip-ds6.o)
                              obj_cooja/mtype497.o (uip_ds6_get_link_local)
obj_cooja/mtype497.a(tcpip.o)
                              obj_cooja/mtype497.o (tcpip_process)
obj_cooja/mtype497.a(uip-ds6-route.o)
                              obj_cooja/mtype497.a(uip-ds6.o) (uip_ds6_route_init)
obj_cooja/mtype497.a(uip-ds6-nbr.o)
                              obj_cooja/mtype497.a(uip-ds6.o) (uip_ds6_neighbors_init)
obj_cooja/mtype497.a(uip6.o)  obj_cooja/mtype497.o (uip_lladdr)
obj_cooja/mtype497.a(uip-nd6.o)
                              obj_cooja/mtype497.a(uip6.o) (uip_nd6_init)
[...]
Memory Configuration

Name             Origin             Length             Attributes
*default*        0x0000000000000000 0xffffffffffffffff

Linker script and memory map

LOAD /usr/lib/gcc/x86_64-linux-gnu/7/../../../x86_64-linux-gnu/crti.o
LOAD /usr/lib/gcc/x86_64-linux-gnu/7/crtbeginS.o
LOAD udp-server.o
LOAD obj_cooja/mtype497.o
LOAD obj_cooja/mtype497.a
LOAD /usr/lib/gcc/x86_64-linux-gnu/7/libgcc.a
LOAD /usr/lib/gcc/x86_64-linux-gnu/7/libgcc_s.so
START GROUP
LOAD /usr/lib/gcc/x86_64-linux-gnu/7/libgcc_s.so.1
LOAD /usr/lib/gcc/x86_64-linux-gnu/7/libgcc.a
END GROUP
LOAD /usr/lib/gcc/x86_64-linux-gnu/7/../../../x86_64-linux-gnu/libc.so
START GROUP
LOAD /lib/x86_64-linux-gnu/libc.so.6
LOAD /usr/lib/x86_64-linux-gnu/libc_nonshared.a
LOAD /lib/x86_64-linux-gnu/ld-linux-x86-64.so.2
END GROUP
LOAD /usr/lib/gcc/x86_64-linux-gnu/7/libgcc.a
LOAD /usr/lib/gcc/x86_64-linux-gnu/7/libgcc_s.so
START GROUP
LOAD /usr/lib/gcc/x86_64-linux-gnu/7/libgcc_s.so.1
LOAD /usr/lib/gcc/x86_64-linux-gnu/7/libgcc.a
END GROUP
LOAD /usr/lib/gcc/x86_64-linux-gnu/7/crtendS.o
LOAD /usr/lib/gcc/x86_64-linux-gnu/7/../../../x86_64-linux-gnu/crtn.o
                0x00000000000001c8                . = (SEGMENT_START ("text-segment", 0x0) + SIZEOF_HEADERS)

.note.gnu.build-id
                0x00000000000001c8       0x24
 *(.note.gnu.build-id)
 .note.gnu.build-id
                0x00000000000001c8       0x24 /usr/lib/gcc/x86_64-linux-gnu/7/../../../x86_64-linux-gnu/crti.o

.hash
 *(.hash)

.gnu.hash       0x00000000000001f0     0x150c
 *(.gnu.hash)
 .gnu.hash      0x00000000000001f0     0x150c /usr/lib/gcc/x86_64-linux-gnu/7/../../../x86_64-linux-gnu/crti.o

.dynsym         0x0000000000001700     0x4290
 *(.dynsym)
 .dynsym        0x0000000000001700     0x4290 /usr/lib/gcc/x86_64-linux-gnu/7/../../../x86_64-linux-gnu/crti.o

.dynstr         0x0000000000005990     0x346a
 *(.dynstr)
 .dynstr        0x0000000000005990     0x346a /usr/lib/gcc/x86_64-linux-gnu/7/../../../x86_64-linux-gnu/crti.o

.gnu.version    0x0000000000008dfa      0x58c
 *(.gnu.version)
 .gnu.version   0x0000000000008dfa      0x58c /usr/lib/gcc/x86_64-linux-gnu/7/../../../x86_64-linux-gnu/crti.o

.gnu.version_d  0x0000000000009388        0x0
 *(.gnu.version_d)
 .gnu.version_d
                0x0000000000009388        0x0 /usr/lib/gcc/x86_64-linux-gnu/7/../../../x86_64-linux-gnu/crti.o

.gnu.version_r  0x0000000000009388       0x40
 *(.gnu.version_r)
 .gnu.version_r
                0x0000000000009388       0x40 /usr/lib/gcc/x86_64-linux-gnu/7/../../../x86_64-linux-gnu/crti.o

.rela.dyn       0x00000000000093c8     0x23b8
 *(.rela.init)
 *(.rela.text .rela.text.* .rela.gnu.linkonce.t.*)
 .rela.text     0x00000000000093c8        0x0 /usr/lib/gcc/x86_64-linux-gnu/7/../../../x86_64-linux-gnu/crti.o
 *(.rela.fini)
 *(.rela.rodata .rela.rodata.* .rela.gnu.linkonce.r.*)
 *(.rela.data .rela.data.* .rela.gnu.linkonce.d.*)
 .rela.data.rel.local
                0x00000000000093c8      0x840 /usr/lib/gcc/x86_64-linux-gnu/7/../../../x86_64-linux-gnu/crti.o
 .rela.data.rel.ro
                0x0000000000009c08      0x288 /usr/lib/gcc/x86_64-linux-gnu/7/../../../x86_64-linux-gnu/crti.o
 .rela.data.rel
                0x0000000000009e90      0x3d8 /usr/lib/gcc/x86_64-linux-gnu/7/../../../x86_64-linux-gnu/crti.o
 .rela.data.rel.ro.local
                0x000000000000a268      0x5b8 /usr/lib/gcc/x86_64-linux-gnu/7/../../../x86_64-linux-gnu/crti.o
 *(.rela.tdata .rela.tdata.* .rela.gnu.linkonce.td.*)
 *(.rela.tbss .rela.tbss.* .rela.gnu.linkonce.tb.*)
 *(.rela.ctors)
 *(.rela.dtors)
 *(.rela.got)
 .rela.got      0x000000000000a820      0xf30 /usr/lib/gcc/x86_64-linux-gnu/7/../../../x86_64-linux-gnu/crti.o
 *(.rela.bss .rela.bss.* .rela.gnu.linkonce.b.*)
 *(.rela.ldata .rela.ldata.* .rela.gnu.linkonce.l.*)
 *(.rela.lbss .rela.lbss.* .rela.gnu.linkonce.lb.*)
 *(.rela.lrodata .rela.lrodata.* .rela.gnu.linkonce.lr.*)
 *(.rela.ifunc)
 .rela.ifunc    0x000000000000b750        0x0 /usr/lib/gcc/x86_64-linux-gnu/7/../../../x86_64-linux-gnu/crti.o
 .rela.fini_array
                0x000000000000b750       0x18 /usr/lib/gcc/x86_64-linux-gnu/7/../../../x86_64-linux-gnu/crti.o
 .rela.init_array
                0x000000000000b768       0x18 /usr/lib/gcc/x86_64-linux-gnu/7/../../../x86_64-linux-gnu/crti.o

.rela.plt       0x000000000000b780     0x2190
 *(.rela.plt)
 .rela.plt      0x000000000000b780     0x2190 /usr/lib/gcc/x86_64-linux-gnu/7/../../../x86_64-linux-gnu/crti.o
 *(.rela.iplt)

.init           0x000000000000d910       0x17
 *(SORT_NONE(.init))
 .init          0x000000000000d910       0x12 /usr/lib/gcc/x86_64-linux-gnu/7/../../../x86_64-linux-gnu/crti.o
                0x000000000000d910                _init
 .init          0x000000000000d922        0x5 /usr/lib/gcc/x86_64-linux-gnu/7/../../../x86_64-linux-gnu/crtn.o

.plt            0x000000000000d930     0x1670
 *(.plt)
 .plt           0x000000000000d930     0x1670 /usr/lib/gcc/x86_64-linux-gnu/7/../../../x86_64-linux-gnu/crti.o
 *(.iplt)

.plt.got        0x000000000000efa0       0x10
 *(.plt.got)
 .plt.got       0x000000000000efa0       0x10 /usr/lib/gcc/x86_64-linux-gnu/7/../../../x86_64-linux-gnu/crti.o

.plt.sec
 *(.plt.sec)

.text           0x000000000000efb0    0x1c985
 *(.text.unlikely .text.*_unlikely .text.unlikely.*)
 *(.text.exit .text.exit.*)
 *(.text.startup .text.startup.*)
 *(.text.hot .text.hot.*)
 *(.text .stub .text.* .gnu.linkonce.t.*)
 .text          0x000000000000efb0        0x0 /usr/lib/gcc/x86_64-linux-gnu/7/../../../x86_64-linux-gnu/crti.o
 .text          0x000000000000efb0       0xda /usr/lib/gcc/x86_64-linux-gnu/7/crtbeginS.o
 .text          0x000000000000f08a      0x239 udp-server.o
 .text          0x000000000000f2c3      0x608 obj_cooja/mtype497.o
                0x000000000000f3f9                contiki_init
                0x000000000000f6ec                Java_org_contikios_cooja_corecomm_Lib2_init
                0x000000000000f72f                Java_org_contikios_cooja_corecomm_Lib2_getMemory
                0x000000000000f787                Java_org_contikios_cooja_corecomm_Lib2_setMemory
                0x000000000000f814                Java_org_contikios_cooja_corecomm_Lib2_tick
                0x000000000000f89d                Java_org_contikios_cooja_corecomm_Lib2_setReferenceAddress
 .text          0x000000000000f8cb       0x89 obj_cooja/mtype497.a(simEnvChange.o)
                0x000000000000f8cb                doActionsBeforeTick
                0x000000000000f90f                doActionsAfterTick
 .text          0x000000000000f954       0x9f obj_cooja/mtype497.a(cooja_mt.o)
                0x000000000000f954                cooja_mt_start
                0x000000000000f990                cooja_mt_exec
                0x000000000000f9cf                cooja_mt_yield
 .text          0x000000000000f9f3       0xfe obj_cooja/mtype497.a(cooja_mtarch.o)
                0x000000000000f9f3                cooja_mtarch_start
                0x000000000000fa92                cooja_sw
                0x000000000000fabb                cooja_mtarch_exec
                0x000000000000fae5                cooja_mtarch_yield
 .text          0x000000000000faf1       0xb4 obj_cooja/mtype497.a(rtimer-arch.o)
                0x000000000000faf1                rtimer_arch_init
                0x000000000000fb13                rtimer_arch_schedule
                0x000000000000fb39                rtimer_arch_next
                0x000000000000fb49                rtimer_arch_pending
                0x000000000000fb58                rtimer_arch_check
                0x000000000000fb95                rtimer_arch_now
 .text          0x000000000000fba5       0xba obj_cooja/mtype497.a(beep.o)
                0x000000000000fba5                beep_alarm
                0x000000000000fbbc                beep_beep
                0x000000000000fbd0                beep
                0x000000000000fbe1                beep_down
                0x000000000000fbf5                beep_on
                0x000000000000fc06                beep_off
                0x000000000000fc17                beep_spinup
                0x000000000000fc28                beep_quick
                0x000000000000fc3c                beep_long
 .text          0x000000000000fc5f      0x12d obj_cooja/mtype497.a(button-sensor.o)
 .text          0x000000000000fd8c       0x57 obj_cooja/mtype497.a(leds-arch.o)
                0x000000000000fd8c                leds_arch_init
                0x000000000000fd9d                leds_arch_get
                0x000000000000fdad                leds_arch_set
 .text          0x000000000000fde3       0x39 obj_cooja/mtype497.a(moteid.o)
 .text          0x000000000000fe1c       0xe5 obj_cooja/mtype497.a(pir-sensor.o)
 .text          0x000000000000ff01      0x175 obj_cooja/mtype497.a(rs232.o)
                0x000000000000ff01                rs232_init
                0x000000000000ff08                rs232_set_speed
                0x000000000000ff14                rs232_set_input
                0x000000000000ff2a                rs232_send
                0x000000000000ff51                rs232_print
                0x000000000000ff78                slip_arch_writeb
 .text          0x0000000000010076       0xe5 obj_cooja/mtype497.a(vib-sensor.o)
 .text          0x000000000001015b       0x57 obj_cooja/mtype497.a(clock.o)
                0x000000000001015b                clock_init
                0x0000000000010162                clock_time
                0x0000000000010172                clock_seconds
                0x000000000001019a                clock_delay
 .text          0x00000000000101b2      0x30e obj_cooja/mtype497.a(cooja-log.o)
                0x00000000000101b2                simlog_char
                0x000000000001020b                simlog
                0x00000000000102aa                log_message
                0x00000000000102e3                log_set_putchar_with_slip
                0x00000000000102f6                log_putchar
                0x0000000000010376                log_puts
                0x000000000001039f                log_printf
 .text          0x00000000000104c0      0x373 obj_cooja/mtype497.a(cfs-cooja.o)
                0x00000000000104c0                cfs_open
                0x0000000000010539                cfs_close
                0x000000000001054a                cfs_read
                0x000000000001060e                cfs_write
                0x000000000001071d                cfs_seek
                0x00000000000107c8                cfs_remove
                0x00000000000107f4                cfs_opendir
                0x0000000000010807                cfs_readdir
                0x000000000001081a                cfs_closedir
 .text          0x0000000000010833      0xa88 obj_cooja/mtype497.a(cooja-radio.o)
                0x0000000000010882                radio_set_channel
                0x0000000000010898                radio_set_channelDummy
                0x00000000000108ae                radio_set_txpower
                0x00000000000108d4                radio_signal_strength_last
                0x00000000000108e3                radio_signal_strength_current
                0x00000000000108f2                radio_LQI
 .text          0x00000000000112bb      0x125 obj_cooja/mtype497.a(eeprom.o)
                0x00000000000112bb                eeprom_init
                0x00000000000112c2                eeprom_read
                0x000000000001134a                eeprom_write
 .text          0x00000000000113e0       0x27 obj_cooja/mtype497.a(random.o)
                0x00000000000113e0                random_init
                0x00000000000113fc                random_rand
 .text          0x0000000000011407      0x33f obj_cooja/mtype497.a(sensors.o)
                0x000000000001144c                sensors_first
                0x000000000001145c                sensors_next
                0x0000000000011487                sensors_changed
                0x00000000000114d0                sensors_find
 .text          0x0000000000011746      0x1b0 obj_cooja/mtype497.a(orchestra-rule-)
 .text          0x00000000000118f6       0xaf obj_cooja/mtype497.a(orchestra-rule-)
 .text          0x00000000000119a5      0x326 obj_cooja/mtype497.a(orchestra.o)
                0x0000000000011a37                orchestra_callback_child_added
                0x0000000000011a93                orchestra_callback_child_removed
                0x0000000000011aef                orchestra_callback_packet_ready
                0x0000000000011baa                orchestra_callback_new_time_source
                0x0000000000011c28                orchestra_init
 .text          0x0000000000011ccb      0x242 obj_cooja/mtype497.a(orchestra-rule-)
 .text          0x0000000000011f0d       0xb3 obj_cooja/mtype497.a(autostart.o)
                0x0000000000011f0d                autostart_start
                0x0000000000011f69                autostart_exit
 .text          0x0000000000011fc0      0x1b1 obj_cooja/mtype497.a(energest.o)
                0x000000000001201b                energest_init
                0x00000000000120b2                energest_flush
                0x0000000000012142                energest_get_total_time
 .text          0x0000000000012171      0x540 obj_cooja/mtype497.a(etimer.o)
                0x0000000000012411                etimer_request_poll
                0x00000000000124bb                etimer_set
                0x00000000000124ed                etimer_reset_with_new_interval
                0x0000000000012524                etimer_reset
                0x000000000001254b                etimer_restart
                0x0000000000012572                etimer_adjust
                0x000000000001259f                etimer_expired
                0x00000000000125ba                etimer_expiration_time
                0x00000000000125d6                etimer_start_time
                0x00000000000125e7                etimer_pending
                0x00000000000125fd                etimer_next_expiration_time
                0x000000000001261a                etimer_stop
 .text          0x00000000000126b1      0x580 obj_cooja/mtype497.a(log.o)
                0x00000000000126b1                log_6addr
                0x000000000001282c                log_6addr_compact
                0x000000000001291d                log_lladdr
                0x000000000001299a                log_lladdr_compact
                0x0000000000012a11                log_set_level
                0x0000000000012b17                log_get_level
                0x0000000000012bca                log_level_to_str
 .text          0x0000000000012c31      0x421 obj_cooja/mtype497.a(ctimer.o)
                0x0000000000012d8f                ctimer_init
                0x0000000000012dc0                ctimer_set
                0x0000000000012e00                ctimer_set_with_process
                0x0000000000012eb6                ctimer_reset
                0x0000000000012f23                ctimer_restart
                0x0000000000012f90                ctimer_stop
                0x0000000000012fea                ctimer_expired
 .text          0x0000000000013052      0x641 obj_cooja/mtype497.a(process.o)
                0x0000000000013052                process_alloc_event
                0x0000000000013068                process_start
                0x00000000000132cd                process_exit
                0x00000000000132f5                process_init
                0x00000000000134e5                process_run
                0x0000000000013516                process_nevents
                0x0000000000013532                process_post
                0x00000000000135f6                process_post_synch
                0x0000000000013640                process_poll
                0x0000000000013679                process_is_running
 .text          0x0000000000013693       0xf6 obj_cooja/mtype497.a(rtimer.o)
                0x0000000000013693                rtimer_init
                0x000000000001369f                rtimer_set
                0x000000000001371c                rtimer_run_next
 .text          0x0000000000013789       0xdf obj_cooja/mtype497.a(timer.o)
                0x0000000000013789                timer_set
                0x00000000000137b7                timer_reset
                0x00000000000137db                timer_restart
                0x00000000000137f9                timer_expired
                0x0000000000013836                timer_remaining
 .text          0x0000000000013868      0x20c obj_cooja/mtype497.a(serial-line.o)
                0x0000000000013868                serial_line_input_byte
                0x0000000000013a41                serial_line_init
 .text          0x0000000000013a74      0x189 obj_cooja/mtype497.a(ringbuf.o)
                0x0000000000013a74                ringbuf_init
                0x0000000000013ab1                ringbuf_put
                0x0000000000013b3c                ringbuf_get
                0x0000000000013bb6                ringbuf_size
                0x0000000000013bce                ringbuf_elements
 .text          0x0000000000013bfd      0x324 obj_cooja/mtype497.a(list.o)
                0x0000000000013bfd                list_init
                0x0000000000013c13                list_head
                0x0000000000013c24                list_copy
                0x0000000000013c41                list_tail
                0x0000000000013c86                list_add
                0x0000000000013ce6                list_push
                0x0000000000013d25                list_chop
                0x0000000000013dae                list_pop
                0x0000000000013de4                list_remove
                0x0000000000013e6c                list_length
                0x0000000000013ea3                list_insert
                0x0000000000013f02                list_item_next
 .text          0x0000000000013f21      0x458 obj_cooja/mtype497.a(packetbuf.o)
                0x0000000000013f21                packetbuf_clear
                0x0000000000013f4b                packetbuf_copyfrom
                0x0000000000013fa1                packetbuf_copyto
                0x0000000000014044                packetbuf_hdralloc
                0x00000000000140cf                packetbuf_hdrreduce
                0x000000000001411b                packetbuf_set_datalen
                0x0000000000014133                packetbuf_dataptr
                0x0000000000014155                packetbuf_hdrptr
                0x0000000000014162                packetbuf_datalen
                0x000000000001416f                packetbuf_hdrlen
                0x0000000000014187                packetbuf_totlen
                0x00000000000141a6                packetbuf_remaininglen
                0x00000000000141ba                packetbuf_attr_clear
                0x000000000001421a                packetbuf_attr_copyto
                0x0000000000014261                packetbuf_attr_copyfrom
                0x00000000000142a8                packetbuf_set_attr
                0x00000000000142d4                packetbuf_attr
                0x00000000000142f1                packetbuf_set_addr
                0x0000000000014333                packetbuf_addr
                0x0000000000014359                packetbuf_holds_broadcast
 .text          0x0000000000014379      0x11b obj_cooja/mtype497.a(netstack.o)
                0x0000000000014379                netstack_process_ip_callback
                0x0000000000014416                netstack_ip_packet_processor_add
                0x0000000000014442                uip_ds6_ip_packet_processor_rm
                0x0000000000014467                netstack_init
 .text          0x0000000000014494       0x74 obj_cooja/mtype497.a(linkaddr.o)
                0x0000000000014494                linkaddr_copy
                0x00000000000144b1                linkaddr_cmp
                0x00000000000144e3                linkaddr_set_node_addr
 .text          0x0000000000014508      0xb56 obj_cooja/mtype497.a(tsch-schedule.o)
                0x0000000000014508                tsch_schedule_add_slotframe
                0x0000000000014607                tsch_schedule_remove_all_slotframes
                0x0000000000014649                tsch_schedule_remove_slotframe
                0x00000000000146d1                tsch_schedule_get_slotframe_by_handle
                0x000000000001472f                tsch_schedule_get_link_by_handle
                0x00000000000147ba                tsch_schedule_add_link
                0x0000000000014978                tsch_schedule_remove_link
                0x0000000000014ab5                tsch_schedule_remove_link_by_timeslot
                0x0000000000014b04                tsch_schedule_get_link_by_timeslot
                0x0000000000014b74                tsch_schedule_get_next_active_link
                0x0000000000014dcb                tsch_schedule_init
                0x0000000000014e12                tsch_schedule_create_minimal
                0x0000000000014e61                tsch_schedule_slotframe_head
                0x0000000000014e76                tsch_schedule_slotframe_next
                0x0000000000014e90                tsch_schedule_print
 .text          0x000000000001505e     0x1821 obj_cooja/mtype497.a(tsch-slot-opera)
                0x000000000001505e                tsch_is_locked
                0x000000000001506a                tsch_get_lock
                0x00000000000150fe                tsch_release_lock
                0x000000000001510f                tsch_calculate_channel
                0x000000000001670b                tsch_slot_operation_start
                0x000000000001681f                tsch_slot_operation_sync
 .text          0x000000000001687f      0x915 obj_cooja/mtype497.a(tsch-packet.o)
                0x00000000000168ae                tsch_packet_eackbuf_attr
                0x00000000000168ce                tsch_packet_create_eack
                0x0000000000016ac2                tsch_packet_parse_eack
                0x0000000000016c79                tsch_packet_create_eb
                0x0000000000016fe0                tsch_packet_update_eb
                0x000000000001705f                tsch_packet_parse_eb
 .text          0x0000000000017194      0x330 obj_cooja/mtype497.a(tsch-adaptive-t)
                0x0000000000017194                tsch_adaptive_timesync_get_drift_ppm
                0x00000000000172e3                tsch_timesync_update
                0x000000000001745a                tsch_timesync_adaptive_compensate
 .text          0x00000000000174c4     0x1768 obj_cooja/mtype497.a(tsch.o)
                0x00000000000174c4                tsch_set_coordinator
                0x0000000000017503                tsch_set_pan_secured
                0x000000000001751a                tsch_set_join_priority
                0x0000000000017533                tsch_set_ka_timeout
                0x0000000000017564                tsch_set_eb_period
                0x0000000000017755                tsch_schedule_keepalive
                0x0000000000017813                tsch_schedule_keepalive_immediately
                0x0000000000017c7a                tsch_disassociate
                0x0000000000018111                tsch_scan
 .text          0x0000000000018c2c      0xd4e obj_cooja/mtype497.a(uip-ds6.o)
                0x0000000000018c2c                uip_ds6_init
                0x0000000000018e06                uip_ds6_periodic
                0x0000000000018ea4                uip_ds6_list_loop
                0x0000000000018f89                uip_ds6_prefix_add
                0x0000000000019056                uip_ds6_prefix_rm
                0x0000000000019070                uip_ds6_prefix_lookup
                0x00000000000190c3                uip_ds6_is_addr_onlink
                0x0000000000019153                uip_ds6_addr_add
                0x0000000000019294                uip_ds6_addr_rm
                0x0000000000019348                uip_ds6_addr_lookup
                0x0000000000019396                uip_ds6_get_link_local
                0x0000000000019437                uip_ds6_get_global
                0x00000000000194d8                uip_ds6_maddr_add
                0x000000000001954d                uip_ds6_maddr_rm
                0x0000000000019567                uip_ds6_maddr_lookup
                0x00000000000195b8                uip_ds6_aaddr_add
                0x000000000001962d                uip_ds6_aaddr_rm
                0x0000000000019647                uip_ds6_aaddr_lookup
                0x0000000000019698                uip_ds6_select_src
                0x000000000001981e                uip_ds6_set_addr_iid
                0x0000000000019853                uip_ds6_set_lladdr_from_iid
                0x0000000000019886                get_match_length
                0x0000000000019930                uip_ds6_compute_reachable_time
 .text          0x000000000001997a      0x888 obj_cooja/mtype497.a(tcpip.o)
                0x00000000000199a6                tcpip_output
                0x0000000000019a48                udp_attach
                0x0000000000019a72                udp_new
                0x0000000000019ac9                udp_broadcast_new
                0x0000000000019c66                tcpip_input
                0x0000000000019e3f                tcpip_ipv6_output
                0x000000000001a0c1                tcpip_poll_udp
                0x000000000001a0eb                tcpip_uipcall
 .text          0x000000000001a202      0x3da obj_cooja/mtype497.a(uip-ds6-route.o)
                0x000000000001a257                uip_ds6_route_init
                0x000000000001a279                uip_ds6_route_nexthop
                0x000000000001a288                uip_ds6_route_head
                0x000000000001a293                uip_ds6_route_next
                0x000000000001a2a2                uip_ds6_route_is_nexthop
                0x000000000001a2b1                uip_ds6_route_num_routes
                0x000000000001a2bc                uip_ds6_route_lookup
                0x000000000001a2cb                uip_ds6_route_add
                0x000000000001a2e3                uip_ds6_route_rm
                0x000000000001a2ee                uip_ds6_route_rm_by_nexthop
                0x000000000001a2f9                uip_ds6_defrt_head
                0x000000000001a30e                uip_ds6_defrt_add
                0x000000000001a3e5                uip_ds6_defrt_rm
                0x000000000001a472                uip_ds6_defrt_lookup
                0x000000000001a4e5                uip_ds6_defrt_choose
                0x000000000001a564                uip_ds6_defrt_periodic
 .text          0x000000000001a5dc      0x30b obj_cooja/mtype497.a(uip-ds6-nbr.o)
                0x000000000001a5dc                uip_ds6_neighbors_init
                0x000000000001a604                uip_ds6_nbr_add
                0x000000000001a6a1                uip_ds6_nbr_rm
                0x000000000001a6fd                uip_ds6_nbr_get_ipaddr
                0x000000000001a719                uip_ds6_nbr_get_ll
                0x000000000001a740                uip_ds6_nbr_num
                0x000000000001a794                uip_ds6_nbr_head
                0x000000000001a7ac                uip_ds6_nbr_next
                0x000000000001a7d3                uip_ds6_nbr_lookup
                0x000000000001a84b                uip_ds6_nbr_ll_lookup
                0x000000000001a872                uip_ds6_nbr_ipaddr_from_lladdr
                0x000000000001a8a2                uip_ds6_nbr_lladdr_from_ipaddr
                0x000000000001a8da                uip_ds6_link_callback
 .text          0x000000000001a8e7     0x17df obj_cooja/mtype497.a(uip6.o)
                0x000000000001a9a7                uip_chksum
                0x000000000001aa9f                uip_icmp6chksum
                0x000000000001aaaf                uip_udpchksum
                0x000000000001aabf                uip_init
                0x000000000001ab1c                remove_ext_hdr
                0x000000000001ac51                uip_udp_new
                0x000000000001b033                uip_process
                0x000000000001bf7c                uip_htons
                0x000000000001bf9b                uip_htonl
                0x000000000001bfdf                uip_send
 .text          0x000000000001c0c6      0x855 obj_cooja/mtype497.a(uip-nd6.o)
                0x000000000001c908                uip_nd6_init
 .text          0x000000000001c91b      0x41f obj_cooja/mtype497.a(simple-udp.o)
                0x000000000001c948                simple_udp_send
                0x000000000001c9b6                simple_udp_sendto
                0x000000000001ca24                simple_udp_sendto_port
                0x000000000001ca90                simple_udp_register
 .text          0x000000000001cd3a     0x3000 obj_cooja/mtype497.a(sicslowpan.o)
                0x000000000001d395                netstack_sniffer_add
                0x000000000001d3ab                netstack_sniffer_remove
                0x000000000001fd06                sicslowpan_init
                0x000000000001fd2e                sicslowpan_get_last_rssi
 .text          0x000000000001fd3a      0x5e0 obj_cooja/mtype497.a(rpl.o)
                0x000000000001fd3a                rpl_lollipop_greater_than
                0x000000000001fd9a                rpl_get_global_address
                0x000000000001ff36                rpl_link_callback
                0x000000000001ff76                rpl_has_joined
                0x000000000001ffa5                rpl_is_reachable
                0x0000000000020043                rpl_reset_prefix
                0x00000000000200b6                rpl_set_prefix_from_addr
                0x00000000000201c4                rpl_set_prefix
 .text          0x000000000002031a     0x16a6 obj_cooja/mtype497.a(rpl-icmp6.o)
                0x000000000002049e                rpl_icmp6_update_nbr_table
                0x0000000000020561                rpl_icmp6_dis_output
                0x0000000000020c88                rpl_icmp6_dio_output
                0x0000000000021576                rpl_icmp6_dao_output
                0x00000000000218f6                rpl_icmp6_dao_ack_output
                0x0000000000021989                rpl_icmp6_init
 .text          0x00000000000219c0      0x2e4 obj_cooja/mtype497.a(rpl-dag-root.o)
                0x0000000000021acb                rpl_dag_root_set_prefix
                0x0000000000021b03                rpl_dag_root_start
                0x0000000000021c68                rpl_dag_root_is_root
 .text          0x0000000000021ca4       0x23 obj_cooja/mtype497.a(watchdog.o)
                0x0000000000021ca4                watchdog_init
                0x0000000000021cab                watchdog_start
                0x0000000000021cb2                watchdog_periodic
                0x0000000000021cb9                watchdog_stop
                0x0000000000021cc0                watchdog_reboot
 .text          0x0000000000021cc7      0x106 obj_cooja/mtype497.a(stimer.o)
                0x0000000000021cc7                stimer_set
                0x0000000000021cf5                stimer_reset
                0x0000000000021d19                stimer_restart
                0x0000000000021d37                stimer_expired
                0x0000000000021d78                stimer_remaining
                0x0000000000021daa                stimer_elapsed
 .text          0x0000000000021dcd      0x236 obj_cooja/mtype497.a(ringbufindex.o)
                0x0000000000021dcd                ringbufindex_init
                0x0000000000021dfa                ringbufindex_put
                0x0000000000021e61                ringbufindex_peek_put
                0x0000000000021eaf                ringbufindex_get
                0x0000000000021f18                ringbufindex_peek_get
                0x0000000000021f5c                ringbufindex_size
                0x0000000000021f73                ringbufindex_elements
                0x0000000000021fa1                ringbufindex_full
                0x0000000000021fe1                ringbufindex_empty
 .text          0x0000000000022003      0x20e obj_cooja/mtype497.a(memb.o)
                0x0000000000022003                memb_init
                0x0000000000022062                memb_alloc
                0x00000000000220da                memb_free
                0x0000000000022172                memb_inmemb
                0x00000000000221c5                memb_numfree
 .text          0x0000000000022211      0x330 obj_cooja/mtype497.a(queuebuf.o)
                0x0000000000022222                queuebuf_init
                0x0000000000022241                queuebuf_numfree
                0x0000000000022253                queuebuf_new_from_packetbuf
                0x00000000000222fc                queuebuf_update_attr_from_packetbuf
                0x000000000002233b                queuebuf_update_from_packetbuf
                0x0000000000022393                queuebuf_free
                0x00000000000223e2                queuebuf_to_packetbuf
                0x0000000000022454                queuebuf_dataptr
                0x0000000000022494                queuebuf_datalen
                0x00000000000224c0                queuebuf_addr
                0x0000000000022503                queuebuf_attr
                0x000000000002253a                queuebuf_debug_print
 .text          0x0000000000022541      0x9f8 obj_cooja/mtype497.a(nbr-table.o)
                0x0000000000022ae9                nbr_table_register
                0x0000000000022b50                nbr_table_is_register
                0x0000000000022b8e                nbr_table_head
                0x0000000000022bf5                nbr_table_next
                0x0000000000022c6b                nbr_table_add_lladdr
                0x0000000000022d5d                nbr_table_get_from_lladdr
                0x0000000000022db5                nbr_table_remove
                0x0000000000022e05                nbr_table_lock
                0x0000000000022e33                nbr_table_unlock
                0x0000000000022e61                nbr_table_get_lladdr
                0x0000000000022ea0                nbr_table_update_lladdr
 .text          0x0000000000022f39      0x3e2 obj_cooja/mtype497.a(link-stats.o)
                0x0000000000022f39                link_stats_from_lladdr
                0x0000000000022f5d                link_stats_is_fresh
                0x0000000000022fa7                guess_etx_from_rssi
                0x0000000000023028                link_stats_packet_sent
                0x000000000002315c                link_stats_input_callback
                0x0000000000023289                link_stats_reset
                0x00000000000232e0                link_stats_init
 .text          0x000000000002331b      0x1ef obj_cooja/mtype497.a(mac-sequence.o)
                0x000000000002331b                mac_sequence_is_duplicate
                0x0000000000023411                mac_sequence_register_seqno
 .text          0x000000000002350a       0x33 obj_cooja/mtype497.a(mac.o)
                0x000000000002350a                mac_call_sent_callback
 .text          0x000000000002353d     0x10bd obj_cooja/mtype497.a(frame802154e-ie)
                0x0000000000023672                frame80215e_create_ie_header_ack_nack_time_correction
                0x000000000002370c                frame80215e_create_ie_header_list_termination_1
                0x000000000002375d                frame80215e_create_ie_header_list_termination_2
                0x00000000000237ae                frame80215e_create_ie_payload_list_termination
                0x00000000000237ff                frame80215e_create_ie_mlme
                0x0000000000023856                frame80215e_create_ie_tsch_synchronization
                0x0000000000023924                frame80215e_create_ie_tsch_slotframe_and_link
                0x0000000000023b6a                frame80215e_create_ie_tsch_timeslot
                0x0000000000023c60                frame80215e_create_ie_tsch_channel_hopping_sequence
                0x00000000000242d3                frame802154e_parse_information_elements
 .text          0x00000000000245fa      0x42f obj_cooja/mtype497.a(framer-802154.o)
                0x0000000000024791                framer_802154_setup_params
 .text          0x0000000000024a29      0xc84 obj_cooja/mtype497.a(frame802154.o)
                0x0000000000024a57                frame802154_get_pan_id
                0x0000000000024a64                frame802154_set_pan_id
                0x0000000000024a7c                frame802154_has_panid
                0x0000000000024c57                frame802154_check_dest_panid
                0x0000000000024cf2                frame802154_is_broadcast_addr
                0x0000000000024d45                frame802154_extract_linkaddr
                0x0000000000024fdb                frame802154_hdrlen
                0x0000000000025056                frame802154_create_fcf
                0x0000000000025124                frame802154_create
                0x00000000000252ca                frame802154_parse_fcf
                0x00000000000253bd                frame802154_parse
 .text          0x00000000000256ad      0xb5d obj_cooja/mtype497.a(tsch-queue.o)
                0x00000000000256ad                tsch_queue_add_nbr
                0x00000000000257bc                tsch_queue_get_nbr
                0x0000000000025825                tsch_queue_get_time_source
                0x000000000002587b                tsch_queue_update_time_source
                0x0000000000025a0d                tsch_queue_add_packet
                0x0000000000025b39                tsch_queue_global_packet_count
                0x0000000000025b54                tsch_queue_packet_count
                0x0000000000025ba1                tsch_queue_remove_packet_from_queue
                0x0000000000025bfc                tsch_queue_free_packet
                0x0000000000025c34                tsch_queue_packet_sent
                0x0000000000025cff                tsch_queue_reset
                0x0000000000025d5f                tsch_queue_free_unused_neighbors
                0x0000000000025de7                tsch_queue_is_empty
                0x0000000000025e25                tsch_queue_get_packet_for_nbr
                0x0000000000025f5f                tsch_queue_get_packet_for_dest_addr
                0x0000000000025f9f                tsch_queue_get_unicast_packet_for_any
                0x0000000000026045                tsch_queue_backoff_expired
                0x000000000002605f                tsch_queue_backoff_reset
                0x000000000002607a                tsch_queue_backoff_inc
                0x00000000000260ec                tsch_queue_update_all_backoff_windows
                0x00000000000261a4                tsch_queue_init
 .text          0x000000000002620a      0x146 obj_cooja/mtype497.a(tsch-rpl.o)
                0x000000000002620a                tsch_rpl_callback_ka_sent
                0x0000000000026249                tsch_rpl_callback_joining_network
                0x0000000000026250                tsch_rpl_callback_leaving_network
                0x000000000002626b                tsch_rpl_callback_new_dio_interval
                0x000000000002630c                tsch_rpl_callback_parent_switch
 .text          0x0000000000026350      0x222 obj_cooja/mtype497.a(uipbuf.o)
                0x0000000000026350                uipbuf_get_next_header
                0x00000000000263d4                uipbuf_get_last_header
                0x0000000000026478                uipbuf_get_attr
                0x00000000000264a5                uipbuf_set_attr
                0x00000000000264e1                uipbuf_clear_attr
                0x000000000002650d                uipbuf_set_attr_flag
                0x000000000002652c                uipbuf_clr_attr_flag
                0x0000000000026551                uipbuf_is_attr_flag
 .text          0x0000000000026572      0xba9 obj_cooja/mtype497.a(uip-icmp6.o)
                0x00000000000265eb                uip_icmp6_input
                0x0000000000026645                uip_icmp6_register_input_handler
                0x00000000000268cd                uip_icmp6_error_output
                0x0000000000026d38                uip_icmp6_send
                0x0000000000027094                uip_icmp6_echo_reply_callback_add
                0x00000000000270d7                uip_icmp6_echo_reply_callback_rm
                0x00000000000270fc                uip_icmp6_init
 .text          0x000000000002711b      0x587 obj_cooja/mtype497.a(uip-sr.o)
                0x000000000002711b                uip_sr_num_nodes
                0x00000000000271be                uip_sr_get_node
                0x0000000000027222                uip_sr_is_addr_reachable
                0x00000000000272e6                uip_sr_expire_parent
                0x0000000000027345                uip_sr_update_node
                0x00000000000274b2                uip_sr_init
                0x00000000000274de                uip_sr_node_head
                0x00000000000274f3                uip_sr_node_next
                0x000000000002750d                uip_sr_periodic
                0x000000000002762b                uip_sr_free_all
 .text          0x00000000000276a2      0x197 obj_cooja/mtype497.a(uip-packetqueue)
                0x00000000000276da                uip_packetqueue_new
                0x00000000000276f0                uip_packetqueue_alloc
                0x0000000000027766                uip_packetqueue_free
                0x00000000000277b7                uip_packetqueue_buf
                0x00000000000277df                uip_packetqueue_buflen
                0x000000000002780a                uip_packetqueue_set_buflen
 .text          0x0000000000027839      0x13c obj_cooja/mtype497.a(uip-udp-packet.)
                0x0000000000027839                uip_udp_packet_send
                0x00000000000278b4                uip_udp_packet_sendto
 .text          0x0000000000027975      0x211 obj_cooja/mtype497.a(rpl-nbr-policy.)
                0x0000000000027b34                rpl_nbr_policy_find_removable
 .text          0x0000000000027b86      0x74e obj_cooja/mtype497.a(rpl-neighbor.o)
                0x0000000000027bec                rpl_neighbor_print_list
                0x0000000000027c93                rpl_neighbor_count
                0x0000000000027d76                rpl_neighbor_get_from_lladdr
                0x0000000000027d9d                rpl_neighbor_is_acceptable_parent
                0x0000000000027de5                rpl_neighbor_get_link_metric
                0x0000000000027e2d                rpl_neighbor_rank_via_nbr
                0x0000000000027e75                rpl_neighbor_get_lladdr
                0x0000000000027e9c                rpl_neighbor_get_ipaddr
                0x0000000000027ec6                rpl_neighbor_get_link_stats
                0x0000000000027ef0                rpl_neighbor_is_fresh
                0x0000000000027f1a                rpl_neighbor_is_reachable
                0x0000000000027f6e                rpl_neighbor_is_parent
                0x0000000000027fa3                rpl_neighbor_set_preferred_parent
                0x0000000000028065                rpl_neighbor_remove_all
                0x00000000000280bd                rpl_neighbor_get_from_ipaddr
                0x00000000000281ea                rpl_neighbor_select_best
                0x00000000000282b4                rpl_neighbor_init
 .text          0x00000000000282d4     0x116b obj_cooja/mtype497.a(rpl-dag.o)
                0x00000000000282d4                rpl_dag_state_to_str
                0x0000000000028321                rpl_dag_get_root_ipaddr
                0x0000000000028367                rpl_dag_leave
                0x000000000002840b                rpl_dag_poison_and_leave
                0x0000000000028425                rpl_dag_periodic
                0x00000000000284e5                rpl_is_addr_in_our_dag
                0x000000000002853a                rpl_get_default_instance
                0x000000000002855d                rpl_get_any_dag
                0x00000000000285c2                rpl_global_repair
                0x00000000000286a6                rpl_local_repair
                0x0000000000028706                rpl_dag_ready_to_advertise
                0x000000000002875a                rpl_dag_update_state
                0x0000000000028fef                rpl_process_dio
                0x0000000000029091                rpl_process_dis
                0x00000000000290de                rpl_process_dao
                0x0000000000029183                rpl_process_dao_ack
                0x0000000000029227                rpl_process_hbh
                0x0000000000029282                rpl_dag_init_root
                0x000000000002941a                rpl_dag_init
 .text          0x000000000002943f      0xd1b obj_cooja/mtype497.a(rpl-timers.o)
                0x000000000002943f                rpl_timers_schedule_periodic_dis
                0x0000000000029643                rpl_timers_dio_reset
                0x000000000002978a                rpl_timers_schedule_unicast_dio
                0x000000000002999b                rpl_timers_schedule_dao
                0x0000000000029b33                rpl_timers_schedule_dao_ack
                0x0000000000029be7                get_probing_delay
                0x0000000000029c7c                get_probing_target
                0x0000000000029ece                rpl_schedule_probing
                0x0000000000029f2e                rpl_timers_unschedule_leaving
                0x0000000000029f6e                rpl_timers_schedule_leaving
                0x0000000000029fbf                rpl_timers_init
                0x000000000002a060                rpl_timers_stop_dag_timers
                0x000000000002a0e9                rpl_timers_unschedule_state_update
                0x000000000002a10f                rpl_timers_schedule_state_update
 .text          0x000000000002a15a     0x1467 obj_cooja/mtype497.a(rpl-ext-header.)
                0x000000000002a15a                rpl_ext_header_srh_get_next_hop
                0x000000000002a33a                rpl_ext_header_srh_update
                0x000000000002abd8                rpl_ext_header_hbh_update
                0x000000000002b2b8                rpl_ext_header_update
                0x000000000002b35e                rpl_ext_header_remove
 .text          0x000000000002b5c1      0x374 obj_cooja/mtype497.a(rpl-mrhof.o)
 .text          0x000000000002b935        0x0 /usr/lib/gcc/x86_64-linux-gnu/7/crtendS.o
 .text          0x000000000002b935        0x0 /usr/lib/gcc/x86_64-linux-gnu/7/../../../x86_64-linux-gnu/crtn.o
 *(.gnu.warning)

.fini           0x000000000002b938        0x9
 *(SORT_NONE(.fini))
 .fini          0x000000000002b938        0x4 /usr/lib/gcc/x86_64-linux-gnu/7/../../../x86_64-linux-gnu/crti.o
                0x000000000002b938                _fini
 .fini          0x000000000002b93c        0x5 /usr/lib/gcc/x86_64-linux-gnu/7/../../../x86_64-linux-gnu/crtn.o
                [!provide]                        PROVIDE (__etext = .)
                [!provide]                        PROVIDE (_etext = .)
                [!provide]                        PROVIDE (etext = .)

.rodata         0x000000000002b950      0x74e
 *(.rodata .rodata.* .gnu.linkonce.r.*)
 .rodata        0x000000000002b950       0x89 udp-server.o
 *fill*         0x000000000002b9d9        0x7 
 .rodata        0x000000000002b9e0       0xc3 obj_cooja/mtype497.o
 .rodata        0x000000000002baa3        0x7 obj_cooja/mtype497.a(button-sensor.o)
 .rodata        0x000000000002baaa        0x4 obj_cooja/mtype497.a(pir-sensor.o)
 .rodata        0x000000000002baae        0x6 obj_cooja/mtype497.a(rs232.o)
 .rodata        0x000000000002bab4        0xa obj_cooja/mtype497.a(vib-sensor.o)
 *fill*         0x000000000002babe        0x2 
 .rodata        0x000000000002bac0       0x27 obj_cooja/mtype497.a(cfs-cooja.o)
 .rodata        0x000000000002bae7       0x14 obj_cooja/mtype497.a(cooja-radio.o)
 .rodata        0x000000000002bafb        0x8 obj_cooja/mtype497.a(sensors.o)
 *fill*         0x000000000002bb03        0x5 
 .rodata        0x000000000002bb08       0x48 obj_cooja/mtype497.a(orchestra.o)
 .rodata        0x000000000002bb50        0xc obj_cooja/mtype497.a(etimer.o)
 .rodata        0x000000000002bb5c       0xec obj_cooja/mtype497.a(log.o)
 .rodata        0x000000000002bc48        0xf obj_cooja/mtype497.a(ctimer.o)
 .rodata        0x000000000002bc57        0xe obj_cooja/mtype497.a(serial-line.o)
 *fill*         0x000000000002bc65        0x3 
 .rodata        0x000000000002bc68        0x8 obj_cooja/mtype497.a(linkaddr.o)
                0x000000000002bc68                linkaddr_null
 .rodata        0x000000000002bc70       0xd0 obj_cooja/mtype497.a(tsch-schedule.o)
 .rodata        0x000000000002bd40       0x3d obj_cooja/mtype497.a(tsch-slot-opera)
 *fill*         0x000000000002bd7d        0x3 
 .rodata        0x000000000002bd80       0x79 obj_cooja/mtype497.a(tsch.o)
                0x000000000002bd98                tsch_broadcast_address
                0x000000000002bda0                tsch_eb_address
 .rodata        0x000000000002bdf9        0xd obj_cooja/mtype497.a(tcpip.o)
 *fill*         0x000000000002be06        0x2 
 .rodata        0x000000000002be08       0x5f obj_cooja/mtype497.a(uip-ds6-route.o)
 *fill*         0x000000000002be67        0x1 
 .rodata        0x000000000002be68       0xf4 obj_cooja/mtype497.a(uip6.o)
 .rodata        0x000000000002bf5c       0x13 obj_cooja/mtype497.a(simple-udp.o)
 .rodata        0x000000000002bf6f       0x27 obj_cooja/mtype497.a(sicslowpan.o)
                0x000000000002bf79                unc_llconf
                0x000000000002bf7d                unc_ctxconf
                0x000000000002bf81                unc_mxconf
                0x000000000002bf85                llprefix
 .rodata        0x000000000002bf96        0x9 obj_cooja/mtype497.a(rpl.o)
 .rodata        0x000000000002bf9f       0x13 obj_cooja/mtype497.a(mac-sequence.o)
 .rodata        0x000000000002bfb2        0xd obj_cooja/mtype497.a(tsch-rpl.o)
 .rodata        0x000000000002bfbf       0xd3 obj_cooja/mtype497.a(rpl-dag.o)
 .rodata        0x000000000002c092        0xc obj_cooja/mtype497.a(rpl-timers.o)

.rodata1
 *(.rodata1)

.eh_frame_hdr   0x000000000002c0a0     0x174c
 *(.eh_frame_hdr)
 .eh_frame_hdr  0x000000000002c0a0     0x174c udp-server.o
                0x000000000002c0a0                __GNU_EH_FRAME_HDR
 *(.eh_frame_entry .eh_frame_entry.*)

.eh_frame       0x000000000002d7f0     0x5d9c
 *(.eh_frame)
 .eh_frame      0x000000000002d7f0       0x40 /usr/lib/gcc/x86_64-linux-gnu/7/../../../x86_64-linux-gnu/crti.o
 .eh_frame      0x000000000002d830       0x18 /usr/lib/gcc/x86_64-linux-gnu/7/../../../x86_64-linux-gnu/crti.o
                                         0x30 (size before relaxing)
 .eh_frame      0x000000000002d848       0x88 udp-server.o
                                         0xa0 (size before relaxing)
 .eh_frame      0x000000000002d8d0      0x138 obj_cooja/mtype497.o
                                        0x150 (size before relaxing)
 .eh_frame      0x000000000002da08       0x40 obj_cooja/mtype497.a(simEnvChange.o)
                                         0x58 (size before relaxing)
 .eh_frame      0x000000000002da48       0x60 obj_cooja/mtype497.a(cooja_mt.o)
                                         0x78 (size before relaxing)
 .eh_frame      0x000000000002daa8       0x80 obj_cooja/mtype497.a(cooja_mtarch.o)
                                         0x98 (size before relaxing)
 .eh_frame      0x000000000002db28       0xc0 obj_cooja/mtype497.a(rtimer-arch.o)
                                         0xd8 (size before relaxing)
 .eh_frame      0x000000000002dbe8      0x160 obj_cooja/mtype497.a(beep.o)
                                        0x178 (size before relaxing)
 .eh_frame      0x000000000002dd48       0xa0 obj_cooja/mtype497.a(button-sensor.o)
                                         0xb8 (size before relaxing)
 .eh_frame      0x000000000002dde8       0xa0 obj_cooja/mtype497.a(leds-arch.o)
                                         0xb8 (size before relaxing)
 .eh_frame      0x000000000002de88       0x40 obj_cooja/mtype497.a(moteid.o)
                                         0x58 (size before relaxing)
 .eh_frame      0x000000000002dec8       0xa0 obj_cooja/mtype497.a(pir-sensor.o)
                                         0xb8 (size before relaxing)
 .eh_frame      0x000000000002df68      0x100 obj_cooja/mtype497.a(rs232.o)
                                        0x118 (size before relaxing)
 .eh_frame      0x000000000002e068       0xa0 obj_cooja/mtype497.a(vib-sensor.o)
                                         0xb8 (size before relaxing)
 .eh_frame      0x000000000002e108       0xc0 obj_cooja/mtype497.a(clock.o)
                                         0xd8 (size before relaxing)
 .eh_frame      0x000000000002e1c8      0x128 obj_cooja/mtype497.a(cooja-log.o)
                                        0x140 (size before relaxing)
 .eh_frame      0x000000000002e2f0      0x160 obj_cooja/mtype497.a(cfs-cooja.o)
                                        0x178 (size before relaxing)
 .eh_frame      0x000000000002e450      0x360 obj_cooja/mtype497.a(cooja-radio.o)
                                        0x378 (size before relaxing)
 .eh_frame      0x000000000002e7b0       0xa0 obj_cooja/mtype497.a(eeprom.o)
                                         0xb8 (size before relaxing)
 .eh_frame      0x000000000002e850       0x40 obj_cooja/mtype497.a(random.o)
                                         0x58 (size before relaxing)
 .eh_frame      0x000000000002e890       0xc0 obj_cooja/mtype497.a(sensors.o)
                                         0xd8 (size before relaxing)
 .eh_frame      0x000000000002e950       0xc0 obj_cooja/mtype497.a(orchestra-rule-)
                                         0xd8 (size before relaxing)
 .eh_frame      0x000000000002ea10       0x40 obj_cooja/mtype497.a(orchestra-rule-)
                                         0x58 (size before relaxing)
 .eh_frame      0x000000000002ea50       0xe0 obj_cooja/mtype497.a(orchestra.o)
                                         0xf8 (size before relaxing)
 .eh_frame      0x000000000002eb30       0x80 obj_cooja/mtype497.a(orchestra-rule-)
                                         0x98 (size before relaxing)
 .eh_frame      0x000000000002ebb0       0x40 obj_cooja/mtype497.a(autostart.o)
                                         0x58 (size before relaxing)
 .eh_frame      0x000000000002ebf0       0xa0 obj_cooja/mtype497.a(energest.o)
                                         0xb8 (size before relaxing)
 .eh_frame      0x000000000002ec90      0x1e0 obj_cooja/mtype497.a(etimer.o)
                                        0x1f8 (size before relaxing)
 .eh_frame      0x000000000002ee70       0xe0 obj_cooja/mtype497.a(log.o)
                                         0xf8 (size before relaxing)
 .eh_frame      0x000000000002ef50      0x100 obj_cooja/mtype497.a(ctimer.o)
                                        0x118 (size before relaxing)
 .eh_frame      0x000000000002f050      0x1c8 obj_cooja/mtype497.a(process.o)
                                        0x1e0 (size before relaxing)
 .eh_frame      0x000000000002f218       0x60 obj_cooja/mtype497.a(rtimer.o)
                                         0x78 (size before relaxing)
 .eh_frame      0x000000000002f278       0xa0 obj_cooja/mtype497.a(timer.o)
                                         0xb8 (size before relaxing)
 .eh_frame      0x000000000002f318       0x60 obj_cooja/mtype497.a(serial-line.o)
                                         0x78 (size before relaxing)
 .eh_frame      0x000000000002f378       0xa0 obj_cooja/mtype497.a(ringbuf.o)
                                         0xb8 (size before relaxing)
 .eh_frame      0x000000000002f418      0x180 obj_cooja/mtype497.a(list.o)
                                        0x198 (size before relaxing)
 .eh_frame      0x000000000002f598      0x288 obj_cooja/mtype497.a(packetbuf.o)
                                        0x2a0 (size before relaxing)
 .eh_frame      0x000000000002f820       0x80 obj_cooja/mtype497.a(netstack.o)
                                         0x98 (size before relaxing)
 .eh_frame      0x000000000002f8a0       0x60 obj_cooja/mtype497.a(linkaddr.o)
                                         0x78 (size before relaxing)
 .eh_frame      0x000000000002f900      0x1e0 obj_cooja/mtype497.a(tsch-schedule.o)
                                        0x1f8 (size before relaxing)
 .eh_frame      0x000000000002fae0      0x1c8 obj_cooja/mtype497.a(tsch-slot-opera)
                                        0x1e0 (size before relaxing)
 .eh_frame      0x000000000002fca8       0xe8 obj_cooja/mtype497.a(tsch-packet.o)
                                        0x100 (size before relaxing)
 .eh_frame      0x000000000002fd90       0xc0 obj_cooja/mtype497.a(tsch-adaptive-t)
                                         0xd8 (size before relaxing)
 .eh_frame      0x000000000002fe50      0x328 obj_cooja/mtype497.a(tsch.o)
                                        0x340 (size before relaxing)
 .eh_frame      0x0000000000030178      0x2e8 obj_cooja/mtype497.a(uip-ds6.o)
                                        0x300 (size before relaxing)
 .eh_frame      0x0000000000030460      0x248 obj_cooja/mtype497.a(tcpip.o)
                                        0x260 (size before relaxing)
 .eh_frame      0x00000000000306a8      0x220 obj_cooja/mtype497.a(uip-ds6-route.o)
                                        0x238 (size before relaxing)
 .eh_frame      0x00000000000308c8      0x1a0 obj_cooja/mtype497.a(uip-ds6-nbr.o)
                                        0x1b8 (size before relaxing)
 .eh_frame      0x0000000000030a68      0x1a8 obj_cooja/mtype497.a(uip6.o)
                                        0x1c0 (size before relaxing)
 .eh_frame      0x0000000000030c10       0x80 obj_cooja/mtype497.a(uip-nd6.o)
                                         0x98 (size before relaxing)
 .eh_frame      0x0000000000030c90       0xc0 obj_cooja/mtype497.a(simple-udp.o)
                                         0xd8 (size before relaxing)
 .eh_frame      0x0000000000030d50      0x2c0 obj_cooja/mtype497.a(sicslowpan.o)
                                        0x2d8 (size before relaxing)
 .eh_frame      0x0000000000031010      0x1a0 obj_cooja/mtype497.a(rpl.o)
                                        0x1b8 (size before relaxing)
 .eh_frame      0x00000000000311b0      0x1c0 obj_cooja/mtype497.a(rpl-icmp6.o)
                                        0x1d8 (size before relaxing)
 .eh_frame      0x0000000000031370       0x80 obj_cooja/mtype497.a(rpl-dag-root.o)
                                         0x98 (size before relaxing)
 .eh_frame      0x00000000000313f0       0xa0 obj_cooja/mtype497.a(watchdog.o)
                                         0xb8 (size before relaxing)
 .eh_frame      0x0000000000031490       0xc0 obj_cooja/mtype497.a(stimer.o)
                                         0xd8 (size before relaxing)
 .eh_frame      0x0000000000031550      0x120 obj_cooja/mtype497.a(ringbufindex.o)
                                        0x138 (size before relaxing)
 .eh_frame      0x0000000000031670       0xa0 obj_cooja/mtype497.a(memb.o)
                                         0xb8 (size before relaxing)
 .eh_frame      0x0000000000031710      0x1a0 obj_cooja/mtype497.a(queuebuf.o)
                                        0x1b8 (size before relaxing)
 .eh_frame      0x00000000000318b0      0x2c0 obj_cooja/mtype497.a(nbr-table.o)
                                        0x2d8 (size before relaxing)
 .eh_frame      0x0000000000031b70      0x100 obj_cooja/mtype497.a(link-stats.o)
                                        0x118 (size before relaxing)
 .eh_frame      0x0000000000031c70       0x48 obj_cooja/mtype497.a(mac-sequence.o)
                                         0x60 (size before relaxing)
 .eh_frame      0x0000000000031cb8       0x20 obj_cooja/mtype497.a(mac.o)
                                         0x38 (size before relaxing)
 .eh_frame      0x0000000000031cd8      0x220 obj_cooja/mtype497.a(frame802154e-ie)
                                        0x238 (size before relaxing)
 .eh_frame      0x0000000000031ef8       0xa8 obj_cooja/mtype497.a(framer-802154.o)
                                         0xc0 (size before relaxing)
 .eh_frame      0x0000000000031fa0      0x1a8 obj_cooja/mtype497.a(frame802154.o)
                                        0x1c0 (size before relaxing)
 .eh_frame      0x0000000000032148      0x2e0 obj_cooja/mtype497.a(tsch-queue.o)
                                        0x2f8 (size before relaxing)
 .eh_frame      0x0000000000032428       0xa0 obj_cooja/mtype497.a(tsch-rpl.o)
                                         0xb8 (size before relaxing)
 .eh_frame      0x00000000000324c8      0x100 obj_cooja/mtype497.a(uipbuf.o)
                                        0x118 (size before relaxing)
 .eh_frame      0x00000000000325c8      0x148 obj_cooja/mtype497.a(uip-icmp6.o)
                                        0x160 (size before relaxing)
 .eh_frame      0x0000000000032710      0x160 obj_cooja/mtype497.a(uip-sr.o)
                                        0x178 (size before relaxing)
 .eh_frame      0x0000000000032870       0xe0 obj_cooja/mtype497.a(uip-packetqueue)
                                         0xf8 (size before relaxing)
 .eh_frame      0x0000000000032950       0x40 obj_cooja/mtype497.a(uip-udp-packet.)
                                         0x58 (size before relaxing)
 .eh_frame      0x0000000000032990       0x80 obj_cooja/mtype497.a(rpl-nbr-policy.)
                                         0x98 (size before relaxing)
 .eh_frame      0x0000000000032a10      0x280 obj_cooja/mtype497.a(rpl-neighbor.o)
                                        0x298 (size before relaxing)
 .eh_frame      0x0000000000032c90      0x340 obj_cooja/mtype497.a(rpl-dag.o)
                                        0x358 (size before relaxing)
 .eh_frame      0x0000000000032fd0      0x348 obj_cooja/mtype497.a(rpl-timers.o)
                                        0x360 (size before relaxing)
 .eh_frame      0x0000000000033318      0x128 obj_cooja/mtype497.a(rpl-ext-header.)
                                        0x140 (size before relaxing)
 .eh_frame      0x0000000000033440      0x148 obj_cooja/mtype497.a(rpl-mrhof.o)
                                        0x160 (size before relaxing)
 .eh_frame      0x0000000000033588        0x4 /usr/lib/gcc/x86_64-linux-gnu/7/crtendS.o
 *(.eh_frame.*)

.gcc_except_table
 *(.gcc_except_table .gcc_except_table.*)

.gnu_extab
 *(.gnu_extab*)

.exception_ranges
 *(.exception_ranges .exception_ranges*)
                0x00000000002335d0                . = DATA_SEGMENT_ALIGN (CONSTANT (MAXPAGESIZE), CONSTANT (COMMONPAGESIZE))

.eh_frame
 *(.eh_frame)
 *(.eh_frame.*)

.gnu_extab
 *(.gnu_extab)

.gcc_except_table
 *(.gcc_except_table .gcc_except_table.*)

.exception_ranges
 *(.exception_ranges .exception_ranges*)

.tdata
 *(.tdata .tdata.* .gnu.linkonce.td.*)

.tbss
 *(.tbss .tbss.* .gnu.linkonce.tb.*)
 *(.tcommon)

.preinit_array
 *(.preinit_array)

.init_array     0x00000000002335d0        0x8
 *(SORT_BY_INIT_PRIORITY(.init_array.*) SORT_BY_INIT_PRIORITY(.ctors.*))
 *(.init_array EXCLUDE_FILE(*crtend?.o *crtend.o *crtbegin?.o *crtbegin.o) .ctors)
 .init_array    0x00000000002335d0        0x8 /usr/lib/gcc/x86_64-linux-gnu/7/crtbeginS.o

.fini_array     0x00000000002335d8        0x8
 *(SORT_BY_INIT_PRIORITY(.fini_array.*) SORT_BY_INIT_PRIORITY(.dtors.*))
 *(.fini_array EXCLUDE_FILE(*crtend?.o *crtend.o *crtbegin?.o *crtbegin.o) .dtors)
 .fini_array    0x00000000002335d8        0x8 /usr/lib/gcc/x86_64-linux-gnu/7/crtbeginS.o

.ctors
 *crtbegin.o(.ctors)
 *crtbegin?.o(.ctors)
 *(EXCLUDE_FILE(*crtend?.o *crtend.o) .ctors)
 *(SORT_BY_NAME(.ctors.*))
 *(.ctors)

.dtors
 *crtbegin.o(.dtors)
 *crtbegin?.o(.dtors)
 *(EXCLUDE_FILE(*crtend?.o *crtend.o) .dtors)
 *(SORT_BY_NAME(.dtors.*))
 *(.dtors)

.jcr
 *(.jcr)

.data.rel.ro    0x00000000002335e0      0x348
 *(.data.rel.ro.local* .gnu.linkonce.d.rel.ro.local.*)
 .data.rel.ro.local
                0x00000000002335e0       0x10 obj_cooja/mtype497.a(beep.o)
                0x00000000002335e0                beep_interface
 *fill*         0x00000000002335f0       0x10 
 .data.rel.ro.local
                0x0000000000233600       0x40 obj_cooja/mtype497.a(button-sensor.o)
                0x0000000000233600                button_interface
                0x0000000000233620                button_sensor
 .data.rel.ro.local
                0x0000000000233640       0x10 obj_cooja/mtype497.a(leds-arch.o)
                0x0000000000233640                leds_interface
 .data.rel.ro.local
                0x0000000000233650       0x10 obj_cooja/mtype497.a(moteid.o)
                0x0000000000233650                moteid_interface
 .data.rel.ro.local
                0x0000000000233660       0x40 obj_cooja/mtype497.a(pir-sensor.o)
                0x0000000000233660                pir_interface
                0x0000000000233680                pir_sensor
 .data.rel.ro.local
                0x00000000002336a0       0x10 obj_cooja/mtype497.a(rs232.o)
                0x00000000002336a0                rs232_interface
 *fill*         0x00000000002336b0       0x10 
 .data.rel.ro.local
                0x00000000002336c0       0x40 obj_cooja/mtype497.a(vib-sensor.o)
                0x00000000002336c0                vib_interface
                0x00000000002336e0                vib_sensor
 .data.rel.ro.local
                0x0000000000233700       0x10 obj_cooja/mtype497.a(clock.o)
                0x0000000000233700                clock_interface
 .data.rel.ro.local
                0x0000000000233710       0x10 obj_cooja/mtype497.a(cooja-log.o)
                0x0000000000233710                simlog_interface
 .data.rel.ro.local
                0x0000000000233720       0x10 obj_cooja/mtype497.a(cfs-cooja.o)
                0x0000000000233720                cfs_interface
 *fill*         0x0000000000233730       0x10 
 .data.rel.ro.local
                0x0000000000233740       0x90 obj_cooja/mtype497.a(cooja-radio.o)
                0x0000000000233740                radio_interface
                0x0000000000233750                dummy_interface
                0x0000000000233760                cooja_radio_driver
 .data.rel.ro.local
                0x00000000002337d0       0x10 obj_cooja/mtype497.a(eeprom.o)
                0x00000000002337d0                eeprom_interface
 .data.rel.ro.local
                0x00000000002337e0       0x30 obj_cooja/mtype497.a(tsch.o)
                0x00000000002337e0                tschmac_driver
 .data.rel.ro.local
                0x0000000000233810       0x18 obj_cooja/mtype497.a(framer-802154.o)
                0x0000000000233810                framer_802154
 *(.data.rel.ro .data.rel.ro.* .gnu.linkonce.d.rel.ro.*)
 .data.rel.ro   0x0000000000233828        0x0 /usr/lib/gcc/x86_64-linux-gnu/7/../../../x86_64-linux-gnu/crti.o
 *fill*         0x0000000000233828        0x8 
 .data.rel.ro   0x0000000000233830       0x18 udp-server.o
                0x0000000000233830                autostart_processes
 *fill*         0x0000000000233848       0x18 
 .data.rel.ro   0x0000000000233860       0x20 obj_cooja/mtype497.a(sicslowpan.o)
                0x0000000000233860                sicslowpan_driver
 .data.rel.ro   0x0000000000233880       0xa0 obj_cooja/mtype497.a(rpl.o)
                0x0000000000233880                rpl_lite_driver
 .data.rel.ro   0x0000000000233920        0x8 obj_cooja/mtype497.a(rpl-dag.o)

.dynamic        0x0000000000233928      0x1c0
 *(.dynamic)
 .dynamic       0x0000000000233928      0x1c0 /usr/lib/gcc/x86_64-linux-gnu/7/../../../x86_64-linux-gnu/crti.o
                0x0000000000233928                _DYNAMIC

.got            0x0000000000233ae8      0x510
 *(.got)
 .got           0x0000000000233ae8      0x510 /usr/lib/gcc/x86_64-linux-gnu/7/../../../x86_64-linux-gnu/crti.o
 *(.igot)
                0x0000000000234fe8                . = DATA_SEGMENT_RELRO_END (., (SIZEOF (.got.plt) >= 0x18)?0x18:0x0)

.got.plt        0x0000000000234000      0xb48
 *(.got.plt)
 .got.plt       0x0000000000234000      0xb48 /usr/lib/gcc/x86_64-linux-gnu/7/../../../x86_64-linux-gnu/crti.o
                0x0000000000234000                _GLOBAL_OFFSET_TABLE_
 *(.igot.plt)

.data           0x0000000000234b60      0x828
 *(.data .data.* .gnu.linkonce.d.*)
 .data          0x0000000000234b60        0x0 /usr/lib/gcc/x86_64-linux-gnu/7/../../../x86_64-linux-gnu/crti.o
 .data          0x0000000000234b60        0x0 /usr/lib/gcc/x86_64-linux-gnu/7/crtbeginS.o
 .data.rel.local
                0x0000000000234b60        0x8 /usr/lib/gcc/x86_64-linux-gnu/7/crtbeginS.o
                0x0000000000234b60                __dso_handle
 .data          0x0000000000234b68        0x0 udp-server.o
 *fill*         0x0000000000234b68       0x18 
 .data.rel.local
                0x0000000000234b80       0x40 udp-server.o
                0x0000000000234b80                udp_server_process
                0x0000000000234ba0                Energest
 .data          0x0000000000234bc0        0x0 obj_cooja/mtype497.o
 .data.rel      0x0000000000234bc0       0xa0 obj_cooja/mtype497.o
                0x0000000000234bc0                simInterfaces
                0x0000000000234c40                sensors
 .data          0x0000000000234c60        0x0 obj_cooja/mtype497.a(simEnvChange.o)
 .data          0x0000000000234c60        0x0 obj_cooja/mtype497.a(cooja_mt.o)
 .data          0x0000000000234c60        0x0 obj_cooja/mtype497.a(cooja_mtarch.o)
 .data          0x0000000000234c60        0x0 obj_cooja/mtype497.a(rtimer-arch.o)
 .data          0x0000000000234c60        0x0 obj_cooja/mtype497.a(beep.o)
 .data          0x0000000000234c60        0x0 obj_cooja/mtype497.a(button-sensor.o)
 .data          0x0000000000234c60        0x0 obj_cooja/mtype497.a(leds-arch.o)
 .data          0x0000000000234c60        0x0 obj_cooja/mtype497.a(moteid.o)
 .data          0x0000000000234c60        0x0 obj_cooja/mtype497.a(pir-sensor.o)
 .data          0x0000000000234c60        0x0 obj_cooja/mtype497.a(rs232.o)
 .data          0x0000000000234c60        0x0 obj_cooja/mtype497.a(vib-sensor.o)
 .data          0x0000000000234c60        0x0 obj_cooja/mtype497.a(clock.o)
 .data          0x0000000000234c60        0x0 obj_cooja/mtype497.a(cooja-log.o)
 .data          0x0000000000234c60        0x0 obj_cooja/mtype497.a(cfs-cooja.o)
 .data          0x0000000000234c60       0x34 obj_cooja/mtype497.a(cooja-radio.o)
                0x0000000000234c60                simRadioHWOn
                0x0000000000234c64                simSignalStrength
                0x0000000000234c68                simLastSignalStrength
                0x0000000000234c6c                simPower
                0x0000000000234c70                simRadioChannel
                0x0000000000234c74                simLQI
                0x0000000000234c78                simRadioHWOnDummy
                0x0000000000234c7c                simSignalStrengthDummy
                0x0000000000234c80                simLastSignalStrengthDummy
                0x0000000000234c84                simPowerDummy
                0x0000000000234c88                simRadioChannelDummy
                0x0000000000234c8c                simLQIDummy
 *fill*         0x0000000000234c94        0xc 
 .data.rel.local
                0x0000000000234ca0       0x20 obj_cooja/mtype497.a(cooja-radio.o)
                0x0000000000234ca0                cooja_radio_process1
 .data          0x0000000000234cc0        0x0 obj_cooja/mtype497.a(eeprom.o)
 .data          0x0000000000234cc0        0x0 obj_cooja/mtype497.a(random.o)
 .data          0x0000000000234cc0        0x0 obj_cooja/mtype497.a(sensors.o)
 .data.rel.local
                0x0000000000234cc0       0x20 obj_cooja/mtype497.a(sensors.o)
                0x0000000000234cc0                sensors_process
 .data          0x0000000000234ce0        0x0 obj_cooja/mtype497.a(orchestra-rule-)
 .data.rel.local
                0x0000000000234ce0       0x28 obj_cooja/mtype497.a(orchestra-rule-)
                0x0000000000234ce0                unicast_per_neighbor_rpl_ns
 .data          0x0000000000234d08        0x0 obj_cooja/mtype497.a(orchestra-rule-)
 *fill*         0x0000000000234d08       0x18 
 .data.rel.local
                0x0000000000234d20       0x28 obj_cooja/mtype497.a(orchestra-rule-)
                0x0000000000234d20                default_common
 .data          0x0000000000234d48        0x0 obj_cooja/mtype497.a(orchestra.o)
 *fill*         0x0000000000234d48        0x8 
 .data.rel.local
                0x0000000000234d50       0x18 obj_cooja/mtype497.a(orchestra.o)
 *fill*         0x0000000000234d68        0x8 
 .data.rel      0x0000000000234d70       0x18 obj_cooja/mtype497.a(orchestra.o)
                0x0000000000234d70                all_rules
 .data          0x0000000000234d88        0x0 obj_cooja/mtype497.a(orchestra-rule-)
 *fill*         0x0000000000234d88       0x18 
 .data.rel.local
                0x0000000000234da0       0x28 obj_cooja/mtype497.a(orchestra-rule-)
                0x0000000000234da0                eb_per_time_source
 .data          0x0000000000234dc8        0x0 obj_cooja/mtype497.a(autostart.o)
 .data          0x0000000000234dc8        0x0 obj_cooja/mtype497.a(energest.o)
 .data          0x0000000000234dc8        0x0 obj_cooja/mtype497.a(etimer.o)
 *fill*         0x0000000000234dc8       0x18 
 .data.rel.local
                0x0000000000234de0       0x20 obj_cooja/mtype497.a(etimer.o)
                0x0000000000234de0                etimer_process
 .data          0x0000000000234e00        0x4 obj_cooja/mtype497.a(log.o)
                0x0000000000234e00                curr_log_level_main
 *fill*         0x0000000000234e04       0x1c 
 .data.rel      0x0000000000234e20      0x120 obj_cooja/mtype497.a(log.o)
                0x0000000000234e20                all_modules
 .data          0x0000000000234f40        0x0 obj_cooja/mtype497.a(ctimer.o)
 .data.rel.local
                0x0000000000234f40       0x40 obj_cooja/mtype497.a(ctimer.o)
                0x0000000000234f60                ctimer_process
 .data          0x0000000000234f80        0x0 obj_cooja/mtype497.a(process.o)
 .data          0x0000000000234f80        0x0 obj_cooja/mtype497.a(rtimer.o)
 .data          0x0000000000234f80        0x0 obj_cooja/mtype497.a(timer.o)
 .data          0x0000000000234f80        0x0 obj_cooja/mtype497.a(serial-line.o)
 .data.rel.local
                0x0000000000234f80       0x20 obj_cooja/mtype497.a(serial-line.o)
                0x0000000000234f80                serial_line_process
 .data          0x0000000000234fa0        0x0 obj_cooja/mtype497.a(ringbuf.o)
 .data          0x0000000000234fa0        0x0 obj_cooja/mtype497.a(list.o)
 .data          0x0000000000234fa0        0x0 obj_cooja/mtype497.a(packetbuf.o)
 .data.rel.local
                0x0000000000234fa0        0x8 obj_cooja/mtype497.a(packetbuf.o)
 .data          0x0000000000234fa8        0x0 obj_cooja/mtype497.a(netstack.o)
 .data.rel.local
                0x0000000000234fa8        0x8 obj_cooja/mtype497.a(netstack.o)
 .data          0x0000000000234fb0        0x0 obj_cooja/mtype497.a(linkaddr.o)
 .data          0x0000000000234fb0        0x0 obj_cooja/mtype497.a(tsch-schedule.o)
 .data.rel.local
                0x0000000000234fb0       0x40 obj_cooja/mtype497.a(tsch-schedule.o)
 .data          0x0000000000234ff0        0x4 obj_cooja/mtype497.a(tsch-slot-opera)
 .data          0x0000000000234ff4        0x0 obj_cooja/mtype497.a(tsch-packet.o)
 .data          0x0000000000234ff4        0x0 obj_cooja/mtype497.a(tsch-adaptive-t)
 .data          0x0000000000234ff4        0x0 obj_cooja/mtype497.a(tsch.o)
 *fill*         0x0000000000234ff4        0xc 
 .data.rel.local
                0x0000000000235000       0x60 obj_cooja/mtype497.a(tsch.o)
                0x0000000000235000                tsch_process
                0x0000000000235020                tsch_send_eb_process
                0x0000000000235040                tsch_pending_events_process
 .data          0x0000000000235060        0x0 obj_cooja/mtype497.a(uip-ds6.o)
 .data          0x0000000000235060        0x0 obj_cooja/mtype497.a(tcpip.o)
 .data.rel.local
                0x0000000000235060       0x20 obj_cooja/mtype497.a(tcpip.o)
                0x0000000000235060                tcpip_process
 .data          0x0000000000235080        0x0 obj_cooja/mtype497.a(uip-ds6-route.o)
 .data.rel.local
                0x0000000000235080       0x28 obj_cooja/mtype497.a(uip-ds6-route.o)
 .data          0x00000000002350a8        0x0 obj_cooja/mtype497.a(uip-ds6-nbr.o)
 *fill*         0x00000000002350a8        0x8 
 .data.rel.local
                0x00000000002350b0       0x20 obj_cooja/mtype497.a(uip-ds6-nbr.o)
                0x00000000002350c8                ds6_neighbors
 .data          0x00000000002350d0        0x0 obj_cooja/mtype497.a(uip6.o)
 .data          0x00000000002350d0        0x0 obj_cooja/mtype497.a(uip-nd6.o)
 .data.rel.local
                0x00000000002350d0       0x18 obj_cooja/mtype497.a(uip-nd6.o)
 .data          0x00000000002350e8        0x0 obj_cooja/mtype497.a(simple-udp.o)
 *fill*         0x00000000002350e8       0x18 
 .data.rel.local
                0x0000000000235100       0x20 obj_cooja/mtype497.a(simple-udp.o)
                0x0000000000235100                simple_udp_process
 .data          0x0000000000235120        0x0 obj_cooja/mtype497.a(sicslowpan.o)
 .data          0x0000000000235120        0x0 obj_cooja/mtype497.a(rpl.o)
 .data          0x0000000000235120        0x0 obj_cooja/mtype497.a(rpl-icmp6.o)
 .data.rel.local
                0x0000000000235120       0x78 obj_cooja/mtype497.a(rpl-icmp6.o)
 .data          0x0000000000235198        0x0 obj_cooja/mtype497.a(rpl-dag-root.o)
 .data          0x0000000000235198        0x0 obj_cooja/mtype497.a(watchdog.o)
 .data          0x0000000000235198        0x0 obj_cooja/mtype497.a(stimer.o)
 .data          0x0000000000235198        0x0 obj_cooja/mtype497.a(ringbufindex.o)
 .data          0x0000000000235198        0x0 obj_cooja/mtype497.a(memb.o)
 .data          0x0000000000235198        0x0 obj_cooja/mtype497.a(queuebuf.o)
 *fill*         0x0000000000235198        0x8 
 .data.rel.local
                0x00000000002351a0       0x38 obj_cooja/mtype497.a(queuebuf.o)
 .data          0x00000000002351d8        0x0 obj_cooja/mtype497.a(nbr-table.o)
 *fill*         0x00000000002351d8        0x8 
 .data.rel.local
                0x00000000002351e0       0x20 obj_cooja/mtype497.a(nbr-table.o)
 .data          0x0000000000235200        0x0 obj_cooja/mtype497.a(link-stats.o)
 .data.rel.local
                0x0000000000235200       0x20 obj_cooja/mtype497.a(link-stats.o)
 .data          0x0000000000235220        0x0 obj_cooja/mtype497.a(mac-sequence.o)
 .data          0x0000000000235220        0x0 obj_cooja/mtype497.a(mac.o)
 .data          0x0000000000235220        0x0 obj_cooja/mtype497.a(frame802154e-ie)
 .data          0x0000000000235220        0x0 obj_cooja/mtype497.a(framer-802154.o)
 .data          0x0000000000235220        0x2 obj_cooja/mtype497.a(frame802154.o)
 .data          0x0000000000235222        0x0 obj_cooja/mtype497.a(tsch-queue.o)
 *fill*         0x0000000000235222        0xe 
 .data.rel.local
                0x0000000000235230       0x40 obj_cooja/mtype497.a(tsch-queue.o)
 .data          0x0000000000235270        0x0 obj_cooja/mtype497.a(tsch-rpl.o)
 .data          0x0000000000235270        0x0 obj_cooja/mtype497.a(uipbuf.o)
 .data          0x0000000000235270        0x0 obj_cooja/mtype497.a(uip-icmp6.o)
 .data.rel.local
                0x0000000000235270       0x48 obj_cooja/mtype497.a(uip-icmp6.o)
 .data          0x00000000002352b8        0x0 obj_cooja/mtype497.a(uip-sr.o)
 *fill*         0x00000000002352b8        0x8 
 .data.rel.local
                0x00000000002352c0       0x28 obj_cooja/mtype497.a(uip-sr.o)
 .data          0x00000000002352e8        0x0 obj_cooja/mtype497.a(uip-packetqueue)
 *fill*         0x00000000002352e8        0x8 
 .data.rel.local
                0x00000000002352f0       0x18 obj_cooja/mtype497.a(uip-packetqueue)
 .data          0x0000000000235308        0x0 obj_cooja/mtype497.a(uip-udp-packet.)
 .data          0x0000000000235308        0x0 obj_cooja/mtype497.a(rpl-nbr-policy.)
 .data          0x0000000000235308        0x0 obj_cooja/mtype497.a(rpl-neighbor.o)
 *fill*         0x0000000000235308        0x8 
 .data.rel.local
                0x0000000000235310       0x20 obj_cooja/mtype497.a(rpl-neighbor.o)
                0x0000000000235328                rpl_neighbors
 .data          0x0000000000235330        0x0 obj_cooja/mtype497.a(rpl-dag.o)
 .data          0x0000000000235330        0x0 obj_cooja/mtype497.a(rpl-timers.o)
 .data          0x0000000000235330        0x0 obj_cooja/mtype497.a(rpl-ext-header.)
 .data          0x0000000000235330        0x0 obj_cooja/mtype497.a(rpl-mrhof.o)
 *fill*         0x0000000000235330       0x10 
 .data.rel.local
                0x0000000000235340       0x48 obj_cooja/mtype497.a(rpl-mrhof.o)
                0x0000000000235340                rpl_mrhof
 .data          0x0000000000235388        0x0 /usr/lib/gcc/x86_64-linux-gnu/7/crtendS.o
 .data          0x0000000000235388        0x0 /usr/lib/gcc/x86_64-linux-gnu/7/../../../x86_64-linux-gnu/crtn.o

.tm_clone_table
                0x0000000000235388        0x0
 .tm_clone_table
                0x0000000000235388        0x0 /usr/lib/gcc/x86_64-linux-gnu/7/crtbeginS.o
 .tm_clone_table
                0x0000000000235388        0x0 /usr/lib/gcc/x86_64-linux-gnu/7/crtendS.o

.data1
 *(.data1)
                0x0000000000235388                _edata = .
                [!provide]                        PROVIDE (edata = .)
                0x0000000000235388                . = .
                0x0000000000235388                __bss_start = .

.bss            0x00000000002353a0    0x1ae80
 *(.dynbss)
 .dynbss        0x00000000002353a0        0x0 /usr/lib/gcc/x86_64-linux-gnu/7/../../../x86_64-linux-gnu/crti.o
 *(.bss .bss.* .gnu.linkonce.b.*)
 .bss           0x00000000002353a0        0x0 /usr/lib/gcc/x86_64-linux-gnu/7/../../../x86_64-linux-gnu/crti.o
 .bss           0x00000000002353a0        0x1 /usr/lib/gcc/x86_64-linux-gnu/7/crtbeginS.o
 *fill*         0x00000000002353a1       0x1f 
 .bss           0x00000000002353c0       0x60 udp-server.o
 .bss           0x0000000000235420     0x4040 obj_cooja/mtype497.o
 .bss           0x0000000000239460        0x1 obj_cooja/mtype497.a(simEnvChange.o)
                0x0000000000239460                simDontFallAsleep
 *fill*         0x0000000000239461        0x7 
 .bss           0x0000000000239468        0x8 obj_cooja/mtype497.a(cooja_mt.o)
 .bss           0x0000000000239470        0x8 obj_cooja/mtype497.a(cooja_mtarch.o)
 .bss           0x0000000000239478        0x0 obj_cooja/mtype497.a(rtimer-arch.o)
 .bss           0x0000000000239478        0x0 obj_cooja/mtype497.a(beep.o)
 *fill*         0x0000000000239478        0x8 
 .bss           0x0000000000239480       0x10 obj_cooja/mtype497.a(button-sensor.o)
 .bss           0x0000000000239490        0x0 obj_cooja/mtype497.a(leds-arch.o)
 .bss           0x0000000000239490        0x0 obj_cooja/mtype497.a(moteid.o)
 .bss           0x0000000000239490        0x1 obj_cooja/mtype497.a(pir-sensor.o)
                0x0000000000239490                simPirValue
 *fill*         0x0000000000239491        0x7 
 .bss           0x0000000000239498        0x8 obj_cooja/mtype497.a(rs232.o)
 .bss           0x00000000002394a0        0x1 obj_cooja/mtype497.a(vib-sensor.o)
                0x00000000002394a0                simVibValue
 .bss           0x00000000002394a1        0x0 obj_cooja/mtype497.a(clock.o)
 *fill*         0x00000000002394a1       0x1f 
 .bss           0x00000000002394c0      0x420 obj_cooja/mtype497.a(cooja-log.o)
 .bss           0x00000000002398e0      0xfc0 obj_cooja/mtype497.a(cfs-cooja.o)
                0x00000000002398e0                simCFSData
                0x000000000023a880                simCFSSize
                0x000000000023a884                simCFSChanged
                0x000000000023a888                simCFSRead
                0x000000000023a88c                simCFSWritten
 .bss           0x000000000023a8a0       0x44 obj_cooja/mtype497.a(cooja-radio.o)
                0x000000000023a8a0                simReceiving
                0x000000000023a8a4                simInSize
                0x000000000023a8a8                simLastPacketTimestamp
                0x000000000023a8b0                simOutSize
                0x000000000023a8b4                simReceivingDummy
                0x000000000023a8b8                simInSizeDummy
                0x000000000023a8c0                simLastPacketTimestampDummy
                0x000000000023a8c8                simOutSizeDummy
 .bss           0x000000000023a8e4        0xc obj_cooja/mtype497.a(eeprom.o)
                0x000000000023a8e4                simEEPROMChanged
                0x000000000023a8e8                simEEPROMRead
                0x000000000023a8ec                simEEPROMWritten
 .bss           0x000000000023a8f0        0x0 obj_cooja/mtype497.a(random.o)
 .bss           0x000000000023a8f0        0xc obj_cooja/mtype497.a(sensors.o)
 *fill*         0x000000000023a8fc        0x4 
 .bss           0x000000000023a900       0x10 obj_cooja/mtype497.a(orchestra-rule-)
 .bss           0x000000000023a910        0x4 obj_cooja/mtype497.a(orchestra-rule-)
 .bss           0x000000000023a914        0x4 obj_cooja/mtype497.a(orchestra.o)
                0x000000000023a914                orchestra_parent_knows_us
 .bss           0x000000000023a918       0x10 obj_cooja/mtype497.a(orchestra-rule-)
 .bss           0x000000000023a928        0x0 obj_cooja/mtype497.a(autostart.o)
 .bss           0x000000000023a928        0x0 obj_cooja/mtype497.a(energest.o)
 .bss           0x000000000023a928       0x10 obj_cooja/mtype497.a(etimer.o)
 .bss           0x000000000023a938       0x28 obj_cooja/mtype497.a(log.o)
                0x000000000023a938                curr_log_level_rpl
                0x000000000023a93c                curr_log_level_tcpip
                0x000000000023a940                curr_log_level_ipv6
                0x000000000023a944                curr_log_level_6lowpan
                0x000000000023a948                curr_log_level_nullnet
                0x000000000023a94c                curr_log_level_mac
                0x000000000023a950                curr_log_level_framer
                0x000000000023a954                curr_log_level_6top
                0x000000000023a958                curr_log_level_coap
                0x000000000023a95c                curr_log_level_lwm2m
 .bss           0x000000000023a960        0x9 obj_cooja/mtype497.a(ctimer.o)
 *fill*         0x000000000023a969       0x17 
 .bss           0x000000000023a980      0x321 obj_cooja/mtype497.a(process.o)
                0x000000000023a980                process_list
                0x000000000023a988                process_current
 *fill*         0x000000000023aca1        0x7 
 .bss           0x000000000023aca8        0x8 obj_cooja/mtype497.a(rtimer.o)
 .bss           0x000000000023acb0        0x0 obj_cooja/mtype497.a(timer.o)
 *fill*         0x000000000023acb0       0x10 
 .bss           0x000000000023acc0      0x140 obj_cooja/mtype497.a(serial-line.o)
 .bss           0x000000000023ae00        0x0 obj_cooja/mtype497.a(ringbuf.o)
 .bss           0x000000000023ae00        0x0 obj_cooja/mtype497.a(list.o)
 .bss           0x000000000023ae00       0xa0 obj_cooja/mtype497.a(packetbuf.o)
 .bss           0x000000000023aea0        0x8 obj_cooja/mtype497.a(netstack.o)
 .bss           0x000000000023aea8        0x0 obj_cooja/mtype497.a(linkaddr.o)
 *fill*         0x000000000023aea8       0x18 
 .bss           0x000000000023aec0      0x5cc obj_cooja/mtype497.a(tsch-schedule.o)
 *fill*         0x000000000023b48c       0x14 
 .bss           0x000000000023b4a0      0x1c8 obj_cooja/mtype497.a(tsch-slot-opera)
                0x000000000023b4a0                last_timesource_neighbor
                0x000000000023b4a8                current_link
 *fill*         0x000000000023b668       0x18 
 .bss           0x000000000023b680       0x22 obj_cooja/mtype497.a(tsch-packet.o)
 *fill*         0x000000000023b6a2       0x1e 
 .bss           0x000000000023b6c0       0x4c obj_cooja/mtype497.a(tsch-adaptive-t)
 *fill*         0x000000000023b70c       0x14 
 .bss           0x000000000023b720      0x180 obj_cooja/mtype497.a(tsch.o)
                0x000000000023b720                tsch_is_started
                0x000000000023b724                tsch_is_initialized
                0x000000000023b728                tsch_is_coordinator
                0x000000000023b72c                tsch_is_associated
                0x000000000023b730                tsch_association_count
                0x000000000023b734                tsch_is_pan_secured
 .bss           0x000000000023b8a0       0x30 obj_cooja/mtype497.a(uip-ds6.o)
 *fill*         0x000000000023b8d0       0x10 
 .bss           0x000000000023b8e0       0x20 obj_cooja/mtype497.a(tcpip.o)
 .bss           0x000000000023b900       0x80 obj_cooja/mtype497.a(uip-ds6-route.o)
 .bss           0x000000000023b980     0x2580 obj_cooja/mtype497.a(uip-ds6-nbr.o)
 .bss           0x000000000023df00        0x6 obj_cooja/mtype497.a(uip6.o)
                0x000000000023df00                uip_ext_bitmap
                0x000000000023df01                uip_ext_len
                0x000000000023df02                uip_ext_opt_offset
 *fill*         0x000000000023df06        0x2 
 .bss           0x000000000023df08       0x20 obj_cooja/mtype497.a(uip-nd6.o)
 *fill*         0x000000000023df28       0x18 
 .bss           0x000000000023df40      0x520 obj_cooja/mtype497.a(simple-udp.o)
 .bss           0x000000000023e460      0x718 obj_cooja/mtype497.a(sicslowpan.o)
 .bss           0x000000000023eb78        0x0 obj_cooja/mtype497.a(rpl.o)
 .bss           0x000000000023eb78        0x0 obj_cooja/mtype497.a(rpl-icmp6.o)
 *fill*         0x000000000023eb78        0x8 
 .bss           0x000000000023eb80       0x11 obj_cooja/mtype497.a(rpl-dag-root.o)
 .bss           0x000000000023eb91        0x0 obj_cooja/mtype497.a(watchdog.o)
 .bss           0x000000000023eb91        0x0 obj_cooja/mtype497.a(stimer.o)
 .bss           0x000000000023eb91        0x0 obj_cooja/mtype497.a(ringbufindex.o)
 .bss           0x000000000023eb91        0x0 obj_cooja/mtype497.a(memb.o)
 *fill*         0x000000000023eb91        0xf 
 .bss           0x000000000023eba0      0x620 obj_cooja/mtype497.a(queuebuf.o)
 .bss           0x000000000023f1c0     0x16e8 obj_cooja/mtype497.a(nbr-table.o)
 *fill*         0x00000000002408a8       0x18 
 .bss           0x00000000002408c0     0x12c0 obj_cooja/mtype497.a(link-stats.o)
 .bss           0x0000000000241b80      0x180 obj_cooja/mtype497.a(mac-sequence.o)
 .bss           0x0000000000241d00        0x0 obj_cooja/mtype497.a(mac.o)
 .bss           0x0000000000241d00        0x0 obj_cooja/mtype497.a(frame802154e-ie)
 .bss           0x0000000000241d00        0x2 obj_cooja/mtype497.a(framer-802154.o)
 .bss           0x0000000000241d02        0x0 obj_cooja/mtype497.a(frame802154.o)
 *fill*         0x0000000000241d02       0x1e 
 .bss           0x0000000000241d20     0x73a8 obj_cooja/mtype497.a(tsch-queue.o)
 .bss           0x00000000002490c8        0x0 obj_cooja/mtype497.a(tsch-rpl.o)
 .bss           0x00000000002490c8        0xe obj_cooja/mtype497.a(uipbuf.o)
 *fill*         0x00000000002490d6        0xa 
 .bss           0x00000000002490e0       0x20 obj_cooja/mtype497.a(uip-icmp6.o)
 .bss           0x0000000000249100     0x3040 obj_cooja/mtype497.a(uip-sr.o)
 .bss           0x000000000024c140      0xad0 obj_cooja/mtype497.a(uip-packetqueue)
 .bss           0x000000000024cc10        0x0 obj_cooja/mtype497.a(uip-udp-packet.)
 .bss           0x000000000024cc10       0x12 obj_cooja/mtype497.a(rpl-nbr-policy.)
 *fill*         0x000000000024cc22       0x1e 
 .bss           0x000000000024cc40     0x12c0 obj_cooja/mtype497.a(rpl-neighbor.o)
 .bss           0x000000000024df00        0x0 obj_cooja/mtype497.a(rpl-dag.o)
 .bss           0x000000000024df00       0x80 obj_cooja/mtype497.a(rpl-timers.o)
 .bss           0x000000000024df80        0x0 obj_cooja/mtype497.a(rpl-ext-header.)
 .bss           0x000000000024df80        0x0 obj_cooja/mtype497.a(rpl-mrhof.o)
 .bss           0x000000000024df80        0x0 /usr/lib/gcc/x86_64-linux-gnu/7/crtendS.o
 .bss           0x000000000024df80        0x0 /usr/lib/gcc/x86_64-linux-gnu/7/../../../x86_64-linux-gnu/crtn.o
 *(COMMON)
 COMMON         0x000000000024df80       0x34 obj_cooja/mtype497.o
                0x000000000024df80                unicast_per_neighbor_rpl_storing
                0x000000000024dfa8                referenceVar
                0x000000000024dfb0                sensors_flags
 *fill*         0x000000000024dfb4        0x4 
 COMMON         0x000000000024dfb8       0x10 obj_cooja/mtype497.a(simEnvChange.o)
                0x000000000024dfb8                simEtimerPending
                0x000000000024dfbc                simProcessRunValue
                0x000000000024dfc0                simEtimerNextExpirationTime
 COMMON         0x000000000024dfc8       0x18 obj_cooja/mtype497.a(rtimer-arch.o)
                0x000000000024dfc8                simRtimerPending
                0x000000000024dfd0                simRtimerCurrentTicks
                0x000000000024dfd8                simRtimerNextExpirationTime
 COMMON         0x000000000024dfe0        0x1 obj_cooja/mtype497.a(beep.o)