Archive member included to satisfy reference by file (symbol)

obj_cooja/mtype213.a(simEnvChange.o)
                              obj_cooja/mtype213.o (simDontFallAsleep)
obj_cooja/mtype213.a(cooja_mt.o)
                              obj_cooja/mtype213.o (cooja_mt_start)
obj_cooja/mtype213.a(cooja_mtarch.o)
                              obj_cooja/mtype213.a(cooja_mt.o) (cooja_mtarch_start)
obj_cooja/mtype213.a(rtimer-arch.o)
                              obj_cooja/mtype213.o (rtimer_arch_check)
obj_cooja/mtype213.a(beep.o)  obj_cooja/mtype213.o (beep_interface)
obj_cooja/mtype213.a(button-sensor.o)
                              obj_cooja/mtype213.o (button_interface)
obj_cooja/mtype213.a(leds-arch.o)
                              obj_cooja/mtype213.o (leds_interface)
obj_cooja/mtype213.a(moteid.o)
                              obj_cooja/mtype213.o (moteid_interface)
obj_cooja/mtype213.a(pir-sensor.o)
                              obj_cooja/mtype213.o (pir_interface)
obj_cooja/mtype213.a(rs232.o)
                              obj_cooja/mtype213.o (rs232_interface)
obj_cooja/mtype213.a(vib-sensor.o)
                              obj_cooja/mtype213.o (vib_interface)
obj_cooja/mtype213.a(clock.o)
                              obj_cooja/mtype213.o (clock_interface)
obj_cooja/mtype213.a(cooja-log.o)
                              obj_cooja/mtype213.o (simlog_interface)
obj_cooja/mtype213.a(cfs-cooja.o)
                              obj_cooja/mtype213.o (cfs_interface)
obj_cooja/mtype213.a(cooja-radio.o)
                              obj_cooja/mtype213.o (radio_interface)
obj_cooja/mtype213.a(eeprom.o)
                              obj_cooja/mtype213.o (eeprom_interface)
obj_cooja/mtype213.a(random.o)
                              obj_cooja/mtype213.a(moteid.o) (random_init)
obj_cooja/mtype213.a(sensors.o)
                              obj_cooja/mtype213.o (sensors_process)
obj_cooja/mtype213.a(orchestra-rule-)
                              obj_cooja/mtype213.o (unicast_per_neighbor_rpl_ns)
obj_cooja/mtype213.a(orchestra-rule-)
                              obj_cooja/mtype213.o (default_common)
obj_cooja/mtype213.a(orchestra.o)
                              obj_cooja/mtype213.o (orchestra_init)
obj_cooja/mtype213.a(orchestra-rule-)
                              obj_cooja/mtype213.o (eb_per_time_source)
obj_cooja/mtype213.a(autostart.o)
                              obj_cooja/mtype213.o (autostart_start)
obj_cooja/mtype213.a(energest.o)
                              udp-client.o (energest_total_time)
obj_cooja/mtype213.a(etimer.o)
                              obj_cooja/mtype213.o (etimer_process)
obj_cooja/mtype213.a(ctimer.o)
                              obj_cooja/mtype213.o (ctimer_init)
obj_cooja/mtype213.a(process.o)
                              obj_cooja/mtype213.a(etimer.o) (process_current)
obj_cooja/mtype213.a(rtimer.o)
                              obj_cooja/mtype213.a(rtimer-arch.o) (rtimer_run_next)
obj_cooja/mtype213.a(timer.o)
                              obj_cooja/mtype213.a(button-sensor.o) (timer_set)
obj_cooja/mtype213.a(serial-line.o)
                              obj_cooja/mtype213.a(rs232.o) (serial_line_input_byte)
obj_cooja/mtype213.a(ringbuf.o)
                              obj_cooja/mtype213.a(serial-line.o) (ringbuf_init)
obj_cooja/mtype213.a(list.o)  obj_cooja/mtype213.a(ctimer.o) (list_init)
obj_cooja/mtype213.a(memb.o)  udp-client.o (memb_init)
obj_cooja/mtype213.a(netstack.o)
                              obj_cooja/mtype213.o (netstack_init)
obj_cooja/mtype213.a(linkaddr.o)
                              obj_cooja/mtype213.o (linkaddr_node_addr)
obj_cooja/mtype213.a(tsch-schedule.o)
                              obj_cooja/mtype213.a(orchestra-rule-) (tsch_schedule_add_slotframe)
obj_cooja/mtype213.a(tsch-slot-opera)
                              obj_cooja/mtype213.a(tsch-schedule.o) (current_link)
obj_cooja/mtype213.a(tsch-packet.o)
                              obj_cooja/mtype213.a(tsch-slot-opera) (tsch_packet_create_eack)
obj_cooja/mtype213.a(tsch-adaptive-t)
                              obj_cooja/mtype213.a(tsch-slot-opera) (tsch_timesync_update)
obj_cooja/mtype213.a(tsch.o)  obj_cooja/mtype213.a(tsch-slot-opera) (tsch_hopping_sequence)
obj_cooja/mtype213.a(uipbuf.o)
                              udp-client.o (uipbuf_get_attr)
obj_cooja/mtype213.a(uip-ds6.o)
                              obj_cooja/mtype213.o (uip_ds6_get_link_local)
obj_cooja/mtype213.a(tcpip.o)
                              obj_cooja/mtype213.o (tcpip_process)
obj_cooja/mtype213.a(uip-ds6-route.o)
                              obj_cooja/mtype213.a(uip-ds6.o) (uip_ds6_route_init)
obj_cooja/mtype213.a(uip-ds6-nbr.o)
                              obj_cooja/mtype213.a(uip-ds6.o) (uip_ds6_neighbors_init)
obj_cooja/mtype213.a(uip6.o)  obj_cooja/mtype213.o (uip_lladdr)
obj_cooja/mtype213.a(uip-nd6.o)
                              obj_cooja/mtype213.a(uip6.o) (uip_nd6_init)
obj_cooja/mtype213.a(simple-udp.o)
[...]
Memory Configuration

Name             Origin             Length             Attributes
*default*        0x0000000000000000 0xffffffffffffffff

Linker script and memory map

LOAD /usr/lib/gcc/x86_64-linux-gnu/7/../../../x86_64-linux-gnu/crti.o
LOAD /usr/lib/gcc/x86_64-linux-gnu/7/crtbeginS.o
LOAD udp-client.o
LOAD obj_cooja/mtype213.o
LOAD obj_cooja/mtype213.a
LOAD /usr/lib/gcc/x86_64-linux-gnu/7/libgcc.a
LOAD /usr/lib/gcc/x86_64-linux-gnu/7/libgcc_s.so
START GROUP
LOAD /usr/lib/gcc/x86_64-linux-gnu/7/libgcc_s.so.1
LOAD /usr/lib/gcc/x86_64-linux-gnu/7/libgcc.a
END GROUP
LOAD /usr/lib/gcc/x86_64-linux-gnu/7/../../../x86_64-linux-gnu/libc.so
START GROUP
LOAD /lib/x86_64-linux-gnu/libc.so.6
LOAD /usr/lib/x86_64-linux-gnu/libc_nonshared.a
LOAD /lib/x86_64-linux-gnu/ld-linux-x86-64.so.2
END GROUP
LOAD /usr/lib/gcc/x86_64-linux-gnu/7/libgcc.a
LOAD /usr/lib/gcc/x86_64-linux-gnu/7/libgcc_s.so
START GROUP
LOAD /usr/lib/gcc/x86_64-linux-gnu/7/libgcc_s.so.1
LOAD /usr/lib/gcc/x86_64-linux-gnu/7/libgcc.a
END GROUP
LOAD /usr/lib/gcc/x86_64-linux-gnu/7/crtendS.o
LOAD /usr/lib/gcc/x86_64-linux-gnu/7/../../../x86_64-linux-gnu/crtn.o
                0x00000000000001c8                . = (SEGMENT_START ("text-segment", 0x0) + SIZEOF_HEADERS)

.note.gnu.build-id
                0x00000000000001c8       0x24
 *(.note.gnu.build-id)
 .note.gnu.build-id
                0x00000000000001c8       0x24 /usr/lib/gcc/x86_64-linux-gnu/7/../../../x86_64-linux-gnu/crti.o

.hash
 *(.hash)

.gnu.hash       0x00000000000001f0     0x150c
 *(.gnu.hash)
 .gnu.hash      0x00000000000001f0     0x150c /usr/lib/gcc/x86_64-linux-gnu/7/../../../x86_64-linux-gnu/crti.o

.dynsym         0x0000000000001700     0x4290
 *(.dynsym)
 .dynsym        0x0000000000001700     0x4290 /usr/lib/gcc/x86_64-linux-gnu/7/../../../x86_64-linux-gnu/crti.o

.dynstr         0x0000000000005990     0x346a
 *(.dynstr)
 .dynstr        0x0000000000005990     0x346a /usr/lib/gcc/x86_64-linux-gnu/7/../../../x86_64-linux-gnu/crti.o

.gnu.version    0x0000000000008dfa      0x58c
 *(.gnu.version)
 .gnu.version   0x0000000000008dfa      0x58c /usr/lib/gcc/x86_64-linux-gnu/7/../../../x86_64-linux-gnu/crti.o

.gnu.version_d  0x0000000000009388        0x0
 *(.gnu.version_d)
 .gnu.version_d
                0x0000000000009388        0x0 /usr/lib/gcc/x86_64-linux-gnu/7/../../../x86_64-linux-gnu/crti.o

.gnu.version_r  0x0000000000009388       0x40
 *(.gnu.version_r)
 .gnu.version_r
                0x0000000000009388       0x40 /usr/lib/gcc/x86_64-linux-gnu/7/../../../x86_64-linux-gnu/crti.o

.rela.dyn       0x00000000000093c8     0x23b8
 *(.rela.init)
 *(.rela.text .rela.text.* .rela.gnu.linkonce.t.*)
 .rela.text     0x00000000000093c8        0x0 /usr/lib/gcc/x86_64-linux-gnu/7/../../../x86_64-linux-gnu/crti.o
 *(.rela.fini)
 *(.rela.rodata .rela.rodata.* .rela.gnu.linkonce.r.*)
 *(.rela.data .rela.data.* .rela.gnu.linkonce.d.*)
 .rela.data.rel.local
                0x00000000000093c8      0x840 /usr/lib/gcc/x86_64-linux-gnu/7/../../../x86_64-linux-gnu/crti.o
 .rela.data.rel
                0x0000000000009c08      0x3d8 /usr/lib/gcc/x86_64-linux-gnu/7/../../../x86_64-linux-gnu/crti.o
 .rela.data.rel.ro
                0x0000000000009fe0      0x288 /usr/lib/gcc/x86_64-linux-gnu/7/../../../x86_64-linux-gnu/crti.o
 .rela.data.rel.ro.local
                0x000000000000a268      0x5b8 /usr/lib/gcc/x86_64-linux-gnu/7/../../../x86_64-linux-gnu/crti.o
 *(.rela.tdata .rela.tdata.* .rela.gnu.linkonce.td.*)
 *(.rela.tbss .rela.tbss.* .rela.gnu.linkonce.tb.*)
 *(.rela.ctors)
 *(.rela.dtors)
 *(.rela.got)
 .rela.got      0x000000000000a820      0xf30 /usr/lib/gcc/x86_64-linux-gnu/7/../../../x86_64-linux-gnu/crti.o
 *(.rela.bss .rela.bss.* .rela.gnu.linkonce.b.*)
 *(.rela.ldata .rela.ldata.* .rela.gnu.linkonce.l.*)
 *(.rela.lbss .rela.lbss.* .rela.gnu.linkonce.lb.*)
 *(.rela.lrodata .rela.lrodata.* .rela.gnu.linkonce.lr.*)
 *(.rela.ifunc)
 .rela.ifunc    0x000000000000b750        0x0 /usr/lib/gcc/x86_64-linux-gnu/7/../../../x86_64-linux-gnu/crti.o
 .rela.fini_array
                0x000000000000b750       0x18 /usr/lib/gcc/x86_64-linux-gnu/7/../../../x86_64-linux-gnu/crti.o
 .rela.init_array
                0x000000000000b768       0x18 /usr/lib/gcc/x86_64-linux-gnu/7/../../../x86_64-linux-gnu/crti.o

.rela.plt       0x000000000000b780     0x21c0
 *(.rela.plt)
 .rela.plt      0x000000000000b780     0x21c0 /usr/lib/gcc/x86_64-linux-gnu/7/../../../x86_64-linux-gnu/crti.o
 *(.rela.iplt)

.init           0x000000000000d940       0x17
 *(SORT_NONE(.init))
 .init          0x000000000000d940       0x12 /usr/lib/gcc/x86_64-linux-gnu/7/../../../x86_64-linux-gnu/crti.o
                0x000000000000d940                _init
 .init          0x000000000000d952        0x5 /usr/lib/gcc/x86_64-linux-gnu/7/../../../x86_64-linux-gnu/crtn.o

.plt            0x000000000000d960     0x1690
 *(.plt)
 .plt           0x000000000000d960     0x1690 /usr/lib/gcc/x86_64-linux-gnu/7/../../../x86_64-linux-gnu/crti.o
 *(.iplt)

.plt.got        0x000000000000eff0       0x10
 *(.plt.got)
 .plt.got       0x000000000000eff0       0x10 /usr/lib/gcc/x86_64-linux-gnu/7/../../../x86_64-linux-gnu/crti.o

.plt.sec
 *(.plt.sec)

.text           0x000000000000f000    0x1cc33
 *(.text.unlikely .text.*_unlikely .text.unlikely.*)
 *(.text.exit .text.exit.*)
 *(.text.startup .text.startup.*)
 *(.text.hot .text.hot.*)
 *(.text .stub .text.* .gnu.linkonce.t.*)
 .text          0x000000000000f000        0x0 /usr/lib/gcc/x86_64-linux-gnu/7/../../../x86_64-linux-gnu/crti.o
 .text          0x000000000000f000       0xda /usr/lib/gcc/x86_64-linux-gnu/7/crtbeginS.o
 .text          0x000000000000f0da     0x11ef udp-client.o
                0x000000000000f0f1                packetbuf_clear
                0x000000000000f11b                packetbuf_copyfrom
                0x000000000000f171                packetbuf_copyto
                0x000000000000f214                packetbuf_hdralloc
                0x000000000000f29f                packetbuf_hdrreduce
                0x000000000000f2eb                packetbuf_set_datalen
                0x000000000000f303                packetbuf_dataptr
                0x000000000000f325                packetbuf_hdrptr
                0x000000000000f332                packetbuf_datalen
                0x000000000000f33f                packetbuf_hdrlen
                0x000000000000f357                packetbuf_totlen
                0x000000000000f376                packetbuf_remaininglen
                0x000000000000f38a                packetbuf_attr_clear
                0x000000000000f3ea                packetbuf_attr_copyto
                0x000000000000f431                packetbuf_attr_copyfrom
                0x000000000000f478                packetbuf_set_attr
                0x000000000000f4a4                packetbuf_attr
                0x000000000000f4c1                packetbuf_set_addr
                0x000000000000f503                packetbuf_addr
                0x000000000000f529                packetbuf_holds_broadcast
                0x000000000000f55a                queuebuf_init
                0x000000000000f579                queuebuf_numfree
                0x000000000000f58b                queuebuf_new_from_packetbuf
                0x000000000000f634                queuebuf_update_attr_from_packetbuf
                0x000000000000f673                queuebuf_update_from_packetbuf
                0x000000000000f6cb                queuebuf_free
                0x000000000000f71a                queuebuf_to_packetbuf
                0x000000000000f78c                queuebuf_dataptr
                0x000000000000f7cc                queuebuf_datalen
                0x000000000000f7f8                queuebuf_addr
                0x000000000000f83b                queuebuf_attr
                0x000000000000f872                queuebuf_debug_print
                0x000000000000f879                log_6addr
                0x000000000000f9f4                log_6addr_compact
                0x000000000000fae5                log_lladdr
                0x000000000000fb62                log_lladdr_compact
                0x000000000000fbd9                log_set_level
                0x000000000000fcdf                log_get_level
                0x000000000000fd92                log_level_to_str
 .text          0x00000000000102c9      0x608 obj_cooja/mtype213.o
                0x00000000000103ff                contiki_init
                0x00000000000106f2                Java_org_contikios_cooja_corecomm_Lib1_init
                0x0000000000010735                Java_org_contikios_cooja_corecomm_Lib1_getMemory
                0x000000000001078d                Java_org_contikios_cooja_corecomm_Lib1_setMemory
                0x000000000001081a                Java_org_contikios_cooja_corecomm_Lib1_tick
                0x00000000000108a3                Java_org_contikios_cooja_corecomm_Lib1_setReferenceAddress
 .text          0x00000000000108d1       0x89 obj_cooja/mtype213.a(simEnvChange.o)
                0x00000000000108d1                doActionsBeforeTick
                0x0000000000010915                doActionsAfterTick
 .text          0x000000000001095a       0x9f obj_cooja/mtype213.a(cooja_mt.o)
                0x000000000001095a                cooja_mt_start
                0x0000000000010996                cooja_mt_exec
                0x00000000000109d5                cooja_mt_yield
 .text          0x00000000000109f9       0xfe obj_cooja/mtype213.a(cooja_mtarch.o)
                0x00000000000109f9                cooja_mtarch_start
                0x0000000000010a98                cooja_sw
                0x0000000000010ac1                cooja_mtarch_exec
                0x0000000000010aeb                cooja_mtarch_yield
 .text          0x0000000000010af7       0xb4 obj_cooja/mtype213.a(rtimer-arch.o)
                0x0000000000010af7                rtimer_arch_init
                0x0000000000010b19                rtimer_arch_schedule
                0x0000000000010b3f                rtimer_arch_next
                0x0000000000010b4f                rtimer_arch_pending
                0x0000000000010b5e                rtimer_arch_check
                0x0000000000010b9b                rtimer_arch_now
 .text          0x0000000000010bab       0xba obj_cooja/mtype213.a(beep.o)
                0x0000000000010bab                beep_alarm
                0x0000000000010bc2                beep_beep
                0x0000000000010bd6                beep
                0x0000000000010be7                beep_down
                0x0000000000010bfb                beep_on
                0x0000000000010c0c                beep_off
                0x0000000000010c1d                beep_spinup
                0x0000000000010c2e                beep_quick
                0x0000000000010c42                beep_long
 .text          0x0000000000010c65      0x12d obj_cooja/mtype213.a(button-sensor.o)
 .text          0x0000000000010d92       0x57 obj_cooja/mtype213.a(leds-arch.o)
                0x0000000000010d92                leds_arch_init
                0x0000000000010da3                leds_arch_get
                0x0000000000010db3                leds_arch_set
 .text          0x0000000000010de9       0x39 obj_cooja/mtype213.a(moteid.o)
 .text          0x0000000000010e22       0xe5 obj_cooja/mtype213.a(pir-sensor.o)
 .text          0x0000000000010f07      0x175 obj_cooja/mtype213.a(rs232.o)
                0x0000000000010f07                rs232_init
                0x0000000000010f0e                rs232_set_speed
                0x0000000000010f1a                rs232_set_input
                0x0000000000010f30                rs232_send
                0x0000000000010f57                rs232_print
                0x0000000000010f7e                slip_arch_writeb
 .text          0x000000000001107c       0xe5 obj_cooja/mtype213.a(vib-sensor.o)
 .text          0x0000000000011161       0x57 obj_cooja/mtype213.a(clock.o)
                0x0000000000011161                clock_init
                0x0000000000011168                clock_time
                0x0000000000011178                clock_seconds
                0x00000000000111a0                clock_delay
 .text          0x00000000000111b8      0x30e obj_cooja/mtype213.a(cooja-log.o)
                0x00000000000111b8                simlog_char
                0x0000000000011211                simlog
                0x00000000000112b0                log_message
                0x00000000000112e9                log_set_putchar_with_slip
                0x00000000000112fc                log_putchar
                0x000000000001137c                log_puts
                0x00000000000113a5                log_printf
 .text          0x00000000000114c6      0x373 obj_cooja/mtype213.a(cfs-cooja.o)
                0x00000000000114c6                cfs_open
                0x000000000001153f                cfs_close
                0x0000000000011550                cfs_read
                0x0000000000011614                cfs_write
                0x0000000000011723                cfs_seek
                0x00000000000117ce                cfs_remove
                0x00000000000117fa                cfs_opendir
                0x000000000001180d                cfs_readdir
                0x0000000000011820                cfs_closedir
 .text          0x0000000000011839      0xa88 obj_cooja/mtype213.a(cooja-radio.o)
                0x0000000000011888                radio_set_channel
                0x000000000001189e                radio_set_channelDummy
                0x00000000000118b4                radio_set_txpower
                0x00000000000118da                radio_signal_strength_last
                0x00000000000118e9                radio_signal_strength_current
                0x00000000000118f8                radio_LQI
 .text          0x00000000000122c1      0x125 obj_cooja/mtype213.a(eeprom.o)
                0x00000000000122c1                eeprom_init
                0x00000000000122c8                eeprom_read
                0x0000000000012350                eeprom_write
 .text          0x00000000000123e6       0x27 obj_cooja/mtype213.a(random.o)
                0x00000000000123e6                random_init
                0x0000000000012402                random_rand
 .text          0x000000000001240d      0x33f obj_cooja/mtype213.a(sensors.o)
                0x0000000000012452                sensors_first
                0x0000000000012462                sensors_next
                0x000000000001248d                sensors_changed
                0x00000000000124d6                sensors_find
 .text          0x000000000001274c      0x1b0 obj_cooja/mtype213.a(orchestra-rule-)
 .text          0x00000000000128fc       0xaf obj_cooja/mtype213.a(orchestra-rule-)
 .text          0x00000000000129ab      0x326 obj_cooja/mtype213.a(orchestra.o)
                0x0000000000012a3d                orchestra_callback_child_added
                0x0000000000012a99                orchestra_callback_child_removed
                0x0000000000012af5                orchestra_callback_packet_ready
                0x0000000000012bb0                orchestra_callback_new_time_source
                0x0000000000012c2e                orchestra_init
 .text          0x0000000000012cd1      0x242 obj_cooja/mtype213.a(orchestra-rule-)
 .text          0x0000000000012f13       0xb3 obj_cooja/mtype213.a(autostart.o)
                0x0000000000012f13                autostart_start
                0x0000000000012f6f                autostart_exit
 .text          0x0000000000012fc6      0x1b1 obj_cooja/mtype213.a(energest.o)
                0x0000000000013021                energest_init
                0x00000000000130b8                energest_flush
                0x0000000000013148                energest_get_total_time
 .text          0x0000000000013177      0x540 obj_cooja/mtype213.a(etimer.o)
                0x0000000000013417                etimer_request_poll
                0x00000000000134c1                etimer_set
                0x00000000000134f3                etimer_reset_with_new_interval
                0x000000000001352a                etimer_reset
                0x0000000000013551                etimer_restart
                0x0000000000013578                etimer_adjust
                0x00000000000135a5                etimer_expired
                0x00000000000135c0                etimer_expiration_time
                0x00000000000135dc                etimer_start_time
                0x00000000000135ed                etimer_pending
                0x0000000000013603                etimer_next_expiration_time
                0x0000000000013620                etimer_stop
 .text          0x00000000000136b7      0x421 obj_cooja/mtype213.a(ctimer.o)
                0x0000000000013815                ctimer_init
                0x0000000000013846                ctimer_set
                0x0000000000013886                ctimer_set_with_process
                0x000000000001393c                ctimer_reset
                0x00000000000139a9                ctimer_restart
                0x0000000000013a16                ctimer_stop
                0x0000000000013a70                ctimer_expired
 .text          0x0000000000013ad8      0x641 obj_cooja/mtype213.a(process.o)
                0x0000000000013ad8                process_alloc_event
                0x0000000000013aee                process_start
                0x0000000000013d53                process_exit
                0x0000000000013d7b                process_init
                0x0000000000013f6b                process_run
                0x0000000000013f9c                process_nevents
                0x0000000000013fb8                process_post
                0x000000000001407c                process_post_synch
                0x00000000000140c6                process_poll
                0x00000000000140ff                process_is_running
 .text          0x0000000000014119       0xf6 obj_cooja/mtype213.a(rtimer.o)
                0x0000000000014119                rtimer_init
                0x0000000000014125                rtimer_set
                0x00000000000141a2                rtimer_run_next
 .text          0x000000000001420f       0xdf obj_cooja/mtype213.a(timer.o)
                0x000000000001420f                timer_set
                0x000000000001423d                timer_reset
                0x0000000000014261                timer_restart
                0x000000000001427f                timer_expired
                0x00000000000142bc                timer_remaining
 .text          0x00000000000142ee      0x20c obj_cooja/mtype213.a(serial-line.o)
                0x00000000000142ee                serial_line_input_byte
                0x00000000000144c7                serial_line_init
 .text          0x00000000000144fa      0x189 obj_cooja/mtype213.a(ringbuf.o)
                0x00000000000144fa                ringbuf_init
                0x0000000000014537                ringbuf_put
                0x00000000000145c2                ringbuf_get
                0x000000000001463c                ringbuf_size
                0x0000000000014654                ringbuf_elements
 .text          0x0000000000014683      0x324 obj_cooja/mtype213.a(list.o)
                0x0000000000014683                list_init
                0x0000000000014699                list_head
                0x00000000000146aa                list_copy
                0x00000000000146c7                list_tail
                0x000000000001470c                list_add
                0x000000000001476c                list_push
                0x00000000000147ab                list_chop
                0x0000000000014834                list_pop
                0x000000000001486a                list_remove
                0x00000000000148f2                list_length
                0x0000000000014929                list_insert
                0x0000000000014988                list_item_next
 .text          0x00000000000149a7      0x20e obj_cooja/mtype213.a(memb.o)
                0x00000000000149a7                memb_init
                0x0000000000014a06                memb_alloc
                0x0000000000014a7e                memb_free
                0x0000000000014b16                memb_inmemb
                0x0000000000014b69                memb_numfree
 .text          0x0000000000014bb5      0x11b obj_cooja/mtype213.a(netstack.o)
                0x0000000000014bb5                netstack_process_ip_callback
                0x0000000000014c52                netstack_ip_packet_processor_add
                0x0000000000014c7e                uip_ds6_ip_packet_processor_rm
                0x0000000000014ca3                netstack_init
 .text          0x0000000000014cd0       0x74 obj_cooja/mtype213.a(linkaddr.o)
                0x0000000000014cd0                linkaddr_copy
                0x0000000000014ced                linkaddr_cmp
                0x0000000000014d1f                linkaddr_set_node_addr
 .text          0x0000000000014d44      0xb56 obj_cooja/mtype213.a(tsch-schedule.o)
                0x0000000000014d44                tsch_schedule_add_slotframe
                0x0000000000014e43                tsch_schedule_remove_all_slotframes
                0x0000000000014e85                tsch_schedule_remove_slotframe
                0x0000000000014f0d                tsch_schedule_get_slotframe_by_handle
                0x0000000000014f6b                tsch_schedule_get_link_by_handle
                0x0000000000014ff6                tsch_schedule_add_link
                0x00000000000151b4                tsch_schedule_remove_link
                0x00000000000152f1                tsch_schedule_remove_link_by_timeslot
                0x0000000000015340                tsch_schedule_get_link_by_timeslot
                0x00000000000153b0                tsch_schedule_get_next_active_link
                0x0000000000015607                tsch_schedule_init
                0x000000000001564e                tsch_schedule_create_minimal
                0x000000000001569d                tsch_schedule_slotframe_head
                0x00000000000156b2                tsch_schedule_slotframe_next
                0x00000000000156cc                tsch_schedule_print
 .text          0x000000000001589a     0x1821 obj_cooja/mtype213.a(tsch-slot-opera)
                0x000000000001589a                tsch_is_locked
                0x00000000000158a6                tsch_get_lock
                0x000000000001593a                tsch_release_lock
                0x000000000001594b                tsch_calculate_channel
                0x0000000000016f47                tsch_slot_operation_start
                0x000000000001705b                tsch_slot_operation_sync
 .text          0x00000000000170bb      0x915 obj_cooja/mtype213.a(tsch-packet.o)
                0x00000000000170ea                tsch_packet_eackbuf_attr
                0x000000000001710a                tsch_packet_create_eack
                0x00000000000172fe                tsch_packet_parse_eack
                0x00000000000174b5                tsch_packet_create_eb
                0x000000000001781c                tsch_packet_update_eb
                0x000000000001789b                tsch_packet_parse_eb
 .text          0x00000000000179d0      0x330 obj_cooja/mtype213.a(tsch-adaptive-t)
                0x00000000000179d0                tsch_adaptive_timesync_get_drift_ppm
                0x0000000000017b1f                tsch_timesync_update
                0x0000000000017c96                tsch_timesync_adaptive_compensate
 .text          0x0000000000017d00     0x1768 obj_cooja/mtype213.a(tsch.o)
                0x0000000000017d00                tsch_set_coordinator
                0x0000000000017d3f                tsch_set_pan_secured
                0x0000000000017d56                tsch_set_join_priority
                0x0000000000017d6f                tsch_set_ka_timeout
                0x0000000000017da0                tsch_set_eb_period
                0x0000000000017f91                tsch_schedule_keepalive
                0x000000000001804f                tsch_schedule_keepalive_immediately
                0x00000000000184b6                tsch_disassociate
                0x000000000001894d                tsch_scan
 .text          0x0000000000019468      0x222 obj_cooja/mtype213.a(uipbuf.o)
                0x0000000000019468                uipbuf_get_next_header
                0x00000000000194ec                uipbuf_get_last_header
                0x0000000000019590                uipbuf_get_attr
                0x00000000000195bd                uipbuf_set_attr
                0x00000000000195f9                uipbuf_clear_attr
                0x0000000000019625                uipbuf_set_attr_flag
                0x0000000000019644                uipbuf_clr_attr_flag
                0x0000000000019669                uipbuf_is_attr_flag
 .text          0x000000000001968a      0xd4e obj_cooja/mtype213.a(uip-ds6.o)
                0x000000000001968a                uip_ds6_init
                0x0000000000019864                uip_ds6_periodic
                0x0000000000019902                uip_ds6_list_loop
                0x00000000000199e7                uip_ds6_prefix_add
                0x0000000000019ab4                uip_ds6_prefix_rm
                0x0000000000019ace                uip_ds6_prefix_lookup
                0x0000000000019b21                uip_ds6_is_addr_onlink
                0x0000000000019bb1                uip_ds6_addr_add
                0x0000000000019cf2                uip_ds6_addr_rm
                0x0000000000019da6                uip_ds6_addr_lookup
                0x0000000000019df4                uip_ds6_get_link_local
                0x0000000000019e95                uip_ds6_get_global
                0x0000000000019f36                uip_ds6_maddr_add
                0x0000000000019fab                uip_ds6_maddr_rm
                0x0000000000019fc5                uip_ds6_maddr_lookup
                0x000000000001a016                uip_ds6_aaddr_add
                0x000000000001a08b                uip_ds6_aaddr_rm
                0x000000000001a0a5                uip_ds6_aaddr_lookup
                0x000000000001a0f6                uip_ds6_select_src
                0x000000000001a27c                uip_ds6_set_addr_iid
                0x000000000001a2b1                uip_ds6_set_lladdr_from_iid
                0x000000000001a2e4                get_match_length
                0x000000000001a38e                uip_ds6_compute_reachable_time
 .text          0x000000000001a3d8      0x888 obj_cooja/mtype213.a(tcpip.o)
                0x000000000001a404                tcpip_output
                0x000000000001a4a6                udp_attach
                0x000000000001a4d0                udp_new
                0x000000000001a527                udp_broadcast_new
                0x000000000001a6c4                tcpip_input
                0x000000000001a89d                tcpip_ipv6_output
                0x000000000001ab1f                tcpip_poll_udp
                0x000000000001ab49                tcpip_uipcall
 .text          0x000000000001ac60      0x3da obj_cooja/mtype213.a(uip-ds6-route.o)
                0x000000000001acb5                uip_ds6_route_init
                0x000000000001acd7                uip_ds6_route_nexthop
                0x000000000001ace6                uip_ds6_route_head
                0x000000000001acf1                uip_ds6_route_next
                0x000000000001ad00                uip_ds6_route_is_nexthop
                0x000000000001ad0f                uip_ds6_route_num_routes
                0x000000000001ad1a                uip_ds6_route_lookup
                0x000000000001ad29                uip_ds6_route_add
                0x000000000001ad41                uip_ds6_route_rm
                0x000000000001ad4c                uip_ds6_route_rm_by_nexthop
                0x000000000001ad57                uip_ds6_defrt_head
                0x000000000001ad6c                uip_ds6_defrt_add
                0x000000000001ae43                uip_ds6_defrt_rm
                0x000000000001aed0                uip_ds6_defrt_lookup
                0x000000000001af43                uip_ds6_defrt_choose
                0x000000000001afc2                uip_ds6_defrt_periodic
 .text          0x000000000001b03a      0x30b obj_cooja/mtype213.a(uip-ds6-nbr.o)
                0x000000000001b03a                uip_ds6_neighbors_init
                0x000000000001b062                uip_ds6_nbr_add
                0x000000000001b0ff                uip_ds6_nbr_rm
                0x000000000001b15b                uip_ds6_nbr_get_ipaddr
                0x000000000001b177                uip_ds6_nbr_get_ll
                0x000000000001b19e                uip_ds6_nbr_num
                0x000000000001b1f2                uip_ds6_nbr_head
                0x000000000001b20a                uip_ds6_nbr_next
                0x000000000001b231                uip_ds6_nbr_lookup
                0x000000000001b2a9                uip_ds6_nbr_ll_lookup
                0x000000000001b2d0                uip_ds6_nbr_ipaddr_from_lladdr
                0x000000000001b300                uip_ds6_nbr_lladdr_from_ipaddr
                0x000000000001b338                uip_ds6_link_callback
 .text          0x000000000001b345     0x17df obj_cooja/mtype213.a(uip6.o)
                0x000000000001b405                uip_chksum
                0x000000000001b4fd                uip_icmp6chksum
                0x000000000001b50d                uip_udpchksum
                0x000000000001b51d                uip_init
                0x000000000001b57a                remove_ext_hdr
                0x000000000001b6af                uip_udp_new
                0x000000000001ba91                uip_process
                0x000000000001c9da                uip_htons
                0x000000000001c9f9                uip_htonl
                0x000000000001ca3d                uip_send
 .text          0x000000000001cb24      0x855 obj_cooja/mtype213.a(uip-nd6.o)
                0x000000000001d366                uip_nd6_init
 .text          0x000000000001d379      0x41f obj_cooja/mtype213.a(simple-udp.o)
                0x000000000001d3a6                simple_udp_send
                0x000000000001d414                simple_udp_sendto
                0x000000000001d482                simple_udp_sendto_port
                0x000000000001d4ee                simple_udp_register
 .text          0x000000000001d798     0x3000 obj_cooja/mtype213.a(sicslowpan.o)
                0x000000000001ddf3                netstack_sniffer_add
                0x000000000001de09                netstack_sniffer_remove
                0x0000000000020764                sicslowpan_init
                0x000000000002078c                sicslowpan_get_last_rssi
 .text          0x0000000000020798      0x5e0 obj_cooja/mtype213.a(rpl.o)
                0x0000000000020798                rpl_lollipop_greater_than
                0x00000000000207f8                rpl_get_global_address
                0x0000000000020994                rpl_link_callback
                0x00000000000209d4                rpl_has_joined
                0x0000000000020a03                rpl_is_reachable
                0x0000000000020aa1                rpl_reset_prefix
                0x0000000000020b14                rpl_set_prefix_from_addr
                0x0000000000020c22                rpl_set_prefix
 .text          0x0000000000020d78     0x16a6 obj_cooja/mtype213.a(rpl-icmp6.o)
                0x0000000000020efc                rpl_icmp6_update_nbr_table
                0x0000000000020fbf                rpl_icmp6_dis_output
                0x00000000000216e6                rpl_icmp6_dio_output
                0x0000000000021fd4                rpl_icmp6_dao_output
                0x0000000000022354                rpl_icmp6_dao_ack_output
                0x00000000000223e7                rpl_icmp6_init
 .text          0x000000000002241e      0x2e4 obj_cooja/mtype213.a(rpl-dag-root.o)
                0x0000000000022529                rpl_dag_root_set_prefix
                0x0000000000022561                rpl_dag_root_start
                0x00000000000226c6                rpl_dag_root_is_root
 .text          0x0000000000022702       0x23 obj_cooja/mtype213.a(watchdog.o)
                0x0000000000022702                watchdog_init
                0x0000000000022709                watchdog_start
                0x0000000000022710                watchdog_periodic
                0x0000000000022717                watchdog_stop
                0x000000000002271e                watchdog_reboot
 .text          0x0000000000022725      0x106 obj_cooja/mtype213.a(stimer.o)
                0x0000000000022725                stimer_set
                0x0000000000022753                stimer_reset
                0x0000000000022777                stimer_restart
                0x0000000000022795                stimer_expired
                0x00000000000227d6                stimer_remaining
                0x0000000000022808                stimer_elapsed
 .text          0x000000000002282b      0x236 obj_cooja/mtype213.a(ringbufindex.o)
                0x000000000002282b                ringbufindex_init
                0x0000000000022858                ringbufindex_put
                0x00000000000228bf                ringbufindex_peek_put
                0x000000000002290d                ringbufindex_get
                0x0000000000022976                ringbufindex_peek_get
                0x00000000000229ba                ringbufindex_size
                0x00000000000229d1                ringbufindex_elements
                0x00000000000229ff                ringbufindex_full
                0x0000000000022a3f                ringbufindex_empty
 .text          0x0000000000022a61      0x9f8 obj_cooja/mtype213.a(nbr-table.o)
                0x0000000000023009                nbr_table_register
                0x0000000000023070                nbr_table_is_register
                0x00000000000230ae                nbr_table_head
                0x0000000000023115                nbr_table_next
                0x000000000002318b                nbr_table_add_lladdr
                0x000000000002327d                nbr_table_get_from_lladdr
                0x00000000000232d5                nbr_table_remove
                0x0000000000023325                nbr_table_lock
                0x0000000000023353                nbr_table_unlock
                0x0000000000023381                nbr_table_get_lladdr
                0x00000000000233c0                nbr_table_update_lladdr
 .text          0x0000000000023459      0x3e2 obj_cooja/mtype213.a(link-stats.o)
                0x0000000000023459                link_stats_from_lladdr
                0x000000000002347d                link_stats_is_fresh
                0x00000000000234c7                guess_etx_from_rssi
                0x0000000000023548                link_stats_packet_sent
                0x000000000002367c                link_stats_input_callback
                0x00000000000237a9                link_stats_reset
                0x0000000000023800                link_stats_init
 .text          0x000000000002383b      0x1ef obj_cooja/mtype213.a(mac-sequence.o)
                0x000000000002383b                mac_sequence_is_duplicate
                0x0000000000023931                mac_sequence_register_seqno
 .text          0x0000000000023a2a       0x33 obj_cooja/mtype213.a(mac.o)
                0x0000000000023a2a                mac_call_sent_callback
 .text          0x0000000000023a5d     0x10bd obj_cooja/mtype213.a(frame802154e-ie)
                0x0000000000023b92                frame80215e_create_ie_header_ack_nack_time_correction
                0x0000000000023c2c                frame80215e_create_ie_header_list_termination_1
                0x0000000000023c7d                frame80215e_create_ie_header_list_termination_2
                0x0000000000023cce                frame80215e_create_ie_payload_list_termination
                0x0000000000023d1f                frame80215e_create_ie_mlme
                0x0000000000023d76                frame80215e_create_ie_tsch_synchronization
                0x0000000000023e44                frame80215e_create_ie_tsch_slotframe_and_link
                0x000000000002408a                frame80215e_create_ie_tsch_timeslot
                0x0000000000024180                frame80215e_create_ie_tsch_channel_hopping_sequence
                0x00000000000247f3                frame802154e_parse_information_elements
 .text          0x0000000000024b1a      0x42f obj_cooja/mtype213.a(framer-802154.o)
                0x0000000000024cb1                framer_802154_setup_params
 .text          0x0000000000024f49      0xc84 obj_cooja/mtype213.a(frame802154.o)
                0x0000000000024f77                frame802154_get_pan_id
                0x0000000000024f84                frame802154_set_pan_id
                0x0000000000024f9c                frame802154_has_panid
                0x0000000000025177                frame802154_check_dest_panid
                0x0000000000025212                frame802154_is_broadcast_addr
                0x0000000000025265                frame802154_extract_linkaddr
                0x00000000000254fb                frame802154_hdrlen
                0x0000000000025576                frame802154_create_fcf
                0x0000000000025644                frame802154_create
                0x00000000000257ea                frame802154_parse_fcf
                0x00000000000258dd                frame802154_parse
 .text          0x0000000000025bcd      0xb5d obj_cooja/mtype213.a(tsch-queue.o)
                0x0000000000025bcd                tsch_queue_add_nbr
                0x0000000000025cdc                tsch_queue_get_nbr
                0x0000000000025d45                tsch_queue_get_time_source
                0x0000000000025d9b                tsch_queue_update_time_source
                0x0000000000025f2d                tsch_queue_add_packet
                0x0000000000026059                tsch_queue_global_packet_count
                0x0000000000026074                tsch_queue_packet_count
                0x00000000000260c1                tsch_queue_remove_packet_from_queue
                0x000000000002611c                tsch_queue_free_packet
                0x0000000000026154                tsch_queue_packet_sent
                0x000000000002621f                tsch_queue_reset
                0x000000000002627f                tsch_queue_free_unused_neighbors
                0x0000000000026307                tsch_queue_is_empty
                0x0000000000026345                tsch_queue_get_packet_for_nbr
                0x000000000002647f                tsch_queue_get_packet_for_dest_addr
                0x00000000000264bf                tsch_queue_get_unicast_packet_for_any
                0x0000000000026565                tsch_queue_backoff_expired
                0x000000000002657f                tsch_queue_backoff_reset
                0x000000000002659a                tsch_queue_backoff_inc
                0x000000000002660c                tsch_queue_update_all_backoff_windows
                0x00000000000266c4                tsch_queue_init
 .text          0x000000000002672a      0x146 obj_cooja/mtype213.a(tsch-rpl.o)
                0x000000000002672a                tsch_rpl_callback_ka_sent
                0x0000000000026769                tsch_rpl_callback_joining_network
                0x0000000000026770                tsch_rpl_callback_leaving_network
                0x000000000002678b                tsch_rpl_callback_new_dio_interval
                0x000000000002682c                tsch_rpl_callback_parent_switch
 .text          0x0000000000026870      0xba9 obj_cooja/mtype213.a(uip-icmp6.o)
                0x00000000000268e9                uip_icmp6_input
                0x0000000000026943                uip_icmp6_register_input_handler
                0x0000000000026bcb                uip_icmp6_error_output
                0x0000000000027036                uip_icmp6_send
                0x0000000000027392                uip_icmp6_echo_reply_callback_add
                0x00000000000273d5                uip_icmp6_echo_reply_callback_rm
                0x00000000000273fa                uip_icmp6_init
 .text          0x0000000000027419      0x587 obj_cooja/mtype213.a(uip-sr.o)
                0x0000000000027419                uip_sr_num_nodes
                0x00000000000274bc                uip_sr_get_node
                0x0000000000027520                uip_sr_is_addr_reachable
                0x00000000000275e4                uip_sr_expire_parent
                0x0000000000027643                uip_sr_update_node
                0x00000000000277b0                uip_sr_init
                0x00000000000277dc                uip_sr_node_head
                0x00000000000277f1                uip_sr_node_next
                0x000000000002780b                uip_sr_periodic
                0x0000000000027929                uip_sr_free_all
 .text          0x00000000000279a0      0x197 obj_cooja/mtype213.a(uip-packetqueue)
                0x00000000000279d8                uip_packetqueue_new
                0x00000000000279ee                uip_packetqueue_alloc
                0x0000000000027a64                uip_packetqueue_free
                0x0000000000027ab5                uip_packetqueue_buf
                0x0000000000027add                uip_packetqueue_buflen
                0x0000000000027b08                uip_packetqueue_set_buflen
 .text          0x0000000000027b37      0x13c obj_cooja/mtype213.a(uip-udp-packet.)
                0x0000000000027b37                uip_udp_packet_send
                0x0000000000027bb2                uip_udp_packet_sendto
 .text          0x0000000000027c73      0x211 obj_cooja/mtype213.a(rpl-nbr-policy.)
                0x0000000000027e32                rpl_nbr_policy_find_removable
 .text          0x0000000000027e84      0x74e obj_cooja/mtype213.a(rpl-neighbor.o)
                0x0000000000027eea                rpl_neighbor_print_list
                0x0000000000027f91                rpl_neighbor_count
                0x0000000000028074                rpl_neighbor_get_from_lladdr
                0x000000000002809b                rpl_neighbor_is_acceptable_parent
                0x00000000000280e3                rpl_neighbor_get_link_metric
                0x000000000002812b                rpl_neighbor_rank_via_nbr
                0x0000000000028173                rpl_neighbor_get_lladdr
                0x000000000002819a                rpl_neighbor_get_ipaddr
                0x00000000000281c4                rpl_neighbor_get_link_stats
                0x00000000000281ee                rpl_neighbor_is_fresh
                0x0000000000028218                rpl_neighbor_is_reachable
                0x000000000002826c                rpl_neighbor_is_parent
                0x00000000000282a1                rpl_neighbor_set_preferred_parent
                0x0000000000028363                rpl_neighbor_remove_all
                0x00000000000283bb                rpl_neighbor_get_from_ipaddr
                0x00000000000284e8                rpl_neighbor_select_best
                0x00000000000285b2                rpl_neighbor_init
 .text          0x00000000000285d2     0x116b obj_cooja/mtype213.a(rpl-dag.o)
                0x00000000000285d2                rpl_dag_state_to_str
                0x000000000002861f                rpl_dag_get_root_ipaddr
                0x0000000000028665                rpl_dag_leave
                0x0000000000028709                rpl_dag_poison_and_leave
                0x0000000000028723                rpl_dag_periodic
                0x00000000000287e3                rpl_is_addr_in_our_dag
                0x0000000000028838                rpl_get_default_instance
                0x000000000002885b                rpl_get_any_dag
                0x00000000000288c0                rpl_global_repair
                0x00000000000289a4                rpl_local_repair
                0x0000000000028a04                rpl_dag_ready_to_advertise
                0x0000000000028a58                rpl_dag_update_state
                0x00000000000292ed                rpl_process_dio
                0x000000000002938f                rpl_process_dis
                0x00000000000293dc                rpl_process_dao
                0x0000000000029481                rpl_process_dao_ack
                0x0000000000029525                rpl_process_hbh
                0x0000000000029580                rpl_dag_init_root
                0x0000000000029718                rpl_dag_init
 .text          0x000000000002973d      0xd1b obj_cooja/mtype213.a(rpl-timers.o)
                0x000000000002973d                rpl_timers_schedule_periodic_dis
                0x0000000000029941                rpl_timers_dio_reset
                0x0000000000029a88                rpl_timers_schedule_unicast_dio
                0x0000000000029c99                rpl_timers_schedule_dao
                0x0000000000029e31                rpl_timers_schedule_dao_ack
                0x0000000000029ee5                get_probing_delay
                0x0000000000029f7a                get_probing_target
                0x000000000002a1cc                rpl_schedule_probing
                0x000000000002a22c                rpl_timers_unschedule_leaving
                0x000000000002a26c                rpl_timers_schedule_leaving
                0x000000000002a2bd                rpl_timers_init
                0x000000000002a35e                rpl_timers_stop_dag_timers
                0x000000000002a3e7                rpl_timers_unschedule_state_update
                0x000000000002a40d                rpl_timers_schedule_state_update
 .text          0x000000000002a458     0x1467 obj_cooja/mtype213.a(rpl-ext-header.)
                0x000000000002a458                rpl_ext_header_srh_get_next_hop
                0x000000000002a638                rpl_ext_header_srh_update
                0x000000000002aed6                rpl_ext_header_hbh_update
                0x000000000002b5b6                rpl_ext_header_update
                0x000000000002b65c                rpl_ext_header_remove
 .text          0x000000000002b8bf      0x374 obj_cooja/mtype213.a(rpl-mrhof.o)
 .text          0x000000000002bc33        0x0 /usr/lib/gcc/x86_64-linux-gnu/7/crtendS.o
 .text          0x000000000002bc33        0x0 /usr/lib/gcc/x86_64-linux-gnu/7/../../../x86_64-linux-gnu/crtn.o
 *(.gnu.warning)

.fini           0x000000000002bc34        0x9
 *(SORT_NONE(.fini))
 .fini          0x000000000002bc34        0x4 /usr/lib/gcc/x86_64-linux-gnu/7/../../../x86_64-linux-gnu/crti.o
                0x000000000002bc34                _fini
 .fini          0x000000000002bc38        0x5 /usr/lib/gcc/x86_64-linux-gnu/7/../../../x86_64-linux-gnu/crtn.o
                [!provide]                        PROVIDE (__etext = .)
                [!provide]                        PROVIDE (_etext = .)
                [!provide]                        PROVIDE (etext = .)

.rodata         0x000000000002bc40      0x7be
 *(.rodata .rodata.* .gnu.linkonce.r.*)
 .rodata        0x000000000002bc40      0x1e1 udp-client.o
 *fill*         0x000000000002be21        0x7 
 .rodata        0x000000000002be28       0xc3 obj_cooja/mtype213.o
 .rodata        0x000000000002beeb        0x7 obj_cooja/mtype213.a(button-sensor.o)
 .rodata        0x000000000002bef2        0x4 obj_cooja/mtype213.a(pir-sensor.o)
 .rodata        0x000000000002bef6        0x6 obj_cooja/mtype213.a(rs232.o)
 .rodata        0x000000000002befc        0xa obj_cooja/mtype213.a(vib-sensor.o)
 *fill*         0x000000000002bf06        0x2 
 .rodata        0x000000000002bf08       0x27 obj_cooja/mtype213.a(cfs-cooja.o)
 .rodata        0x000000000002bf2f       0x14 obj_cooja/mtype213.a(cooja-radio.o)
 .rodata        0x000000000002bf43        0x8 obj_cooja/mtype213.a(sensors.o)
 *fill*         0x000000000002bf4b        0x5 
 .rodata        0x000000000002bf50       0x48 obj_cooja/mtype213.a(orchestra.o)
 .rodata        0x000000000002bf98        0xc obj_cooja/mtype213.a(etimer.o)
 .rodata        0x000000000002bfa4        0xf obj_cooja/mtype213.a(ctimer.o)
 .rodata        0x000000000002bfb3        0xe obj_cooja/mtype213.a(serial-line.o)
 *fill*         0x000000000002bfc1        0x7 
 .rodata        0x000000000002bfc8        0x8 obj_cooja/mtype213.a(linkaddr.o)
                0x000000000002bfc8                linkaddr_null
 .rodata        0x000000000002bfd0       0xd0 obj_cooja/mtype213.a(tsch-schedule.o)
 .rodata        0x000000000002c0a0       0x3d obj_cooja/mtype213.a(tsch-slot-opera)
 *fill*         0x000000000002c0dd        0x3 
 .rodata        0x000000000002c0e0       0x79 obj_cooja/mtype213.a(tsch.o)
                0x000000000002c0f8                tsch_broadcast_address
                0x000000000002c100                tsch_eb_address
 .rodata        0x000000000002c159        0xd obj_cooja/mtype213.a(tcpip.o)
 *fill*         0x000000000002c166        0x2 
 .rodata        0x000000000002c168       0x5f obj_cooja/mtype213.a(uip-ds6-route.o)
 *fill*         0x000000000002c1c7        0x1 
 .rodata        0x000000000002c1c8       0xf4 obj_cooja/mtype213.a(uip6.o)
 .rodata        0x000000000002c2bc       0x13 obj_cooja/mtype213.a(simple-udp.o)
 .rodata        0x000000000002c2cf       0x27 obj_cooja/mtype213.a(sicslowpan.o)
                0x000000000002c2d9                unc_llconf
                0x000000000002c2dd                unc_ctxconf
                0x000000000002c2e1                unc_mxconf
                0x000000000002c2e5                llprefix
 .rodata        0x000000000002c2f6        0x9 obj_cooja/mtype213.a(rpl.o)
 .rodata        0x000000000002c2ff       0x13 obj_cooja/mtype213.a(mac-sequence.o)
 .rodata        0x000000000002c312        0xd obj_cooja/mtype213.a(tsch-rpl.o)
 .rodata        0x000000000002c31f       0xd3 obj_cooja/mtype213.a(rpl-dag.o)
 .rodata        0x000000000002c3f2        0xc obj_cooja/mtype213.a(rpl-timers.o)

.rodata1
 *(.rodata1)

.eh_frame_hdr   0x000000000002c400     0x174c
 *(.eh_frame_hdr)
 .eh_frame_hdr  0x000000000002c400     0x174c udp-client.o
                0x000000000002c400                __GNU_EH_FRAME_HDR
 *(.eh_frame_entry .eh_frame_entry.*)

.eh_frame       0x000000000002db50     0x5d9c
 *(.eh_frame)
 .eh_frame      0x000000000002db50       0x40 /usr/lib/gcc/x86_64-linux-gnu/7/../../../x86_64-linux-gnu/crti.o
 .eh_frame      0x000000000002db90       0x18 /usr/lib/gcc/x86_64-linux-gnu/7/../../../x86_64-linux-gnu/crti.o
                                         0x30 (size before relaxing)
 .eh_frame      0x000000000002dba8      0x590 udp-client.o
                                        0x5a8 (size before relaxing)
 .eh_frame      0x000000000002e138      0x138 obj_cooja/mtype213.o
                                        0x150 (size before relaxing)
 .eh_frame      0x000000000002e270       0x40 obj_cooja/mtype213.a(simEnvChange.o)
                                         0x58 (size before relaxing)
 .eh_frame      0x000000000002e2b0       0x60 obj_cooja/mtype213.a(cooja_mt.o)
                                         0x78 (size before relaxing)
 .eh_frame      0x000000000002e310       0x80 obj_cooja/mtype213.a(cooja_mtarch.o)
                                         0x98 (size before relaxing)
 .eh_frame      0x000000000002e390       0xc0 obj_cooja/mtype213.a(rtimer-arch.o)
                                         0xd8 (size before relaxing)
 .eh_frame      0x000000000002e450      0x160 obj_cooja/mtype213.a(beep.o)
                                        0x178 (size before relaxing)
 .eh_frame      0x000000000002e5b0       0xa0 obj_cooja/mtype213.a(button-sensor.o)
                                         0xb8 (size before relaxing)
 .eh_frame      0x000000000002e650       0xa0 obj_cooja/mtype213.a(leds-arch.o)
                                         0xb8 (size before relaxing)
 .eh_frame      0x000000000002e6f0       0x40 obj_cooja/mtype213.a(moteid.o)
                                         0x58 (size before relaxing)
 .eh_frame      0x000000000002e730       0xa0 obj_cooja/mtype213.a(pir-sensor.o)
                                         0xb8 (size before relaxing)
 .eh_frame      0x000000000002e7d0      0x100 obj_cooja/mtype213.a(rs232.o)
                                        0x118 (size before relaxing)
 .eh_frame      0x000000000002e8d0       0xa0 obj_cooja/mtype213.a(vib-sensor.o)
                                         0xb8 (size before relaxing)
 .eh_frame      0x000000000002e970       0xc0 obj_cooja/mtype213.a(clock.o)
                                         0xd8 (size before relaxing)
 .eh_frame      0x000000000002ea30      0x128 obj_cooja/mtype213.a(cooja-log.o)
                                        0x140 (size before relaxing)
 .eh_frame      0x000000000002eb58      0x160 obj_cooja/mtype213.a(cfs-cooja.o)
                                        0x178 (size before relaxing)
 .eh_frame      0x000000000002ecb8      0x360 obj_cooja/mtype213.a(cooja-radio.o)
                                        0x378 (size before relaxing)
 .eh_frame      0x000000000002f018       0xa0 obj_cooja/mtype213.a(eeprom.o)
                                         0xb8 (size before relaxing)
 .eh_frame      0x000000000002f0b8       0x40 obj_cooja/mtype213.a(random.o)
                                         0x58 (size before relaxing)
 .eh_frame      0x000000000002f0f8       0xc0 obj_cooja/mtype213.a(sensors.o)
                                         0xd8 (size before relaxing)
 .eh_frame      0x000000000002f1b8       0xc0 obj_cooja/mtype213.a(orchestra-rule-)
                                         0xd8 (size before relaxing)
 .eh_frame      0x000000000002f278       0x40 obj_cooja/mtype213.a(orchestra-rule-)
                                         0x58 (size before relaxing)
 .eh_frame      0x000000000002f2b8       0xe0 obj_cooja/mtype213.a(orchestra.o)
                                         0xf8 (size before relaxing)
 .eh_frame      0x000000000002f398       0x80 obj_cooja/mtype213.a(orchestra-rule-)
                                         0x98 (size before relaxing)
 .eh_frame      0x000000000002f418       0x40 obj_cooja/mtype213.a(autostart.o)
                                         0x58 (size before relaxing)
 .eh_frame      0x000000000002f458       0xa0 obj_cooja/mtype213.a(energest.o)
                                         0xb8 (size before relaxing)
 .eh_frame      0x000000000002f4f8      0x1e0 obj_cooja/mtype213.a(etimer.o)
                                        0x1f8 (size before relaxing)
 .eh_frame      0x000000000002f6d8      0x100 obj_cooja/mtype213.a(ctimer.o)
                                        0x118 (size before relaxing)
 .eh_frame      0x000000000002f7d8      0x1c8 obj_cooja/mtype213.a(process.o)
                                        0x1e0 (size before relaxing)
 .eh_frame      0x000000000002f9a0       0x60 obj_cooja/mtype213.a(rtimer.o)
                                         0x78 (size before relaxing)
 .eh_frame      0x000000000002fa00       0xa0 obj_cooja/mtype213.a(timer.o)
                                         0xb8 (size before relaxing)
 .eh_frame      0x000000000002faa0       0x60 obj_cooja/mtype213.a(serial-line.o)
                                         0x78 (size before relaxing)
 .eh_frame      0x000000000002fb00       0xa0 obj_cooja/mtype213.a(ringbuf.o)
                                         0xb8 (size before relaxing)
 .eh_frame      0x000000000002fba0      0x180 obj_cooja/mtype213.a(list.o)
                                        0x198 (size before relaxing)
 .eh_frame      0x000000000002fd20       0xa0 obj_cooja/mtype213.a(memb.o)
                                         0xb8 (size before relaxing)
 .eh_frame      0x000000000002fdc0       0x80 obj_cooja/mtype213.a(netstack.o)
                                         0x98 (size before relaxing)
 .eh_frame      0x000000000002fe40       0x60 obj_cooja/mtype213.a(linkaddr.o)
                                         0x78 (size before relaxing)
 .eh_frame      0x000000000002fea0      0x1e0 obj_cooja/mtype213.a(tsch-schedule.o)
                                        0x1f8 (size before relaxing)
 .eh_frame      0x0000000000030080      0x1c8 obj_cooja/mtype213.a(tsch-slot-opera)
                                        0x1e0 (size before relaxing)
 .eh_frame      0x0000000000030248       0xe8 obj_cooja/mtype213.a(tsch-packet.o)
                                        0x100 (size before relaxing)
 .eh_frame      0x0000000000030330       0xc0 obj_cooja/mtype213.a(tsch-adaptive-t)
                                         0xd8 (size before relaxing)
 .eh_frame      0x00000000000303f0      0x328 obj_cooja/mtype213.a(tsch.o)
                                        0x340 (size before relaxing)
 .eh_frame      0x0000000000030718      0x100 obj_cooja/mtype213.a(uipbuf.o)
                                        0x118 (size before relaxing)
 .eh_frame      0x0000000000030818      0x2e8 obj_cooja/mtype213.a(uip-ds6.o)
                                        0x300 (size before relaxing)
 .eh_frame      0x0000000000030b00      0x248 obj_cooja/mtype213.a(tcpip.o)
                                        0x260 (size before relaxing)
 .eh_frame      0x0000000000030d48      0x220 obj_cooja/mtype213.a(uip-ds6-route.o)
                                        0x238 (size before relaxing)
 .eh_frame      0x0000000000030f68      0x1a0 obj_cooja/mtype213.a(uip-ds6-nbr.o)
                                        0x1b8 (size before relaxing)
 .eh_frame      0x0000000000031108      0x1a8 obj_cooja/mtype213.a(uip6.o)
                                        0x1c0 (size before relaxing)
 .eh_frame      0x00000000000312b0       0x80 obj_cooja/mtype213.a(uip-nd6.o)
                                         0x98 (size before relaxing)
 .eh_frame      0x0000000000031330       0xc0 obj_cooja/mtype213.a(simple-udp.o)
                                         0xd8 (size before relaxing)
 .eh_frame      0x00000000000313f0      0x2c0 obj_cooja/mtype213.a(sicslowpan.o)
                                        0x2d8 (size before relaxing)
 .eh_frame      0x00000000000316b0      0x1a0 obj_cooja/mtype213.a(rpl.o)
                                        0x1b8 (size before relaxing)
 .eh_frame      0x0000000000031850      0x1c0 obj_cooja/mtype213.a(rpl-icmp6.o)
                                        0x1d8 (size before relaxing)
 .eh_frame      0x0000000000031a10       0x80 obj_cooja/mtype213.a(rpl-dag-root.o)
                                         0x98 (size before relaxing)
 .eh_frame      0x0000000000031a90       0xa0 obj_cooja/mtype213.a(watchdog.o)
                                         0xb8 (size before relaxing)
 .eh_frame      0x0000000000031b30       0xc0 obj_cooja/mtype213.a(stimer.o)
                                         0xd8 (size before relaxing)
 .eh_frame      0x0000000000031bf0      0x120 obj_cooja/mtype213.a(ringbufindex.o)
                                        0x138 (size before relaxing)
 .eh_frame      0x0000000000031d10      0x2c0 obj_cooja/mtype213.a(nbr-table.o)
                                        0x2d8 (size before relaxing)
 .eh_frame      0x0000000000031fd0      0x100 obj_cooja/mtype213.a(link-stats.o)
                                        0x118 (size before relaxing)
 .eh_frame      0x00000000000320d0       0x48 obj_cooja/mtype213.a(mac-sequence.o)
                                         0x60 (size before relaxing)
 .eh_frame      0x0000000000032118       0x20 obj_cooja/mtype213.a(mac.o)
                                         0x38 (size before relaxing)
 .eh_frame      0x0000000000032138      0x220 obj_cooja/mtype213.a(frame802154e-ie)
                                        0x238 (size before relaxing)
 .eh_frame      0x0000000000032358       0xa8 obj_cooja/mtype213.a(framer-802154.o)
                                         0xc0 (size before relaxing)
 .eh_frame      0x0000000000032400      0x1a8 obj_cooja/mtype213.a(frame802154.o)
                                        0x1c0 (size before relaxing)
 .eh_frame      0x00000000000325a8      0x2e0 obj_cooja/mtype213.a(tsch-queue.o)
                                        0x2f8 (size before relaxing)
 .eh_frame      0x0000000000032888       0xa0 obj_cooja/mtype213.a(tsch-rpl.o)
                                         0xb8 (size before relaxing)
 .eh_frame      0x0000000000032928      0x148 obj_cooja/mtype213.a(uip-icmp6.o)
                                        0x160 (size before relaxing)
 .eh_frame      0x0000000000032a70      0x160 obj_cooja/mtype213.a(uip-sr.o)
                                        0x178 (size before relaxing)
 .eh_frame      0x0000000000032bd0       0xe0 obj_cooja/mtype213.a(uip-packetqueue)
                                         0xf8 (size before relaxing)
 .eh_frame      0x0000000000032cb0       0x40 obj_cooja/mtype213.a(uip-udp-packet.)
                                         0x58 (size before relaxing)
 .eh_frame      0x0000000000032cf0       0x80 obj_cooja/mtype213.a(rpl-nbr-policy.)
                                         0x98 (size before relaxing)
 .eh_frame      0x0000000000032d70      0x280 obj_cooja/mtype213.a(rpl-neighbor.o)
                                        0x298 (size before relaxing)
 .eh_frame      0x0000000000032ff0      0x340 obj_cooja/mtype213.a(rpl-dag.o)
                                        0x358 (size before relaxing)
 .eh_frame      0x0000000000033330      0x348 obj_cooja/mtype213.a(rpl-timers.o)
                                        0x360 (size before relaxing)
 .eh_frame      0x0000000000033678      0x128 obj_cooja/mtype213.a(rpl-ext-header.)
                                        0x140 (size before relaxing)
 .eh_frame      0x00000000000337a0      0x148 obj_cooja/mtype213.a(rpl-mrhof.o)
                                        0x160 (size before relaxing)
 .eh_frame      0x00000000000338e8        0x4 /usr/lib/gcc/x86_64-linux-gnu/7/crtendS.o
 *(.eh_frame.*)

.gcc_except_table
 *(.gcc_except_table .gcc_except_table.*)

.gnu_extab
 *(.gnu_extab*)

.exception_ranges
 *(.exception_ranges .exception_ranges*)
                0x00000000002345d0                . = DATA_SEGMENT_ALIGN (CONSTANT (MAXPAGESIZE), CONSTANT (COMMONPAGESIZE))

.eh_frame
 *(.eh_frame)
 *(.eh_frame.*)

.gnu_extab
 *(.gnu_extab)

.gcc_except_table
 *(.gcc_except_table .gcc_except_table.*)

.exception_ranges
 *(.exception_ranges .exception_ranges*)

.tdata
 *(.tdata .tdata.* .gnu.linkonce.td.*)

.tbss
 *(.tbss .tbss.* .gnu.linkonce.tb.*)
 *(.tcommon)

.preinit_array
 *(.preinit_array)

.init_array     0x00000000002345d0        0x8
 *(SORT_BY_INIT_PRIORITY(.init_array.*) SORT_BY_INIT_PRIORITY(.ctors.*))
 *(.init_array EXCLUDE_FILE(*crtend?.o *crtend.o *crtbegin?.o *crtbegin.o) .ctors)
 .init_array    0x00000000002345d0        0x8 /usr/lib/gcc/x86_64-linux-gnu/7/crtbeginS.o

.fini_array     0x00000000002345d8        0x8
 *(SORT_BY_INIT_PRIORITY(.fini_array.*) SORT_BY_INIT_PRIORITY(.dtors.*))
 *(.fini_array EXCLUDE_FILE(*crtend?.o *crtend.o *crtbegin?.o *crtbegin.o) .dtors)
 .fini_array    0x00000000002345d8        0x8 /usr/lib/gcc/x86_64-linux-gnu/7/crtbeginS.o

.ctors
 *crtbegin.o(.ctors)
 *crtbegin?.o(.ctors)
 *(EXCLUDE_FILE(*crtend?.o *crtend.o) .ctors)
 *(SORT_BY_NAME(.ctors.*))
 *(.ctors)

.dtors
 *crtbegin.o(.dtors)
 *crtbegin?.o(.dtors)
 *(EXCLUDE_FILE(*crtend?.o *crtend.o) .dtors)
 *(SORT_BY_NAME(.dtors.*))
 *(.dtors)

.jcr
 *(.jcr)

.data.rel.ro    0x00000000002345e0      0x348
 *(.data.rel.ro.local* .gnu.linkonce.d.rel.ro.local.*)
 .data.rel.ro.local
                0x00000000002345e0       0x10 obj_cooja/mtype213.a(beep.o)
                0x00000000002345e0                beep_interface
 *fill*         0x00000000002345f0       0x10 
 .data.rel.ro.local
                0x0000000000234600       0x40 obj_cooja/mtype213.a(button-sensor.o)
                0x0000000000234600                button_interface
                0x0000000000234620                button_sensor
 .data.rel.ro.local
                0x0000000000234640       0x10 obj_cooja/mtype213.a(leds-arch.o)
                0x0000000000234640                leds_interface
 .data.rel.ro.local
                0x0000000000234650       0x10 obj_cooja/mtype213.a(moteid.o)
                0x0000000000234650                moteid_interface
 .data.rel.ro.local
                0x0000000000234660       0x40 obj_cooja/mtype213.a(pir-sensor.o)
                0x0000000000234660                pir_interface
                0x0000000000234680                pir_sensor
 .data.rel.ro.local
                0x00000000002346a0       0x10 obj_cooja/mtype213.a(rs232.o)
                0x00000000002346a0                rs232_interface
 *fill*         0x00000000002346b0       0x10 
 .data.rel.ro.local
                0x00000000002346c0       0x40 obj_cooja/mtype213.a(vib-sensor.o)
                0x00000000002346c0                vib_interface
                0x00000000002346e0                vib_sensor
 .data.rel.ro.local
                0x0000000000234700       0x10 obj_cooja/mtype213.a(clock.o)
                0x0000000000234700                clock_interface
 .data.rel.ro.local
                0x0000000000234710       0x10 obj_cooja/mtype213.a(cooja-log.o)
                0x0000000000234710                simlog_interface
 .data.rel.ro.local
                0x0000000000234720       0x10 obj_cooja/mtype213.a(cfs-cooja.o)
                0x0000000000234720                cfs_interface
 *fill*         0x0000000000234730       0x10 
 .data.rel.ro.local
                0x0000000000234740       0x90 obj_cooja/mtype213.a(cooja-radio.o)
                0x0000000000234740                radio_interface
                0x0000000000234750                dummy_interface
                0x0000000000234760                cooja_radio_driver
 .data.rel.ro.local
                0x00000000002347d0       0x10 obj_cooja/mtype213.a(eeprom.o)
                0x00000000002347d0                eeprom_interface
 .data.rel.ro.local
                0x00000000002347e0       0x30 obj_cooja/mtype213.a(tsch.o)
                0x00000000002347e0                tschmac_driver
 .data.rel.ro.local
                0x0000000000234810       0x18 obj_cooja/mtype213.a(framer-802154.o)
                0x0000000000234810                framer_802154
 *(.data.rel.ro .data.rel.ro.* .gnu.linkonce.d.rel.ro.*)
 .data.rel.ro   0x0000000000234828        0x0 /usr/lib/gcc/x86_64-linux-gnu/7/../../../x86_64-linux-gnu/crti.o
 *fill*         0x0000000000234828        0x8 
 .data.rel.ro   0x0000000000234830       0x18 udp-client.o
                0x0000000000234830                autostart_processes
 *fill*         0x0000000000234848       0x18 
 .data.rel.ro   0x0000000000234860       0x20 obj_cooja/mtype213.a(sicslowpan.o)
                0x0000000000234860                sicslowpan_driver
 .data.rel.ro   0x0000000000234880       0xa0 obj_cooja/mtype213.a(rpl.o)
                0x0000000000234880                rpl_lite_driver
 .data.rel.ro   0x0000000000234920        0x8 obj_cooja/mtype213.a(rpl-dag.o)

.dynamic        0x0000000000234928      0x1c0
 *(.dynamic)
 .dynamic       0x0000000000234928      0x1c0 /usr/lib/gcc/x86_64-linux-gnu/7/../../../x86_64-linux-gnu/crti.o
                0x0000000000234928                _DYNAMIC

.got            0x0000000000234ae8      0x510
 *(.got)
 .got           0x0000000000234ae8      0x510 /usr/lib/gcc/x86_64-linux-gnu/7/../../../x86_64-linux-gnu/crti.o
 *(.igot)
                0x0000000000235fe8                . = DATA_SEGMENT_RELRO_END (., (SIZEOF (.got.plt) >= 0x18)?0x18:0x0)

.got.plt        0x0000000000235000      0xb58
 *(.got.plt)
 .got.plt       0x0000000000235000      0xb58 /usr/lib/gcc/x86_64-linux-gnu/7/../../../x86_64-linux-gnu/crti.o
                0x0000000000235000                _GLOBAL_OFFSET_TABLE_
 *(.igot.plt)

.data           0x0000000000235b60      0x828
 *(.data .data.* .gnu.linkonce.d.*)
 .data          0x0000000000235b60        0x0 /usr/lib/gcc/x86_64-linux-gnu/7/../../../x86_64-linux-gnu/crti.o
 .data          0x0000000000235b60        0x0 /usr/lib/gcc/x86_64-linux-gnu/7/crtbeginS.o
 .data.rel.local
                0x0000000000235b60        0x8 /usr/lib/gcc/x86_64-linux-gnu/7/crtbeginS.o
                0x0000000000235b60                __dso_handle
 .data          0x0000000000235b68        0x8 udp-client.o
                0x0000000000235b68                curr_log_level_main
 *fill*         0x0000000000235b70       0x10 
 .data.rel.local
                0x0000000000235b80       0xa0 udp-client.o
                0x0000000000235be0                udp_client_process
                0x0000000000235c00                Energest
 .data.rel      0x0000000000235c20      0x120 udp-client.o
                0x0000000000235c20                all_modules
 .data          0x0000000000235d40        0x0 obj_cooja/mtype213.o
 .data.rel      0x0000000000235d40       0xa0 obj_cooja/mtype213.o
                0x0000000000235d40                simInterfaces
                0x0000000000235dc0                sensors
 .data          0x0000000000235de0        0x0 obj_cooja/mtype213.a(simEnvChange.o)
 .data          0x0000000000235de0        0x0 obj_cooja/mtype213.a(cooja_mt.o)
 .data          0x0000000000235de0        0x0 obj_cooja/mtype213.a(cooja_mtarch.o)
 .data          0x0000000000235de0        0x0 obj_cooja/mtype213.a(rtimer-arch.o)
 .data          0x0000000000235de0        0x0 obj_cooja/mtype213.a(beep.o)
 .data          0x0000000000235de0        0x0 obj_cooja/mtype213.a(button-sensor.o)
 .data          0x0000000000235de0        0x0 obj_cooja/mtype213.a(leds-arch.o)
 .data          0x0000000000235de0        0x0 obj_cooja/mtype213.a(moteid.o)
 .data          0x0000000000235de0        0x0 obj_cooja/mtype213.a(pir-sensor.o)
 .data          0x0000000000235de0        0x0 obj_cooja/mtype213.a(rs232.o)
 .data          0x0000000000235de0        0x0 obj_cooja/mtype213.a(vib-sensor.o)
 .data          0x0000000000235de0        0x0 obj_cooja/mtype213.a(clock.o)
 .data          0x0000000000235de0        0x0 obj_cooja/mtype213.a(cooja-log.o)
 .data          0x0000000000235de0        0x0 obj_cooja/mtype213.a(cfs-cooja.o)
 .data          0x0000000000235de0       0x34 obj_cooja/mtype213.a(cooja-radio.o)
                0x0000000000235de0                simRadioHWOn
                0x0000000000235de4                simSignalStrength
                0x0000000000235de8                simLastSignalStrength
                0x0000000000235dec                simPower
                0x0000000000235df0                simRadioChannel
                0x0000000000235df4                simLQI
                0x0000000000235df8                simRadioHWOnDummy
                0x0000000000235dfc                simSignalStrengthDummy
                0x0000000000235e00                simLastSignalStrengthDummy
                0x0000000000235e04                simPowerDummy
                0x0000000000235e08                simRadioChannelDummy
                0x0000000000235e0c                simLQIDummy
 *fill*         0x0000000000235e14        0xc 
 .data.rel.local
                0x0000000000235e20       0x20 obj_cooja/mtype213.a(cooja-radio.o)
                0x0000000000235e20                cooja_radio_process1
 .data          0x0000000000235e40        0x0 obj_cooja/mtype213.a(eeprom.o)
 .data          0x0000000000235e40        0x0 obj_cooja/mtype213.a(random.o)
 .data          0x0000000000235e40        0x0 obj_cooja/mtype213.a(sensors.o)
 .data.rel.local
                0x0000000000235e40       0x20 obj_cooja/mtype213.a(sensors.o)
                0x0000000000235e40                sensors_process
 .data          0x0000000000235e60        0x0 obj_cooja/mtype213.a(orchestra-rule-)
 .data.rel.local
                0x0000000000235e60       0x28 obj_cooja/mtype213.a(orchestra-rule-)
                0x0000000000235e60                unicast_per_neighbor_rpl_ns
 .data          0x0000000000235e88        0x0 obj_cooja/mtype213.a(orchestra-rule-)
 *fill*         0x0000000000235e88       0x18 
 .data.rel.local
                0x0000000000235ea0       0x28 obj_cooja/mtype213.a(orchestra-rule-)
                0x0000000000235ea0                default_common
 .data          0x0000000000235ec8        0x0 obj_cooja/mtype213.a(orchestra.o)
 *fill*         0x0000000000235ec8        0x8 
 .data.rel.local
                0x0000000000235ed0       0x18 obj_cooja/mtype213.a(orchestra.o)
 *fill*         0x0000000000235ee8        0x8 
 .data.rel      0x0000000000235ef0       0x18 obj_cooja/mtype213.a(orchestra.o)
                0x0000000000235ef0                all_rules
 .data          0x0000000000235f08        0x0 obj_cooja/mtype213.a(orchestra-rule-)
 *fill*         0x0000000000235f08       0x18 
 .data.rel.local
                0x0000000000235f20       0x28 obj_cooja/mtype213.a(orchestra-rule-)
                0x0000000000235f20                eb_per_time_source
 .data          0x0000000000235f48        0x0 obj_cooja/mtype213.a(autostart.o)
 .data          0x0000000000235f48        0x0 obj_cooja/mtype213.a(energest.o)
 .data          0x0000000000235f48        0x0 obj_cooja/mtype213.a(etimer.o)
 *fill*         0x0000000000235f48       0x18 
 .data.rel.local
                0x0000000000235f60       0x20 obj_cooja/mtype213.a(etimer.o)
                0x0000000000235f60                etimer_process
 .data          0x0000000000235f80        0x0 obj_cooja/mtype213.a(ctimer.o)
 .data.rel.local
                0x0000000000235f80       0x40 obj_cooja/mtype213.a(ctimer.o)
                0x0000000000235fa0                ctimer_process
 .data          0x0000000000235fc0        0x0 obj_cooja/mtype213.a(process.o)
 .data          0x0000000000235fc0        0x0 obj_cooja/mtype213.a(rtimer.o)
 .data          0x0000000000235fc0        0x0 obj_cooja/mtype213.a(timer.o)
 .data          0x0000000000235fc0        0x0 obj_cooja/mtype213.a(serial-line.o)
 .data.rel.local
                0x0000000000235fc0       0x20 obj_cooja/mtype213.a(serial-line.o)
                0x0000000000235fc0                serial_line_process
 .data          0x0000000000235fe0        0x0 obj_cooja/mtype213.a(ringbuf.o)
 .data          0x0000000000235fe0        0x0 obj_cooja/mtype213.a(list.o)
 .data          0x0000000000235fe0        0x0 obj_cooja/mtype213.a(memb.o)
 .data          0x0000000000235fe0        0x0 obj_cooja/mtype213.a(netstack.o)
 .data.rel.local
                0x0000000000235fe0        0x8 obj_cooja/mtype213.a(netstack.o)
 .data          0x0000000000235fe8        0x0 obj_cooja/mtype213.a(linkaddr.o)
 .data          0x0000000000235fe8        0x0 obj_cooja/mtype213.a(tsch-schedule.o)
 *fill*         0x0000000000235fe8        0x8 
 .data.rel.local
                0x0000000000235ff0       0x40 obj_cooja/mtype213.a(tsch-schedule.o)
 .data          0x0000000000236030        0x4 obj_cooja/mtype213.a(tsch-slot-opera)
 .data          0x0000000000236034        0x0 obj_cooja/mtype213.a(tsch-packet.o)
 .data          0x0000000000236034        0x0 obj_cooja/mtype213.a(tsch-adaptive-t)
 .data          0x0000000000236034        0x0 obj_cooja/mtype213.a(tsch.o)
 *fill*         0x0000000000236034        0xc 
 .data.rel.local
                0x0000000000236040       0x60 obj_cooja/mtype213.a(tsch.o)
                0x0000000000236040                tsch_process
                0x0000000000236060                tsch_send_eb_process
                0x0000000000236080                tsch_pending_events_process
 .data          0x00000000002360a0        0x0 obj_cooja/mtype213.a(uipbuf.o)
 .data          0x00000000002360a0        0x0 obj_cooja/mtype213.a(uip-ds6.o)
 .data          0x00000000002360a0        0x0 obj_cooja/mtype213.a(tcpip.o)
 .data.rel.local
                0x00000000002360a0       0x20 obj_cooja/mtype213.a(tcpip.o)
                0x00000000002360a0                tcpip_process
 .data          0x00000000002360c0        0x0 obj_cooja/mtype213.a(uip-ds6-route.o)
 .data.rel.local
                0x00000000002360c0       0x28 obj_cooja/mtype213.a(uip-ds6-route.o)
 .data          0x00000000002360e8        0x0 obj_cooja/mtype213.a(uip-ds6-nbr.o)
 *fill*         0x00000000002360e8        0x8 
 .data.rel.local
                0x00000000002360f0       0x20 obj_cooja/mtype213.a(uip-ds6-nbr.o)
                0x0000000000236108                ds6_neighbors
 .data          0x0000000000236110        0x0 obj_cooja/mtype213.a(uip6.o)
 .data          0x0000000000236110        0x0 obj_cooja/mtype213.a(uip-nd6.o)
 .data.rel.local
                0x0000000000236110       0x18 obj_cooja/mtype213.a(uip-nd6.o)
 .data          0x0000000000236128        0x0 obj_cooja/mtype213.a(simple-udp.o)
 *fill*         0x0000000000236128       0x18 
 .data.rel.local
                0x0000000000236140       0x20 obj_cooja/mtype213.a(simple-udp.o)
                0x0000000000236140                simple_udp_process
 .data          0x0000000000236160        0x0 obj_cooja/mtype213.a(sicslowpan.o)
 .data          0x0000000000236160        0x0 obj_cooja/mtype213.a(rpl.o)
 .data          0x0000000000236160        0x0 obj_cooja/mtype213.a(rpl-icmp6.o)
 .data.rel.local
                0x0000000000236160       0x78 obj_cooja/mtype213.a(rpl-icmp6.o)
 .data          0x00000000002361d8        0x0 obj_cooja/mtype213.a(rpl-dag-root.o)
 .data          0x00000000002361d8        0x0 obj_cooja/mtype213.a(watchdog.o)
 .data          0x00000000002361d8        0x0 obj_cooja/mtype213.a(stimer.o)
 .data          0x00000000002361d8        0x0 obj_cooja/mtype213.a(ringbufindex.o)
 .data          0x00000000002361d8        0x0 obj_cooja/mtype213.a(nbr-table.o)
 *fill*         0x00000000002361d8        0x8 
 .data.rel.local
                0x00000000002361e0       0x20 obj_cooja/mtype213.a(nbr-table.o)
 .data          0x0000000000236200        0x0 obj_cooja/mtype213.a(link-stats.o)
 .data.rel.local
                0x0000000000236200       0x20 obj_cooja/mtype213.a(link-stats.o)
 .data          0x0000000000236220        0x0 obj_cooja/mtype213.a(mac-sequence.o)
 .data          0x0000000000236220        0x0 obj_cooja/mtype213.a(mac.o)
 .data          0x0000000000236220        0x0 obj_cooja/mtype213.a(frame802154e-ie)
 .data          0x0000000000236220        0x0 obj_cooja/mtype213.a(framer-802154.o)
 .data          0x0000000000236220        0x2 obj_cooja/mtype213.a(frame802154.o)
 .data          0x0000000000236222        0x0 obj_cooja/mtype213.a(tsch-queue.o)
 *fill*         0x0000000000236222        0xe 
 .data.rel.local
                0x0000000000236230       0x40 obj_cooja/mtype213.a(tsch-queue.o)
 .data          0x0000000000236270        0x0 obj_cooja/mtype213.a(tsch-rpl.o)
 .data          0x0000000000236270        0x0 obj_cooja/mtype213.a(uip-icmp6.o)
 .data.rel.local
                0x0000000000236270       0x48 obj_cooja/mtype213.a(uip-icmp6.o)
 .data          0x00000000002362b8        0x0 obj_cooja/mtype213.a(uip-sr.o)
 *fill*         0x00000000002362b8        0x8 
 .data.rel.local
                0x00000000002362c0       0x28 obj_cooja/mtype213.a(uip-sr.o)
 .data          0x00000000002362e8        0x0 obj_cooja/mtype213.a(uip-packetqueue)
 *fill*         0x00000000002362e8        0x8 
 .data.rel.local
                0x00000000002362f0       0x18 obj_cooja/mtype213.a(uip-packetqueue)
 .data          0x0000000000236308        0x0 obj_cooja/mtype213.a(uip-udp-packet.)
 .data          0x0000000000236308        0x0 obj_cooja/mtype213.a(rpl-nbr-policy.)
 .data          0x0000000000236308        0x0 obj_cooja/mtype213.a(rpl-neighbor.o)
 *fill*         0x0000000000236308        0x8 
 .data.rel.local
                0x0000000000236310       0x20 obj_cooja/mtype213.a(rpl-neighbor.o)
                0x0000000000236328                rpl_neighbors
 .data          0x0000000000236330        0x0 obj_cooja/mtype213.a(rpl-dag.o)
 .data          0x0000000000236330        0x0 obj_cooja/mtype213.a(rpl-timers.o)
 .data          0x0000000000236330        0x0 obj_cooja/mtype213.a(rpl-ext-header.)
 .data          0x0000000000236330        0x0 obj_cooja/mtype213.a(rpl-mrhof.o)
 *fill*         0x0000000000236330       0x10 
 .data.rel.local
                0x0000000000236340       0x48 obj_cooja/mtype213.a(rpl-mrhof.o)
                0x0000000000236340                rpl_mrhof
 .data          0x0000000000236388        0x0 /usr/lib/gcc/x86_64-linux-gnu/7/crtendS.o
 .data          0x0000000000236388        0x0 /usr/lib/gcc/x86_64-linux-gnu/7/../../../x86_64-linux-gnu/crtn.o

.tm_clone_table
                0x0000000000236388        0x0
 .tm_clone_table
                0x0000000000236388        0x0 /usr/lib/gcc/x86_64-linux-gnu/7/crtbeginS.o
 .tm_clone_table
                0x0000000000236388        0x0 /usr/lib/gcc/x86_64-linux-gnu/7/crtendS.o

.data1
 *(.data1)
                0x0000000000236388                _edata = .
                [!provide]                        PROVIDE (edata = .)
                0x0000000000236388                . = .
                0x0000000000236388                __bss_start = .

.bss            0x00000000002363a0    0x1aee0
 *(.dynbss)
 .dynbss        0x00000000002363a0        0x0 /usr/lib/gcc/x86_64-linux-gnu/7/../../../x86_64-linux-gnu/crti.o
 *(.bss .bss.* .gnu.linkonce.b.*)
 .bss           0x00000000002363a0        0x0 /usr/lib/gcc/x86_64-linux-gnu/7/../../../x86_64-linux-gnu/crti.o
 .bss           0x00000000002363a0        0x1 /usr/lib/gcc/x86_64-linux-gnu/7/crtbeginS.o
 *fill*         0x00000000002363a1       0x1f 
 .bss           0x00000000002363c0      0x7c0 udp-client.o
                0x00000000002363c0                curr_log_level_rpl
                0x00000000002363c4                curr_log_level_tcpip
                0x00000000002363c8                curr_log_level_ipv6
                0x00000000002363cc                curr_log_level_6lowpan
                0x00000000002363d0                curr_log_level_nullnet
                0x00000000002363d4                curr_log_level_mac
                0x00000000002363d8                curr_log_level_framer
                0x00000000002363dc                curr_log_level_6top
                0x00000000002363e0                curr_log_level_coap
                0x00000000002363e4                curr_log_level_lwm2m
 .bss           0x0000000000236b80     0x4040 obj_cooja/mtype213.o
 .bss           0x000000000023abc0        0x1 obj_cooja/mtype213.a(simEnvChange.o)
                0x000000000023abc0                simDontFallAsleep
 *fill*         0x000000000023abc1        0x7 
 .bss           0x000000000023abc8        0x8 obj_cooja/mtype213.a(cooja_mt.o)
 .bss           0x000000000023abd0        0x8 obj_cooja/mtype213.a(cooja_mtarch.o)
 .bss           0x000000000023abd8        0x0 obj_cooja/mtype213.a(rtimer-arch.o)
 .bss           0x000000000023abd8        0x0 obj_cooja/mtype213.a(beep.o)
 *fill*         0x000000000023abd8        0x8 
 .bss           0x000000000023abe0       0x10 obj_cooja/mtype213.a(button-sensor.o)
 .bss           0x000000000023abf0        0x0 obj_cooja/mtype213.a(leds-arch.o)
 .bss           0x000000000023abf0        0x0 obj_cooja/mtype213.a(moteid.o)
 .bss           0x000000000023abf0        0x1 obj_cooja/mtype213.a(pir-sensor.o)
                0x000000000023abf0                simPirValue
 *fill*         0x000000000023abf1        0x7 
 .bss           0x000000000023abf8        0x8 obj_cooja/mtype213.a(rs232.o)
 .bss           0x000000000023ac00        0x1 obj_cooja/mtype213.a(vib-sensor.o)
                0x000000000023ac00                simVibValue
 .bss           0x000000000023ac01        0x0 obj_cooja/mtype213.a(clock.o)
 *fill*         0x000000000023ac01       0x1f 
 .bss           0x000000000023ac20      0x420 obj_cooja/mtype213.a(cooja-log.o)
 .bss           0x000000000023b040      0xfc0 obj_cooja/mtype213.a(cfs-cooja.o)
                0x000000000023b040                simCFSData
                0x000000000023bfe0                simCFSSize
                0x000000000023bfe4                simCFSChanged
                0x000000000023bfe8                simCFSRead
                0x000000000023bfec                simCFSWritten
 .bss           0x000000000023c000       0x44 obj_cooja/mtype213.a(cooja-radio.o)
                0x000000000023c000                simReceiving
                0x000000000023c004                simInSize
                0x000000000023c008                simLastPacketTimestamp
                0x000000000023c010                simOutSize
                0x000000000023c014                simReceivingDummy
                0x000000000023c018                simInSizeDummy
                0x000000000023c020                simLastPacketTimestampDummy
                0x000000000023c028                simOutSizeDummy
 .bss           0x000000000023c044        0xc obj_cooja/mtype213.a(eeprom.o)
                0x000000000023c044                simEEPROMChanged
                0x000000000023c048                simEEPROMRead
                0x000000000023c04c                simEEPROMWritten
 .bss           0x000000000023c050        0x0 obj_cooja/mtype213.a(random.o)
 .bss           0x000000000023c050        0xc obj_cooja/mtype213.a(sensors.o)
 *fill*         0x000000000023c05c        0x4 
 .bss           0x000000000023c060       0x10 obj_cooja/mtype213.a(orchestra-rule-)
 .bss           0x000000000023c070        0x4 obj_cooja/mtype213.a(orchestra-rule-)
 .bss           0x000000000023c074        0x4 obj_cooja/mtype213.a(orchestra.o)
                0x000000000023c074                orchestra_parent_knows_us
 .bss           0x000000000023c078       0x10 obj_cooja/mtype213.a(orchestra-rule-)
 .bss           0x000000000023c088        0x0 obj_cooja/mtype213.a(autostart.o)
 .bss           0x000000000023c088        0x0 obj_cooja/mtype213.a(energest.o)
 .bss           0x000000000023c088       0x10 obj_cooja/mtype213.a(etimer.o)
 .bss           0x000000000023c098        0x9 obj_cooja/mtype213.a(ctimer.o)
 *fill*         0x000000000023c0a1       0x1f 
 .bss           0x000000000023c0c0      0x321 obj_cooja/mtype213.a(process.o)
                0x000000000023c0c0                process_list
                0x000000000023c0c8                process_current
 *fill*         0x000000000023c3e1        0x7 
 .bss           0x000000000023c3e8        0x8 obj_cooja/mtype213.a(rtimer.o)
 .bss           0x000000000023c3f0        0x0 obj_cooja/mtype213.a(timer.o)
 *fill*         0x000000000023c3f0       0x10 
 .bss           0x000000000023c400      0x140 obj_cooja/mtype213.a(serial-line.o)
 .bss           0x000000000023c540        0x0 obj_cooja/mtype213.a(ringbuf.o)
 .bss           0x000000000023c540        0x0 obj_cooja/mtype213.a(list.o)
 .bss           0x000000000023c540        0x0 obj_cooja/mtype213.a(memb.o)
 .bss           0x000000000023c540        0x8 obj_cooja/mtype213.a(netstack.o)
 .bss           0x000000000023c548        0x0 obj_cooja/mtype213.a(linkaddr.o)
 *fill*         0x000000000023c548       0x18 
 .bss           0x000000000023c560      0x5cc obj_cooja/mtype213.a(tsch-schedule.o)
 *fill*         0x000000000023cb2c       0x14 
 .bss           0x000000000023cb40      0x1c8 obj_cooja/mtype213.a(tsch-slot-opera)
                0x000000000023cb40                last_timesource_neighbor
                0x000000000023cb48                current_link
 *fill*         0x000000000023cd08       0x18 
 .bss           0x000000000023cd20       0x22 obj_cooja/mtype213.a(tsch-packet.o)
 *fill*         0x000000000023cd42       0x1e 
 .bss           0x000000000023cd60       0x4c obj_cooja/mtype213.a(tsch-adaptive-t)
 *fill*         0x000000000023cdac       0x14 
 .bss           0x000000000023cdc0      0x180 obj_cooja/mtype213.a(tsch.o)
                0x000000000023cdc0                tsch_is_started
                0x000000000023cdc4                tsch_is_initialized
                0x000000000023cdc8                tsch_is_coordinator
                0x000000000023cdcc                tsch_is_associated
                0x000000000023cdd0                tsch_association_count
                0x000000000023cdd4                tsch_is_pan_secured
 .bss           0x000000000023cf40        0xe obj_cooja/mtype213.a(uipbuf.o)
 *fill*         0x000000000023cf4e        0x2 
 .bss           0x000000000023cf50       0x30 obj_cooja/mtype213.a(uip-ds6.o)
 .bss           0x000000000023cf80       0x20 obj_cooja/mtype213.a(tcpip.o)
 .bss           0x000000000023cfa0       0x80 obj_cooja/mtype213.a(uip-ds6-route.o)
 .bss           0x000000000023d020     0x2580 obj_cooja/mtype213.a(uip-ds6-nbr.o)
 .bss           0x000000000023f5a0        0x6 obj_cooja/mtype213.a(uip6.o)
                0x000000000023f5a0                uip_ext_bitmap
                0x000000000023f5a1                uip_ext_len
                0x000000000023f5a2                uip_ext_opt_offset
 *fill*         0x000000000023f5a6        0x2 
 .bss           0x000000000023f5a8       0x20 obj_cooja/mtype213.a(uip-nd6.o)
 *fill*         0x000000000023f5c8       0x18 
 .bss           0x000000000023f5e0      0x520 obj_cooja/mtype213.a(simple-udp.o)
 .bss           0x000000000023fb00      0x718 obj_cooja/mtype213.a(sicslowpan.o)
 .bss           0x0000000000240218        0x0 obj_cooja/mtype213.a(rpl.o)
 .bss           0x0000000000240218        0x0 obj_cooja/mtype213.a(rpl-icmp6.o)
 *fill*         0x0000000000240218        0x8 
 .bss           0x0000000000240220       0x11 obj_cooja/mtype213.a(rpl-dag-root.o)
 .bss           0x0000000000240231        0x0 obj_cooja/mtype213.a(watchdog.o)
 .bss           0x0000000000240231        0x0 obj_cooja/mtype213.a(stimer.o)
 .bss           0x0000000000240231        0x0 obj_cooja/mtype213.a(ringbufindex.o)
 *fill*         0x0000000000240231        0xf 
 .bss           0x0000000000240240     0x16e8 obj_cooja/mtype213.a(nbr-table.o)
 *fill*         0x0000000000241928       0x18 
 .bss           0x0000000000241940     0x12c0 obj_cooja/mtype213.a(link-stats.o)
 .bss           0x0000000000242c00      0x180 obj_cooja/mtype213.a(mac-sequence.o)
 .bss           0x0000000000242d80        0x0 obj_cooja/mtype213.a(mac.o)
 .bss           0x0000000000242d80        0x0 obj_cooja/mtype213.a(frame802154e-ie)
 .bss           0x0000000000242d80        0x2 obj_cooja/mtype213.a(framer-802154.o)
 .bss           0x0000000000242d82        0x0 obj_cooja/mtype213.a(frame802154.o)
 *fill*         0x0000000000242d82       0x1e 
 .bss           0x0000000000242da0     0x73a8 obj_cooja/mtype213.a(tsch-queue.o)
 .bss           0x000000000024a148        0x0 obj_cooja/mtype213.a(tsch-rpl.o)
 *fill*         0x000000000024a148        0x8 
 .bss           0x000000000024a150       0x20 obj_cooja/mtype213.a(uip-icmp6.o)
 *fill*         0x000000000024a170       0x10 
 .bss           0x000000000024a180     0x3040 obj_cooja/mtype213.a(uip-sr.o)
 .bss           0x000000000024d1c0      0xad0 obj_cooja/mtype213.a(uip-packetqueue)
 .bss           0x000000000024dc90        0x0 obj_cooja/mtype213.a(uip-udp-packet.)
 .bss           0x000000000024dc90       0x12 obj_cooja/mtype213.a(rpl-nbr-policy.)
 *fill*         0x000000000024dca2       0x1e 
 .bss           0x000000000024dcc0     0x12c0 obj_cooja/mtype213.a(rpl-neighbor.o)
 .bss           0x000000000024ef80        0x0 obj_cooja/mtype213.a(rpl-dag.o)
 .bss           0x000000000024ef80       0x80 obj_cooja/mtype213.a(rpl-timers.o)
 .bss           0x000000000024f000        0x0 obj_cooja/mtype213.a(rpl-ext-header.)
 .bss           0x000000000024f000        0x0 obj_cooja/mtype213.a(rpl-mrhof.o)
 .bss           0x000000000024f000        0x0 /usr/lib/gcc/x86_64-linux-gnu/7/crtendS.o
 .bss           0x000000000024f000        0x0 /usr/lib/gcc/x86_64-linux-gnu/7/../../../x86_64-linux-gnu/crtn.o
 *(COMMON)
 COMMON         0x000000000024f000       0x40 udp-client.o
                0x000000000024f000                packetbuf_attrs
                0x000000000024f030                packetbuf_addrs
 COMMON         0x000000000024f040       0x34 obj_cooja/mtype213.o
                0x000000000024f040                unicast_per_neighbor_rpl_storing
                0x000000000024f068                referenceVar
                0x000000000024f070                sensors_flags
 *fill*         0x000000000024f074        0x4 
 COMMON         0x000000000024f078       0x10 obj_cooja/mtype213.a(simEnvChange.o)
                0x000000000024f078                simEtimerPending
                0x000000000024f07c                simProcessRunValue
                0x000000000024f080                simEtimerNextExpirationTime
 COMMON         0x000000000024f088       0x18 obj_cooja/mtype213.a(rtimer-arch.o)
                0x000000000024f088                simRtimerPending
                0x000000000024f090                simRtimerCurrentTicks
                0x000000000024f098                simRtimerNextExpirationTime
 COMMON         0x000000000024f0a0        0x1 obj_cooja/mtype213.a(beep.o)
                0x000000000024f0a0                simBeeped
 COMMON         0x000000000024f0a1        0x3 obj_cooja/mtype213.a(button-sensor.o)
                0x000000000024f0a1                simButtonIsActive
                0x000000000024f0a2                simButtonIsDown
                0x000000000024f0a3                simButtonChanged
 COMMON         0x000000000024f0a4        0x1 obj_cooja/mtype213.a(leds-arch.o)
                0x000000000024f0a4                simLedsValue
 *fill*         0x000000000024f0a5        0x3 
 COMMON         0x000000000024f0a8        0xc obj_cooja/mtype213.a(moteid.o)
                0x000000000024f0a8                simRandomSeed
                0x000000000024f0ac                simMoteIDChanged
                0x000000000024f0b0                simMoteID
 COMMON         0x000000000024f0b4        0x2 obj_cooja/mtype213.a(pir-sensor.o)
                0x000000000024f0b4                simPirIsActive
                0x000000000024f0b5                simPirChanged
 *fill*         0x000000000024f0b6        0xa 
 COMMON         0x000000000024f0c0      0x820 obj_cooja/mtype213.a(rs232.o)
                0x000000000024f0c0                simSerialReceivingFlag