Archive member included to satisfy reference by file (symbol)

obj_cooja/mtype168.a(simEnvChange.o)
                              obj_cooja/mtype168.o (simDontFallAsleep)
obj_cooja/mtype168.a(cooja_mt.o)
                              obj_cooja/mtype168.o (cooja_mt_start)
obj_cooja/mtype168.a(cooja_mtarch.o)
                              obj_cooja/mtype168.a(cooja_mt.o) (cooja_mtarch_start)
obj_cooja/mtype168.a(rtimer-arch.o)
                              obj_cooja/mtype168.o (rtimer_arch_check)
obj_cooja/mtype168.a(beep.o)  obj_cooja/mtype168.o (beep_interface)
obj_cooja/mtype168.a(button-sensor.o)
                              obj_cooja/mtype168.o (button_interface)
obj_cooja/mtype168.a(leds-arch.o)
                              obj_cooja/mtype168.o (leds_interface)
obj_cooja/mtype168.a(moteid.o)
                              obj_cooja/mtype168.o (moteid_interface)
obj_cooja/mtype168.a(pir-sensor.o)
                              obj_cooja/mtype168.o (pir_interface)
obj_cooja/mtype168.a(rs232.o)
                              obj_cooja/mtype168.o (rs232_interface)
obj_cooja/mtype168.a(vib-sensor.o)
                              obj_cooja/mtype168.o (vib_interface)
obj_cooja/mtype168.a(clock.o)
                              obj_cooja/mtype168.o (clock_interface)
obj_cooja/mtype168.a(cooja-log.o)
                              obj_cooja/mtype168.o (simlog_interface)
obj_cooja/mtype168.a(cfs-cooja.o)
                              obj_cooja/mtype168.o (cfs_interface)
obj_cooja/mtype168.a(cooja-radio.o)
                              obj_cooja/mtype168.o (radio_interface)
obj_cooja/mtype168.a(eeprom.o)
                              obj_cooja/mtype168.o (eeprom_interface)
obj_cooja/mtype168.a(random.o)
                              obj_cooja/mtype168.a(moteid.o) (random_init)
obj_cooja/mtype168.a(sensors.o)
                              obj_cooja/mtype168.o (sensors_process)
obj_cooja/mtype168.a(autostart.o)
                              obj_cooja/mtype168.o (autostart_start)
obj_cooja/mtype168.a(etimer.o)
                              obj_cooja/mtype168.o (etimer_process)
obj_cooja/mtype168.a(log.o)   obj_cooja/mtype168.o (log_6addr)
obj_cooja/mtype168.a(ctimer.o)
                              obj_cooja/mtype168.o (ctimer_init)
obj_cooja/mtype168.a(process.o)
                              obj_cooja/mtype168.a(etimer.o) (process_current)
obj_cooja/mtype168.a(rtimer.o)
                              obj_cooja/mtype168.a(rtimer-arch.o) (rtimer_run_next)
obj_cooja/mtype168.a(timer.o)
                              obj_cooja/mtype168.a(button-sensor.o) (timer_set)
obj_cooja/mtype168.a(serial-line.o)
                              obj_cooja/mtype168.a(rs232.o) (serial_line_input_byte)
obj_cooja/mtype168.a(ringbuf.o)
                              obj_cooja/mtype168.a(serial-line.o) (ringbuf_init)
obj_cooja/mtype168.a(list.o)  obj_cooja/mtype168.a(ctimer.o) (list_init)
obj_cooja/mtype168.a(packetbuf.o)
                              obj_cooja/mtype168.a(cooja-radio.o) (packetbuf_clear)
obj_cooja/mtype168.a(netstack.o)
                              obj_cooja/mtype168.o (netstack_init)
obj_cooja/mtype168.a(linkaddr.o)
                              obj_cooja/mtype168.o (linkaddr_node_addr)
obj_cooja/mtype168.a(tsch.o)  hello-world.o (tschmac_driver)
obj_cooja/mtype168.a(uip-ds6.o)
                              obj_cooja/mtype168.o (uip_ds6_get_link_local)
obj_cooja/mtype168.a(tcpip.o)
                              obj_cooja/mtype168.o (tcpip_process)
obj_cooja/mtype168.a(uip-ds6-route.o)
                              obj_cooja/mtype168.a(uip-ds6.o) (uip_ds6_route_init)
obj_cooja/mtype168.a(uip-ds6-nbr.o)
                              obj_cooja/mtype168.a(uip-ds6.o) (uip_ds6_neighbors_init)
obj_cooja/mtype168.a(uip6.o)  obj_cooja/mtype168.o (uip_lladdr)
obj_cooja/mtype168.a(uip-nd6.o)
                              obj_cooja/mtype168.a(uip6.o) (uip_nd6_init)
obj_cooja/mtype168.a(sicslowpan.o)
                              obj_cooja/mtype168.o (sicslowpan_driver)
obj_cooja/mtype168.a(rpl.o)   obj_cooja/mtype168.a(tcpip.o) (rpl_lite_driver)
obj_cooja/mtype168.a(rpl-icmp6.o)
                              obj_cooja/mtype168.a(rpl.o) (rpl_icmp6_init)
obj_cooja/mtype168.a(rpl-dag-root.o)
                              obj_cooja/mtype168.a(rpl.o) (rpl_dag_root_set_prefix)
obj_cooja/mtype168.a(watchdog.o)
                              obj_cooja/mtype168.a(sicslowpan.o) (watchdog_periodic)
obj_cooja/mtype168.a(stimer.o)
                              obj_cooja/mtype168.a(uip-ds6.o) (stimer_set)
obj_cooja/mtype168.a(ringbufindex.o)
                              obj_cooja/mtype168.a(tsch.o) (ringbufindex_init)
obj_cooja/mtype168.a(memb.o)  obj_cooja/mtype168.a(uip-ds6-route.o) (memb_init)
obj_cooja/mtype168.a(queuebuf.o)
                              obj_cooja/mtype168.a(tsch.o) (queuebuf_init)
obj_cooja/mtype168.a(nbr-table.o)
                              obj_cooja/mtype168.a(uip-ds6-nbr.o) (nbr_table_register)
[...]
Memory Configuration

Name             Origin             Length             Attributes
*default*        0x0000000000000000 0xffffffffffffffff

Linker script and memory map

LOAD /usr/lib/gcc/x86_64-linux-gnu/7/../../../x86_64-linux-gnu/crti.o
LOAD /usr/lib/gcc/x86_64-linux-gnu/7/crtbeginS.o
LOAD hello-world.o
LOAD obj_cooja/mtype168.o
LOAD obj_cooja/mtype168.a
LOAD /usr/lib/gcc/x86_64-linux-gnu/7/libgcc.a
LOAD /usr/lib/gcc/x86_64-linux-gnu/7/libgcc_s.so
START GROUP
LOAD /usr/lib/gcc/x86_64-linux-gnu/7/libgcc_s.so.1
LOAD /usr/lib/gcc/x86_64-linux-gnu/7/libgcc.a
END GROUP
LOAD /usr/lib/gcc/x86_64-linux-gnu/7/../../../x86_64-linux-gnu/libc.so
START GROUP
LOAD /lib/x86_64-linux-gnu/libc.so.6
LOAD /usr/lib/x86_64-linux-gnu/libc_nonshared.a
LOAD /lib/x86_64-linux-gnu/ld-linux-x86-64.so.2
END GROUP
LOAD /usr/lib/gcc/x86_64-linux-gnu/7/libgcc.a
LOAD /usr/lib/gcc/x86_64-linux-gnu/7/libgcc_s.so
START GROUP
LOAD /usr/lib/gcc/x86_64-linux-gnu/7/libgcc_s.so.1
LOAD /usr/lib/gcc/x86_64-linux-gnu/7/libgcc.a
END GROUP
LOAD /usr/lib/gcc/x86_64-linux-gnu/7/crtendS.o
LOAD /usr/lib/gcc/x86_64-linux-gnu/7/../../../x86_64-linux-gnu/crtn.o
                0x00000000000001c8                . = (SEGMENT_START ("text-segment", 0x0) + SIZEOF_HEADERS)

.note.gnu.build-id
                0x00000000000001c8       0x24
 *(.note.gnu.build-id)
 .note.gnu.build-id
                0x00000000000001c8       0x24 /usr/lib/gcc/x86_64-linux-gnu/7/../../../x86_64-linux-gnu/crti.o

.hash
 *(.hash)

.gnu.hash       0x00000000000001f0     0x14a4
 *(.gnu.hash)
 .gnu.hash      0x00000000000001f0     0x14a4 /usr/lib/gcc/x86_64-linux-gnu/7/../../../x86_64-linux-gnu/crti.o

.dynsym         0x0000000000001698     0x4020
 *(.dynsym)
 .dynsym        0x0000000000001698     0x4020 /usr/lib/gcc/x86_64-linux-gnu/7/../../../x86_64-linux-gnu/crti.o

.dynstr         0x00000000000056b8     0x3234
 *(.dynstr)
 .dynstr        0x00000000000056b8     0x3234 /usr/lib/gcc/x86_64-linux-gnu/7/../../../x86_64-linux-gnu/crti.o

.gnu.version    0x00000000000088ec      0x558
 *(.gnu.version)
 .gnu.version   0x00000000000088ec      0x558 /usr/lib/gcc/x86_64-linux-gnu/7/../../../x86_64-linux-gnu/crti.o

.gnu.version_d  0x0000000000008e48        0x0
 *(.gnu.version_d)
 .gnu.version_d
                0x0000000000008e48        0x0 /usr/lib/gcc/x86_64-linux-gnu/7/../../../x86_64-linux-gnu/crti.o

.gnu.version_r  0x0000000000008e48       0x40
 *(.gnu.version_r)
 .gnu.version_r
                0x0000000000008e48       0x40 /usr/lib/gcc/x86_64-linux-gnu/7/../../../x86_64-linux-gnu/crti.o

.rela.dyn       0x0000000000008e88     0x2130
 *(.rela.init)
 *(.rela.text .rela.text.* .rela.gnu.linkonce.t.*)
 .rela.text     0x0000000000008e88        0x0 /usr/lib/gcc/x86_64-linux-gnu/7/../../../x86_64-linux-gnu/crti.o
 *(.rela.fini)
 *(.rela.rodata .rela.rodata.* .rela.gnu.linkonce.r.*)
 *(.rela.data .rela.data.* .rela.gnu.linkonce.d.*)
 .rela.data.rel.local
                0x0000000000008e88      0x6c0 /usr/lib/gcc/x86_64-linux-gnu/7/../../../x86_64-linux-gnu/crti.o
 .rela.data.rel.ro
                0x0000000000009548      0x270 /usr/lib/gcc/x86_64-linux-gnu/7/../../../x86_64-linux-gnu/crti.o
 .rela.data.rel
                0x00000000000097b8      0x390 /usr/lib/gcc/x86_64-linux-gnu/7/../../../x86_64-linux-gnu/crti.o
 .rela.data.rel.ro.local
                0x0000000000009b48      0x5b8 /usr/lib/gcc/x86_64-linux-gnu/7/../../../x86_64-linux-gnu/crti.o
 *(.rela.tdata .rela.tdata.* .rela.gnu.linkonce.td.*)
 *(.rela.tbss .rela.tbss.* .rela.gnu.linkonce.tb.*)
 *(.rela.ctors)
 *(.rela.dtors)
 *(.rela.got)
 .rela.got      0x000000000000a100      0xe88 /usr/lib/gcc/x86_64-linux-gnu/7/../../../x86_64-linux-gnu/crti.o
 *(.rela.bss .rela.bss.* .rela.gnu.linkonce.b.*)
 *(.rela.ldata .rela.ldata.* .rela.gnu.linkonce.l.*)
 *(.rela.lbss .rela.lbss.* .rela.gnu.linkonce.lb.*)
 *(.rela.lrodata .rela.lrodata.* .rela.gnu.linkonce.lr.*)
 *(.rela.ifunc)
 .rela.ifunc    0x000000000000af88        0x0 /usr/lib/gcc/x86_64-linux-gnu/7/../../../x86_64-linux-gnu/crti.o
 .rela.fini_array
                0x000000000000af88       0x18 /usr/lib/gcc/x86_64-linux-gnu/7/../../../x86_64-linux-gnu/crti.o
 .rela.init_array
                0x000000000000afa0       0x18 /usr/lib/gcc/x86_64-linux-gnu/7/../../../x86_64-linux-gnu/crti.o

.rela.plt       0x000000000000afb8     0x20a0
 *(.rela.plt)
 .rela.plt      0x000000000000afb8     0x20a0 /usr/lib/gcc/x86_64-linux-gnu/7/../../../x86_64-linux-gnu/crti.o
 *(.rela.iplt)

.init           0x000000000000d058       0x17
 *(SORT_NONE(.init))
 .init          0x000000000000d058       0x12 /usr/lib/gcc/x86_64-linux-gnu/7/../../../x86_64-linux-gnu/crti.o
                0x000000000000d058                _init
 .init          0x000000000000d06a        0x5 /usr/lib/gcc/x86_64-linux-gnu/7/../../../x86_64-linux-gnu/crtn.o

.plt            0x000000000000d070     0x15d0
 *(.plt)
 .plt           0x000000000000d070     0x15d0 /usr/lib/gcc/x86_64-linux-gnu/7/../../../x86_64-linux-gnu/crti.o
 *(.iplt)

.plt.got        0x000000000000e640       0x10
 *(.plt.got)
 .plt.got       0x000000000000e640       0x10 /usr/lib/gcc/x86_64-linux-gnu/7/../../../x86_64-linux-gnu/crti.o

.plt.sec
 *(.plt.sec)

.text           0x000000000000e650    0x1b77f
 *(.text.unlikely .text.*_unlikely .text.unlikely.*)
 *(.text.exit .text.exit.*)
 *(.text.startup .text.startup.*)
 *(.text.hot .text.hot.*)
 *(.text .stub .text.* .gnu.linkonce.t.*)
 .text          0x000000000000e650        0x0 /usr/lib/gcc/x86_64-linux-gnu/7/../../../x86_64-linux-gnu/crti.o
 .text          0x000000000000e650       0xda /usr/lib/gcc/x86_64-linux-gnu/7/crtbeginS.o
 .text          0x000000000000e72a       0x59 hello-world.o
 .text          0x000000000000e783      0x603 obj_cooja/mtype168.o
                0x000000000000e8b9                contiki_init
                0x000000000000eba7                Java_org_contikios_cooja_corecomm_Lib3_init
                0x000000000000ebea                Java_org_contikios_cooja_corecomm_Lib3_getMemory
                0x000000000000ec42                Java_org_contikios_cooja_corecomm_Lib3_setMemory
                0x000000000000eccf                Java_org_contikios_cooja_corecomm_Lib3_tick
                0x000000000000ed58                Java_org_contikios_cooja_corecomm_Lib3_setReferenceAddress
 .text          0x000000000000ed86       0x89 obj_cooja/mtype168.a(simEnvChange.o)
                0x000000000000ed86                doActionsBeforeTick
                0x000000000000edca                doActionsAfterTick
 .text          0x000000000000ee0f       0x9f obj_cooja/mtype168.a(cooja_mt.o)
                0x000000000000ee0f                cooja_mt_start
                0x000000000000ee4b                cooja_mt_exec
                0x000000000000ee8a                cooja_mt_yield
 .text          0x000000000000eeae       0xfe obj_cooja/mtype168.a(cooja_mtarch.o)
                0x000000000000eeae                cooja_mtarch_start
                0x000000000000ef4d                cooja_sw
                0x000000000000ef76                cooja_mtarch_exec
                0x000000000000efa0                cooja_mtarch_yield
 .text          0x000000000000efac       0xb4 obj_cooja/mtype168.a(rtimer-arch.o)
                0x000000000000efac                rtimer_arch_init
                0x000000000000efce                rtimer_arch_schedule
                0x000000000000eff4                rtimer_arch_next
                0x000000000000f004                rtimer_arch_pending
                0x000000000000f013                rtimer_arch_check
                0x000000000000f050                rtimer_arch_now
 .text          0x000000000000f060       0xba obj_cooja/mtype168.a(beep.o)
                0x000000000000f060                beep_alarm
                0x000000000000f077                beep_beep
                0x000000000000f08b                beep
                0x000000000000f09c                beep_down
                0x000000000000f0b0                beep_on
                0x000000000000f0c1                beep_off
                0x000000000000f0d2                beep_spinup
                0x000000000000f0e3                beep_quick
                0x000000000000f0f7                beep_long
 .text          0x000000000000f11a      0x12d obj_cooja/mtype168.a(button-sensor.o)
 .text          0x000000000000f247       0x57 obj_cooja/mtype168.a(leds-arch.o)
                0x000000000000f247                leds_arch_init
                0x000000000000f258                leds_arch_get
                0x000000000000f268                leds_arch_set
 .text          0x000000000000f29e       0x39 obj_cooja/mtype168.a(moteid.o)
 .text          0x000000000000f2d7       0xe5 obj_cooja/mtype168.a(pir-sensor.o)
 .text          0x000000000000f3bc      0x175 obj_cooja/mtype168.a(rs232.o)
                0x000000000000f3bc                rs232_init
                0x000000000000f3c3                rs232_set_speed
                0x000000000000f3cf                rs232_set_input
                0x000000000000f3e5                rs232_send
                0x000000000000f40c                rs232_print
                0x000000000000f433                slip_arch_writeb
 .text          0x000000000000f531       0xe5 obj_cooja/mtype168.a(vib-sensor.o)
 .text          0x000000000000f616       0x57 obj_cooja/mtype168.a(clock.o)
                0x000000000000f616                clock_init
                0x000000000000f61d                clock_time
                0x000000000000f62d                clock_seconds
                0x000000000000f655                clock_delay
 .text          0x000000000000f66d      0x30e obj_cooja/mtype168.a(cooja-log.o)
                0x000000000000f66d                simlog_char
                0x000000000000f6c6                simlog
                0x000000000000f765                log_message
                0x000000000000f79e                log_set_putchar_with_slip
                0x000000000000f7b1                log_putchar
                0x000000000000f831                log_puts
                0x000000000000f85a                log_printf
 .text          0x000000000000f97b      0x373 obj_cooja/mtype168.a(cfs-cooja.o)
                0x000000000000f97b                cfs_open
                0x000000000000f9f4                cfs_close
                0x000000000000fa05                cfs_read
                0x000000000000fac9                cfs_write
                0x000000000000fbd8                cfs_seek
                0x000000000000fc83                cfs_remove
                0x000000000000fcaf                cfs_opendir
                0x000000000000fcc2                cfs_readdir
                0x000000000000fcd5                cfs_closedir
 .text          0x000000000000fcee      0xa6a obj_cooja/mtype168.a(cooja-radio.o)
                0x000000000000fd3d                radio_set_channel
                0x000000000000fd53                radio_set_channelDummy
                0x000000000000fd69                radio_set_txpower
                0x000000000000fd8f                radio_signal_strength_last
                0x000000000000fd9e                radio_signal_strength_current
                0x000000000000fdad                radio_LQI
 .text          0x0000000000010758      0x125 obj_cooja/mtype168.a(eeprom.o)
                0x0000000000010758                eeprom_init
                0x000000000001075f                eeprom_read
                0x00000000000107e7                eeprom_write
 .text          0x000000000001087d       0x27 obj_cooja/mtype168.a(random.o)
                0x000000000001087d                random_init
                0x0000000000010899                random_rand
 .text          0x00000000000108a4      0x33f obj_cooja/mtype168.a(sensors.o)
                0x00000000000108e9                sensors_first
                0x00000000000108f9                sensors_next
                0x0000000000010924                sensors_changed
                0x000000000001096d                sensors_find
 .text          0x0000000000010be3       0xb3 obj_cooja/mtype168.a(autostart.o)
                0x0000000000010be3                autostart_start
                0x0000000000010c3f                autostart_exit
 .text          0x0000000000010c96      0x540 obj_cooja/mtype168.a(etimer.o)
                0x0000000000010f36                etimer_request_poll
                0x0000000000010fe0                etimer_set
                0x0000000000011012                etimer_reset_with_new_interval
                0x0000000000011049                etimer_reset
                0x0000000000011070                etimer_restart
                0x0000000000011097                etimer_adjust
                0x00000000000110c4                etimer_expired
                0x00000000000110df                etimer_expiration_time
                0x00000000000110fb                etimer_start_time
                0x000000000001110c                etimer_pending
                0x0000000000011122                etimer_next_expiration_time
                0x000000000001113f                etimer_stop
 .text          0x00000000000111d6      0x580 obj_cooja/mtype168.a(log.o)
                0x00000000000111d6                log_6addr
                0x0000000000011351                log_6addr_compact
                0x0000000000011442                log_lladdr
                0x00000000000114bf                log_lladdr_compact
                0x0000000000011536                log_set_level
                0x000000000001163c                log_get_level
                0x00000000000116ef                log_level_to_str
 .text          0x0000000000011756      0x421 obj_cooja/mtype168.a(ctimer.o)
                0x00000000000118b4                ctimer_init
                0x00000000000118e5                ctimer_set
                0x0000000000011925                ctimer_set_with_process
                0x00000000000119db                ctimer_reset
                0x0000000000011a48                ctimer_restart
                0x0000000000011ab5                ctimer_stop
                0x0000000000011b0f                ctimer_expired
 .text          0x0000000000011b77      0x641 obj_cooja/mtype168.a(process.o)
                0x0000000000011b77                process_alloc_event
                0x0000000000011b8d                process_start
                0x0000000000011df2                process_exit
                0x0000000000011e1a                process_init
                0x000000000001200a                process_run
                0x000000000001203b                process_nevents
                0x0000000000012057                process_post
                0x000000000001211b                process_post_synch
                0x0000000000012165                process_poll
                0x000000000001219e                process_is_running
 .text          0x00000000000121b8       0xf6 obj_cooja/mtype168.a(rtimer.o)
                0x00000000000121b8                rtimer_init
                0x00000000000121c4                rtimer_set
                0x0000000000012241                rtimer_run_next
 .text          0x00000000000122ae       0xdf obj_cooja/mtype168.a(timer.o)
                0x00000000000122ae                timer_set
                0x00000000000122dc                timer_reset
                0x0000000000012300                timer_restart
                0x000000000001231e                timer_expired
                0x000000000001235b                timer_remaining
 .text          0x000000000001238d      0x20c obj_cooja/mtype168.a(serial-line.o)
                0x000000000001238d                serial_line_input_byte
                0x0000000000012566                serial_line_init
 .text          0x0000000000012599      0x189 obj_cooja/mtype168.a(ringbuf.o)
                0x0000000000012599                ringbuf_init
                0x00000000000125d6                ringbuf_put
                0x0000000000012661                ringbuf_get
                0x00000000000126db                ringbuf_size
                0x00000000000126f3                ringbuf_elements
 .text          0x0000000000012722      0x324 obj_cooja/mtype168.a(list.o)
                0x0000000000012722                list_init
                0x0000000000012738                list_head
                0x0000000000012749                list_copy
                0x0000000000012766                list_tail
                0x00000000000127ab                list_add
                0x000000000001280b                list_push
                0x000000000001284a                list_chop
                0x00000000000128d3                list_pop
                0x0000000000012909                list_remove
                0x0000000000012991                list_length
                0x00000000000129c8                list_insert
                0x0000000000012a27                list_item_next
 .text          0x0000000000012a46      0x458 obj_cooja/mtype168.a(packetbuf.o)
                0x0000000000012a46                packetbuf_clear
                0x0000000000012a70                packetbuf_copyfrom
                0x0000000000012ac6                packetbuf_copyto
                0x0000000000012b69                packetbuf_hdralloc
                0x0000000000012bf4                packetbuf_hdrreduce
                0x0000000000012c40                packetbuf_set_datalen
                0x0000000000012c58                packetbuf_dataptr
                0x0000000000012c7a                packetbuf_hdrptr
                0x0000000000012c87                packetbuf_datalen
                0x0000000000012c94                packetbuf_hdrlen
                0x0000000000012cac                packetbuf_totlen
                0x0000000000012ccb                packetbuf_remaininglen
                0x0000000000012cdf                packetbuf_attr_clear
                0x0000000000012d3f                packetbuf_attr_copyto
                0x0000000000012d86                packetbuf_attr_copyfrom
                0x0000000000012dcd                packetbuf_set_attr
                0x0000000000012df9                packetbuf_attr
                0x0000000000012e16                packetbuf_set_addr
                0x0000000000012e58                packetbuf_addr
                0x0000000000012e7e                packetbuf_holds_broadcast
 .text          0x0000000000012e9e      0x11b obj_cooja/mtype168.a(netstack.o)
                0x0000000000012e9e                netstack_process_ip_callback
                0x0000000000012f3b                netstack_ip_packet_processor_add
                0x0000000000012f67                uip_ds6_ip_packet_processor_rm
                0x0000000000012f8c                netstack_init
 .text          0x0000000000012fb9       0x74 obj_cooja/mtype168.a(linkaddr.o)
                0x0000000000012fb9                linkaddr_copy
                0x0000000000012fd6                linkaddr_cmp
                0x0000000000013008                linkaddr_set_node_addr
 .text          0x000000000001302d     0x177a obj_cooja/mtype168.a(tsch.o)
                0x000000000001302d                tsch_set_coordinator
                0x000000000001306c                tsch_set_pan_secured
                0x0000000000013083                tsch_set_join_priority
                0x000000000001309c                tsch_set_ka_timeout
                0x00000000000130cd                tsch_set_eb_period
                0x00000000000132be                tsch_schedule_keepalive
                0x000000000001337c                tsch_schedule_keepalive_immediately
                0x00000000000137e8                tsch_disassociate
                0x0000000000013c85                tsch_scan
 .text          0x00000000000147a7      0xd4e obj_cooja/mtype168.a(uip-ds6.o)
                0x00000000000147a7                uip_ds6_init
                0x0000000000014981                uip_ds6_periodic
                0x0000000000014a1f                uip_ds6_list_loop
                0x0000000000014b04                uip_ds6_prefix_add
                0x0000000000014bd1                uip_ds6_prefix_rm
                0x0000000000014beb                uip_ds6_prefix_lookup
                0x0000000000014c3e                uip_ds6_is_addr_onlink
                0x0000000000014cce                uip_ds6_addr_add
                0x0000000000014e0f                uip_ds6_addr_rm
                0x0000000000014ec3                uip_ds6_addr_lookup
                0x0000000000014f11                uip_ds6_get_link_local
                0x0000000000014fb2                uip_ds6_get_global
                0x0000000000015053                uip_ds6_maddr_add
                0x00000000000150c8                uip_ds6_maddr_rm
                0x00000000000150e2                uip_ds6_maddr_lookup
                0x0000000000015133                uip_ds6_aaddr_add
                0x00000000000151a8                uip_ds6_aaddr_rm
                0x00000000000151c2                uip_ds6_aaddr_lookup
                0x0000000000015213                uip_ds6_select_src
                0x0000000000015399                uip_ds6_set_addr_iid
                0x00000000000153ce                uip_ds6_set_lladdr_from_iid
                0x0000000000015401                get_match_length
                0x00000000000154ab                uip_ds6_compute_reachable_time
 .text          0x00000000000154f5      0x888 obj_cooja/mtype168.a(tcpip.o)
                0x0000000000015521                tcpip_output
                0x00000000000155c3                udp_attach
                0x00000000000155ed                udp_new
                0x0000000000015644                udp_broadcast_new
                0x00000000000157e1                tcpip_input
                0x00000000000159ba                tcpip_ipv6_output
                0x0000000000015c3c                tcpip_poll_udp
                0x0000000000015c66                tcpip_uipcall
 .text          0x0000000000015d7d      0x39e obj_cooja/mtype168.a(uip-ds6-route.o)
                0x0000000000015dd2                uip_ds6_route_init
                0x0000000000015df4                uip_ds6_route_nexthop
                0x0000000000015e03                uip_ds6_route_head
                0x0000000000015e0e                uip_ds6_route_next
                0x0000000000015e1d                uip_ds6_route_is_nexthop
                0x0000000000015e2c                uip_ds6_route_num_routes
                0x0000000000015e37                uip_ds6_route_lookup
                0x0000000000015e46                uip_ds6_route_add
                0x0000000000015e5e                uip_ds6_route_rm
                0x0000000000015e69                uip_ds6_route_rm_by_nexthop
                0x0000000000015e74                uip_ds6_defrt_head
                0x0000000000015e89                uip_ds6_defrt_add
                0x0000000000015f42                uip_ds6_defrt_rm
                0x0000000000015fb1                uip_ds6_defrt_lookup
                0x0000000000016024                uip_ds6_defrt_choose
                0x00000000000160a3                uip_ds6_defrt_periodic
 .text          0x000000000001611b      0x30b obj_cooja/mtype168.a(uip-ds6-nbr.o)
                0x000000000001611b                uip_ds6_neighbors_init
                0x0000000000016143                uip_ds6_nbr_add
                0x00000000000161e0                uip_ds6_nbr_rm
                0x000000000001623c                uip_ds6_nbr_get_ipaddr
                0x0000000000016258                uip_ds6_nbr_get_ll
                0x000000000001627f                uip_ds6_nbr_num
                0x00000000000162d3                uip_ds6_nbr_head
                0x00000000000162eb                uip_ds6_nbr_next
                0x0000000000016312                uip_ds6_nbr_lookup
                0x000000000001638a                uip_ds6_nbr_ll_lookup
                0x00000000000163b1                uip_ds6_nbr_ipaddr_from_lladdr
                0x00000000000163e1                uip_ds6_nbr_lladdr_from_ipaddr
                0x0000000000016419                uip_ds6_link_callback
 .text          0x0000000000016426     0x17df obj_cooja/mtype168.a(uip6.o)
                0x00000000000164e6                uip_chksum
                0x00000000000165de                uip_icmp6chksum
                0x00000000000165ee                uip_udpchksum
                0x00000000000165fe                uip_init
                0x000000000001665b                remove_ext_hdr
                0x0000000000016790                uip_udp_new
                0x0000000000016b72                uip_process
                0x0000000000017abb                uip_htons
                0x0000000000017ada                uip_htonl
                0x0000000000017b1e                uip_send
 .text          0x0000000000017c05      0x855 obj_cooja/mtype168.a(uip-nd6.o)
                0x0000000000018447                uip_nd6_init
 .text          0x000000000001845a     0x3000 obj_cooja/mtype168.a(sicslowpan.o)
                0x0000000000018ab5                netstack_sniffer_add
                0x0000000000018acb                netstack_sniffer_remove
                0x000000000001b426                sicslowpan_init
                0x000000000001b44e                sicslowpan_get_last_rssi
 .text          0x000000000001b45a      0x5e0 obj_cooja/mtype168.a(rpl.o)
                0x000000000001b45a                rpl_lollipop_greater_than
                0x000000000001b4ba                rpl_get_global_address
                0x000000000001b656                rpl_link_callback
                0x000000000001b696                rpl_has_joined
                0x000000000001b6c5                rpl_is_reachable
                0x000000000001b763                rpl_reset_prefix
                0x000000000001b7d6                rpl_set_prefix_from_addr
                0x000000000001b8e4                rpl_set_prefix
 .text          0x000000000001ba3a     0x16a6 obj_cooja/mtype168.a(rpl-icmp6.o)
                0x000000000001bbbe                rpl_icmp6_update_nbr_table
                0x000000000001bc81                rpl_icmp6_dis_output
                0x000000000001c3a8                rpl_icmp6_dio_output
                0x000000000001cc96                rpl_icmp6_dao_output
                0x000000000001d016                rpl_icmp6_dao_ack_output
                0x000000000001d0a9                rpl_icmp6_init
 .text          0x000000000001d0e0      0x2e4 obj_cooja/mtype168.a(rpl-dag-root.o)
                0x000000000001d1eb                rpl_dag_root_set_prefix
                0x000000000001d223                rpl_dag_root_start
                0x000000000001d388                rpl_dag_root_is_root
 .text          0x000000000001d3c4       0x23 obj_cooja/mtype168.a(watchdog.o)
                0x000000000001d3c4                watchdog_init
                0x000000000001d3cb                watchdog_start
                0x000000000001d3d2                watchdog_periodic
                0x000000000001d3d9                watchdog_stop
                0x000000000001d3e0                watchdog_reboot
 .text          0x000000000001d3e7      0x106 obj_cooja/mtype168.a(stimer.o)
                0x000000000001d3e7                stimer_set
                0x000000000001d415                stimer_reset
                0x000000000001d439                stimer_restart
                0x000000000001d457                stimer_expired
                0x000000000001d498                stimer_remaining
                0x000000000001d4ca                stimer_elapsed
 .text          0x000000000001d4ed      0x236 obj_cooja/mtype168.a(ringbufindex.o)
                0x000000000001d4ed                ringbufindex_init
                0x000000000001d51a                ringbufindex_put
                0x000000000001d581                ringbufindex_peek_put
                0x000000000001d5cf                ringbufindex_get
                0x000000000001d638                ringbufindex_peek_get
                0x000000000001d67c                ringbufindex_size
                0x000000000001d693                ringbufindex_elements
                0x000000000001d6c1                ringbufindex_full
                0x000000000001d701                ringbufindex_empty
 .text          0x000000000001d723      0x20e obj_cooja/mtype168.a(memb.o)
                0x000000000001d723                memb_init
                0x000000000001d782                memb_alloc
                0x000000000001d7fa                memb_free
                0x000000000001d892                memb_inmemb
                0x000000000001d8e5                memb_numfree
 .text          0x000000000001d931      0x32c obj_cooja/mtype168.a(queuebuf.o)
                0x000000000001d942                queuebuf_init
                0x000000000001d961                queuebuf_numfree
                0x000000000001d973                queuebuf_new_from_packetbuf
                0x000000000001da1c                queuebuf_update_attr_from_packetbuf
                0x000000000001da5b                queuebuf_update_from_packetbuf
                0x000000000001dab3                queuebuf_free
                0x000000000001db02                queuebuf_to_packetbuf
                0x000000000001db74                queuebuf_dataptr
                0x000000000001dbb4                queuebuf_datalen
                0x000000000001dbe0                queuebuf_addr
                0x000000000001dc1f                queuebuf_attr
                0x000000000001dc56                queuebuf_debug_print
 .text          0x000000000001dc5d      0x9f8 obj_cooja/mtype168.a(nbr-table.o)
                0x000000000001e205                nbr_table_register
                0x000000000001e26c                nbr_table_is_register
                0x000000000001e2aa                nbr_table_head
                0x000000000001e311                nbr_table_next
                0x000000000001e387                nbr_table_add_lladdr
                0x000000000001e479                nbr_table_get_from_lladdr
                0x000000000001e4d1                nbr_table_remove
                0x000000000001e521                nbr_table_lock
                0x000000000001e54f                nbr_table_unlock
                0x000000000001e57d                nbr_table_get_lladdr
                0x000000000001e5bc                nbr_table_update_lladdr
 .text          0x000000000001e655      0x3e2 obj_cooja/mtype168.a(link-stats.o)
                0x000000000001e655                link_stats_from_lladdr
                0x000000000001e679                link_stats_is_fresh
                0x000000000001e6c3                guess_etx_from_rssi
                0x000000000001e744                link_stats_packet_sent
                0x000000000001e878                link_stats_input_callback
                0x000000000001e9a5                link_stats_reset
                0x000000000001e9fc                link_stats_init
 .text          0x000000000001ea37      0x1ef obj_cooja/mtype168.a(mac-sequence.o)
                0x000000000001ea37                mac_sequence_is_duplicate
                0x000000000001eb2d                mac_sequence_register_seqno
 .text          0x000000000001ec26       0x33 obj_cooja/mtype168.a(mac.o)
                0x000000000001ec26                mac_call_sent_callback
 .text          0x000000000001ec59      0x42f obj_cooja/mtype168.a(framer-802154.o)
                0x000000000001edf0                framer_802154_setup_params
 .text          0x000000000001f088      0xc84 obj_cooja/mtype168.a(frame802154.o)
                0x000000000001f0b6                frame802154_get_pan_id
                0x000000000001f0c3                frame802154_set_pan_id
                0x000000000001f0db                frame802154_has_panid
                0x000000000001f2b6                frame802154_check_dest_panid
                0x000000000001f351                frame802154_is_broadcast_addr
                0x000000000001f3a4                frame802154_extract_linkaddr
                0x000000000001f63a                frame802154_hdrlen
                0x000000000001f6b5                frame802154_create_fcf
                0x000000000001f783                frame802154_create
                0x000000000001f929                frame802154_parse_fcf
                0x000000000001fa1c                frame802154_parse
 .text          0x000000000001fd0c      0xa9d obj_cooja/mtype168.a(tsch-queue.o)
                0x000000000001fd0c                tsch_queue_add_nbr
                0x000000000001fe1b                tsch_queue_get_nbr
                0x000000000001fe84                tsch_queue_get_time_source
                0x000000000001feda                tsch_queue_update_time_source
                0x0000000000020055                tsch_queue_add_packet
                0x000000000002017c                tsch_queue_global_packet_count
                0x0000000000020197                tsch_queue_packet_count
                0x00000000000201e4                tsch_queue_remove_packet_from_queue
                0x000000000002023f                tsch_queue_free_packet
                0x0000000000020277                tsch_queue_packet_sent
                0x0000000000020342                tsch_queue_reset
                0x00000000000203a2                tsch_queue_free_unused_neighbors
                0x000000000002042a                tsch_queue_is_empty
                0x0000000000020468                tsch_queue_get_packet_for_nbr
                0x00000000000204fe                tsch_queue_get_packet_for_dest_addr
                0x000000000002053e                tsch_queue_get_unicast_packet_for_any
                0x00000000000205e4                tsch_queue_backoff_expired
                0x00000000000205fe                tsch_queue_backoff_reset
                0x0000000000020619                tsch_queue_backoff_inc
                0x000000000002068b                tsch_queue_update_all_backoff_windows
                0x0000000000020743                tsch_queue_init
 .text          0x00000000000207a9      0xb56 obj_cooja/mtype168.a(tsch-schedule.o)
                0x00000000000207a9                tsch_schedule_add_slotframe
                0x00000000000208a8                tsch_schedule_remove_all_slotframes
                0x00000000000208ea                tsch_schedule_remove_slotframe
                0x0000000000020972                tsch_schedule_get_slotframe_by_handle
                0x00000000000209d0                tsch_schedule_get_link_by_handle
                0x0000000000020a5b                tsch_schedule_add_link
                0x0000000000020c19                tsch_schedule_remove_link
                0x0000000000020d56                tsch_schedule_remove_link_by_timeslot
                0x0000000000020da5                tsch_schedule_get_link_by_timeslot
                0x0000000000020e15                tsch_schedule_get_next_active_link
                0x000000000002106c                tsch_schedule_init
                0x00000000000210b3                tsch_schedule_create_minimal
                0x0000000000021102                tsch_schedule_slotframe_head
                0x0000000000021117                tsch_schedule_slotframe_next
                0x0000000000021131                tsch_schedule_print
 .text          0x00000000000212ff     0x1821 obj_cooja/mtype168.a(tsch-slot-opera)
                0x00000000000212ff                tsch_is_locked
                0x000000000002130b                tsch_get_lock
                0x000000000002139f                tsch_release_lock
                0x00000000000213b0                tsch_calculate_channel
                0x00000000000229ac                tsch_slot_operation_start
                0x0000000000022ac0                tsch_slot_operation_sync
 .text          0x0000000000022b20      0x915 obj_cooja/mtype168.a(tsch-packet.o)
                0x0000000000022b4f                tsch_packet_eackbuf_attr
                0x0000000000022b6f                tsch_packet_create_eack
                0x0000000000022d63                tsch_packet_parse_eack
                0x0000000000022f1a                tsch_packet_create_eb
                0x0000000000023281                tsch_packet_update_eb
                0x0000000000023300                tsch_packet_parse_eb
 .text          0x0000000000023435      0x146 obj_cooja/mtype168.a(tsch-rpl.o)
                0x0000000000023435                tsch_rpl_callback_ka_sent
                0x0000000000023474                tsch_rpl_callback_joining_network
                0x000000000002347b                tsch_rpl_callback_leaving_network
                0x0000000000023496                tsch_rpl_callback_new_dio_interval
                0x0000000000023537                tsch_rpl_callback_parent_switch
 .text          0x000000000002357b      0x330 obj_cooja/mtype168.a(tsch-adaptive-t)
                0x000000000002357b                tsch_adaptive_timesync_get_drift_ppm
                0x00000000000236ca                tsch_timesync_update
                0x0000000000023841                tsch_timesync_adaptive_compensate
 .text          0x00000000000238ab      0x222 obj_cooja/mtype168.a(uipbuf.o)
                0x00000000000238ab                uipbuf_get_next_header
                0x000000000002392f                uipbuf_get_last_header
                0x00000000000239d3                uipbuf_get_attr
                0x0000000000023a00                uipbuf_set_attr
                0x0000000000023a3c                uipbuf_clear_attr
                0x0000000000023a68                uipbuf_set_attr_flag
                0x0000000000023a87                uipbuf_clr_attr_flag
                0x0000000000023aac                uipbuf_is_attr_flag
 .text          0x0000000000023acd      0xba9 obj_cooja/mtype168.a(uip-icmp6.o)
                0x0000000000023b46                uip_icmp6_input
                0x0000000000023ba0                uip_icmp6_register_input_handler
                0x0000000000023e28                uip_icmp6_error_output
                0x0000000000024293                uip_icmp6_send
                0x00000000000245ef                uip_icmp6_echo_reply_callback_add
                0x0000000000024632                uip_icmp6_echo_reply_callback_rm
                0x0000000000024657                uip_icmp6_init
 .text          0x0000000000024676      0x587 obj_cooja/mtype168.a(uip-sr.o)
                0x0000000000024676                uip_sr_num_nodes
                0x0000000000024719                uip_sr_get_node
                0x000000000002477d                uip_sr_is_addr_reachable
                0x0000000000024841                uip_sr_expire_parent
                0x00000000000248a0                uip_sr_update_node
                0x0000000000024a0d                uip_sr_init
                0x0000000000024a39                uip_sr_node_head
                0x0000000000024a4e                uip_sr_node_next
                0x0000000000024a68                uip_sr_periodic
                0x0000000000024b86                uip_sr_free_all
 .text          0x0000000000024bfd      0x197 obj_cooja/mtype168.a(uip-packetqueue)
                0x0000000000024c35                uip_packetqueue_new
                0x0000000000024c4b                uip_packetqueue_alloc
                0x0000000000024cc1                uip_packetqueue_free
                0x0000000000024d12                uip_packetqueue_buf
                0x0000000000024d3a                uip_packetqueue_buflen
                0x0000000000024d65                uip_packetqueue_set_buflen
 .text          0x0000000000024d94      0x211 obj_cooja/mtype168.a(rpl-nbr-policy.)
                0x0000000000024f53                rpl_nbr_policy_find_removable
 .text          0x0000000000024fa5      0x74e obj_cooja/mtype168.a(rpl-neighbor.o)
                0x000000000002500b                rpl_neighbor_print_list
                0x00000000000250b2                rpl_neighbor_count
                0x0000000000025195                rpl_neighbor_get_from_lladdr
                0x00000000000251bc                rpl_neighbor_is_acceptable_parent
                0x0000000000025204                rpl_neighbor_get_link_metric
                0x000000000002524c                rpl_neighbor_rank_via_nbr
                0x0000000000025294                rpl_neighbor_get_lladdr
                0x00000000000252bb                rpl_neighbor_get_ipaddr
                0x00000000000252e5                rpl_neighbor_get_link_stats
                0x000000000002530f                rpl_neighbor_is_fresh
                0x0000000000025339                rpl_neighbor_is_reachable
                0x000000000002538d                rpl_neighbor_is_parent
                0x00000000000253c2                rpl_neighbor_set_preferred_parent
                0x0000000000025484                rpl_neighbor_remove_all
                0x00000000000254dc                rpl_neighbor_get_from_ipaddr
                0x0000000000025609                rpl_neighbor_select_best
                0x00000000000256d3                rpl_neighbor_init
 .text          0x00000000000256f3     0x1129 obj_cooja/mtype168.a(rpl-dag.o)
                0x00000000000256f3                rpl_dag_state_to_str
                0x0000000000025740                rpl_dag_get_root_ipaddr
                0x0000000000025786                rpl_dag_leave
                0x000000000002582a                rpl_dag_poison_and_leave
                0x0000000000025844                rpl_dag_periodic
                0x0000000000025904                rpl_is_addr_in_our_dag
                0x0000000000025959                rpl_get_default_instance
                0x000000000002597c                rpl_get_any_dag
                0x00000000000259e1                rpl_global_repair
                0x0000000000025ac5                rpl_local_repair
                0x0000000000025b25                rpl_dag_ready_to_advertise
                0x0000000000025b79                rpl_dag_update_state
                0x00000000000263ed                rpl_process_dio
                0x000000000002648f                rpl_process_dis
                0x00000000000264dc                rpl_process_dao
                0x0000000000026581                rpl_process_dao_ack
                0x0000000000026625                rpl_process_hbh
                0x0000000000026680                rpl_dag_init_root
                0x00000000000267f7                rpl_dag_init
 .text          0x000000000002681c      0xd1b obj_cooja/mtype168.a(rpl-timers.o)
                0x000000000002681c                rpl_timers_schedule_periodic_dis
                0x0000000000026a20                rpl_timers_dio_reset
                0x0000000000026b67                rpl_timers_schedule_unicast_dio
                0x0000000000026d78                rpl_timers_schedule_dao
                0x0000000000026f10                rpl_timers_schedule_dao_ack
                0x0000000000026fc4                get_probing_delay
                0x0000000000027059                get_probing_target
                0x00000000000272ab                rpl_schedule_probing
                0x000000000002730b                rpl_timers_unschedule_leaving
                0x000000000002734b                rpl_timers_schedule_leaving
                0x000000000002739c                rpl_timers_init
                0x000000000002743d                rpl_timers_stop_dag_timers
                0x00000000000274c6                rpl_timers_unschedule_state_update
                0x00000000000274ec                rpl_timers_schedule_state_update
 .text          0x0000000000027537     0x1467 obj_cooja/mtype168.a(rpl-ext-header.)
                0x0000000000027537                rpl_ext_header_srh_get_next_hop
                0x0000000000027717                rpl_ext_header_srh_update
                0x0000000000027fb5                rpl_ext_header_hbh_update
                0x0000000000028695                rpl_ext_header_update
                0x000000000002873b                rpl_ext_header_remove
 .text          0x000000000002899e      0x374 obj_cooja/mtype168.a(rpl-mrhof.o)
 .text          0x0000000000028d12     0x10bd obj_cooja/mtype168.a(frame802154e-ie)
                0x0000000000028e47                frame80215e_create_ie_header_ack_nack_time_correction
                0x0000000000028ee1                frame80215e_create_ie_header_list_termination_1
                0x0000000000028f32                frame80215e_create_ie_header_list_termination_2
                0x0000000000028f83                frame80215e_create_ie_payload_list_termination
                0x0000000000028fd4                frame80215e_create_ie_mlme
                0x000000000002902b                frame80215e_create_ie_tsch_synchronization
                0x00000000000290f9                frame80215e_create_ie_tsch_slotframe_and_link
                0x000000000002933f                frame80215e_create_ie_tsch_timeslot
                0x0000000000029435                frame80215e_create_ie_tsch_channel_hopping_sequence
                0x0000000000029aa8                frame802154e_parse_information_elements
 .text          0x0000000000029dcf        0x0 /usr/lib/gcc/x86_64-linux-gnu/7/crtendS.o
 .text          0x0000000000029dcf        0x0 /usr/lib/gcc/x86_64-linux-gnu/7/../../../x86_64-linux-gnu/crtn.o
 *(.gnu.warning)

.fini           0x0000000000029dd0        0x9
 *(SORT_NONE(.fini))
 .fini          0x0000000000029dd0        0x4 /usr/lib/gcc/x86_64-linux-gnu/7/../../../x86_64-linux-gnu/crti.o
                0x0000000000029dd0                _fini
 .fini          0x0000000000029dd4        0x5 /usr/lib/gcc/x86_64-linux-gnu/7/../../../x86_64-linux-gnu/crtn.o
                [!provide]                        PROVIDE (__etext = .)
                [!provide]                        PROVIDE (_etext = .)
                [!provide]                        PROVIDE (etext = .)

.rodata         0x0000000000029de0      0x661
 *(.rodata .rodata.* .gnu.linkonce.r.*)
 .rodata        0x0000000000029de0       0x22 hello-world.o
 *fill*         0x0000000000029e02        0x6 
 .rodata        0x0000000000029e08       0xc3 obj_cooja/mtype168.o
 .rodata        0x0000000000029ecb        0x7 obj_cooja/mtype168.a(button-sensor.o)
 .rodata        0x0000000000029ed2        0x4 obj_cooja/mtype168.a(pir-sensor.o)
 .rodata        0x0000000000029ed6        0x6 obj_cooja/mtype168.a(rs232.o)
 .rodata        0x0000000000029edc        0xa obj_cooja/mtype168.a(vib-sensor.o)
 *fill*         0x0000000000029ee6        0x2 
 .rodata        0x0000000000029ee8       0x27 obj_cooja/mtype168.a(cfs-cooja.o)
 .rodata        0x0000000000029f0f       0x14 obj_cooja/mtype168.a(cooja-radio.o)
 .rodata        0x0000000000029f23        0x8 obj_cooja/mtype168.a(sensors.o)
 .rodata        0x0000000000029f2b        0xc obj_cooja/mtype168.a(etimer.o)
 *fill*         0x0000000000029f37        0x1 
 .rodata        0x0000000000029f38       0xec obj_cooja/mtype168.a(log.o)
 .rodata        0x000000000002a024        0xf obj_cooja/mtype168.a(ctimer.o)
 .rodata        0x000000000002a033        0xe obj_cooja/mtype168.a(serial-line.o)
 *fill*         0x000000000002a041        0x7 
 .rodata        0x000000000002a048        0x8 obj_cooja/mtype168.a(linkaddr.o)
                0x000000000002a048                linkaddr_null
 .rodata        0x000000000002a050       0x79 obj_cooja/mtype168.a(tsch.o)
                0x000000000002a068                tsch_broadcast_address
                0x000000000002a070                tsch_eb_address
 .rodata        0x000000000002a0c9        0xd obj_cooja/mtype168.a(tcpip.o)
 *fill*         0x000000000002a0d6        0x2 
 .rodata        0x000000000002a0d8       0x4d obj_cooja/mtype168.a(uip-ds6-route.o)
 *fill*         0x000000000002a125        0x3 
 .rodata        0x000000000002a128       0xf4 obj_cooja/mtype168.a(uip6.o)
 .rodata        0x000000000002a21c       0x27 obj_cooja/mtype168.a(sicslowpan.o)
                0x000000000002a226                unc_llconf
                0x000000000002a22a                unc_ctxconf
                0x000000000002a22e                unc_mxconf
                0x000000000002a232                llprefix
 .rodata        0x000000000002a243        0x9 obj_cooja/mtype168.a(rpl.o)
 .rodata        0x000000000002a24c       0x13 obj_cooja/mtype168.a(mac-sequence.o)
 *fill*         0x000000000002a25f        0x1 
 .rodata        0x000000000002a260       0xd0 obj_cooja/mtype168.a(tsch-schedule.o)
 .rodata        0x000000000002a330       0x3d obj_cooja/mtype168.a(tsch-slot-opera)
 .rodata        0x000000000002a36d        0xd obj_cooja/mtype168.a(tsch-rpl.o)
 .rodata        0x000000000002a37a       0xbb obj_cooja/mtype168.a(rpl-dag.o)
 .rodata        0x000000000002a435        0xc obj_cooja/mtype168.a(rpl-timers.o)

.rodata1
 *(.rodata1)

.eh_frame_hdr   0x000000000002a444     0x1634
 *(.eh_frame_hdr)
 .eh_frame_hdr  0x000000000002a444     0x1634 hello-world.o
                0x000000000002a444                __GNU_EH_FRAME_HDR
 *(.eh_frame_entry .eh_frame_entry.*)

.eh_frame       0x000000000002ba78     0x5934
 *(.eh_frame)
 .eh_frame      0x000000000002ba78       0x40 /usr/lib/gcc/x86_64-linux-gnu/7/../../../x86_64-linux-gnu/crti.o
 .eh_frame      0x000000000002bab8       0x18 /usr/lib/gcc/x86_64-linux-gnu/7/../../../x86_64-linux-gnu/crti.o
                                         0x30 (size before relaxing)
 .eh_frame      0x000000000002bad0       0x20 hello-world.o
                                         0x38 (size before relaxing)
 .eh_frame      0x000000000002baf0      0x138 obj_cooja/mtype168.o
                                        0x150 (size before relaxing)
 .eh_frame      0x000000000002bc28       0x40 obj_cooja/mtype168.a(simEnvChange.o)
                                         0x58 (size before relaxing)
 .eh_frame      0x000000000002bc68       0x60 obj_cooja/mtype168.a(cooja_mt.o)
                                         0x78 (size before relaxing)
 .eh_frame      0x000000000002bcc8       0x80 obj_cooja/mtype168.a(cooja_mtarch.o)
                                         0x98 (size before relaxing)
 .eh_frame      0x000000000002bd48       0xc0 obj_cooja/mtype168.a(rtimer-arch.o)
                                         0xd8 (size before relaxing)
 .eh_frame      0x000000000002be08      0x160 obj_cooja/mtype168.a(beep.o)
                                        0x178 (size before relaxing)
 .eh_frame      0x000000000002bf68       0xa0 obj_cooja/mtype168.a(button-sensor.o)
                                         0xb8 (size before relaxing)
 .eh_frame      0x000000000002c008       0xa0 obj_cooja/mtype168.a(leds-arch.o)
                                         0xb8 (size before relaxing)
 .eh_frame      0x000000000002c0a8       0x40 obj_cooja/mtype168.a(moteid.o)
                                         0x58 (size before relaxing)
 .eh_frame      0x000000000002c0e8       0xa0 obj_cooja/mtype168.a(pir-sensor.o)
                                         0xb8 (size before relaxing)
 .eh_frame      0x000000000002c188      0x100 obj_cooja/mtype168.a(rs232.o)
                                        0x118 (size before relaxing)
 .eh_frame      0x000000000002c288       0xa0 obj_cooja/mtype168.a(vib-sensor.o)
                                         0xb8 (size before relaxing)
 .eh_frame      0x000000000002c328       0xc0 obj_cooja/mtype168.a(clock.o)
                                         0xd8 (size before relaxing)
 .eh_frame      0x000000000002c3e8      0x128 obj_cooja/mtype168.a(cooja-log.o)
                                        0x140 (size before relaxing)
 .eh_frame      0x000000000002c510      0x160 obj_cooja/mtype168.a(cfs-cooja.o)
                                        0x178 (size before relaxing)
 .eh_frame      0x000000000002c670      0x360 obj_cooja/mtype168.a(cooja-radio.o)
                                        0x378 (size before relaxing)
 .eh_frame      0x000000000002c9d0       0xa0 obj_cooja/mtype168.a(eeprom.o)
                                         0xb8 (size before relaxing)
 .eh_frame      0x000000000002ca70       0x40 obj_cooja/mtype168.a(random.o)
                                         0x58 (size before relaxing)
 .eh_frame      0x000000000002cab0       0xc0 obj_cooja/mtype168.a(sensors.o)
                                         0xd8 (size before relaxing)
 .eh_frame      0x000000000002cb70       0x40 obj_cooja/mtype168.a(autostart.o)
                                         0x58 (size before relaxing)
 .eh_frame      0x000000000002cbb0      0x1e0 obj_cooja/mtype168.a(etimer.o)
                                        0x1f8 (size before relaxing)
 .eh_frame      0x000000000002cd90       0xe0 obj_cooja/mtype168.a(log.o)
                                         0xf8 (size before relaxing)
 .eh_frame      0x000000000002ce70      0x100 obj_cooja/mtype168.a(ctimer.o)
                                        0x118 (size before relaxing)
 .eh_frame      0x000000000002cf70      0x1c8 obj_cooja/mtype168.a(process.o)
                                        0x1e0 (size before relaxing)
 .eh_frame      0x000000000002d138       0x60 obj_cooja/mtype168.a(rtimer.o)
                                         0x78 (size before relaxing)
 .eh_frame      0x000000000002d198       0xa0 obj_cooja/mtype168.a(timer.o)
                                         0xb8 (size before relaxing)
 .eh_frame      0x000000000002d238       0x60 obj_cooja/mtype168.a(serial-line.o)
                                         0x78 (size before relaxing)
 .eh_frame      0x000000000002d298       0xa0 obj_cooja/mtype168.a(ringbuf.o)
                                         0xb8 (size before relaxing)
 .eh_frame      0x000000000002d338      0x180 obj_cooja/mtype168.a(list.o)
                                        0x198 (size before relaxing)
 .eh_frame      0x000000000002d4b8      0x288 obj_cooja/mtype168.a(packetbuf.o)
                                        0x2a0 (size before relaxing)
 .eh_frame      0x000000000002d740       0x80 obj_cooja/mtype168.a(netstack.o)
                                         0x98 (size before relaxing)
 .eh_frame      0x000000000002d7c0       0x60 obj_cooja/mtype168.a(linkaddr.o)
                                         0x78 (size before relaxing)
 .eh_frame      0x000000000002d820      0x328 obj_cooja/mtype168.a(tsch.o)
                                        0x340 (size before relaxing)
 .eh_frame      0x000000000002db48      0x2e8 obj_cooja/mtype168.a(uip-ds6.o)
                                        0x300 (size before relaxing)
 .eh_frame      0x000000000002de30      0x248 obj_cooja/mtype168.a(tcpip.o)
                                        0x260 (size before relaxing)
 .eh_frame      0x000000000002e078      0x220 obj_cooja/mtype168.a(uip-ds6-route.o)
                                        0x238 (size before relaxing)
 .eh_frame      0x000000000002e298      0x1a0 obj_cooja/mtype168.a(uip-ds6-nbr.o)
                                        0x1b8 (size before relaxing)
 .eh_frame      0x000000000002e438      0x1a8 obj_cooja/mtype168.a(uip6.o)
                                        0x1c0 (size before relaxing)
 .eh_frame      0x000000000002e5e0       0x80 obj_cooja/mtype168.a(uip-nd6.o)
                                         0x98 (size before relaxing)
 .eh_frame      0x000000000002e660      0x2c0 obj_cooja/mtype168.a(sicslowpan.o)
                                        0x2d8 (size before relaxing)
 .eh_frame      0x000000000002e920      0x1a0 obj_cooja/mtype168.a(rpl.o)
                                        0x1b8 (size before relaxing)
 .eh_frame      0x000000000002eac0      0x1c0 obj_cooja/mtype168.a(rpl-icmp6.o)
                                        0x1d8 (size before relaxing)
 .eh_frame      0x000000000002ec80       0x80 obj_cooja/mtype168.a(rpl-dag-root.o)
                                         0x98 (size before relaxing)
 .eh_frame      0x000000000002ed00       0xa0 obj_cooja/mtype168.a(watchdog.o)
                                         0xb8 (size before relaxing)
 .eh_frame      0x000000000002eda0       0xc0 obj_cooja/mtype168.a(stimer.o)
                                         0xd8 (size before relaxing)
 .eh_frame      0x000000000002ee60      0x120 obj_cooja/mtype168.a(ringbufindex.o)
                                        0x138 (size before relaxing)
 .eh_frame      0x000000000002ef80       0xa0 obj_cooja/mtype168.a(memb.o)
                                         0xb8 (size before relaxing)
 .eh_frame      0x000000000002f020      0x1a0 obj_cooja/mtype168.a(queuebuf.o)
                                        0x1b8 (size before relaxing)
 .eh_frame      0x000000000002f1c0      0x2c0 obj_cooja/mtype168.a(nbr-table.o)
                                        0x2d8 (size before relaxing)
 .eh_frame      0x000000000002f480      0x100 obj_cooja/mtype168.a(link-stats.o)
                                        0x118 (size before relaxing)
 .eh_frame      0x000000000002f580       0x48 obj_cooja/mtype168.a(mac-sequence.o)
                                         0x60 (size before relaxing)
 .eh_frame      0x000000000002f5c8       0x20 obj_cooja/mtype168.a(mac.o)
                                         0x38 (size before relaxing)
 .eh_frame      0x000000000002f5e8       0xa8 obj_cooja/mtype168.a(framer-802154.o)
                                         0xc0 (size before relaxing)
 .eh_frame      0x000000000002f690      0x1a8 obj_cooja/mtype168.a(frame802154.o)
                                        0x1c0 (size before relaxing)
 .eh_frame      0x000000000002f838      0x2e0 obj_cooja/mtype168.a(tsch-queue.o)
                                        0x2f8 (size before relaxing)
 .eh_frame      0x000000000002fb18      0x1e0 obj_cooja/mtype168.a(tsch-schedule.o)
                                        0x1f8 (size before relaxing)
 .eh_frame      0x000000000002fcf8      0x1c8 obj_cooja/mtype168.a(tsch-slot-opera)
                                        0x1e0 (size before relaxing)
 .eh_frame      0x000000000002fec0       0xe8 obj_cooja/mtype168.a(tsch-packet.o)
                                        0x100 (size before relaxing)
 .eh_frame      0x000000000002ffa8       0xa0 obj_cooja/mtype168.a(tsch-rpl.o)
                                         0xb8 (size before relaxing)
 .eh_frame      0x0000000000030048       0xc0 obj_cooja/mtype168.a(tsch-adaptive-t)
                                         0xd8 (size before relaxing)
 .eh_frame      0x0000000000030108      0x100 obj_cooja/mtype168.a(uipbuf.o)
                                        0x118 (size before relaxing)
 .eh_frame      0x0000000000030208      0x148 obj_cooja/mtype168.a(uip-icmp6.o)
                                        0x160 (size before relaxing)
 .eh_frame      0x0000000000030350      0x160 obj_cooja/mtype168.a(uip-sr.o)
                                        0x178 (size before relaxing)
 .eh_frame      0x00000000000304b0       0xe0 obj_cooja/mtype168.a(uip-packetqueue)
                                         0xf8 (size before relaxing)
 .eh_frame      0x0000000000030590       0x80 obj_cooja/mtype168.a(rpl-nbr-policy.)
                                         0x98 (size before relaxing)
 .eh_frame      0x0000000000030610      0x280 obj_cooja/mtype168.a(rpl-neighbor.o)
                                        0x298 (size before relaxing)
 .eh_frame      0x0000000000030890      0x340 obj_cooja/mtype168.a(rpl-dag.o)
                                        0x358 (size before relaxing)
 .eh_frame      0x0000000000030bd0      0x348 obj_cooja/mtype168.a(rpl-timers.o)
                                        0x360 (size before relaxing)
 .eh_frame      0x0000000000030f18      0x128 obj_cooja/mtype168.a(rpl-ext-header.)
                                        0x140 (size before relaxing)
 .eh_frame      0x0000000000031040      0x148 obj_cooja/mtype168.a(rpl-mrhof.o)
                                        0x160 (size before relaxing)
 .eh_frame      0x0000000000031188      0x220 obj_cooja/mtype168.a(frame802154e-ie)
                                        0x238 (size before relaxing)
 .eh_frame      0x00000000000313a8        0x4 /usr/lib/gcc/x86_64-linux-gnu/7/crtendS.o
 *(.eh_frame.*)

.gcc_except_table
 *(.gcc_except_table .gcc_except_table.*)

.gnu_extab
 *(.gnu_extab*)

.exception_ranges
 *(.exception_ranges .exception_ranges*)
                0x0000000000231630                . = DATA_SEGMENT_ALIGN (CONSTANT (MAXPAGESIZE), CONSTANT (COMMONPAGESIZE))

.eh_frame
 *(.eh_frame)
 *(.eh_frame.*)

.gnu_extab
 *(.gnu_extab)

.gcc_except_table
 *(.gcc_except_table .gcc_except_table.*)

.exception_ranges
 *(.exception_ranges .exception_ranges*)

.tdata
 *(.tdata .tdata.* .gnu.linkonce.td.*)

.tbss
 *(.tbss .tbss.* .gnu.linkonce.tb.*)
 *(.tcommon)

.preinit_array
 *(.preinit_array)

.init_array     0x0000000000231630        0x8
 *(SORT_BY_INIT_PRIORITY(.init_array.*) SORT_BY_INIT_PRIORITY(.ctors.*))
 *(.init_array EXCLUDE_FILE(*crtend?.o *crtend.o *crtbegin?.o *crtbegin.o) .ctors)
 .init_array    0x0000000000231630        0x8 /usr/lib/gcc/x86_64-linux-gnu/7/crtbeginS.o

.fini_array     0x0000000000231638        0x8
 *(SORT_BY_INIT_PRIORITY(.fini_array.*) SORT_BY_INIT_PRIORITY(.dtors.*))
 *(.fini_array EXCLUDE_FILE(*crtend?.o *crtend.o *crtbegin?.o *crtbegin.o) .dtors)
 .fini_array    0x0000000000231638        0x8 /usr/lib/gcc/x86_64-linux-gnu/7/crtbeginS.o

.ctors
 *crtbegin.o(.ctors)
 *crtbegin?.o(.ctors)
 *(EXCLUDE_FILE(*crtend?.o *crtend.o) .ctors)
 *(SORT_BY_NAME(.ctors.*))
 *(.ctors)

.dtors
 *crtbegin.o(.dtors)
 *crtbegin?.o(.dtors)
 *(EXCLUDE_FILE(*crtend?.o *crtend.o) .dtors)
 *(SORT_BY_NAME(.dtors.*))
 *(.dtors)

.jcr
 *(.jcr)

.data.rel.ro    0x0000000000231640      0x328
 *(.data.rel.ro.local* .gnu.linkonce.d.rel.ro.local.*)
 .data.rel.ro.local
                0x0000000000231640       0x10 obj_cooja/mtype168.a(beep.o)
                0x0000000000231640                beep_interface
 *fill*         0x0000000000231650       0x10 
 .data.rel.ro.local
                0x0000000000231660       0x40 obj_cooja/mtype168.a(button-sensor.o)
                0x0000000000231660                button_interface
                0x0000000000231680                button_sensor
 .data.rel.ro.local
                0x00000000002316a0       0x10 obj_cooja/mtype168.a(leds-arch.o)
                0x00000000002316a0                leds_interface
 .data.rel.ro.local
                0x00000000002316b0       0x10 obj_cooja/mtype168.a(moteid.o)
                0x00000000002316b0                moteid_interface
 .data.rel.ro.local
                0x00000000002316c0       0x40 obj_cooja/mtype168.a(pir-sensor.o)
                0x00000000002316c0                pir_interface
                0x00000000002316e0                pir_sensor
 .data.rel.ro.local
                0x0000000000231700       0x10 obj_cooja/mtype168.a(rs232.o)
                0x0000000000231700                rs232_interface
 *fill*         0x0000000000231710       0x10 
 .data.rel.ro.local
                0x0000000000231720       0x40 obj_cooja/mtype168.a(vib-sensor.o)
                0x0000000000231720                vib_interface
                0x0000000000231740                vib_sensor
 .data.rel.ro.local
                0x0000000000231760       0x10 obj_cooja/mtype168.a(clock.o)
                0x0000000000231760                clock_interface
 .data.rel.ro.local
                0x0000000000231770       0x10 obj_cooja/mtype168.a(cooja-log.o)
                0x0000000000231770                simlog_interface
 .data.rel.ro.local
                0x0000000000231780       0x10 obj_cooja/mtype168.a(cfs-cooja.o)
                0x0000000000231780                cfs_interface
 *fill*         0x0000000000231790       0x10 
 .data.rel.ro.local
                0x00000000002317a0       0x90 obj_cooja/mtype168.a(cooja-radio.o)
                0x00000000002317a0                radio_interface
                0x00000000002317b0                dummy_interface
                0x00000000002317c0                cooja_radio_driver
 .data.rel.ro.local
                0x0000000000231830       0x10 obj_cooja/mtype168.a(eeprom.o)
                0x0000000000231830                eeprom_interface
 .data.rel.ro.local
                0x0000000000231840       0x30 obj_cooja/mtype168.a(tsch.o)
                0x0000000000231840                tschmac_driver
 .data.rel.ro.local
                0x0000000000231870       0x18 obj_cooja/mtype168.a(framer-802154.o)
                0x0000000000231870                framer_802154
 *(.data.rel.ro .data.rel.ro.* .gnu.linkonce.d.rel.ro.*)
 .data.rel.ro   0x0000000000231888        0x0 /usr/lib/gcc/x86_64-linux-gnu/7/../../../x86_64-linux-gnu/crti.o
 *fill*         0x0000000000231888        0x8 
 .data.rel.ro   0x0000000000231890       0x10 hello-world.o
                0x0000000000231890                autostart_processes
 .data.rel.ro   0x00000000002318a0       0x20 obj_cooja/mtype168.a(sicslowpan.o)
                0x00000000002318a0                sicslowpan_driver
 .data.rel.ro   0x00000000002318c0       0xa0 obj_cooja/mtype168.a(rpl.o)
                0x00000000002318c0                rpl_lite_driver
 .data.rel.ro   0x0000000000231960        0x8 obj_cooja/mtype168.a(rpl-dag.o)

.dynamic        0x0000000000231968      0x1c0
 *(.dynamic)
 .dynamic       0x0000000000231968      0x1c0 /usr/lib/gcc/x86_64-linux-gnu/7/../../../x86_64-linux-gnu/crti.o
                0x0000000000231968                _DYNAMIC

.got            0x0000000000231b28      0x4d8
 *(.got)
 .got           0x0000000000231b28      0x4d8 /usr/lib/gcc/x86_64-linux-gnu/7/../../../x86_64-linux-gnu/crti.o
 *(.igot)
                0x0000000000232fe8                . = DATA_SEGMENT_RELRO_END (., (SIZEOF (.got.plt) >= 0x18)?0x18:0x0)

.got.plt        0x0000000000232000      0xaf8
 *(.got.plt)
 .got.plt       0x0000000000232000      0xaf8 /usr/lib/gcc/x86_64-linux-gnu/7/../../../x86_64-linux-gnu/crti.o
                0x0000000000232000                _GLOBAL_OFFSET_TABLE_
 *(.igot.plt)

.data           0x0000000000232b00      0x6e8
 *(.data .data.* .gnu.linkonce.d.*)
 .data          0x0000000000232b00        0x0 /usr/lib/gcc/x86_64-linux-gnu/7/../../../x86_64-linux-gnu/crti.o
 .data          0x0000000000232b00        0x0 /usr/lib/gcc/x86_64-linux-gnu/7/crtbeginS.o
 .data.rel.local
                0x0000000000232b00        0x8 /usr/lib/gcc/x86_64-linux-gnu/7/crtbeginS.o
                0x0000000000232b00                __dso_handle
 .data          0x0000000000232b08        0x0 hello-world.o
 *fill*         0x0000000000232b08       0x18 
 .data.rel.local
                0x0000000000232b20       0x20 hello-world.o
                0x0000000000232b20                hello_world_process
 .data          0x0000000000232b40        0x0 obj_cooja/mtype168.o
 .data.rel      0x0000000000232b40       0xa0 obj_cooja/mtype168.o
                0x0000000000232b40                simInterfaces
                0x0000000000232bc0                sensors
 .data          0x0000000000232be0        0x0 obj_cooja/mtype168.a(simEnvChange.o)
 .data          0x0000000000232be0        0x0 obj_cooja/mtype168.a(cooja_mt.o)
 .data          0x0000000000232be0        0x0 obj_cooja/mtype168.a(cooja_mtarch.o)
 .data          0x0000000000232be0        0x0 obj_cooja/mtype168.a(rtimer-arch.o)
 .data          0x0000000000232be0        0x0 obj_cooja/mtype168.a(beep.o)
 .data          0x0000000000232be0        0x0 obj_cooja/mtype168.a(button-sensor.o)
 .data          0x0000000000232be0        0x0 obj_cooja/mtype168.a(leds-arch.o)
 .data          0x0000000000232be0        0x0 obj_cooja/mtype168.a(moteid.o)
 .data          0x0000000000232be0        0x0 obj_cooja/mtype168.a(pir-sensor.o)
 .data          0x0000000000232be0        0x0 obj_cooja/mtype168.a(rs232.o)
 .data          0x0000000000232be0        0x0 obj_cooja/mtype168.a(vib-sensor.o)
 .data          0x0000000000232be0        0x0 obj_cooja/mtype168.a(clock.o)
 .data          0x0000000000232be0        0x0 obj_cooja/mtype168.a(cooja-log.o)
 .data          0x0000000000232be0        0x0 obj_cooja/mtype168.a(cfs-cooja.o)
 .data          0x0000000000232be0       0x34 obj_cooja/mtype168.a(cooja-radio.o)
                0x0000000000232be0                simRadioHWOn
                0x0000000000232be4                simSignalStrength
                0x0000000000232be8                simLastSignalStrength
                0x0000000000232bec                simPower
                0x0000000000232bf0                simRadioChannel
                0x0000000000232bf4                simLQI
                0x0000000000232bf8                simRadioHWOnDummy
                0x0000000000232bfc                simSignalStrengthDummy
                0x0000000000232c00                simLastSignalStrengthDummy
                0x0000000000232c04                simPowerDummy
                0x0000000000232c08                simRadioChannelDummy
                0x0000000000232c0c                simLQIDummy
 *fill*         0x0000000000232c14        0xc 
 .data.rel.local
                0x0000000000232c20       0x20 obj_cooja/mtype168.a(cooja-radio.o)
                0x0000000000232c20                cooja_radio_process1
 .data          0x0000000000232c40        0x0 obj_cooja/mtype168.a(eeprom.o)
 .data          0x0000000000232c40        0x0 obj_cooja/mtype168.a(random.o)
 .data          0x0000000000232c40        0x0 obj_cooja/mtype168.a(sensors.o)
 .data.rel.local
                0x0000000000232c40       0x20 obj_cooja/mtype168.a(sensors.o)
                0x0000000000232c40                sensors_process
 .data          0x0000000000232c60        0x0 obj_cooja/mtype168.a(autostart.o)
 .data          0x0000000000232c60        0x0 obj_cooja/mtype168.a(etimer.o)
 .data.rel.local
                0x0000000000232c60       0x20 obj_cooja/mtype168.a(etimer.o)
                0x0000000000232c60                etimer_process
 .data          0x0000000000232c80        0x4 obj_cooja/mtype168.a(log.o)
                0x0000000000232c80                curr_log_level_main
 *fill*         0x0000000000232c84       0x1c 
 .data.rel      0x0000000000232ca0      0x120 obj_cooja/mtype168.a(log.o)
                0x0000000000232ca0                all_modules
 .data          0x0000000000232dc0        0x0 obj_cooja/mtype168.a(ctimer.o)
 .data.rel.local
                0x0000000000232dc0       0x40 obj_cooja/mtype168.a(ctimer.o)
                0x0000000000232de0                ctimer_process
 .data          0x0000000000232e00        0x0 obj_cooja/mtype168.a(process.o)
 .data          0x0000000000232e00        0x0 obj_cooja/mtype168.a(rtimer.o)
 .data          0x0000000000232e00        0x0 obj_cooja/mtype168.a(timer.o)
 .data          0x0000000000232e00        0x0 obj_cooja/mtype168.a(serial-line.o)
 .data.rel.local
                0x0000000000232e00       0x20 obj_cooja/mtype168.a(serial-line.o)
                0x0000000000232e00                serial_line_process
 .data          0x0000000000232e20        0x0 obj_cooja/mtype168.a(ringbuf.o)
 .data          0x0000000000232e20        0x0 obj_cooja/mtype168.a(list.o)
 .data          0x0000000000232e20        0x0 obj_cooja/mtype168.a(packetbuf.o)
 .data.rel.local
                0x0000000000232e20        0x8 obj_cooja/mtype168.a(packetbuf.o)
 .data          0x0000000000232e28        0x0 obj_cooja/mtype168.a(netstack.o)
 .data.rel.local
                0x0000000000232e28        0x8 obj_cooja/mtype168.a(netstack.o)
 .data          0x0000000000232e30        0x0 obj_cooja/mtype168.a(linkaddr.o)
 .data          0x0000000000232e30        0x0 obj_cooja/mtype168.a(tsch.o)
 *fill*         0x0000000000232e30       0x10 
 .data.rel.local
                0x0000000000232e40       0x60 obj_cooja/mtype168.a(tsch.o)
                0x0000000000232e40                tsch_process
                0x0000000000232e60                tsch_send_eb_process
                0x0000000000232e80                tsch_pending_events_process
 .data          0x0000000000232ea0        0x0 obj_cooja/mtype168.a(uip-ds6.o)
 .data          0x0000000000232ea0        0x0 obj_cooja/mtype168.a(tcpip.o)
 .data.rel.local
                0x0000000000232ea0       0x20 obj_cooja/mtype168.a(tcpip.o)
                0x0000000000232ea0                tcpip_process
 .data          0x0000000000232ec0        0x0 obj_cooja/mtype168.a(uip-ds6-route.o)
 .data.rel.local
                0x0000000000232ec0       0x28 obj_cooja/mtype168.a(uip-ds6-route.o)
 .data          0x0000000000232ee8        0x0 obj_cooja/mtype168.a(uip-ds6-nbr.o)
 *fill*         0x0000000000232ee8        0x8 
 .data.rel.local
                0x0000000000232ef0       0x20 obj_cooja/mtype168.a(uip-ds6-nbr.o)
                0x0000000000232f08                ds6_neighbors
 .data          0x0000000000232f10        0x0 obj_cooja/mtype168.a(uip6.o)
 .data          0x0000000000232f10        0x0 obj_cooja/mtype168.a(uip-nd6.o)
 .data.rel.local
                0x0000000000232f10       0x18 obj_cooja/mtype168.a(uip-nd6.o)
 .data          0x0000000000232f28        0x0 obj_cooja/mtype168.a(sicslowpan.o)
 .data          0x0000000000232f28        0x0 obj_cooja/mtype168.a(rpl.o)
 .data          0x0000000000232f28        0x0 obj_cooja/mtype168.a(rpl-icmp6.o)
 *fill*         0x0000000000232f28        0x8 
 .data.rel.local
                0x0000000000232f30       0x78 obj_cooja/mtype168.a(rpl-icmp6.o)
 .data          0x0000000000232fa8        0x0 obj_cooja/mtype168.a(rpl-dag-root.o)
 .data          0x0000000000232fa8        0x0 obj_cooja/mtype168.a(watchdog.o)
 .data          0x0000000000232fa8        0x0 obj_cooja/mtype168.a(stimer.o)
 .data          0x0000000000232fa8        0x0 obj_cooja/mtype168.a(ringbufindex.o)
 .data          0x0000000000232fa8        0x0 obj_cooja/mtype168.a(memb.o)
 .data          0x0000000000232fa8        0x0 obj_cooja/mtype168.a(queuebuf.o)
 *fill*         0x0000000000232fa8        0x8 
 .data.rel.local
                0x0000000000232fb0       0x38 obj_cooja/mtype168.a(queuebuf.o)
 .data          0x0000000000232fe8        0x0 obj_cooja/mtype168.a(nbr-table.o)
 *fill*         0x0000000000232fe8        0x8 
 .data.rel.local
                0x0000000000232ff0       0x20 obj_cooja/mtype168.a(nbr-table.o)
 .data          0x0000000000233010        0x0 obj_cooja/mtype168.a(link-stats.o)
 .data.rel.local
                0x0000000000233010       0x20 obj_cooja/mtype168.a(link-stats.o)
 .data          0x0000000000233030        0x0 obj_cooja/mtype168.a(mac-sequence.o)
 .data          0x0000000000233030        0x0 obj_cooja/mtype168.a(mac.o)
 .data          0x0000000000233030        0x0 obj_cooja/mtype168.a(framer-802154.o)
 .data          0x0000000000233030        0x2 obj_cooja/mtype168.a(frame802154.o)
 .data          0x0000000000233032        0x0 obj_cooja/mtype168.a(tsch-queue.o)
 *fill*         0x0000000000233032        0xe 
 .data.rel.local
                0x0000000000233040       0x40 obj_cooja/mtype168.a(tsch-queue.o)
 .data          0x0000000000233080        0x0 obj_cooja/mtype168.a(tsch-schedule.o)
 .data.rel.local
                0x0000000000233080       0x40 obj_cooja/mtype168.a(tsch-schedule.o)
 .data          0x00000000002330c0        0x4 obj_cooja/mtype168.a(tsch-slot-opera)
 .data          0x00000000002330c4        0x0 obj_cooja/mtype168.a(tsch-packet.o)
 .data          0x00000000002330c4        0x0 obj_cooja/mtype168.a(tsch-rpl.o)
 .data          0x00000000002330c4        0x0 obj_cooja/mtype168.a(tsch-adaptive-t)
 .data          0x00000000002330c4        0x0 obj_cooja/mtype168.a(uipbuf.o)
 .data          0x00000000002330c4        0x0 obj_cooja/mtype168.a(uip-icmp6.o)
 *fill*         0x00000000002330c4        0xc 
 .data.rel.local
                0x00000000002330d0       0x48 obj_cooja/mtype168.a(uip-icmp6.o)
 .data          0x0000000000233118        0x0 obj_cooja/mtype168.a(uip-sr.o)
 *fill*         0x0000000000233118        0x8 
 .data.rel.local
                0x0000000000233120       0x28 obj_cooja/mtype168.a(uip-sr.o)
 .data          0x0000000000233148        0x0 obj_cooja/mtype168.a(uip-packetqueue)
 *fill*         0x0000000000233148        0x8 
 .data.rel.local
                0x0000000000233150       0x18 obj_cooja/mtype168.a(uip-packetqueue)
 .data          0x0000000000233168        0x0 obj_cooja/mtype168.a(rpl-nbr-policy.)
 .data          0x0000000000233168        0x0 obj_cooja/mtype168.a(rpl-neighbor.o)
 *fill*         0x0000000000233168        0x8 
 .data.rel.local
                0x0000000000233170       0x20 obj_cooja/mtype168.a(rpl-neighbor.o)
                0x0000000000233188                rpl_neighbors
 .data          0x0000000000233190        0x0 obj_cooja/mtype168.a(rpl-dag.o)
 .data          0x0000000000233190        0x0 obj_cooja/mtype168.a(rpl-timers.o)
 .data          0x0000000000233190        0x0 obj_cooja/mtype168.a(rpl-ext-header.)
 .data          0x0000000000233190        0x0 obj_cooja/mtype168.a(rpl-mrhof.o)
 *fill*         0x0000000000233190       0x10 
 .data.rel.local
                0x00000000002331a0       0x48 obj_cooja/mtype168.a(rpl-mrhof.o)
                0x00000000002331a0                rpl_mrhof
 .data          0x00000000002331e8        0x0 obj_cooja/mtype168.a(frame802154e-ie)
 .data          0x00000000002331e8        0x0 /usr/lib/gcc/x86_64-linux-gnu/7/crtendS.o
 .data          0x00000000002331e8        0x0 /usr/lib/gcc/x86_64-linux-gnu/7/../../../x86_64-linux-gnu/crtn.o

.tm_clone_table
                0x00000000002331e8        0x0
 .tm_clone_table
                0x00000000002331e8        0x0 /usr/lib/gcc/x86_64-linux-gnu/7/crtbeginS.o
 .tm_clone_table
                0x00000000002331e8        0x0 /usr/lib/gcc/x86_64-linux-gnu/7/crtendS.o

.data1
 *(.data1)
                0x00000000002331e8                _edata = .
                [!provide]                        PROVIDE (edata = .)
                0x00000000002331e8                . = .
                0x00000000002331e8                __bss_start = .

.bss            0x0000000000233200    0x1a7e0
 *(.dynbss)
 .dynbss        0x0000000000233200        0x0 /usr/lib/gcc/x86_64-linux-gnu/7/../../../x86_64-linux-gnu/crti.o
 *(.bss .bss.* .gnu.linkonce.b.*)
 .bss           0x0000000000233200        0x0 /usr/lib/gcc/x86_64-linux-gnu/7/../../../x86_64-linux-gnu/crti.o
 .bss           0x0000000000233200        0x1 /usr/lib/gcc/x86_64-linux-gnu/7/crtbeginS.o
 .bss           0x0000000000233201        0x0 hello-world.o
 *fill*         0x0000000000233201       0x1f 
 .bss           0x0000000000233220     0x4040 obj_cooja/mtype168.o
 .bss           0x0000000000237260        0x1 obj_cooja/mtype168.a(simEnvChange.o)
                0x0000000000237260                simDontFallAsleep
 *fill*         0x0000000000237261        0x7 
 .bss           0x0000000000237268        0x8 obj_cooja/mtype168.a(cooja_mt.o)
 .bss           0x0000000000237270        0x8 obj_cooja/mtype168.a(cooja_mtarch.o)
 .bss           0x0000000000237278        0x0 obj_cooja/mtype168.a(rtimer-arch.o)
 .bss           0x0000000000237278        0x0 obj_cooja/mtype168.a(beep.o)
 *fill*         0x0000000000237278        0x8 
 .bss           0x0000000000237280       0x10 obj_cooja/mtype168.a(button-sensor.o)
 .bss           0x0000000000237290        0x0 obj_cooja/mtype168.a(leds-arch.o)
 .bss           0x0000000000237290        0x0 obj_cooja/mtype168.a(moteid.o)
 .bss           0x0000000000237290        0x1 obj_cooja/mtype168.a(pir-sensor.o)
                0x0000000000237290                simPirValue
 *fill*         0x0000000000237291        0x7 
 .bss           0x0000000000237298        0x8 obj_cooja/mtype168.a(rs232.o)
 .bss           0x00000000002372a0        0x1 obj_cooja/mtype168.a(vib-sensor.o)
                0x00000000002372a0                simVibValue
 .bss           0x00000000002372a1        0x0 obj_cooja/mtype168.a(clock.o)
 *fill*         0x00000000002372a1       0x1f 
 .bss           0x00000000002372c0      0x420 obj_cooja/mtype168.a(cooja-log.o)
 .bss           0x00000000002376e0      0xfc0 obj_cooja/mtype168.a(cfs-cooja.o)
                0x00000000002376e0                simCFSData
                0x0000000000238680                simCFSSize
                0x0000000000238684                simCFSChanged
                0x0000000000238688                simCFSRead
                0x000000000023868c                simCFSWritten
 .bss           0x00000000002386a0       0x44 obj_cooja/mtype168.a(cooja-radio.o)
                0x00000000002386a0                simReceiving
                0x00000000002386a4                simInSize
                0x00000000002386a8                simLastPacketTimestamp
                0x00000000002386b0                simOutSize
                0x00000000002386b4                simReceivingDummy
                0x00000000002386b8                simInSizeDummy
                0x00000000002386c0                simLastPacketTimestampDummy
                0x00000000002386c8                simOutSizeDummy
 .bss           0x00000000002386e4        0xc obj_cooja/mtype168.a(eeprom.o)
                0x00000000002386e4                simEEPROMChanged
                0x00000000002386e8                simEEPROMRead
                0x00000000002386ec                simEEPROMWritten
 .bss           0x00000000002386f0        0x0 obj_cooja/mtype168.a(random.o)
 .bss           0x00000000002386f0        0xc obj_cooja/mtype168.a(sensors.o)
 .bss           0x00000000002386fc        0x0 obj_cooja/mtype168.a(autostart.o)
 *fill*         0x00000000002386fc        0x4 
 .bss           0x0000000000238700       0x10 obj_cooja/mtype168.a(etimer.o)
 .bss           0x0000000000238710       0x28 obj_cooja/mtype168.a(log.o)
                0x0000000000238710                curr_log_level_rpl
                0x0000000000238714                curr_log_level_tcpip
                0x0000000000238718                curr_log_level_ipv6
                0x000000000023871c                curr_log_level_6lowpan
                0x0000000000238720                curr_log_level_nullnet
                0x0000000000238724                curr_log_level_mac
                0x0000000000238728                curr_log_level_framer
                0x000000000023872c                curr_log_level_6top
                0x0000000000238730                curr_log_level_coap
                0x0000000000238734                curr_log_level_lwm2m
 .bss           0x0000000000238738        0x9 obj_cooja/mtype168.a(ctimer.o)
 *fill*         0x0000000000238741       0x1f 
 .bss           0x0000000000238760      0x321 obj_cooja/mtype168.a(process.o)
                0x0000000000238760                process_list
                0x0000000000238768                process_current
 *fill*         0x0000000000238a81        0x7 
 .bss           0x0000000000238a88        0x8 obj_cooja/mtype168.a(rtimer.o)
 .bss           0x0000000000238a90        0x0 obj_cooja/mtype168.a(timer.o)
 *fill*         0x0000000000238a90       0x10 
 .bss           0x0000000000238aa0      0x140 obj_cooja/mtype168.a(serial-line.o)
 .bss           0x0000000000238be0        0x0 obj_cooja/mtype168.a(ringbuf.o)
 .bss           0x0000000000238be0        0x0 obj_cooja/mtype168.a(list.o)
 .bss           0x0000000000238be0       0xa0 obj_cooja/mtype168.a(packetbuf.o)
 .bss           0x0000000000238c80        0x8 obj_cooja/mtype168.a(netstack.o)
 .bss           0x0000000000238c88        0x0 obj_cooja/mtype168.a(linkaddr.o)
 *fill*         0x0000000000238c88       0x18 
 .bss           0x0000000000238ca0      0x180 obj_cooja/mtype168.a(tsch.o)
                0x0000000000238ca0                tsch_is_started
                0x0000000000238ca4                tsch_is_initialized
                0x0000000000238ca8                tsch_is_coordinator
                0x0000000000238cac                tsch_is_associated
                0x0000000000238cb0                tsch_association_count
                0x0000000000238cb4                tsch_is_pan_secured
 .bss           0x0000000000238e20       0x30 obj_cooja/mtype168.a(uip-ds6.o)
 *fill*         0x0000000000238e50       0x10 
 .bss           0x0000000000238e60       0x20 obj_cooja/mtype168.a(tcpip.o)
 .bss           0x0000000000238e80       0x80 obj_cooja/mtype168.a(uip-ds6-route.o)
 .bss           0x0000000000238f00     0x2580 obj_cooja/mtype168.a(uip-ds6-nbr.o)
 .bss           0x000000000023b480        0x6 obj_cooja/mtype168.a(uip6.o)
                0x000000000023b480                uip_ext_bitmap
                0x000000000023b481                uip_ext_len
                0x000000000023b482                uip_ext_opt_offset
 *fill*         0x000000000023b486        0x2 
 .bss           0x000000000023b488       0x20 obj_cooja/mtype168.a(uip-nd6.o)
 *fill*         0x000000000023b4a8       0x18 
 .bss           0x000000000023b4c0      0x718 obj_cooja/mtype168.a(sicslowpan.o)
 .bss           0x000000000023bbd8        0x0 obj_cooja/mtype168.a(rpl.o)
 .bss           0x000000000023bbd8        0x0 obj_cooja/mtype168.a(rpl-icmp6.o)
 *fill*         0x000000000023bbd8        0x8 
 .bss           0x000000000023bbe0       0x11 obj_cooja/mtype168.a(rpl-dag-root.o)
 .bss           0x000000000023bbf1        0x0 obj_cooja/mtype168.a(watchdog.o)
 .bss           0x000000000023bbf1        0x0 obj_cooja/mtype168.a(stimer.o)
 .bss           0x000000000023bbf1        0x0 obj_cooja/mtype168.a(ringbufindex.o)
 .bss           0x000000000023bbf1        0x0 obj_cooja/mtype168.a(memb.o)
 *fill*         0x000000000023bbf1        0xf 
 .bss           0x000000000023bc00      0x600 obj_cooja/mtype168.a(queuebuf.o)
 .bss           0x000000000023c200     0x16e8 obj_cooja/mtype168.a(nbr-table.o)
 *fill*         0x000000000023d8e8       0x18 
 .bss           0x000000000023d900     0x12c0 obj_cooja/mtype168.a(link-stats.o)
 .bss           0x000000000023ebc0      0x180 obj_cooja/mtype168.a(mac-sequence.o)
 .bss           0x000000000023ed40        0x0 obj_cooja/mtype168.a(mac.o)
 .bss           0x000000000023ed40        0x2 obj_cooja/mtype168.a(framer-802154.o)
 .bss           0x000000000023ed42        0x0 obj_cooja/mtype168.a(frame802154.o)
 *fill*         0x000000000023ed42       0x1e 
 .bss           0x000000000023ed60     0x73a8 obj_cooja/mtype168.a(tsch-queue.o)
 *fill*         0x0000000000246108       0x18 
 .bss           0x0000000000246120      0x5cc obj_cooja/mtype168.a(tsch-schedule.o)
 *fill*         0x00000000002466ec       0x14 
 .bss           0x0000000000246700      0x1c8 obj_cooja/mtype168.a(tsch-slot-opera)
                0x0000000000246700                last_timesource_neighbor
                0x0000000000246708                current_link
 *fill*         0x00000000002468c8        0x8 
 .bss           0x00000000002468d0       0x1e obj_cooja/mtype168.a(tsch-packet.o)
 .bss           0x00000000002468ee        0x0 obj_cooja/mtype168.a(tsch-rpl.o)
 *fill*         0x00000000002468ee       0x12 
 .bss           0x0000000000246900       0x4c obj_cooja/mtype168.a(tsch-adaptive-t)
 *fill*         0x000000000024694c        0x4 
 .bss           0x0000000000246950        0xe obj_cooja/mtype168.a(uipbuf.o)
 *fill*         0x000000000024695e        0x2 
 .bss           0x0000000000246960       0x20 obj_cooja/mtype168.a(uip-icmp6.o)
 .bss           0x0000000000246980     0x3040 obj_cooja/mtype168.a(uip-sr.o)
 .bss           0x00000000002499c0      0xad0 obj_cooja/mtype168.a(uip-packetqueue)
 .bss           0x000000000024a490       0x12 obj_cooja/mtype168.a(rpl-nbr-policy.)
 *fill*         0x000000000024a4a2       0x1e 
 .bss           0x000000000024a4c0     0x12c0 obj_cooja/mtype168.a(rpl-neighbor.o)
 .bss           0x000000000024b780        0x0 obj_cooja/mtype168.a(rpl-dag.o)
 .bss           0x000000000024b780       0x80 obj_cooja/mtype168.a(rpl-timers.o)
 .bss           0x000000000024b800        0x0 obj_cooja/mtype168.a(rpl-ext-header.)
 .bss           0x000000000024b800        0x0 obj_cooja/mtype168.a(rpl-mrhof.o)
 .bss           0x000000000024b800        0x0 obj_cooja/mtype168.a(frame802154e-ie)
 .bss           0x000000000024b800        0x0 /usr/lib/gcc/x86_64-linux-gnu/7/crtendS.o
 .bss           0x000000000024b800        0x0 /usr/lib/gcc/x86_64-linux-gnu/7/../../../x86_64-linux-gnu/crtn.o
 *(COMMON)
 COMMON         0x000000000024b800        0xc obj_cooja/mtype168.o
                0x000000000024b800                referenceVar
                0x000000000024b808                sensors_flags
 *fill*         0x000000000024b80c        0x4 
 COMMON         0x000000000024b810       0x10 obj_cooja/mtype168.a(simEnvChange.o)
                0x000000000024b810                simEtimerPending
                0x000000000024b814                simProcessRunValue
                0x000000000024b818                simEtimerNextExpirationTime
 COMMON         0x000000000024b820       0x18 obj_cooja/mtype168.a(rtimer-arch.o)
                0x000000000024b820                simRtimerPending
                0x000000000024b828                simRtimerCurrentTicks
                0x000000000024b830                simRtimerNextExpirationTime
 COMMON         0x000000000024b838        0x1 obj_cooja/mtype168.a(beep.o)
                0x000000000024b838                simBeeped
 COMMON         0x000000000024b839        0x3 obj_cooja/mtype168.a(button-sensor.o)
                0x000000000024b839                simButtonIsActive
                0x000000000024b83a                simButtonIsDown
                0x000000000024b83b                simButtonChanged
 COMMON         0x000000000024b83c        0x1 obj_cooja/mtype168.a(leds-arch.o)
                0x000000000024b83c                simLedsValue
 *fill*         0x000000000024b83d        0x3 
 COMMON         0x000000000024b840        0xc obj_cooja/mtype168.a(moteid.o)
                0x000000000024b840                simRandomSeed
                0x000000000024b844                simMoteIDChanged
                0x000000000024b848                simMoteID
 COMMON         0x000000000024b84c        0x2 obj_cooja/mtype168.a(pir-sensor.o)
                0x000000000024b84c                simPirIsActive
                0x000000000024b84d                simPirChanged
 *fill*         0x000000000024b84e       0x12 
 COMMON         0x000000000024b860      0x820 obj_cooja/mtype168.a(rs232.o)
                0x000000000024b860                simSerialReceivingFlag
                0x000000000024b864                simSerialReceivingLength
                0x000000000024b880                simSerialReceivingData
 COMMON         0x000000000024c080        0x2 obj_cooja/mtype168.a(vib-sensor.o)
                0x000000000024c080                simVibChanged
                0x000000000024c081                simVibIsActive
 *fill*         0x000000000024c082        0x6 
 COMMON         0x000000000024c088        0x8 obj_cooja/mtype168.a(clock.o)
                0x000000000024c088                simCurrentTime
 *fill*         0x000000000024c090       0x10 
 COMMON         0x000000000024c0a0      0x420 obj_cooja/mtype168.a(cooja-log.o)
                0x000000000024c0a0                simLoggedLength
                0x000000000024c0a4                simLoggedFlag
                0x000000000024c0c0                simLoggedData
 COMMON         0x000000000024c4c0      0x200 obj_cooja/mtype168.a(cooja-radio.o)
                0x000000000024c4c0                simOutDataBuffer
                0x000000000024c540                simInDataBuffer
                0x000000000024c5c0                simInDataBufferDummy
                0x000000000024c640                simOutDataBufferDummy
 COMMON         0x000000000024c6c0      0x400 obj_cooja/mtype168.a(eeprom.o)
                0x000000000024c6c0                simEEPROMData
 COMMON         0x000000000024cac0        0x1 obj_cooja/mtype168.a(sensors.o)
                0x000000000024cac0                sensors_event
 COMMON         0x000000000024cac1        0x1 obj_cooja/mtype168.a(serial-line.o)
                0x000000000024cac1                serial_line_event_message
 *fill*         0x000000000024cac2        0xe 
 COMMON         0x000000000024cad0       0x30 obj_cooja/mtype168.a(packetbuf.o)
                0x000000000024cad0                packetbuf_attrs
                0x000000000024caf0                packetbuf_addrs
 COMMON         0x000000000024cb00        0x8 obj_cooja/mtype168.a(linkaddr.o)
                0x000000000024cb00                linkaddr_node_addr
 *fill*         0x000000000024cb08       0x18 
 COMMON         0x000000000024cb20       0x9c obj_cooja/mtype168.a(tsch.o)
                0x000000000024cb20                tsch_hopping_sequence
                0x000000000024cb30                tsch_current_asn
                0x000000000024cb38                rx_count
                0x000000000024cb40                tsch_timing
                0x000000000024cba0                sync_count
                0x000000000024cba8                tsch_join_priority
                0x000000000024cbb0                tx_count
                0x000000000024cbb8                tsch_hopping_sequence_length
 *fill*         0x000000000024cbbc        0x4 
 COMMON         0x000000000024cbc0      0x1c1 obj_cooja/mtype168.a(uip-ds6.o)
                0x000000000024cbc0                uip_ds6_prefix_list
                0x000000000024cc20                uip_ds6_timer_periodic
                0x000000000024cc40                uip_ds6_netif_addr_list_offset
                0x000000000024cc60                uip_ds6_if
                0x000000000024cd70                uip_ds6_timer_ra
                0x000000000024cd80                uip_ds6_addr_size
 COMMON         0x000000000024cd81        0x1 obj_cooja/mtype168.a(tcpip.o)
                0x000000000024cd81                tcpip_event
 *fill*         0x000000000024cd82       0x1e 
 COMMON         0x000000000024cda0      0x698 obj_cooja/mtype168.a(uip6.o)
                0x000000000024cda0                uip_slen
                0x000000000024cda8                uip_lladdr
                0x000000000024cdb0                uip_appdata
                0x000000000024cdb8                uip_flags
                0x000000000024cdc0                uip_aligned_buf
                0x000000000024d2c0                uip_len
                0x000000000024d2c8                uip_sappdata
                0x000000000024d2e0                uip_udp_conns
                0x000000000024d420                uip_udp_conn